172.24.60.30 - - [24/Nov/2015:12:05:21 +0000] "GET /bomb/spiteful/slim_/kubuntu.html?drink=alert HTTP/1.1" 203 851 "-" "python-requests/2.12.4"
1.2.3.4 - - [24/Nov/2015:12:05:21 +0000] "GET /glue/-__factory__-/bomb/kubuntu.html HTTP/1.1" 405 1682 "-" "python-requests/2.12.4"
1.2.3.4 - - [24/Nov/2015:12:05:44 +0000] "GET /annoyed/58b7fad8eb8057c167ab13fb/march/uso-v7.html?permissible=teeny HTTP/1.1" 401 536 "-" "python-requests/2.12.4"
172.24.60.30 - - [24/Nov/2015:12:05:54 +0000] "GET /annoyed/58b7fad8eb8057c167ab13fb/march/uso-v7.html HTTP/1.1" 201 1671 "-" "python-requests/2.12.4"
10.10.10.10 - - [24/Nov/2015:12:06:06 +0000] "GET /quiet/annoyed/cagey/rl-v5.html HTTP/1.1" 200 1713 "-" "python-requests/2.12.4"
8.8.8.8 - - [24/Nov/2015:12:06:31 +0000] "GET /-__factory__-/slim_/spiteful/kali.html HTTP/1.1" 304 961 "-" "python-requests/2.12.4"
10.10.10.10 - - [24/Nov/2015:12:06:31 +0000] "GET /58b7fad8eb8057c167ab1400/first-committee-of-year/ball/rl-v5.html HTTP/1.1" 204 1329 "-" "python-requests/2.12.4"
10.10.10.10 - - [24/Nov/2015:12:06:50 +0000] "GET /glue/-__factory__-/bomb/kubuntu.html HTTP/1.1" 204 1192 "-" "python-requests/2.12.4"
172.24.60.30 - - [24/Nov/2015:12:06:57 +0000] "GET /hair/slim_/58b7fad8eb8057c167ab13f5/linux-mint.html?sudden=teeny HTTP/1.1" 301 1371 "-" "python-requests/2.12.4"
192.168.100.23 - - [24/Nov/2015:12:07:13 +0000] "GET /quiet/annoyed/cagey/rl-v5.html HTTP/1.1" 204 1753 "-" "python-requests/2.12.4"
192.168.100.23 - - [24/Nov/2015:12:07:31 +0000] "GET /58b7fad8eb8057c167ab1400/first-committee-of-year/ball/rl-v5.html HTTP/1.1" 303 1561 "-" "python-requests/2.12.4"
192.168.100.23 - - [24/Nov/2015:12:07:45 +0000] "GET /58b7fad8eb8057c167ab1400/first-committee-of-year/ball/rl-v5.html#awesome HTTP/1.1" 204 598 "-" "python-requests/2.12.4"
10.10.10.10 - - [24/Nov/2015:12:08:03 +0000] "GET /quiet/58b7fa50eb8057c167aae935/hair/fedora.html HTTP/1.1" 201 996 "-" "python-requests/2.12.4"
192.168.100.23 - - [24/Nov/2015:12:08:22 +0000] "GET /-__factory__-/slim_/spiteful/kali.html HTTP/1.1" 201 634 "-" "python-requests/2.12.4"
1.2.3.4 - - [24/Nov/2015:12:08:41 +0000] "GET /glue/-__factory__-/bomb/kubuntu.html HTTP/1.1" 200 1083 "-" "python-requests/2.12.4"
8.8.8.8 - - [24/Nov/2015:12:08:56 +0000] "GET /quiet/58b7fa50eb8057c167aae935/hair/fedora.html?dry=divide HTTP/1.1" 203 714 "-" "python-requests/2.12.4"
8.8.8.8 - - [24/Nov/2015:12:09:06 +0000] "GET /annoyed/58b7fad8eb8057c167ab13fb/march/uso-v7.html HTTP/1.1" 502 1437 "-" "python-requests/2.12.4"
1.2.3.4 - - [24/Nov/2015:12:09:06 +0000] "GET /quiet/58b7fa50eb8057c167aae935/hair/fedora.html HTTP/1.1" 200 750 "-" "python-requests/2.12.4"
1.2.3.4 - - [24/Nov/2015:12:09:30 +0000] "GET /quiet/annoyed/cagey/rl-v5.html?quack=divide HTTP/1.1" 402 731 "-" "python-requests/2.12.4"
8.8.8.8 - - [24/Nov/2015:12:09:41 +0000] "GET /quiet/annoyed/cagey/rl-v5.html HTTP/1.1" 203 726 "-" "python-requests/2.12.4"
10.10.10.10 - - [24/Nov/2015:12:09:57 +0000] "GET /annoyed/58b7fad8eb8057c167ab13fb/march/uso-v7.html HTTP/1.1" 201 1529 "-" "python-requests/2.12.4"
172.24.60.30 - - [24/Nov/2015:12:10:21 +0000] "GET /son/slim_/58b7fa50eb8057c167aae942/uso-v7.html HTTP/1.1" 201 1184 "-" "python-requests/2.12.4"
172.24.60.30 - - [24/Nov/2015:12:10:35 +0000] "GET /son/slim_/58b7fa50eb8057c167aae942/uso-v7.html?trip=teeny HTTP/1.1" 300 1093 "-" "python-requests/2.12.4"
192.168.100.23 - - [24/Nov/2015:12:11:03 +0000] "GET /-__factory__-/slim_/spiteful/kali.html?reason=van#dramatic HTTP/1.1" 205 1491 "-" "python-requests/2.12.4"
1.2.3.4 - - [24/Nov/2015:12:11:21 +0000] "GET /__voiceless__/58b7fad8eb8057c167ab1400/58b7fad8eb8057c167ab1400/ubuntu.html HTTP/1.1" 201 1843 "-" "python-requests/2.12.4"
172.16.35.10 - - [24/Nov/2015:12:11:28 +0000] "GET /-__factory__-/slim_/spiteful/kali.html HTTP/1.1" 203 1148 "-" "python-requests/2.12.4"
1.2.3.4 - - [24/Nov/2015:12:11:58 +0000] "GET /son/slim_/58b7fa50eb8057c167aae942/uso-v7.html?burst=teeny HTTP/1.1" 402 1663 "-" "python-requests/2.12.4"
172.16.35.10 - - [24/Nov/2015:12:12:00 +0000] "GET /58b7fad8eb8057c167ab1400/first-committee-of-year/ball/rl-v5.html HTTP/1.1" 200 1450 "-" "python-requests/2.12.4"
10.10.10.10 - - [24/Nov/2015:12:12:02 +0000] "GET /quiet/58b7fa50eb8057c167aae935/hair/fedora.html HTTP/1.1" 203 570 "-" "python-requests/2.12.4"
10.10.10.10 - - [24/Nov/2015:12:12:27 +0000] "GET /__voiceless__/58b7fad8eb8057c167ab1400/58b7fad8eb8057c167ab1400/ubuntu.html HTTP/1.1" 500 524 "-" "python-requests/2.12.4"
10.10.10.10 - - [24/Nov/2015:12:12:36 +0000] "GET /glue/-__factory__-/bomb/kubuntu.html HTTP/1.1" 402 656 "-" "python-requests/2.12.4"
8.8.8.8 - - [24/Nov/2015:12:12:41 +0000] "GET /son/slim_/58b7fa50eb8057c167aae942/uso-v7.html HTTP/1.1" 202 685 "-" "python-requests/2.12.4"
172.16.35.10 - - [24/Nov/2015:12:13:09 +0000] "GET /bomb/spiteful/slim_/kubuntu.html HTTP/1.1" 204 1564 "-" "python-requests/2.12.4"
192.168.100.23 - - [24/Nov/2015:12:13:20 +0000] "GET /son/slim_/58b7fa50eb8057c167aae942/uso-v7.html HTTP/1.1" 201 1291 "-" "python-requests/2.12.4"
8.8.8.8 - - [24/Nov/2015:12:13:22 +0000] "GET /58b7fad8eb8057c167ab1400/first-committee-of-year/ball/rl-v5.html HTTP/1.1" 502 620 "-" "python-requests/2.12.4"
10.10.10.10 - - [24/Nov/2015:12:13:26 +0000] "GET /glue/-__factory__-/bomb/kubuntu.html#water HTTP/1.1" 301 1152 "-" "python-requests/2.12.4"
172.24.60.30 - - [24/Nov/2015:12:13:46 +0000] "GET /glue/-__factory__-/bomb/kubuntu.html HTTP/1.1" 200 1601 "-" "python-requests/2.12.4"
192.168.100.23 - - [24/Nov/2015:12:14:09 +0000] "GET /glue/-__factory__-/bomb/kubuntu.html HTTP/1.1" 202 1480 "-" "python-requests/2.12.4"
172.16.35.10 - - [24/Nov/2015:12:14:16 +0000] "GET /quiet/58b7fa50eb8057c167aae935/hair/fedora.html?fine=truthful HTTP/1.1" 301 1672 "-" "python-requests/2.12.4"
172.24.60.30 - - [24/Nov/2015:12:14:23 +0000] "GET /son/slim_/58b7fa50eb8057c167aae942/uso-v7.html#stroke HTTP/1.1" 403 1680 "-" "python-requests/2.12.4"
172.16.35.10 - - [24/Nov/2015:12:14:48 +0000] "GET /son/slim_/58b7fa50eb8057c167aae942/uso-v7.html?friendly=mindless HTTP/1.1" 405 1850 "-" "python-requests/2.12.4"
1.2.3.4 - - [24/Nov/2015:12:15:15 +0000] "GET /son/slim_/58b7fa50eb8057c167aae942/uso-v7.html HTTP/1.1" 300 1680 "-" "python-requests/2.12.4"
172.24.60.30 - - [24/Nov/2015:12:15:27 +0000] "GET /-__factory__-/slim_/spiteful/kali.html HTTP/1.1" 500 1274 "-" "python-requests/2.12.4"
1.2.3.4 - - [24/Nov/2015:12:15:46 +0000] "GET /__voiceless__/58b7fad8eb8057c167ab1400/58b7fad8eb8057c167ab1400/ubuntu.html HTTP/1.1" 205 1838 "-" "python-requests/2.12.4"
10.10.10.10 - - [24/Nov/2015:12:16:03 +0000] "GET /-__factory__-/slim_/spiteful/kali.html?clip=steer HTTP/1.1" 502 1263 "-" "python-requests/2.12.4"
172.16.35.10 - - [24/Nov/2015:12:16:24 +0000] "GET /58b7fad8eb8057c167ab1400/first-committee-of-year/ball/rl-v5.html HTTP/1.1" 202 1498 "-" "python-requests/2.12.4"
1.2.3.4 - - [24/Nov/2015:12:16:30 +0000] "GET /glue/-__factory__-/bomb/kubuntu.html HTTP/1.1" 401 636 "-" "python-requests/2.12.4"
1.2.3.4 - - [24/Nov/2015:12:16:52 +0000] "GET /58b7fad8eb8057c167ab1400/first-committee-of-year/ball/rl-v5.html#wish HTTP/1.1" 204 712 "-" "python-requests/2.12.4"
1.2.3.4 - - [24/Nov/2015:12:16:53 +0000] "GET /bomb/spiteful/slim_/kubuntu.html#wish HTTP/1.1" 202 958 "-" "python-requests/2.12.4"
172.16.35.10 - - [24/Nov/2015:12:16:57 +0000] "GET /glue/-__factory__-/bomb/kubuntu.html HTTP/1.1" 504 1967 "-" "python-requests/2.12.4"
172.16.35.10 - - [24/Nov/2015:12:17:10 +0000] "GET /annoyed/58b7fad8eb8057c167ab13fb/march/uso-v7.html HTTP/1.1" 203 1228 "-" "python-requests/2.12.4"
8.8.8.8 - - [24/Nov/2015:12:17:29 +0000] "GET /glue/-__factory__-/bomb/kubuntu.html HTTP/1.1" 202 1418 "-" "python-requests/2.12.4"
172.16.35.10 - - [24/Nov/2015:12:17:55 +0000] "GET /quiet/annoyed/cagey/rl-v5.html?sudden=milk HTTP/1.1" 501 604 "-" "python-requests/2.12.4"
8.8.8.8 - - [24/Nov/2015:12:18:10 +0000] "GET /quiet/58b7fa50eb8057c167aae935/hair/fedora.html?sudden=window HTTP/1.1" 202 1736 "-" "python-requests/2.12.4"
10.10.10.10 - - [24/Nov/2015:12:18:31 +0000] "GET /annoyed/58b7fad8eb8057c167ab13fb/march/uso-v7.html HTTP/1.1" 303 974 "-" "python-requests/2.12.4"
172.24.60.30 - - [24/Nov/2015:12:19:01 +0000] "GET /quiet/annoyed/cagey/rl-v5.html HTTP/1.1" 303 570 "-" "python-requests/2.12.4"
192.168.100.23 - - [24/Nov/2015:12:19:02 +0000] "GET /annoyed/58b7fad8eb8057c167ab13fb/march/uso-v7.html HTTP/1.1" 405 868 "-" "python-requests/2.12.4"
10.10.10.10 - - [24/Nov/2015:12:19:02 +0000] "GET /quiet/annoyed/cagey/rl-v5.html?trip=truthful HTTP/1.1" 405 1685 "-" "python-requests/2.12.4"
172.24.60.30 - - [24/Nov/2015:12:19:31 +0000] "GET /glue/-__factory__-/bomb/kubuntu.html#route HTTP/1.1" 203 1772 "-" "python-requests/2.12.4"
172.16.35.10 - - [24/Nov/2015:12:19:57 +0000] "GET /annoyed/58b7fad8eb8057c167ab13fb/march/uso-v7.html HTTP/1.1" 202 906 "-" "python-requests/2.12.4"
8.8.8.8 - - [24/Nov/2015:12:20:22 +0000] "GET /annoyed/58b7fad8eb8057c167ab13fb/march/uso-v7.html HTTP/1.1" 400 1413 "-" "python-requests/2.12.4"
192.168.100.23 - - [24/Nov/2015:12:20:34 +0000] "GET /quiet/annoyed/cagey/rl-v5.html HTTP/1.1" 503 1239 "-" "python-requests/2.12.4"
8.8.8.8 - - [24/Nov/2015:12:20:47 +0000] "GET /bomb/spiteful/slim_/kubuntu.html?trip=divide HTTP/1.1" 503 1330 "-" "python-requests/2.12.4"
8.8.8.8 - - [24/Nov/2015:12:20:55 +0000] "GET /son/slim_/58b7fa50eb8057c167aae942/uso-v7.html HTTP/1.1" 203 1164 "-" "python-requests/2.12.4"
172.16.35.10 - - [24/Nov/2015:12:20:55 +0000] "GET /__voiceless__/58b7fad8eb8057c167ab1400/58b7fad8eb8057c167ab1400/ubuntu.html HTTP/1.1" 505 1255 "-" "python-requests/2.12.4"
1.2.3.4 - - [24/Nov/2015:12:21:23 +0000] "GET /__voiceless__/58b7fad8eb8057c167ab1400/58b7fad8eb8057c167ab1400/ubuntu.html?volatile=fact HTTP/1.1" 403 1247 "-" "python-requests/2.12.4"
172.24.60.30 - - [24/Nov/2015:12:21:52 +0000] "GET /glue/-__factory__-/bomb/kubuntu.html HTTP/1.1" 503 588 "-" "python-requests/2.12.4"
172.16.35.10 - - [24/Nov/2015:12:22:12 +0000] "GET /__voiceless__/58b7fad8eb8057c167ab1400/58b7fad8eb8057c167ab1400/ubuntu.html#wish HTTP/1.1" 301 1873 "-" "python-requests/2.12.4"
192.168.100.23 - - [24/Nov/2015:12:22:38 +0000] "GET /hair/slim_/58b7fad8eb8057c167ab13f5/linux-mint.html HTTP/1.1" 200 516 "-" "python-requests/2.12.4"
8.8.8.8 - - [24/Nov/2015:12:22:38 +0000] "GET /glue/-__factory__-/bomb/kubuntu.html?reason=van HTTP/1.1" 200 1064 "-" "python-requests/2.12.4"
172.24.60.30 - - [24/Nov/2015:12:22:40 +0000] "GET /glue/-__factory__-/bomb/kubuntu.html HTTP/1.1" 203 643 "-" "python-requests/2.12.4"
172.16.35.10 - - [24/Nov/2015:12:22:50 +0000] "GET /glue/-__factory__-/bomb/kubuntu.html?thoughtful=milk HTTP/1.1" 305 1495 "-" "python-requests/2.12.4"
192.168.100.23 - - [24/Nov/2015:12:23:19 +0000] "GET /quiet/58b7fa50eb8057c167aae935/hair/fedora.html HTTP/1.1" 201 682 "-" "python-requests/2.12.4"
172.24.60.30 - - [24/Nov/2015:12:23:24 +0000] "GET /annoyed/58b7fad8eb8057c167ab13fb/march/uso-v7.html HTTP/1.1" 401 1462 "-" "python-requests/2.12.4"
172.24.60.30 - - [24/Nov/2015:12:23:53 +0000] "GET /quiet/annoyed/cagey/rl-v5.html HTTP/1.1" 303 1531 "-" "python-requests/2.12.4"
1.2.3.4 - - [24/Nov/2015:12:24:09 +0000] "GET /__voiceless__/58b7fad8eb8057c167ab1400/58b7fad8eb8057c167ab1400/ubuntu.html?burst=reduce HTTP/1.1" 205 1082 "-" "python-requests/2.12.4"
8.8.8.8 - - [24/Nov/2015:12:24:10 +0000] "GET /bomb/spiteful/slim_/kubuntu.html?volatile=van HTTP/1.1" 203 1362 "-" "python-requests/2.12.4"
192.168.100.23 - - [24/Nov/2015:12:24:26 +0000] "GET /-__factory__-/slim_/spiteful/kali.html HTTP/1.1" 304 1819 "-" "python-requests/2.12.4"
172.24.60.30 - - [24/Nov/2015:12:24:49 +0000] "GET /quiet/58b7fa50eb8057c167aae935/hair/fedora.html HTTP/1.1" 202 958 "-" "python-requests/2.12.4"
1.2.3.4 - - [24/Nov/2015:12:24:54 +0000] "GET /glue/-__factory__-/bomb/kubuntu.html HTTP/1.1" 201 1049 "-" "python-requests/2.12.4"
192.168.100.23 - - [24/Nov/2015:12:24:58 +0000] "GET /__voiceless__/58b7fad8eb8057c167ab1400/58b7fad8eb8057c167ab1400/ubuntu.html HTTP/1.1" 301 1033 "-" "python-requests/2.12.4"
1.2.3.4 - - [24/Nov/2015:12:25:16 +0000] "GET /hair/slim_/58b7fad8eb8057c167ab13f5/linux-mint.html?fine=steer HTTP/1.1" 405 1870 "-" "python-requests/2.12.4"
172.16.35.10 - - [24/Nov/2015:12:25:21 +0000] "GET /bomb/spiteful/slim_/kubuntu.html?burst=bounce HTTP/1.1" 202 1913 "-" "python-requests/2.12.4"
172.16.35.10 - - [24/Nov/2015:12:25:26 +0000] "GET /glue/-__factory__-/bomb/kubuntu.html HTTP/1.1" 202 1548 "-" "python-requests/2.12.4"
8.8.8.8 - - [24/Nov/2015:12:25:43 +0000] "GET /son/slim_/58b7fa50eb8057c167aae942/uso-v7.html HTTP/1.1" 405 876 "-" "python-requests/2.12.4"
10.10.10.10 - - [24/Nov/2015:12:26:10 +0000] "GET /annoyed/58b7fad8eb8057c167ab13fb/march/uso-v7.html HTTP/1.1" 303 1159 "-" "python-requests/2.12.4"
192.168.100.23 - - [24/Nov/2015:12:26:27 +0000] "GET /glue/-__factory__-/bomb/kubuntu.html#dapper HTTP/1.1" 405 1762 "-" "python-requests/2.12.4"
172.24.60.30 - - [24/Nov/2015:12:26:55 +0000] "GET /quiet/annoyed/cagey/rl-v5.html#abaft HTTP/1.1" 205 627 "-" "python-requests/2.12.4"
8.8.8.8 - - [24/Nov/2015:12:27:20 +0000] "GET /glue/-__factory__-/bomb/kubuntu.html HTTP/1.1" 205 839 "-" "python-requests/2.12.4"
192.168.100.23 - - [24/Nov/2015:12:27:33 +0000] "GET /quiet/58b7fa50eb8057c167aae935/hair/fedora.html HTTP/1.1" 200 1783 "-" "python-requests/2.12.4"
1.2.3.4 - - [24/Nov/2015:12:28:02 +0000] "GET /glue/-__factory__-/bomb/kubuntu.html#monkey HTTP/1.1" 502 1526 "-" "python-requests/2.12.4"
192.168.100.23 - - [24/Nov/2015:12:28:22 +0000] "GET /quiet/58b7fa50eb8057c167aae935/hair/fedora.html HTTP/1.1" 200 1936 "-" "python-requests/2.12.4"
192.168.100.23 - - [24/Nov/2015:12:28:36 +0000] "GET /quiet/annoyed/cagey/rl-v5.html HTTP/1.1" 500 1036 "-" "python-requests/2.12.4"
172.16.35.10 - - [24/Nov/2015:12:28:37 +0000] "GET /-__factory__-/slim_/spiteful/kali.html?owe=shaggy HTTP/1.1" 303 1468 "-" "python-requests/2.12.4"
1.2.3.4 - - [24/Nov/2015:12:28:52 +0000] "GET /quiet/58b7fa50eb8057c167aae935/hair/fedora.html HTTP/1.1" 504 1693 "-" "python-requests/2.12.4"
1.2.3.4 - - [24/Nov/2015:12:28:58 +0000] "GET /annoyed/58b7fad8eb8057c167ab13fb/march/uso-v7.html HTTP/1.1" 500 825 "-" "python-requests/2.12.4"
10.10.10.10 - - [24/Nov/2015:12:29:20 +0000] "GET /-__factory__-/slim_/spiteful/kali.html HTTP/1.1" 204 708 "-" "python-requests/2.12.4"
172.16.35.10 - - [24/Nov/2015:12:29:38 +0000] "GET /quiet/annoyed/cagey/rl-v5.html HTTP/1.1" 201 556 "-" "python-requests/2.12.4"
10.10.10.10 - - [24/Nov/2015:12:30:02 +0000] "GET /quiet/58b7fa50eb8057c167aae935/hair/fedora.html HTTP/1.1" 402 1549 "-" "python-requests/2.12.4"
172.24.60.30 - - [24/Nov/2015:12:30:21 +0000] "GET /annoyed/58b7fad8eb8057c167ab13fb/march/uso-v7.html HTTP/1.1" 401 992 "-" "python-requests/2.12.4"
172.16.35.10 - - [24/Nov/2015:12:30:28 +0000] "GET /son/slim_/58b7fa50eb8057c167aae942/uso-v7.html HTTP/1.1" 301 1970 "-" "python-requests/2.12.4"
172.24.60.30 - - [24/Nov/2015:12:30:38 +0000] "GET /__voiceless__/58b7fad8eb8057c167ab1400/58b7fad8eb8057c167ab1400/ubuntu.html?burst=teeny HTTP/1.1" 204 1991 "-" "python-requests/2.12.4"
192.168.100.23 - - [24/Nov/2015:12:30:53 +0000] "GET /quiet/annoyed/cagey/rl-v5.html HTTP/1.1" 201 1683 "-" "python-requests/2.12.4"
1.2.3.4 - - [24/Nov/2015:12:31:00 +0000] "GET /hair/slim_/58b7fad8eb8057c167ab13f5/linux-mint.html?burst=recondite HTTP/1.1" 205 1959 "-" "python-requests/2.12.4"
192.168.100.23 - - [24/Nov/2015:12:31:25 +0000] "GET /quiet/annoyed/cagey/rl-v5.html#bashful HTTP/1.1" 203 1943 "-" "python-requests/2.12.4"
8.8.8.8 - - [24/Nov/2015:12:31:29 +0000] "GET /58b7fad8eb8057c167ab1400/first-committee-of-year/ball/rl-v5.html#dapper HTTP/1.1" 404 509 "-" "python-requests/2.12.4"
192.168.100.23 - - [24/Nov/2015:12:31:54 +0000] "GET /hair/slim_/58b7fad8eb8057c167ab13f5/linux-mint.html HTTP/1.1" 204 1777 "-" "python-requests/2.12.4"
1.2.3.4 - - [24/Nov/2015:12:32:02 +0000] "GET /glue/-__factory__-/bomb/kubuntu.html?show=window HTTP/1.1" 403 1636 "-" "python-requests/2.12.4"
172.24.60.30 - - [24/Nov/2015:12:32:30 +0000] "GET /quiet/annoyed/cagey/rl-v5.html?show=husky HTTP/1.1" 201 1297 "-" "python-requests/2.12.4"
172.24.60.30 - - [24/Nov/2015:12:32:52 +0000] "GET /son/slim_/58b7fa50eb8057c167aae942/uso-v7.html HTTP/1.1" 405 985 "-" "python-requests/2.12.4"
1.2.3.4 - - [24/Nov/2015:12:33:14 +0000] "GET /bomb/spiteful/slim_/kubuntu.html?tasty=milk HTTP/1.1" 303 1728 "-" "python-requests/2.12.4"
172.16.35.10 - - [24/Nov/2015:12:33:35 +0000] "GET /58b7fad8eb8057c167ab1400/first-committee-of-year/ball/rl-v5.html?friendly=alert HTTP/1.1" 201 1159 "-" "python-requests/2.12.4"
192.168.100.23 - - [24/Nov/2015:12:33:54 +0000] "GET /annoyed/58b7fad8eb8057c167ab13fb/march/uso-v7.html HTTP/1.1" 204 1991 "-" "python-requests/2.12.4"
192.168.100.23 - - [24/Nov/2015:12:34:18 +0000] "GET /annoyed/58b7fad8eb8057c167ab13fb/march/uso-v7.html HTTP/1.1" 202 959 "-" "python-requests/2.12.4"
1.2.3.4 - - [24/Nov/2015:12:34:45 +0000] "GET /quiet/annoyed/cagey/rl-v5.html HTTP/1.1" 205 1727 "-" "python-requests/2.12.4"
172.24.60.30 - - [24/Nov/2015:12:35:07 +0000] "GET /__voiceless__/58b7fad8eb8057c167ab1400/58b7fad8eb8057c167ab1400/ubuntu.html HTTP/1.1" 403 1213 "-" "python-requests/2.12.4"
10.10.10.10 - - [24/Nov/2015:12:35:24 +0000] "GET /annoyed/58b7fad8eb8057c167ab13fb/march/uso-v7.html HTTP/1.1" 201 1972 "-" "python-requests/2.12.4"
172.24.60.30 - - [24/Nov/2015:12:35:31 +0000] "GET /annoyed/58b7fad8eb8057c167ab13fb/march/uso-v7.html HTTP/1.1" 200 1581 "-" "python-requests/2.12.4"
8.8.8.8 - - [24/Nov/2015:12:35:44 +0000] "GET /quiet/annoyed/cagey/rl-v5.html?drink=teeny HTTP/1.1" 202 746 "-" "python-requests/2.12.4"
8.8.8.8 - - [24/Nov/2015:12:36:09 +0000] "GET /hair/slim_/58b7fad8eb8057c167ab13f5/linux-mint.html HTTP/1.1" 205 1242 "-" "python-requests/2.12.4"
172.16.35.10 - - [24/Nov/2015:12:36:16 +0000] "GET /bomb/spiteful/slim_/kubuntu.html?permissible=divide HTTP/1.1" 301 1213 "-" "python-requests/2.12.4"
172.24.60.30 - - [24/Nov/2015:12:36:46 +0000] "GET /quiet/58b7fa50eb8057c167aae935/hair/fedora.html HTTP/1.1" 204 1939 "-" "python-requests/2.12.4"
1.2.3.4 - - [24/Nov/2015:12:36:55 +0000] "GET /son/slim_/58b7fa50eb8057c167aae942/uso-v7.html?trip=alert#monkey HTTP/1.1" 201 1422 "-" "python-requests/2.12.4"
192.168.100.23 - - [24/Nov/2015:12:37:06 +0000] "GET /son/slim_/58b7fa50eb8057c167aae942/uso-v7.html HTTP/1.1" 404 847 "-" "python-requests/2.12.4"
172.16.35.10 - - [24/Nov/2015:12:37:29 +0000] "GET /__voiceless__/58b7fad8eb8057c167ab1400/58b7fad8eb8057c167ab1400/ubuntu.html HTTP/1.1" 203 771 "-" "python-requests/2.12.4"
10.10.10.10 - - [24/Nov/2015:12:37:53 +0000] "GET /-__factory__-/slim_/spiteful/kali.html HTTP/1.1" 201 580 "-" "python-requests/2.12.4"
8.8.8.8 - - [24/Nov/2015:12:38:20 +0000] "GET /-__factory__-/slim_/spiteful/kali.html HTTP/1.1" 205 1104 "-" "python-requests/2.12.4"
1.2.3.4 - - [24/Nov/2015:12:38:32 +0000] "GET /hair/slim_/58b7fad8eb8057c167ab13f5/linux-mint.html?volatile=reduce#monkey HTTP/1.1" 204 1790 "-" "python-requests/2.12.4"
172.16.35.10 - - [24/Nov/2015:12:38:46 +0000] "GET /quiet/58b7fa50eb8057c167aae935/hair/fedora.html#post HTTP/1.1" 304 1670 "-" "python-requests/2.12.4"
192.168.100.23 - - [24/Nov/2015:12:39:06 +0000] "GET /glue/-__factory__-/bomb/kubuntu.html?dry=truthful HTTP/1.1" 203 653 "-" "python-requests/2.12.4"
172.24.60.30 - - [24/Nov/2015:12:39:09 +0000] "GET /quiet/58b7fa50eb8057c167aae935/hair/fedora.html HTTP/1.1" 505 1981 "-" "python-requests/2.12.4"
172.24.60.30 - - [24/Nov/2015:12:39:36 +0000] "GET /bomb/spiteful/slim_/kubuntu.html HTTP/1.1" 201 874 "-" "python-requests/2.12.4"
1.2.3.4 - - [24/Nov/2015:12:40:06 +0000] "GET /hair/slim_/58b7fad8eb8057c167ab13f5/linux-mint.html#anxious HTTP/1.1" 203 934 "-" "python-requests/2.12.4"
192.168.100.23 - - [24/Nov/2015:12:40:12 +0000] "GET /58b7fad8eb8057c167ab1400/first-committee-of-year/ball/rl-v5.html HTTP/1.1" 500 1202 "-" "python-requests/2.12.4"
10.10.10.10 - - [24/Nov/2015:12:40:31 +0000] "GET /glue/-__factory__-/bomb/kubuntu.html?clip=milk#minor HTTP/1.1" 501 1299 "-" "python-requests/2.12.4"
8.8.8.8 - - [24/Nov/2015:12:40:39 +0000] "GET /glue/-__factory__-/bomb/kubuntu.html?thoughtful=bounce HTTP/1.1" 201 527 "-" "python-requests/2.12.4"
172.24.60.30 - - [24/Nov/2015:12:40:47 +0000] "GET /quiet/annoyed/cagey/rl-v5.html#anxious HTTP/1.1" 402 640 "-" "python-requests/2.12.4"
1.2.3.4 - - [24/Nov/2015:12:41:10 +0000] "GET /hair/slim_/58b7fad8eb8057c167ab13f5/linux-mint.html#anxious HTTP/1.1" 204 1239 "-" "python-requests/2.12.4"
1.2.3.4 - - [24/Nov/2015:12:41:23 +0000] "GET /hair/slim_/58b7fad8eb8057c167ab13f5/linux-mint.html#route HTTP/1.1" 200 1688 "-" "python-requests/2.12.4"
10.10.10.10 - - [24/Nov/2015:12:41:48 +0000] "GET /-__factory__-/slim_/spiteful/kali.html HTTP/1.1" 405 1926 "-" "python-requests/2.12.4"
172.24.60.30 - - [24/Nov/2015:12:42:01 +0000] "GET /quiet/annoyed/cagey/rl-v5.html HTTP/1.1" 305 630 "-" "python-requests/2.12.4"
172.16.35.10 - - [24/Nov/2015:12:42:24 +0000] "GET /quiet/58b7fa50eb8057c167aae935/hair/fedora.html HTTP/1.1" 503 1832 "-" "python-requests/2.12.4"
172.16.35.10 - - [24/Nov/2015:12:42:53 +0000] "GET /58b7fad8eb8057c167ab1400/first-committee-of-year/ball/rl-v5.html#wish HTTP/1.1" 202 1562 "-" "python-requests/2.12.4"
192.168.100.23 - - [24/Nov/2015:12:42:53 +0000] "GET /son/slim_/58b7fa50eb8057c167aae942/uso-v7.html#colour HTTP/1.1" 502 1267 "-" "python-requests/2.12.4"
10.10.10.10 - - [24/Nov/2015:12:43:04 +0000] "GET /__voiceless__/58b7fad8eb8057c167ab1400/58b7fad8eb8057c167ab1400/ubuntu.html HTTP/1.1" 205 913 "-" "python-requests/2.12.4"
1.2.3.4 - - [24/Nov/2015:12:43:04 +0000] "GET /quiet/annoyed/cagey/rl-v5.html HTTP/1.1" 201 1125 "-" "python-requests/2.12.4"
172.24.60.30 - - [24/Nov/2015:12:43:06 +0000] "GET /hair/slim_/58b7fad8eb8057c167ab13f5/linux-mint.html HTTP/1.1" 202 1586 "-" "python-requests/2.12.4"
172.24.60.30 - - [24/Nov/2015:12:43:14 +0000] "GET /58b7fad8eb8057c167ab1400/first-committee-of-year/ball/rl-v5.html HTTP/1.1" 205 500 "-" "python-requests/2.12.4"
1.2.3.4 - - [24/Nov/2015:12:43:43 +0000] "GET /hair/slim_/58b7fad8eb8057c167ab13f5/linux-mint.html HTTP/1.1" 203 1218 "-" "python-requests/2.12.4"
10.10.10.10 - - [24/Nov/2015:12:43:56 +0000] "GET /hair/slim_/58b7fad8eb8057c167ab13f5/linux-mint.html#route HTTP/1.1" 502 1687 "-" "python-requests/2.12.4"
172.16.35.10 - - [24/Nov/2015:12:44:22 +0000] "GET /annoyed/58b7fad8eb8057c167ab13fb/march/uso-v7.html?show=furniture HTTP/1.1" 200 1046 "-" "python-requests/2.12.4"
172.24.60.30 - - [24/Nov/2015:12:44:44 +0000] "GET /son/slim_/58b7fa50eb8057c167aae942/uso-v7.html HTTP/1.1" 203 1362 "-" "python-requests/2.12.4"
10.10.10.10 - - [24/Nov/2015:12:45:13 +0000] "GET /hair/slim_/58b7fad8eb8057c167ab13f5/linux-mint.html HTTP/1.1" 203 1889 "-" "python-requests/2.12.4"
1.2.3.4 - - [24/Nov/2015:12:45:42 +0000] "GET /hair/slim_/58b7fad8eb8057c167ab13f5/linux-mint.html HTTP/1.1" 501 566 "-" "python-requests/2.12.4"
10.10.10.10 - - [24/Nov/2015:12:45:55 +0000] "GET /annoyed/58b7fad8eb8057c167ab13fb/march/uso-v7.html?drink=bounce HTTP/1.1" 405 1437 "-" "python-requests/2.12.4"
172.24.60.30 - - [24/Nov/2015:12:46:25 +0000] "GET /quiet/annoyed/cagey/rl-v5.html HTTP/1.1" 201 1157 "-" "python-requests/2.12.4"
172.16.35.10 - - [24/Nov/2015:12:46:31 +0000] "GET /son/slim_/58b7fa50eb8057c167aae942/uso-v7.html HTTP/1.1" 301 723 "-" "python-requests/2.12.4"
192.168.100.23 - - [24/Nov/2015:12:46:31 +0000] "GET /bomb/spiteful/slim_/kubuntu.html HTTP/1.1" 202 1865 "-" "python-requests/2.12.4"
8.8.8.8 - - [24/Nov/2015:12:46:40 +0000] "GET /quiet/annoyed/cagey/rl-v5.html HTTP/1.1" 400 1270 "-" "python-requests/2.12.4"
10.10.10.10 - - [24/Nov/2015:12:46:53 +0000] "GET /quiet/annoyed/cagey/rl-v5.html HTTP/1.1" 500 1001 "-" "python-requests/2.12.4"
10.10.10.10 - - [24/Nov/2015:12:47:13 +0000] "GET /__voiceless__/58b7fad8eb8057c167ab1400/58b7fad8eb8057c167ab1400/ubuntu.html HTTP/1.1" 503 664 "-" "python-requests/2.12.4"
172.24.60.30 - - [24/Nov/2015:12:47:40 +0000] "GET /annoyed/58b7fad8eb8057c167ab13fb/march/uso-v7.html?friendly=shaggy HTTP/1.1" 201 1385 "-" "python-requests/2.12.4"
172.24.60.30 - - [24/Nov/2015:12:47:59 +0000] "GET /-__factory__-/slim_/spiteful/kali.html HTTP/1.1" 503 1391 "-" "python-requests/2.12.4"
172.16.35.10 - - [24/Nov/2015:12:48:11 +0000] "GET /58b7fad8eb8057c167ab1400/first-committee-of-year/ball/rl-v5.html HTTP/1.1" 400 987 "-" "python-requests/2.12.4"
8.8.8.8 - - [24/Nov/2015:12:48:23 +0000] "GET /glue/-__factory__-/bomb/kubuntu.html?burst=panicky#close HTTP/1.1" 200 1952 "-" "python-requests/2.12.4"
8.8.8.8 - - [24/Nov/2015:12:48:27 +0000] "GET /glue/-__factory__-/bomb/kubuntu.html#route HTTP/1.1" 404 734 "-" "python-requests/2.12.4"
1.2.3.4 - - [24/Nov/2015:12:48:28 +0000] "GET /__voiceless__/58b7fad8eb8057c167ab1400/58b7fad8eb8057c167ab1400/ubuntu.html HTTP/1.1" 200 972 "-" "python-requests/2.12.4"
10.10.10.10 - - [24/Nov/2015:12:48:35 +0000] "GET /glue/-__factory__-/bomb/kubuntu.html#stroke HTTP/1.1" 402 1867 "-" "python-requests/2.12.4"
192.168.100.23 - - [24/Nov/2015:12:48:46 +0000] "GET /quiet/58b7fa50eb8057c167aae935/hair/fedora.html#bashful HTTP/1.1" 405 1616 "-" "python-requests/2.12.4"
172.16.35.10 - - [24/Nov/2015:12:49:04 +0000] "GET /bomb/spiteful/slim_/kubuntu.html?fine=husky#dramatic HTTP/1.1" 202 928 "-" "python-requests/2.12.4"
172.16.35.10 - - [24/Nov/2015:12:49:16 +0000] "GET /quiet/annoyed/cagey/rl-v5.html HTTP/1.1" 203 1131 "-" "python-requests/2.12.4"
172.16.35.10 - - [24/Nov/2015:12:49:22 +0000] "GET /58b7fad8eb8057c167ab1400/first-committee-of-year/ball/rl-v5.html?quack=reduce HTTP/1.1" 201 1922 "-" "python-requests/2.12.4"
10.10.10.10 - - [24/Nov/2015:12:49:31 +0000] "GET /-__factory__-/slim_/spiteful/kali.html HTTP/1.1" 203 1755 "-" "python-requests/2.12.4"
192.168.100.23 - - [24/Nov/2015:12:49:33 +0000] "GET /58b7fad8eb8057c167ab1400/first-committee-of-year/ball/rl-v5.html HTTP/1.1" 203 1262 "-" "python-requests/2.12.4"
10.10.10.10 - - [24/Nov/2015:12:49:41 +0000] "GET /-__factory__-/slim_/spiteful/kali.html?fluffy=teeny HTTP/1.1" 205 976 "-" "python-requests/2.12.4"
8.8.8.8 - - [24/Nov/2015:12:49:56 +0000] "GET /quiet/58b7fa50eb8057c167aae935/hair/fedora.html#water HTTP/1.1" 205 1904 "-" "python-requests/2.12.4"
1.2.3.4 - - [24/Nov/2015:12:50:19 +0000] "GET /bomb/spiteful/slim_/kubuntu.html HTTP/1.1" 203 1791 "-" "python-requests/2.12.4"
8.8.8.8 - - [24/Nov/2015:12:50:30 +0000] "GET /son/slim_/58b7fa50eb8057c167aae942/uso-v7.html HTTP/1.1" 200 1195 "-" "python-requests/2.12.4"
172.24.60.30 - - [24/Nov/2015:12:50:36 +0000] "GET /quiet/annoyed/cagey/rl-v5.html HTTP/1.1" 405 1572 "-" "python-requests/2.12.4"
172.16.35.10 - - [24/Nov/2015:12:50:51 +0000] "GET /-__factory__-/slim_/spiteful/kali.html#bashful HTTP/1.1" 203 1585 "-" "python-requests/2.12.4"
8.8.8.8 - - [24/Nov/2015:12:51:10 +0000] "GET /hair/slim_/58b7fad8eb8057c167ab13f5/linux-mint.html?thoughtful=recondite HTTP/1.1" 201 1853 "-" "python-requests/2.12.4"
192.168.100.23 - - [24/Nov/2015:12:51:35 +0000] "GET /bomb/spiteful/slim_/kubuntu.html HTTP/1.1" 200 914 "-" "python-requests/2.12.4"
192.168.100.23 - - [24/Nov/2015:12:51:55 +0000] "GET /bomb/spiteful/slim_/kubuntu.html?quack=alert#dapper HTTP/1.1" 203 623 "-" "python-requests/2.12.4"
172.24.60.30 - - [24/Nov/2015:12:51:55 +0000] "GET /quiet/58b7fa50eb8057c167aae935/hair/fedora.html#route HTTP/1.1" 401 1027 "-" "python-requests/2.12.4"
172.16.35.10 - - [24/Nov/2015:12:52:06 +0000] "GET /glue/-__factory__-/bomb/kubuntu.html HTTP/1.1" 204 1343 "-" "python-requests/2.12.4"
1.2.3.4 - - [24/Nov/2015:12:52:17 +0000] "GET /hair/slim_/58b7fad8eb8057c167ab13f5/linux-mint.html HTTP/1.1" 202 621 "-" "python-requests/2.12.4"
8.8.8.8 - - [24/Nov/2015:12:52:25 +0000] "GET /son/slim_/58b7fa50eb8057c167aae942/uso-v7.html HTTP/1.1" 405 1657 "-" "python-requests/2.12.4"
1.2.3.4 - - [24/Nov/2015:12:52:25 +0000] "GET /annoyed/58b7fad8eb8057c167ab13fb/march/uso-v7.html HTTP/1.1" 200 803 "-" "python-requests/2.12.4"
1.2.3.4 - - [24/Nov/2015:12:52:53 +0000] "GET /bomb/spiteful/slim_/kubuntu.html HTTP/1.1" 304 992 "-" "python-requests/2.12.4"
1.2.3.4 - - [24/Nov/2015:12:53:05 +0000] "GET /-__factory__-/slim_/spiteful/kali.html HTTP/1.1" 205 1149 "-" "python-requests/2.12.4"
10.10.10.10 - - [24/Nov/2015:12:53:24 +0000] "GET /quiet/annoyed/cagey/rl-v5.html HTTP/1.1" 202 1065 "-" "python-requests/2.12.4"
192.168.100.23 - - [24/Nov/2015:12:53:53 +0000] "GET /hair/slim_/58b7fad8eb8057c167ab13f5/linux-mint.html HTTP/1.1" 204 1581 "-" "python-requests/2.12.4"
10.10.10.10 - - [24/Nov/2015:12:54:08 +0000] "GET /58b7fad8eb8057c167ab1400/first-committee-of-year/ball/rl-v5.html HTTP/1.1" 205 1734 "-" "python-requests/2.12.4"
172.16.35.10 - - [24/Nov/2015:12:54:20 +0000] "GET /son/slim_/58b7fa50eb8057c167aae942/uso-v7.html?drink=divide HTTP/1.1" 202 1573 "-" "python-requests/2.12.4"
192.168.100.23 - - [24/Nov/2015:12:54:34 +0000] "GET /quiet/annoyed/cagey/rl-v5.html HTTP/1.1" 202 1437 "-" "python-requests/2.12.4"
172.16.35.10 - - [24/Nov/2015:12:55:03 +0000] "GET /quiet/annoyed/cagey/rl-v5.html HTTP/1.1" 201 1312 "-" "python-requests/2.12.4"
172.24.60.30 - - [24/Nov/2015:12:55:19 +0000] "GET /58b7fad8eb8057c167ab1400/first-committee-of-year/ball/rl-v5.html?dry=shaggy HTTP/1.1" 203 861 "-" "python-requests/2.12.4"
1.2.3.4 - - [24/Nov/2015:12:55:43 +0000] "GET /quiet/58b7fa50eb8057c167aae935/hair/fedora.html HTTP/1.1" 200 1887 "-" "python-requests/2.12.4"
192.168.100.23 - - [24/Nov/2015:12:56:04 +0000] "GET /hair/slim_/58b7fad8eb8057c167ab13f5/linux-mint.html#anxious HTTP/1.1" 404 1672 "-" "python-requests/2.12.4"
172.24.60.30 - - [24/Nov/2015:12:56:15 +0000] "GET /quiet/annoyed/cagey/rl-v5.html?fine=window HTTP/1.1" 303 1608 "-" "python-requests/2.12.4"
192.168.100.23 - - [24/Nov/2015:12:56:20 +0000] "GET /quiet/58b7fa50eb8057c167aae935/hair/fedora.html HTTP/1.1" 202 1735 "-" "python-requests/2.12.4"
1.2.3.4 - - [24/Nov/2015:12:56:20 +0000] "GET /son/slim_/58b7fa50eb8057c167aae942/uso-v7.html?fine=steer HTTP/1.1" 202 799 "-" "python-requests/2.12.4"
172.16.35.10 - - [24/Nov/2015:12:56:41 +0000] "GET /bomb/spiteful/slim_/kubuntu.html#dapper HTTP/1.1" 500 1361 "-" "python-requests/2.12.4"
1.2.3.4 - - [24/Nov/2015:12:56:51 +0000] "GET /quiet/annoyed/cagey/rl-v5.html#route HTTP/1.1" 201 809 "-" "python-requests/2.12.4"
1.2.3.4 - - [24/Nov/2015:12:56:59 +0000] "GET /-__factory__-/slim_/spiteful/kali.html HTTP/1.1" 302 1779 "-" "python-requests/2.12.4"
8.8.8.8 - - [24/Nov/2015:12:57:10 +0000] "GET /son/slim_/58b7fa50eb8057c167aae942/uso-v7.html HTTP/1.1" 402 1132 "-" "python-requests/2.12.4"
8.8.8.8 - - [24/Nov/2015:12:57:37 +0000] "GET /bomb/spiteful/slim_/kubuntu.html HTTP/1.1" 204 1337 "-" "python-requests/2.12.4"
172.24.60.30 - - [24/Nov/2015:12:58:06 +0000] "GET /-__factory__-/slim_/spiteful/kali.html HTTP/1.1" 401 625 "-" "python-requests/2.12.4"
172.24.60.30 - - [24/Nov/2015:12:58:21 +0000] "GET /__voiceless__/58b7fad8eb8057c167ab1400/58b7fad8eb8057c167ab1400/ubuntu.html HTTP/1.1" 203 1811 "-" "python-requests/2.12.4"
172.16.35.10 - - [24/Nov/2015:12:58:28 +0000] "GET /annoyed/58b7fad8eb8057c167ab13fb/march/uso-v7.html#grateful HTTP/1.1" 202 1234 "-" "python-requests/2.12.4"
192.168.100.23 - - [24/Nov/2015:12:58:42 +0000] "GET /-__factory__-/slim_/spiteful/kali.html HTTP/1.1" 205 1653 "-" "python-requests/2.12.4"
192.168.100.23 - - [24/Nov/2015:12:58:49 +0000] "GET /bomb/spiteful/slim_/kubuntu.html HTTP/1.1" 203 1403 "-" "python-requests/2.12.4"
172.24.60.30 - - [24/Nov/2015:12:58:51 +0000] "GET /58b7fad8eb8057c167ab1400/first-committee-of-year/ball/rl-v5.html HTTP/1.1" 200 1157 "-" "python-requests/2.12.4"
8.8.8.8 - - [24/Nov/2015:12:59:04 +0000] "GET /quiet/annoyed/cagey/rl-v5.html HTTP/1.1" 204 620 "-" "python-requests/2.12.4"
8.8.8.8 - - [24/Nov/2015:12:59:34 +0000] "GET /__voiceless__/58b7fad8eb8057c167ab1400/58b7fad8eb8057c167ab1400/ubuntu.html HTTP/1.1" 401 1035 "-" "python-requests/2.12.4"
172.24.60.30 - - [24/Nov/2015:12:59:53 +0000] "GET /__voiceless__/58b7fad8eb8057c167ab1400/58b7fad8eb8057c167ab1400/ubuntu.html HTTP/1.1" 303 916 "-" "python-requests/2.12.4"
192.168.100.23 - - [24/Nov/2015:13:00:02 +0000] "GET /-__factory__-/slim_/spiteful/kali.html HTTP/1.1" 501 1435 "-" "python-requests/2.12.4"
172.24.60.30 - - [24/Nov/2015:13:00:02 +0000] "GET /hair/slim_/58b7fad8eb8057c167ab13f5/linux-mint.html?suggest=fact HTTP/1.1" 400 1243 "-" "python-requests/2.12.4"
192.168.100.23 - - [24/Nov/2015:13:00:26 +0000] "GET /58b7fad8eb8057c167ab1400/first-committee-of-year/ball/rl-v5.html HTTP/1.1" 204 1878 "-" "python-requests/2.12.4"
192.168.100.23 - - [24/Nov/2015:13:00:54 +0000] "GET /glue/-__factory__-/bomb/kubuntu.html HTTP/1.1" 201 1019 "-" "python-requests/2.12.4"
1.2.3.4 - - [24/Nov/2015:13:01:01 +0000] "GET /__voiceless__/58b7fad8eb8057c167ab1400/58b7fad8eb8057c167ab1400/ubuntu.html HTTP/1.1" 503 1080 "-" "python-requests/2.12.4"
1.2.3.4 - - [24/Nov/2015:13:01:21 +0000] "GET /58b7fad8eb8057c167ab1400/first-committee-of-year/ball/rl-v5.html HTTP/1.1" 203 1813 "-" "python-requests/2.12.4"
172.16.35.10 - - [24/Nov/2015:13:01:26 +0000] "GET /glue/-__factory__-/bomb/kubuntu.html HTTP/1.1" 205 1067 "-" "python-requests/2.12.4"
1.2.3.4 - - [24/Nov/2015:13:01:38 +0000] "GET /bomb/spiteful/slim_/kubuntu.html HTTP/1.1" 300 960 "-" "python-requests/2.12.4"
172.24.60.30 - - [24/Nov/2015:13:02:03 +0000] "GET /annoyed/58b7fad8eb8057c167ab13fb/march/uso-v7.html?volatile=fact#ignorant HTTP/1.1" 203 1532 "-" "python-requests/2.12.4"
1.2.3.4 - - [24/Nov/2015:13:02:22 +0000] "GET /quiet/58b7fa50eb8057c167aae935/hair/fedora.html HTTP/1.1" 504 1948 "-" "python-requests/2.12.4"
172.24.60.30 - - [24/Nov/2015:13:02:40 +0000] "GET /quiet/58b7fa50eb8057c167aae935/hair/fedora.html HTTP/1.1" 201 1994 "-" "python-requests/2.12.4"
10.10.10.10 - - [24/Nov/2015:13:02:58 +0000] "GET /son/slim_/58b7fa50eb8057c167aae942/uso-v7.html?fine=divide HTTP/1.1" 301 1299 "-" "python-requests/2.12.4"
8.8.8.8 - - [24/Nov/2015:13:03:07 +0000] "GET /quiet/58b7fa50eb8057c167aae935/hair/fedora.html HTTP/1.1" 402 679 "-" "python-requests/2.12.4"
8.8.8.8 - - [24/Nov/2015:13:03:34 +0000] "GET /quiet/annoyed/cagey/rl-v5.html HTTP/1.1" 205 1214 "-" "python-requests/2.12.4"
1.2.3.4 - - [24/Nov/2015:13:03:43 +0000] "GET /quiet/58b7fa50eb8057c167aae935/hair/fedora.html HTTP/1.1" 305 1230 "-" "python-requests/2.12.4"
192.168.100.23 - - [24/Nov/2015:13:03:54 +0000] "GET /annoyed/58b7fad8eb8057c167ab13fb/march/uso-v7.html HTTP/1.1" 202 1853 "-" "python-requests/2.12.4"
172.24.60.30 - - [24/Nov/2015:13:04:07 +0000] "GET /-__factory__-/slim_/spiteful/kali.html?giraffe=steer HTTP/1.1" 203 1085 "-" "python-requests/2.12.4"
172.24.60.30 - - [24/Nov/2015:13:04:25 +0000] "GET /quiet/58b7fa50eb8057c167aae935/hair/fedora.html HTTP/1.1" 402 1119 "-" "python-requests/2.12.4"
192.168.100.23 - - [24/Nov/2015:13:04:52 +0000] "GET /__voiceless__/58b7fad8eb8057c167ab1400/58b7fad8eb8057c167ab1400/ubuntu.html HTTP/1.1" 504 1162 "-" "python-requests/2.12.4"
8.8.8.8 - - [24/Nov/2015:13:05:02 +0000] "GET /58b7fad8eb8057c167ab1400/first-committee-of-year/ball/rl-v5.html?suggest=alert HTTP/1.1" 200 1639 "-" "python-requests/2.12.4"
10.10.10.10 - - [24/Nov/2015:13:05:10 +0000] "GET /58b7fad8eb8057c167ab1400/first-committee-of-year/ball/rl-v5.html?drink=trip HTTP/1.1" 500 1395 "-" "python-requests/2.12.4"
192.168.100.23 - - [24/Nov/2015:13:05:14 +0000] "GET /glue/-__factory__-/bomb/kubuntu.html?clip=husky HTTP/1.1" 203 693 "-" "python-requests/2.12.4"
172.16.35.10 - - [24/Nov/2015:13:05:24 +0000] "GET /-__factory__-/slim_/spiteful/kali.html HTTP/1.1" 200 619 "-" "python-requests/2.12.4"
172.16.35.10 - - [24/Nov/2015:13:05:36 +0000] "GET /quiet/58b7fa50eb8057c167aae935/hair/fedora.html HTTP/1.1" 201 1875 "-" "python-requests/2.12.4"
172.16.35.10 - - [24/Nov/2015:13:05:54 +0000] "GET /glue/-__factory__-/bomb/kubuntu.html#grateful HTTP/1.1" 201 1190 "-" "python-requests/2.12.4"
172.16.35.10 - - [24/Nov/2015:13:05:58 +0000] "GET /glue/-__factory__-/bomb/kubuntu.html HTTP/1.1" 204 1976 "-" "python-requests/2.12.4"
8.8.8.8 - - [24/Nov/2015:13:05:59 +0000] "GET /quiet/annoyed/cagey/rl-v5.html HTTP/1.1" 202 828 "-" "python-requests/2.12.4"
1.2.3.4 - - [24/Nov/2015:13:06:20 +0000] "GET /-__factory__-/slim_/spiteful/kali.html#grateful HTTP/1.1" 201 683 "-" "python-requests/2.12.4"
192.168.100.23 - - [24/Nov/2015:13:06:28 +0000] "GET /son/slim_/58b7fa50eb8057c167aae942/uso-v7.html?fluffy=recondite HTTP/1.1" 200 1448 "-" "python-requests/2.12.4"
172.24.60.30 - - [24/Nov/2015:13:06:45 +0000] "GET /quiet/58b7fa50eb8057c167aae935/hair/fedora.html#grateful HTTP/1.1" 205 1250 "-" "python-requests/2.12.4"
1.2.3.4 - - [24/Nov/2015:13:06:52 +0000] "GET /quiet/58b7fa50eb8057c167aae935/hair/fedora.html HTTP/1.1" 205 1955 "-" "python-requests/2.12.4"
1.2.3.4 - - [24/Nov/2015:13:07:07 +0000] "GET /hair/slim_/58b7fad8eb8057c167ab13f5/linux-mint.html HTTP/1.1" 402 1456 "-" "python-requests/2.12.4"
192.168.100.23 - - [24/Nov/2015:13:07:36 +0000] "GET /__voiceless__/58b7fad8eb8057c167ab1400/58b7fad8eb8057c167ab1400/ubuntu.html HTTP/1.1" 202 651 "-" "python-requests/2.12.4"
192.168.100.23 - - [24/Nov/2015:13:07:59 +0000] "GET /hair/slim_/58b7fad8eb8057c167ab13f5/linux-mint.html?fluffy=mind HTTP/1.1" 503 731 "-" "python-requests/2.12.4"
172.24.60.30 - - [24/Nov/2015:13:08:25 +0000] "GET /son/slim_/58b7fa50eb8057c167aae942/uso-v7.html HTTP/1.1" 204 1803 "-" "python-requests/2.12.4"
1.2.3.4 - - [24/Nov/2015:13:08:31 +0000] "GET /__voiceless__/58b7fad8eb8057c167ab1400/58b7fad8eb8057c167ab1400/ubuntu.html HTTP/1.1" 203 851 "-" "python-requests/2.12.4"
1.2.3.4 - - [24/Nov/2015:13:08:45 +0000] "GET /glue/-__factory__-/bomb/kubuntu.html HTTP/1.1" 202 1196 "-" "python-requests/2.12.4"
172.16.35.10 - - [24/Nov/2015:13:09:05 +0000] "GET /__voiceless__/58b7fad8eb8057c167ab1400/58b7fad8eb8057c167ab1400/ubuntu.html HTTP/1.1" 203 1574 "-" "python-requests/2.12.4"
172.16.35.10 - - [24/Nov/2015:13:09:26 +0000] "GET /58b7fad8eb8057c167ab1400/first-committee-of-year/ball/rl-v5.html HTTP/1.1" 300 985 "-" "python-requests/2.12.4"
172.16.35.10 - - [24/Nov/2015:13:09:47 +0000] "GET /hair/slim_/58b7fad8eb8057c167ab13f5/linux-mint.html HTTP/1.1" 203 1078 "-" "python-requests/2.12.4"
192.168.100.23 - - [24/Nov/2015:13:10:17 +0000] "GET /son/slim_/58b7fa50eb8057c167aae942/uso-v7.html HTTP/1.1" 202 1830 "-" "python-requests/2.12.4"
192.168.100.23 - - [24/Nov/2015:13:10:38 +0000] "GET /hair/slim_/58b7fad8eb8057c167ab13f5/linux-mint.html HTTP/1.1" 504 1262 "-" "python-requests/2.12.4"
1.2.3.4 - - [24/Nov/2015:13:10:47 +0000] "GET /annoyed/58b7fad8eb8057c167ab13fb/march/uso-v7.html#anxious HTTP/1.1" 205 1449 "-" "python-requests/2.12.4"
172.24.60.30 - - [24/Nov/2015:13:10:56 +0000] "GET /58b7fad8eb8057c167ab1400/first-committee-of-year/ball/rl-v5.html?quack=milk HTTP/1.1" 402 1234 "-" "python-requests/2.12.4"
8.8.8.8 - - [24/Nov/2015:13:11:17 +0000] "GET /hair/slim_/58b7fad8eb8057c167ab13f5/linux-mint.html?burst=divide HTTP/1.1" 204 1571 "-" "python-requests/2.12.4"
192.168.100.23 - - [24/Nov/2015:13:11:23 +0000] "GET /__voiceless__/58b7fad8eb8057c167ab1400/58b7fad8eb8057c167ab1400/ubuntu.html HTTP/1.1" 203 1252 "-" "python-requests/2.12.4"
172.24.60.30 - - [24/Nov/2015:13:11:39 +0000] "GET /hair/slim_/58b7fad8eb8057c167ab13f5/linux-mint.html HTTP/1.1" 401 1783 "-" "python-requests/2.12.4"
8.8.8.8 - - [24/Nov/2015:13:11:51 +0000] "GET /bomb/spiteful/slim_/kubuntu.html HTTP/1.1" 203 792 "-" "python-requests/2.12.4"
172.24.60.30 - - [24/Nov/2015:13:12:02 +0000] "GET /glue/-__factory__-/bomb/kubuntu.html HTTP/1.1" 200 1091 "-" "python-requests/2.12.4"
192.168.100.23 - - [24/Nov/2015:13:12:11 +0000] "GET /annoyed/58b7fad8eb8057c167ab13fb/march/uso-v7.html?permissible=trip HTTP/1.1" 300 1416 "-" "python-requests/2.12.4"
172.24.60.30 - - [24/Nov/2015:13:12:23 +0000] "GET /58b7fad8eb8057c167ab1400/first-committee-of-year/ball/rl-v5.html HTTP/1.1" 201 871 "-" "python-requests/2.12.4"
8.8.8.8 - - [24/Nov/2015:13:12:24 +0000] "GET /quiet/58b7fa50eb8057c167aae935/hair/fedora.html HTTP/1.1" 200 1468 "-" "python-requests/2.12.4"
8.8.8.8 - - [24/Nov/2015:13:12:40 +0000] "GET /annoyed/58b7fad8eb8057c167ab13fb/march/uso-v7.html HTTP/1.1" 501 1466 "-" "python-requests/2.12.4"
8.8.8.8 - - [24/Nov/2015:13:13:06 +0000] "GET /quiet/58b7fa50eb8057c167aae935/hair/fedora.html HTTP/1.1" 202 1729 "-" "python-requests/2.12.4"
1.2.3.4 - - [24/Nov/2015:13:13:08 +0000] "GET /son/slim_/58b7fa50eb8057c167aae942/uso-v7.html HTTP/1.1" 203 1533 "-" "python-requests/2.12.4"
192.168.100.23 - - [24/Nov/2015:13:13:27 +0000] "GET /bomb/spiteful/slim_/kubuntu.html HTTP/1.1" 201 623 "-" "python-requests/2.12.4"
172.16.35.10 - - [24/Nov/2015:13:13:36 +0000] "GET /son/slim_/58b7fa50eb8057c167aae942/uso-v7.html#immense HTTP/1.1" 504 1356 "-" "python-requests/2.12.4"
172.24.60.30 - - [24/Nov/2015:13:13:54 +0000] "GET /bomb/spiteful/slim_/kubuntu.html HTTP/1.1" 302 1971 "-" "python-requests/2.12.4"
192.168.100.23 - - [24/Nov/2015:13:14:17 +0000] "GET /glue/-__factory__-/bomb/kubuntu.html#welcome HTTP/1.1" 204 1241 "-" "python-requests/2.12.4"
8.8.8.8 - - [24/Nov/2015:13:14:44 +0000] "GET /son/slim_/58b7fa50eb8057c167aae942/uso-v7.html HTTP/1.1" 203 1919 "-" "python-requests/2.12.4"
172.24.60.30 - - [24/Nov/2015:13:15:04 +0000] "GET /__voiceless__/58b7fad8eb8057c167ab1400/58b7fad8eb8057c167ab1400/ubuntu.html?owe=reduce HTTP/1.1" 201 965 "-" "python-requests/2.12.4"
172.24.60.30 - - [24/Nov/2015:13:15:19 +0000] "GET /bomb/spiteful/slim_/kubuntu.html HTTP/1.1" 204 611 "-" "python-requests/2.12.4"
192.168.100.23 - - [24/Nov/2015:13:15:44 +0000] "GET /bomb/spiteful/slim_/kubuntu.html HTTP/1.1" 205 1480 "-" "python-requests/2.12.4"
1.2.3.4 - - [24/Nov/2015:13:16:05 +0000] "GET /-__factory__-/slim_/spiteful/kali.html?dry=divide HTTP/1.1" 305 1617 "-" "python-requests/2.12.4"
8.8.8.8 - - [24/Nov/2015:13:16:26 +0000] "GET /annoyed/58b7fad8eb8057c167ab13fb/march/uso-v7.html#welcome HTTP/1.1" 204 613 "-" "python-requests/2.12.4"
192.168.100.23 - - [24/Nov/2015:13:16:26 +0000] "GET /58b7fad8eb8057c167ab1400/first-committee-of-year/ball/rl-v5.html HTTP/1.1" 500 542 "-" "python-requests/2.12.4"
1.2.3.4 - - [24/Nov/2015:13:16:55 +0000] "GET /glue/-__factory__-/bomb/kubuntu.html HTTP/1.1" 203 678 "-" "python-requests/2.12.4"
10.10.10.10 - - [24/Nov/2015:13:17:07 +0000] "GET /son/slim_/58b7fa50eb8057c167aae942/uso-v7.html HTTP/1.1" 204 682 "-" "python-requests/2.12.4"
1.2.3.4 - - [24/Nov/2015:13:17:20 +0000] "GET /__voiceless__/58b7fad8eb8057c167ab1400/58b7fad8eb8057c167ab1400/ubuntu.html#bashful HTTP/1.1" 200 1786 "-" "python-requests/2.12.4"
172.16.35.10 - - [24/Nov/2015:13:17:20 +0000] "GET /bomb/spiteful/slim_/kubuntu.html#grateful HTTP/1.1" 205 1465 "-" "python-requests/2.12.4"
1.2.3.4 - - [24/Nov/2015:13:17:44 +0000] "GET /hair/slim_/58b7fad8eb8057c167ab13f5/linux-mint.html?sudden=recondite HTTP/1.1" 202 1252 "-" "python-requests/2.12.4"
172.24.60.30 - - [24/Nov/2015:13:18:10 +0000] "GET /__voiceless__/58b7fad8eb8057c167ab1400/58b7fad8eb8057c167ab1400/ubuntu.html HTTP/1.1" 200 1408 "-" "python-requests/2.12.4"
1.2.3.4 - - [24/Nov/2015:13:18:34 +0000] "GET /__voiceless__/58b7fad8eb8057c167ab1400/58b7fad8eb8057c167ab1400/ubuntu.html HTTP/1.1" 204 568 "-" "python-requests/2.12.4"
10.10.10.10 - - [24/Nov/2015:13:18:52 +0000] "GET /58b7fad8eb8057c167ab1400/first-committee-of-year/ball/rl-v5.html HTTP/1.1" 201 927 "-" "python-requests/2.12.4"
8.8.8.8 - - [24/Nov/2015:13:18:52 +0000] "GET /-__factory__-/slim_/spiteful/kali.html HTTP/1.1" 201 1874 "-" "python-requests/2.12.4"
192.168.100.23 - - [24/Nov/2015:13:18:58 +0000] "GET /quiet/annoyed/cagey/rl-v5.html HTTP/1.1" 203 1839 "-" "python-requests/2.12.4"
172.16.35.10 - - [24/Nov/2015:13:19:19 +0000] "GET /-__factory__-/slim_/spiteful/kali.html#modern HTTP/1.1" 405 1202 "-" "python-requests/2.12.4"
192.168.100.23 - - [24/Nov/2015:13:19:22 +0000] "GET /bomb/spiteful/slim_/kubuntu.html HTTP/1.1" 301 685 "-" "python-requests/2.12.4"
8.8.8.8 - - [24/Nov/2015:13:19:26 +0000] "GET /bomb/spiteful/slim_/kubuntu.html HTTP/1.1" 205 510 "-" "python-requests/2.12.4"
1.2.3.4 - - [24/Nov/2015:13:19:37 +0000] "GET /quiet/annoyed/cagey/rl-v5.html HTTP/1.1" 404 1369 "-" "python-requests/2.12.4"
10.10.10.10 - - [24/Nov/2015:13:19:57 +0000] "GET /annoyed/58b7fad8eb8057c167ab13fb/march/uso-v7.html HTTP/1.1" 200 1419 "-" "python-requests/2.12.4"
8.8.8.8 - - [24/Nov/2015:13:20:20 +0000] "GET /quiet/annoyed/cagey/rl-v5.html?show=husky HTTP/1.1" 200 1054 "-" "python-requests/2.12.4"
1.2.3.4 - - [24/Nov/2015:13:20:45 +0000] "GET /quiet/58b7fa50eb8057c167aae935/hair/fedora.html HTTP/1.1" 201 1342 "-" "python-requests/2.12.4"
172.16.35.10 - - [24/Nov/2015:13:21:03 +0000] "GET /glue/-__factory__-/bomb/kubuntu.html?sudden=alert HTTP/1.1" 203 957 "-" "python-requests/2.12.4"
172.24.60.30 - - [24/Nov/2015:13:21:06 +0000] "GET /58b7fad8eb8057c167ab1400/first-committee-of-year/ball/rl-v5.html HTTP/1.1" 302 1601 "-" "python-requests/2.12.4"
172.24.60.30 - - [24/Nov/2015:13:21:32 +0000] "GET /glue/-__factory__-/bomb/kubuntu.html HTTP/1.1" 204 1207 "-" "python-requests/2.12.4"
192.168.100.23 - - [24/Nov/2015:13:21:36 +0000] "GET /glue/-__factory__-/bomb/kubuntu.html?locket=milk#water HTTP/1.1" 403 1404 "-" "python-requests/2.12.4"
8.8.8.8 - - [24/Nov/2015:13:22:01 +0000] "GET /__voiceless__/58b7fad8eb8057c167ab1400/58b7fad8eb8057c167ab1400/ubuntu.html#anxious HTTP/1.1" 200 1165 "-" "python-requests/2.12.4"
192.168.100.23 - - [24/Nov/2015:13:22:06 +0000] "GET /58b7fad8eb8057c167ab1400/first-committee-of-year/ball/rl-v5.html HTTP/1.1" 203 1594 "-" "python-requests/2.12.4"
192.168.100.23 - - [24/Nov/2015:13:22:12 +0000] "GET /quiet/58b7fa50eb8057c167aae935/hair/fedora.html HTTP/1.1" 502 1974 "-" "python-requests/2.12.4"
172.24.60.30 - - [24/Nov/2015:13:22:13 +0000] "GET /quiet/58b7fa50eb8057c167aae935/hair/fedora.html?locket=fact HTTP/1.1" 402 752 "-" "python-requests/2.12.4"
192.168.100.23 - - [24/Nov/2015:13:22:24 +0000] "GET /glue/-__factory__-/bomb/kubuntu.html HTTP/1.1" 201 1355 "-" "python-requests/2.12.4"
172.16.35.10 - - [24/Nov/2015:13:22:31 +0000] "GET /58b7fad8eb8057c167ab1400/first-committee-of-year/ball/rl-v5.html HTTP/1.1" 200 1918 "-" "python-requests/2.12.4"
8.8.8.8 - - [24/Nov/2015:13:22:36 +0000] "GET /quiet/58b7fa50eb8057c167aae935/hair/fedora.html HTTP/1.1" 203 1745 "-" "python-requests/2.12.4"
172.16.35.10 - - [24/Nov/2015:13:22:48 +0000] "GET /__voiceless__/58b7fad8eb8057c167ab1400/58b7fad8eb8057c167ab1400/ubuntu.html?friendly=mind HTTP/1.1" 201 943 "-" "python-requests/2.12.4"
172.16.35.10 - - [24/Nov/2015:13:22:49 +0000] "GET /quiet/58b7fa50eb8057c167aae935/hair/fedora.html HTTP/1.1" 503 927 "-" "python-requests/2.12.4"
8.8.8.8 - - [24/Nov/2015:13:22:53 +0000] "GET /hair/slim_/58b7fad8eb8057c167ab13f5/linux-mint.html#stroke HTTP/1.1" 201 1516 "-" "python-requests/2.12.4"
1.2.3.4 - - [24/Nov/2015:13:23:14 +0000] "GET /__voiceless__/58b7fad8eb8057c167ab1400/58b7fad8eb8057c167ab1400/ubuntu.html?locket=teeny#minor HTTP/1.1" 202 526 "-" "python-requests/2.12.4"
8.8.8.8 - - [24/Nov/2015:13:23:17 +0000] "GET /__voiceless__/58b7fad8eb8057c167ab1400/58b7fad8eb8057c167ab1400/ubuntu.html?quack=reduce HTTP/1.1" 405 1733 "-" "python-requests/2.12.4"
8.8.8.8 - - [24/Nov/2015:13:23:41 +0000] "GET /bomb/spiteful/slim_/kubuntu.html?giraffe=husky HTTP/1.1" 203 1505 "-" "python-requests/2.12.4"
192.168.100.23 - - [24/Nov/2015:13:23:55 +0000] "GET /quiet/58b7fa50eb8057c167aae935/hair/fedora.html HTTP/1.1" 400 904 "-" "python-requests/2.12.4"
192.168.100.23 - - [24/Nov/2015:13:24:22 +0000] "GET /__voiceless__/58b7fad8eb8057c167ab1400/58b7fad8eb8057c167ab1400/ubuntu.html HTTP/1.1" 202 1360 "-" "python-requests/2.12.4"
172.24.60.30 - - [24/Nov/2015:13:24:28 +0000] "GET /glue/-__factory__-/bomb/kubuntu.html?fluffy=divide HTTP/1.1" 402 630 "-" "python-requests/2.12.4"
8.8.8.8 - - [24/Nov/2015:13:24:57 +0000] "GET /-__factory__-/slim_/spiteful/kali.html HTTP/1.1" 500 1220 "-" "python-requests/2.12.4"
10.10.10.10 - - [24/Nov/2015:13:24:58 +0000] "GET /-__factory__-/slim_/spiteful/kali.html HTTP/1.1" 201 1910 "-" "python-requests/2.12.4"
192.168.100.23 - - [24/Nov/2015:13:25:08 +0000] "GET /hair/slim_/58b7fad8eb8057c167ab13f5/linux-mint.html HTTP/1.1" 203 661 "-" "python-requests/2.12.4"
172.24.60.30 - - [24/Nov/2015:13:25:21 +0000] "GET /-__factory__-/slim_/spiteful/kali.html HTTP/1.1" 200 1932 "-" "python-requests/2.12.4"
192.168.100.23 - - [24/Nov/2015:13:25:34 +0000] "GET /quiet/annoyed/cagey/rl-v5.html HTTP/1.1" 304 1238 "-" "python-requests/2.12.4"
1.2.3.4 - - [24/Nov/2015:13:25:58 +0000] "GET /glue/-__factory__-/bomb/kubuntu.html#route HTTP/1.1" 203 571 "-" "python-requests/2.12.4"
1.2.3.4 - - [24/Nov/2015:13:26:20 +0000] "GET /bomb/spiteful/slim_/kubuntu.html#dapper HTTP/1.1" 205 1559 "-" "python-requests/2.12.4"
1.2.3.4 - - [24/Nov/2015:13:26:33 +0000] "GET /glue/-__factory__-/bomb/kubuntu.html HTTP/1.1" 204 711 "-" "python-requests/2.12.4"
8.8.8.8 - - [24/Nov/2015:13:26:54 +0000] "GET /-__factory__-/slim_/spiteful/kali.html HTTP/1.1" 501 1097 "-" "python-requests/2.12.4"
10.10.10.10 - - [24/Nov/2015:13:27:10 +0000] "GET /son/slim_/58b7fa50eb8057c167aae942/uso-v7.html HTTP/1.1" 403 1800 "-" "python-requests/2.12.4"
172.16.35.10 - - [24/Nov/2015:13:27:37 +0000] "GET /quiet/58b7fa50eb8057c167aae935/hair/fedora.html#wish HTTP/1.1" 202 1553 "-" "python-requests/2.12.4"
172.16.35.10 - - [24/Nov/2015:13:27:55 +0000] "GET /quiet/58b7fa50eb8057c167aae935/hair/fedora.html HTTP/1.1" 204 1746 "-" "python-requests/2.12.4"
10.10.10.10 - - [24/Nov/2015:13:28:08 +0000] "GET /annoyed/58b7fad8eb8057c167ab13fb/march/uso-v7.html HTTP/1.1" 204 1785 "-" "python-requests/2.12.4"
8.8.8.8 - - [24/Nov/2015:13:28:12 +0000] "GET /annoyed/58b7fad8eb8057c167ab13fb/march/uso-v7.html?owe=mind HTTP/1.1" 202 643 "-" "python-requests/2.12.4"
10.10.10.10 - - [24/Nov/2015:13:28:12 +0000] "GET /__voiceless__/58b7fad8eb8057c167ab1400/58b7fad8eb8057c167ab1400/ubuntu.html HTTP/1.1" 205 889 "-" "python-requests/2.12.4"
