192.168.100.23 - - [25/Jun/2016:04:50:10 +0000] "GET /quiet/cagey/58b7fa50eb8057c167aae935/uso-v7.html HTTP/1.1" 304 980 "-" "python-requests/2.12.4"
10.10.10.10 - - [25/Jun/2016:04:50:12 +0000] "GET /bomb/bizarre/-__factory__-/rl-v5.html HTTP/1.1" 200 1366 "-" "python-requests/2.12.4"
1.2.3.4 - - [25/Jun/2016:04:50:12 +0000] "GET /glue/march/son/kubuntu.html?trip=recondite HTTP/1.1" 205 1454 "-" "python-requests/2.12.4"
192.168.100.23 - - [25/Jun/2016:04:50:12 +0000] "GET /slim_/58b7fa50eb8057c167aae93c/bizarre/ubuntu-gnome.html HTTP/1.1" 404 1125 "-" "python-requests/2.12.4"
1.2.3.4 - - [25/Jun/2016:04:50:15 +0000] "GET /annoyed/58b7fa50eb8057c167aae93c/bomb/fedora.html#awesome HTTP/1.1" 303 1980 "-" "python-requests/2.12.4"
192.168.100.23 - - [25/Jun/2016:04:50:17 +0000] "GET /-__factory__-/58b7fa50eb8057c167aae942/spiteful/rhel.html?drink=bounce HTTP/1.1" 203 1303 "-" "python-requests/2.12.4"
8.8.8.8 - - [25/Jun/2016:04:50:20 +0000] "GET /annoyed/58b7fa50eb8057c167aae93c/bomb/fedora.html HTTP/1.1" 202 539 "-" "python-requests/2.12.4"
172.24.60.30 - - [25/Jun/2016:04:50:23 +0000] "GET /bomb/bizarre/-__factory__-/rl-v5.html HTTP/1.1" 204 967 "-" "python-requests/2.12.4"
172.24.60.30 - - [25/Jun/2016:04:50:25 +0000] "GET /bomb/bizarre/-__factory__-/rl-v5.html HTTP/1.1" 203 878 "-" "python-requests/2.12.4"
192.168.100.23 - - [25/Jun/2016:04:50:25 +0000] "GET /annoyed/58b7fa50eb8057c167aae93c/bomb/fedora.html HTTP/1.1" 500 704 "-" "python-requests/2.12.4"
10.10.10.10 - - [25/Jun/2016:04:50:25 +0000] "GET /quiet/cagey/58b7fa50eb8057c167aae935/uso-v7.html HTTP/1.1" 200 1323 "-" "python-requests/2.12.4"
192.168.100.23 - - [25/Jun/2016:04:50:25 +0000] "GET /glue/march/son/kubuntu.html HTTP/1.1" 500 1091 "-" "python-requests/2.12.4"
8.8.8.8 - - [25/Jun/2016:04:50:25 +0000] "GET /58b7fad8eb8057c167ab1400/__2016__2016/bomb/fedora.html HTTP/1.1" 203 542 "-" "python-requests/2.12.4"
1.2.3.4 - - [25/Jun/2016:04:50:28 +0000] "GET /bomb/bizarre/-__factory__-/rl-v5.html HTTP/1.1" 403 1489 "-" "python-requests/2.12.4"
172.24.60.30 - - [25/Jun/2016:04:50:30 +0000] "GET /58b7fad8eb8057c167ab13f5/annoyed/bomb/uso-v7.html HTTP/1.1" 203 1488 "-" "python-requests/2.12.4"
172.24.60.30 - - [25/Jun/2016:04:50:30 +0000] "GET /58b7fad8eb8057c167ab1400/__2016__2016/bomb/fedora.html HTTP/1.1" 300 1291 "-" "python-requests/2.12.4"
172.16.35.10 - - [25/Jun/2016:04:50:32 +0000] "GET /annoyed/58b7fa50eb8057c167aae93c/bomb/fedora.html HTTP/1.1" 203 557 "-" "python-requests/2.12.4"
192.168.100.23 - - [25/Jun/2016:04:50:33 +0000] "GET /annoyed/58b7fa50eb8057c167aae93c/bomb/fedora.html?show=husky HTTP/1.1" 301 1711 "-" "python-requests/2.12.4"
8.8.8.8 - - [25/Jun/2016:04:50:34 +0000] "GET /58b7fad8eb8057c167ab1400/__2016__2016/bomb/fedora.html HTTP/1.1" 403 1810 "-" "python-requests/2.12.4"
172.24.60.30 - - [25/Jun/2016:04:50:34 +0000] "GET /son/slim_/bizarre/kubuntu.html#modern HTTP/1.1" 302 1829 "-" "python-requests/2.12.4"
10.10.10.10 - - [25/Jun/2016:04:50:36 +0000] "GET /son/slim_/bizarre/kubuntu.html#modern HTTP/1.1" 200 1803 "-" "python-requests/2.12.4"
10.10.10.10 - - [25/Jun/2016:04:50:37 +0000] "GET /son/slim_/bizarre/kubuntu.html#awesome HTTP/1.1" 205 1125 "-" "python-requests/2.12.4"
172.16.35.10 - - [25/Jun/2016:04:50:40 +0000] "GET /-__factory__-/58b7fa50eb8057c167aae942/spiteful/rhel.html HTTP/1.1" 200 1951 "-" "python-requests/2.12.4"
172.16.35.10 - - [25/Jun/2016:04:50:40 +0000] "GET /58b7fad8eb8057c167ab13f5/annoyed/bomb/uso-v7.html HTTP/1.1" 202 1865 "-" "python-requests/2.12.4"
8.8.8.8 - - [25/Jun/2016:04:50:41 +0000] "GET /bomb/bizarre/-__factory__-/rl-v5.html HTTP/1.1" 205 1741 "-" "python-requests/2.12.4"
172.16.35.10 - - [25/Jun/2016:04:50:41 +0000] "GET /glue/march/son/kubuntu.html?volatile=trip HTTP/1.1" 304 1952 "-" "python-requests/2.12.4"
172.24.60.30 - - [25/Jun/2016:04:50:44 +0000] "GET /slim_/58b7fa50eb8057c167aae93c/bizarre/ubuntu-gnome.html HTTP/1.1" 202 1013 "-" "python-requests/2.12.4"
10.10.10.10 - - [25/Jun/2016:04:50:44 +0000] "GET /annoyed/58b7fa50eb8057c167aae93c/bomb/fedora.html HTTP/1.1" 204 842 "-" "python-requests/2.12.4"
8.8.8.8 - - [25/Jun/2016:04:50:46 +0000] "GET /bomb/bizarre/-__factory__-/rl-v5.html HTTP/1.1" 204 557 "-" "python-requests/2.12.4"
8.8.8.8 - - [25/Jun/2016:04:50:46 +0000] "GET /glue/march/son/kubuntu.html HTTP/1.1" 403 1948 "-" "python-requests/2.12.4"
172.24.60.30 - - [25/Jun/2016:04:50:47 +0000] "GET /-__factory__-/58b7fa50eb8057c167aae942/spiteful/rhel.html HTTP/1.1" 201 1028 "-" "python-requests/2.12.4"
10.10.10.10 - - [25/Jun/2016:04:50:47 +0000] "GET /bomb/bizarre/-__factory__-/rl-v5.html HTTP/1.1" 202 1360 "-" "python-requests/2.12.4"
192.168.100.23 - - [25/Jun/2016:04:50:48 +0000] "GET /bomb/bizarre/-__factory__-/rl-v5.html?fine=undesirable#wish HTTP/1.1" 203 1333 "-" "python-requests/2.12.4"
10.10.10.10 - - [25/Jun/2016:04:50:48 +0000] "GET /annoyed/58b7fa50eb8057c167aae93c/bomb/fedora.html HTTP/1.1" 204 1537 "-" "python-requests/2.12.4"
1.2.3.4 - - [25/Jun/2016:04:50:49 +0000] "GET /quiet/cagey/58b7fa50eb8057c167aae935/uso-v7.html#bashful HTTP/1.1" 405 1796 "-" "python-requests/2.12.4"
172.16.35.10 - - [25/Jun/2016:04:50:51 +0000] "GET /son/slim_/bizarre/kubuntu.html HTTP/1.1" 205 1730 "-" "python-requests/2.12.4"
172.24.60.30 - - [25/Jun/2016:04:50:54 +0000] "GET /58b7fad8eb8057c167ab13f5/annoyed/bomb/uso-v7.html HTTP/1.1" 405 1911 "-" "python-requests/2.12.4"
172.16.35.10 - - [25/Jun/2016:04:50:56 +0000] "GET /son/slim_/bizarre/kubuntu.html HTTP/1.1" 205 1910 "-" "python-requests/2.12.4"
10.10.10.10 - - [25/Jun/2016:04:50:59 +0000] "GET /bomb/bizarre/-__factory__-/rl-v5.html?tasty=van HTTP/1.1" 502 1352 "-" "python-requests/2.12.4"
192.168.100.23 - - [25/Jun/2016:04:50:59 +0000] "GET /-__factory__-/58b7fa50eb8057c167aae942/spiteful/rhel.html HTTP/1.1" 204 1603 "-" "python-requests/2.12.4"
1.2.3.4 - - [25/Jun/2016:04:50:59 +0000] "GET /glue/march/son/kubuntu.html?fluffy=undesirable HTTP/1.1" 204 1003 "-" "python-requests/2.12.4"
8.8.8.8 - - [25/Jun/2016:04:51:01 +0000] "GET /slim_/58b7fa50eb8057c167aae93c/bizarre/ubuntu-gnome.html?suggest=alert HTTP/1.1" 205 908 "-" "python-requests/2.12.4"
10.10.10.10 - - [25/Jun/2016:04:51:04 +0000] "GET /-__factory__-/58b7fa50eb8057c167aae942/spiteful/rhel.html#abaft HTTP/1.1" 504 1730 "-" "python-requests/2.12.4"
172.16.35.10 - - [25/Jun/2016:04:51:06 +0000] "GET /58b7fad8eb8057c167ab13f5/annoyed/bomb/uso-v7.html?drink=alert HTTP/1.1" 201 1861 "-" "python-requests/2.12.4"
192.168.100.23 - - [25/Jun/2016:04:51:09 +0000] "GET /glue/march/son/kubuntu.html#ignorant HTTP/1.1" 205 1270 "-" "python-requests/2.12.4"
172.16.35.10 - - [25/Jun/2016:04:51:11 +0000] "GET /slim_/58b7fa50eb8057c167aae93c/bizarre/ubuntu-gnome.html HTTP/1.1" 304 1336 "-" "python-requests/2.12.4"
1.2.3.4 - - [25/Jun/2016:04:51:12 +0000] "GET /bomb/bizarre/-__factory__-/rl-v5.html HTTP/1.1" 504 777 "-" "python-requests/2.12.4"
172.24.60.30 - - [25/Jun/2016:04:51:15 +0000] "GET /slim_/58b7fa50eb8057c167aae93c/bizarre/ubuntu-gnome.html HTTP/1.1" 204 1372 "-" "python-requests/2.12.4"
10.10.10.10 - - [25/Jun/2016:04:51:18 +0000] "GET /58b7fad8eb8057c167ab1400/__2016__2016/bomb/fedora.html#abaft HTTP/1.1" 400 1699 "-" "python-requests/2.12.4"
1.2.3.4 - - [25/Jun/2016:04:51:19 +0000] "GET /-__factory__-/58b7fa50eb8057c167aae942/spiteful/rhel.html HTTP/1.1" 401 898 "-" "python-requests/2.12.4"
8.8.8.8 - - [25/Jun/2016:04:51:20 +0000] "GET /note-book/58b7fa50eb8057c167aae935/first-committee-of-year/fedora.html HTTP/1.1" 200 799 "-" "python-requests/2.12.4"
1.2.3.4 - - [25/Jun/2016:04:51:22 +0000] "GET /slim_/58b7fa50eb8057c167aae93c/bizarre/ubuntu-gnome.html#anxious HTTP/1.1" 205 1064 "-" "python-requests/2.12.4"
8.8.8.8 - - [25/Jun/2016:04:51:23 +0000] "GET /58b7fad8eb8057c167ab1400/__2016__2016/bomb/fedora.html HTTP/1.1" 502 1227 "-" "python-requests/2.12.4"
172.24.60.30 - - [25/Jun/2016:04:51:23 +0000] "GET /58b7fad8eb8057c167ab13f5/annoyed/bomb/uso-v7.html#minor HTTP/1.1" 502 1872 "-" "python-requests/2.12.4"
1.2.3.4 - - [25/Jun/2016:04:51:23 +0000] "GET /-__factory__-/58b7fa50eb8057c167aae942/spiteful/rhel.html HTTP/1.1" 205 508 "-" "python-requests/2.12.4"
1.2.3.4 - - [25/Jun/2016:04:51:25 +0000] "GET /glue/march/son/kubuntu.html HTTP/1.1" 200 1847 "-" "python-requests/2.12.4"
1.2.3.4 - - [25/Jun/2016:04:51:27 +0000] "GET /-__factory__-/58b7fa50eb8057c167aae942/spiteful/rhel.html HTTP/1.1" 201 578 "-" "python-requests/2.12.4"
1.2.3.4 - - [25/Jun/2016:04:51:30 +0000] "GET /bomb/bizarre/-__factory__-/rl-v5.html?quack=mindless HTTP/1.1" 200 881 "-" "python-requests/2.12.4"
172.16.35.10 - - [25/Jun/2016:04:51:30 +0000] "GET /slim_/58b7fa50eb8057c167aae93c/bizarre/ubuntu-gnome.html HTTP/1.1" 302 1743 "-" "python-requests/2.12.4"
172.16.35.10 - - [25/Jun/2016:04:51:30 +0000] "GET /58b7fad8eb8057c167ab1400/__2016__2016/bomb/fedora.html HTTP/1.1" 204 1147 "-" "python-requests/2.12.4"
172.24.60.30 - - [25/Jun/2016:04:51:30 +0000] "GET /annoyed/58b7fa50eb8057c167aae93c/bomb/fedora.html HTTP/1.1" 200 537 "-" "python-requests/2.12.4"
1.2.3.4 - - [25/Jun/2016:04:51:31 +0000] "GET /bomb/bizarre/-__factory__-/rl-v5.html HTTP/1.1" 304 520 "-" "python-requests/2.12.4"
10.10.10.10 - - [25/Jun/2016:04:51:32 +0000] "GET /son/slim_/bizarre/kubuntu.html#modern HTTP/1.1" 200 1614 "-" "python-requests/2.12.4"
172.16.35.10 - - [25/Jun/2016:04:51:33 +0000] "GET /-__factory__-/58b7fa50eb8057c167aae942/spiteful/rhel.html?locket=truthful#monkey HTTP/1.1" 400 1177 "-" "python-requests/2.12.4"
192.168.100.23 - - [25/Jun/2016:04:51:35 +0000] "GET /-__factory__-/58b7fa50eb8057c167aae942/spiteful/rhel.html#bashful HTTP/1.1" 205 1289 "-" "python-requests/2.12.4"
8.8.8.8 - - [25/Jun/2016:04:51:35 +0000] "GET /note-book/58b7fa50eb8057c167aae935/first-committee-of-year/fedora.html HTTP/1.1" 404 1628 "-" "python-requests/2.12.4"
8.8.8.8 - - [25/Jun/2016:04:51:37 +0000] "GET /son/slim_/bizarre/kubuntu.html?drink=truthful HTTP/1.1" 205 1735 "-" "python-requests/2.12.4"
192.168.100.23 - - [25/Jun/2016:04:51:38 +0000] "GET /bomb/bizarre/-__factory__-/rl-v5.html HTTP/1.1" 204 1828 "-" "python-requests/2.12.4"
8.8.8.8 - - [25/Jun/2016:04:51:41 +0000] "GET /quiet/cagey/58b7fa50eb8057c167aae935/uso-v7.html HTTP/1.1" 202 938 "-" "python-requests/2.12.4"
172.16.35.10 - - [25/Jun/2016:04:51:44 +0000] "GET /slim_/58b7fa50eb8057c167aae93c/bizarre/ubuntu-gnome.html#water HTTP/1.1" 205 884 "-" "python-requests/2.12.4"
1.2.3.4 - - [25/Jun/2016:04:51:45 +0000] "GET /glue/march/son/kubuntu.html HTTP/1.1" 404 1850 "-" "python-requests/2.12.4"
172.16.35.10 - - [25/Jun/2016:04:51:46 +0000] "GET /note-book/58b7fa50eb8057c167aae935/first-committee-of-year/fedora.html?giraffe=truthful HTTP/1.1" 201 1463 "-" "python-requests/2.12.4"
172.24.60.30 - - [25/Jun/2016:04:51:49 +0000] "GET /bomb/bizarre/-__factory__-/rl-v5.html HTTP/1.1" 202 1250 "-" "python-requests/2.12.4"
1.2.3.4 - - [25/Jun/2016:04:51:51 +0000] "GET /58b7fad8eb8057c167ab13f5/annoyed/bomb/uso-v7.html#awesome HTTP/1.1" 205 630 "-" "python-requests/2.12.4"
10.10.10.10 - - [25/Jun/2016:04:51:54 +0000] "GET /58b7fad8eb8057c167ab13f5/annoyed/bomb/uso-v7.html HTTP/1.1" 203 1656 "-" "python-requests/2.12.4"
192.168.100.23 - - [25/Jun/2016:04:51:56 +0000] "GET /annoyed/58b7fa50eb8057c167aae93c/bomb/fedora.html HTTP/1.1" 204 581 "-" "python-requests/2.12.4"
1.2.3.4 - - [25/Jun/2016:04:51:58 +0000] "GET /58b7fad8eb8057c167ab1400/__2016__2016/bomb/fedora.html HTTP/1.1" 502 1400 "-" "python-requests/2.12.4"
1.2.3.4 - - [25/Jun/2016:04:52:00 +0000] "GET /slim_/58b7fa50eb8057c167aae93c/bizarre/ubuntu-gnome.html HTTP/1.1" 205 1477 "-" "python-requests/2.12.4"
172.16.35.10 - - [25/Jun/2016:04:52:02 +0000] "GET /58b7fad8eb8057c167ab13f5/annoyed/bomb/uso-v7.html HTTP/1.1" 302 1478 "-" "python-requests/2.12.4"
172.24.60.30 - - [25/Jun/2016:04:52:03 +0000] "GET /bomb/bizarre/-__factory__-/rl-v5.html HTTP/1.1" 202 1743 "-" "python-requests/2.12.4"
192.168.100.23 - - [25/Jun/2016:04:52:03 +0000] "GET /son/slim_/bizarre/kubuntu.html#dapper HTTP/1.1" 205 1758 "-" "python-requests/2.12.4"
192.168.100.23 - - [25/Jun/2016:04:52:05 +0000] "GET /son/slim_/bizarre/kubuntu.html HTTP/1.1" 301 1340 "-" "python-requests/2.12.4"
172.16.35.10 - - [25/Jun/2016:04:52:08 +0000] "GET /58b7fad8eb8057c167ab13f5/annoyed/bomb/uso-v7.html HTTP/1.1" 201 1145 "-" "python-requests/2.12.4"
8.8.8.8 - - [25/Jun/2016:04:52:10 +0000] "GET /slim_/58b7fa50eb8057c167aae93c/bizarre/ubuntu-gnome.html HTTP/1.1" 402 869 "-" "python-requests/2.12.4"
172.24.60.30 - - [25/Jun/2016:04:52:11 +0000] "GET /son/slim_/bizarre/kubuntu.html HTTP/1.1" 202 895 "-" "python-requests/2.12.4"
172.16.35.10 - - [25/Jun/2016:04:52:12 +0000] "GET /son/slim_/bizarre/kubuntu.html HTTP/1.1" 202 1190 "-" "python-requests/2.12.4"
10.10.10.10 - - [25/Jun/2016:04:52:13 +0000] "GET /glue/march/son/kubuntu.html#colour HTTP/1.1" 200 1202 "-" "python-requests/2.12.4"
8.8.8.8 - - [25/Jun/2016:04:52:13 +0000] "GET /58b7fad8eb8057c167ab1400/__2016__2016/bomb/fedora.html?owe=furniture HTTP/1.1" 401 968 "-" "python-requests/2.12.4"
10.10.10.10 - - [25/Jun/2016:04:52:16 +0000] "GET /bomb/bizarre/-__factory__-/rl-v5.html HTTP/1.1" 202 1997 "-" "python-requests/2.12.4"
1.2.3.4 - - [25/Jun/2016:04:52:19 +0000] "GET /son/slim_/bizarre/kubuntu.html?trip=truthful HTTP/1.1" 200 1179 "-" "python-requests/2.12.4"
172.16.35.10 - - [25/Jun/2016:04:52:20 +0000] "GET /slim_/58b7fa50eb8057c167aae93c/bizarre/ubuntu-gnome.html HTTP/1.1" 500 737 "-" "python-requests/2.12.4"
8.8.8.8 - - [25/Jun/2016:04:52:21 +0000] "GET /glue/march/son/kubuntu.html HTTP/1.1" 205 1273 "-" "python-requests/2.12.4"
10.10.10.10 - - [25/Jun/2016:04:52:23 +0000] "GET /note-book/58b7fa50eb8057c167aae935/first-committee-of-year/fedora.html HTTP/1.1" 203 1214 "-" "python-requests/2.12.4"
192.168.100.23 - - [25/Jun/2016:04:52:25 +0000] "GET /annoyed/58b7fa50eb8057c167aae93c/bomb/fedora.html HTTP/1.1" 201 768 "-" "python-requests/2.12.4"
10.10.10.10 - - [25/Jun/2016:04:52:25 +0000] "GET /note-book/58b7fa50eb8057c167aae935/first-committee-of-year/fedora.html HTTP/1.1" 203 1434 "-" "python-requests/2.12.4"
192.168.100.23 - - [25/Jun/2016:04:52:26 +0000] "GET /58b7fad8eb8057c167ab1400/__2016__2016/bomb/fedora.html?owe=furniture HTTP/1.1" 205 1698 "-" "python-requests/2.12.4"
172.24.60.30 - - [25/Jun/2016:04:52:26 +0000] "GET /note-book/58b7fa50eb8057c167aae935/first-committee-of-year/fedora.html HTTP/1.1" 200 738 "-" "python-requests/2.12.4"
8.8.8.8 - - [25/Jun/2016:04:52:28 +0000] "GET /note-book/58b7fa50eb8057c167aae935/first-committee-of-year/fedora.html HTTP/1.1" 504 717 "-" "python-requests/2.12.4"
192.168.100.23 - - [25/Jun/2016:04:52:31 +0000] "GET /quiet/cagey/58b7fa50eb8057c167aae935/uso-v7.html HTTP/1.1" 405 1786 "-" "python-requests/2.12.4"
10.10.10.10 - - [25/Jun/2016:04:52:34 +0000] "GET /annoyed/58b7fa50eb8057c167aae93c/bomb/fedora.html HTTP/1.1" 405 583 "-" "python-requests/2.12.4"
10.10.10.10 - - [25/Jun/2016:04:52:37 +0000] "GET /-__factory__-/58b7fa50eb8057c167aae942/spiteful/rhel.html HTTP/1.1" 202 949 "-" "python-requests/2.12.4"
172.16.35.10 - - [25/Jun/2016:04:52:40 +0000] "GET /bomb/bizarre/-__factory__-/rl-v5.html HTTP/1.1" 401 1531 "-" "python-requests/2.12.4"
172.16.35.10 - - [25/Jun/2016:04:52:42 +0000] "GET /son/slim_/bizarre/kubuntu.html HTTP/1.1" 201 1323 "-" "python-requests/2.12.4"
172.16.35.10 - - [25/Jun/2016:04:52:43 +0000] "GET /son/slim_/bizarre/kubuntu.html?quack=van HTTP/1.1" 504 1167 "-" "python-requests/2.12.4"
8.8.8.8 - - [25/Jun/2016:04:52:46 +0000] "GET /note-book/58b7fa50eb8057c167aae935/first-committee-of-year/fedora.html HTTP/1.1" 202 957 "-" "python-requests/2.12.4"
172.16.35.10 - - [25/Jun/2016:04:52:47 +0000] "GET /58b7fad8eb8057c167ab1400/__2016__2016/bomb/fedora.html HTTP/1.1" 200 874 "-" "python-requests/2.12.4"
10.10.10.10 - - [25/Jun/2016:04:52:49 +0000] "GET /bomb/bizarre/-__factory__-/rl-v5.html?suggest=fact HTTP/1.1" 201 1492 "-" "python-requests/2.12.4"
8.8.8.8 - - [25/Jun/2016:04:52:52 +0000] "GET /58b7fad8eb8057c167ab1400/__2016__2016/bomb/fedora.html HTTP/1.1" 200 1408 "-" "python-requests/2.12.4"
192.168.100.23 - - [25/Jun/2016:04:52:52 +0000] "GET /annoyed/58b7fa50eb8057c167aae93c/bomb/fedora.html?locket=shaggy HTTP/1.1" 202 622 "-" "python-requests/2.12.4"
172.16.35.10 - - [25/Jun/2016:04:52:52 +0000] "GET /58b7fad8eb8057c167ab1400/__2016__2016/bomb/fedora.html HTTP/1.1" 404 1657 "-" "python-requests/2.12.4"
172.16.35.10 - - [25/Jun/2016:04:52:55 +0000] "GET /58b7fad8eb8057c167ab13f5/annoyed/bomb/uso-v7.html HTTP/1.1" 501 1345 "-" "python-requests/2.12.4"
10.10.10.10 - - [25/Jun/2016:04:52:56 +0000] "GET /quiet/cagey/58b7fa50eb8057c167aae935/uso-v7.html?sudden=milk HTTP/1.1" 200 1437 "-" "python-requests/2.12.4"
172.24.60.30 - - [25/Jun/2016:04:52:59 +0000] "GET /58b7fad8eb8057c167ab1400/__2016__2016/bomb/fedora.html#dapper HTTP/1.1" 200 1294 "-" "python-requests/2.12.4"
8.8.8.8 - - [25/Jun/2016:04:53:02 +0000] "GET /note-book/58b7fa50eb8057c167aae935/first-committee-of-year/fedora.html HTTP/1.1" 303 878 "-" "python-requests/2.12.4"
192.168.100.23 - - [25/Jun/2016:04:53:02 +0000] "GET /quiet/cagey/58b7fa50eb8057c167aae935/uso-v7.html HTTP/1.1" 200 1076 "-" "python-requests/2.12.4"
1.2.3.4 - - [25/Jun/2016:04:53:03 +0000] "GET /annoyed/58b7fa50eb8057c167aae93c/bomb/fedora.html HTTP/1.1" 402 1717 "-" "python-requests/2.12.4"
1.2.3.4 - - [25/Jun/2016:04:53:04 +0000] "GET /glue/march/son/kubuntu.html#anxious HTTP/1.1" 203 1100 "-" "python-requests/2.12.4"
192.168.100.23 - - [25/Jun/2016:04:53:06 +0000] "GET /son/slim_/bizarre/kubuntu.html HTTP/1.1" 203 1848 "-" "python-requests/2.12.4"
172.24.60.30 - - [25/Jun/2016:04:53:08 +0000] "GET /58b7fad8eb8057c167ab13f5/annoyed/bomb/uso-v7.html?drink=panicky HTTP/1.1" 202 972 "-" "python-requests/2.12.4"
10.10.10.10 - - [25/Jun/2016:04:53:10 +0000] "GET /glue/march/son/kubuntu.html HTTP/1.1" 201 1390 "-" "python-requests/2.12.4"
192.168.100.23 - - [25/Jun/2016:04:53:12 +0000] "GET /quiet/cagey/58b7fa50eb8057c167aae935/uso-v7.html HTTP/1.1" 205 1990 "-" "python-requests/2.12.4"
1.2.3.4 - - [25/Jun/2016:04:53:13 +0000] "GET /slim_/58b7fa50eb8057c167aae93c/bizarre/ubuntu-gnome.html HTTP/1.1" 205 1627 "-" "python-requests/2.12.4"
8.8.8.8 - - [25/Jun/2016:04:53:14 +0000] "GET /annoyed/58b7fa50eb8057c167aae93c/bomb/fedora.html HTTP/1.1" 400 1437 "-" "python-requests/2.12.4"
1.2.3.4 - - [25/Jun/2016:04:53:14 +0000] "GET /bomb/bizarre/-__factory__-/rl-v5.html HTTP/1.1" 201 1575 "-" "python-requests/2.12.4"
192.168.100.23 - - [25/Jun/2016:04:53:14 +0000] "GET /bomb/bizarre/-__factory__-/rl-v5.html HTTP/1.1" 403 963 "-" "python-requests/2.12.4"
1.2.3.4 - - [25/Jun/2016:04:53:16 +0000] "GET /son/slim_/bizarre/kubuntu.html HTTP/1.1" 202 1088 "-" "python-requests/2.12.4"
1.2.3.4 - - [25/Jun/2016:04:53:17 +0000] "GET /bomb/bizarre/-__factory__-/rl-v5.html?locket=steer#ignorant HTTP/1.1" 200 974 "-" "python-requests/2.12.4"
172.16.35.10 - - [25/Jun/2016:04:53:18 +0000] "GET /annoyed/58b7fa50eb8057c167aae93c/bomb/fedora.html?suggest=furniture HTTP/1.1" 301 1249 "-" "python-requests/2.12.4"
192.168.100.23 - - [25/Jun/2016:04:53:20 +0000] "GET /bomb/bizarre/-__factory__-/rl-v5.html HTTP/1.1" 204 1565 "-" "python-requests/2.12.4"
1.2.3.4 - - [25/Jun/2016:04:53:23 +0000] "GET /glue/march/son/kubuntu.html?sudden=divide HTTP/1.1" 200 1415 "-" "python-requests/2.12.4"
192.168.100.23 - - [25/Jun/2016:04:53:23 +0000] "GET /annoyed/58b7fa50eb8057c167aae93c/bomb/fedora.html?sudden=recondite HTTP/1.1" 400 1460 "-" "python-requests/2.12.4"
10.10.10.10 - - [25/Jun/2016:04:53:23 +0000] "GET /annoyed/58b7fa50eb8057c167aae93c/bomb/fedora.html HTTP/1.1" 200 1195 "-" "python-requests/2.12.4"
172.16.35.10 - - [25/Jun/2016:04:53:24 +0000] "GET /bomb/bizarre/-__factory__-/rl-v5.html HTTP/1.1" 200 1379 "-" "python-requests/2.12.4"
8.8.8.8 - - [25/Jun/2016:04:53:25 +0000] "GET /quiet/cagey/58b7fa50eb8057c167aae935/uso-v7.html HTTP/1.1" 201 1970 "-" "python-requests/2.12.4"
1.2.3.4 - - [25/Jun/2016:04:53:26 +0000] "GET /58b7fad8eb8057c167ab13f5/annoyed/bomb/uso-v7.html HTTP/1.1" 305 1008 "-" "python-requests/2.12.4"
172.24.60.30 - - [25/Jun/2016:04:53:28 +0000] "GET /58b7fad8eb8057c167ab13f5/annoyed/bomb/uso-v7.html HTTP/1.1" 204 1496 "-" "python-requests/2.12.4"
192.168.100.23 - - [25/Jun/2016:04:53:30 +0000] "GET /glue/march/son/kubuntu.html HTTP/1.1" 304 633 "-" "python-requests/2.12.4"
172.24.60.30 - - [25/Jun/2016:04:53:30 +0000] "GET /note-book/58b7fa50eb8057c167aae935/first-committee-of-year/fedora.html#immense HTTP/1.1" 302 724 "-" "python-requests/2.12.4"
172.16.35.10 - - [25/Jun/2016:04:53:30 +0000] "GET /slim_/58b7fa50eb8057c167aae93c/bizarre/ubuntu-gnome.html#monkey HTTP/1.1" 204 1324 "-" "python-requests/2.12.4"
192.168.100.23 - - [25/Jun/2016:04:53:33 +0000] "GET /bomb/bizarre/-__factory__-/rl-v5.html HTTP/1.1" 405 1750 "-" "python-requests/2.12.4"
8.8.8.8 - - [25/Jun/2016:04:53:34 +0000] "GET /son/slim_/bizarre/kubuntu.html?quack=shaggy HTTP/1.1" 203 900 "-" "python-requests/2.12.4"
8.8.8.8 - - [25/Jun/2016:04:53:34 +0000] "GET /note-book/58b7fa50eb8057c167aae935/first-committee-of-year/fedora.html?clip=reduce HTTP/1.1" 201 909 "-" "python-requests/2.12.4"
8.8.8.8 - - [25/Jun/2016:04:53:37 +0000] "GET /58b7fad8eb8057c167ab1400/__2016__2016/bomb/fedora.html?sudden=teeny HTTP/1.1" 201 534 "-" "python-requests/2.12.4"
1.2.3.4 - - [25/Jun/2016:04:53:38 +0000] "GET /annoyed/58b7fa50eb8057c167aae93c/bomb/fedora.html HTTP/1.1" 200 1241 "-" "python-requests/2.12.4"
192.168.100.23 - - [25/Jun/2016:04:53:40 +0000] "GET /58b7fad8eb8057c167ab13f5/annoyed/bomb/uso-v7.html HTTP/1.1" 305 896 "-" "python-requests/2.12.4"
1.2.3.4 - - [25/Jun/2016:04:53:40 +0000] "GET /annoyed/58b7fa50eb8057c167aae93c/bomb/fedora.html#close HTTP/1.1" 205 1981 "-" "python-requests/2.12.4"
172.16.35.10 - - [25/Jun/2016:04:53:40 +0000] "GET /son/slim_/bizarre/kubuntu.html#anxious HTTP/1.1" 203 1680 "-" "python-requests/2.12.4"
8.8.8.8 - - [25/Jun/2016:04:53:41 +0000] "GET /bomb/bizarre/-__factory__-/rl-v5.html HTTP/1.1" 205 926 "-" "python-requests/2.12.4"
172.24.60.30 - - [25/Jun/2016:04:53:41 +0000] "GET /glue/march/son/kubuntu.html HTTP/1.1" 401 1508 "-" "python-requests/2.12.4"
1.2.3.4 - - [25/Jun/2016:04:53:42 +0000] "GET /58b7fad8eb8057c167ab13f5/annoyed/bomb/uso-v7.html HTTP/1.1" 501 1293 "-" "python-requests/2.12.4"
8.8.8.8 - - [25/Jun/2016:04:53:43 +0000] "GET /note-book/58b7fa50eb8057c167aae935/first-committee-of-year/fedora.html#dramatic HTTP/1.1" 205 1502 "-" "python-requests/2.12.4"
8.8.8.8 - - [25/Jun/2016:04:53:45 +0000] "GET /58b7fad8eb8057c167ab1400/__2016__2016/bomb/fedora.html HTTP/1.1" 302 619 "-" "python-requests/2.12.4"
172.24.60.30 - - [25/Jun/2016:04:53:45 +0000] "GET /58b7fad8eb8057c167ab1400/__2016__2016/bomb/fedora.html#monkey HTTP/1.1" 200 685 "-" "python-requests/2.12.4"
172.24.60.30 - - [25/Jun/2016:04:53:47 +0000] "GET /slim_/58b7fa50eb8057c167aae93c/bizarre/ubuntu-gnome.html?suggest=reduce HTTP/1.1" 201 1793 "-" "python-requests/2.12.4"
172.16.35.10 - - [25/Jun/2016:04:53:49 +0000] "GET /note-book/58b7fa50eb8057c167aae935/first-committee-of-year/fedora.html HTTP/1.1" 502 673 "-" "python-requests/2.12.4"
172.24.60.30 - - [25/Jun/2016:04:53:49 +0000] "GET /quiet/cagey/58b7fa50eb8057c167aae935/uso-v7.html#immense HTTP/1.1" 301 1374 "-" "python-requests/2.12.4"
1.2.3.4 - - [25/Jun/2016:04:53:50 +0000] "GET /quiet/cagey/58b7fa50eb8057c167aae935/uso-v7.html#close HTTP/1.1" 203 1493 "-" "python-requests/2.12.4"
172.16.35.10 - - [25/Jun/2016:04:53:52 +0000] "GET /quiet/cagey/58b7fa50eb8057c167aae935/uso-v7.html#bashful HTTP/1.1" 300 859 "-" "python-requests/2.12.4"
10.10.10.10 - - [25/Jun/2016:04:53:52 +0000] "GET /bomb/bizarre/-__factory__-/rl-v5.html HTTP/1.1" 201 707 "-" "python-requests/2.12.4"
172.24.60.30 - - [25/Jun/2016:04:53:54 +0000] "GET /bomb/bizarre/-__factory__-/rl-v5.html HTTP/1.1" 200 1057 "-" "python-requests/2.12.4"
10.10.10.10 - - [25/Jun/2016:04:53:55 +0000] "GET /son/slim_/bizarre/kubuntu.html?drink=fact HTTP/1.1" 402 593 "-" "python-requests/2.12.4"
8.8.8.8 - - [25/Jun/2016:04:53:55 +0000] "GET /glue/march/son/kubuntu.html HTTP/1.1" 201 1148 "-" "python-requests/2.12.4"
1.2.3.4 - - [25/Jun/2016:04:53:55 +0000] "GET /annoyed/58b7fa50eb8057c167aae93c/bomb/fedora.html HTTP/1.1" 303 1610 "-" "python-requests/2.12.4"
172.16.35.10 - - [25/Jun/2016:04:53:58 +0000] "GET /glue/march/son/kubuntu.html#post HTTP/1.1" 304 1570 "-" "python-requests/2.12.4"
10.10.10.10 - - [25/Jun/2016:04:54:00 +0000] "GET /quiet/cagey/58b7fa50eb8057c167aae935/uso-v7.html#awesome HTTP/1.1" 202 1062 "-" "python-requests/2.12.4"
8.8.8.8 - - [25/Jun/2016:04:54:02 +0000] "GET /annoyed/58b7fa50eb8057c167aae93c/bomb/fedora.html HTTP/1.1" 301 802 "-" "python-requests/2.12.4"
172.24.60.30 - - [25/Jun/2016:04:54:04 +0000] "GET /58b7fad8eb8057c167ab1400/__2016__2016/bomb/fedora.html#route HTTP/1.1" 400 1176 "-" "python-requests/2.12.4"
10.10.10.10 - - [25/Jun/2016:04:54:05 +0000] "GET /son/slim_/bizarre/kubuntu.html HTTP/1.1" 203 1951 "-" "python-requests/2.12.4"
172.24.60.30 - - [25/Jun/2016:04:54:07 +0000] "GET /bomb/bizarre/-__factory__-/rl-v5.html HTTP/1.1" 303 1330 "-" "python-requests/2.12.4"
1.2.3.4 - - [25/Jun/2016:04:54:09 +0000] "GET /son/slim_/bizarre/kubuntu.html HTTP/1.1" 204 570 "-" "python-requests/2.12.4"
172.24.60.30 - - [25/Jun/2016:04:54:12 +0000] "GET /58b7fad8eb8057c167ab1400/__2016__2016/bomb/fedora.html?show=reduce#dramatic HTTP/1.1" 204 581 "-" "python-requests/2.12.4"
192.168.100.23 - - [25/Jun/2016:04:54:14 +0000] "GET /son/slim_/bizarre/kubuntu.html HTTP/1.1" 202 1628 "-" "python-requests/2.12.4"
1.2.3.4 - - [25/Jun/2016:04:54:15 +0000] "GET /son/slim_/bizarre/kubuntu.html HTTP/1.1" 203 1355 "-" "python-requests/2.12.4"
192.168.100.23 - - [25/Jun/2016:04:54:15 +0000] "GET /note-book/58b7fa50eb8057c167aae935/first-committee-of-year/fedora.html?burst=milk#anxious HTTP/1.1" 301 1907 "-" "python-requests/2.12.4"
1.2.3.4 - - [25/Jun/2016:04:54:17 +0000] "GET /58b7fad8eb8057c167ab13f5/annoyed/bomb/uso-v7.html HTTP/1.1" 202 1427 "-" "python-requests/2.12.4"
172.16.35.10 - - [25/Jun/2016:04:54:18 +0000] "GET /note-book/58b7fa50eb8057c167aae935/first-committee-of-year/fedora.html HTTP/1.1" 205 1444 "-" "python-requests/2.12.4"
172.24.60.30 - - [25/Jun/2016:04:54:20 +0000] "GET /son/slim_/bizarre/kubuntu.html HTTP/1.1" 200 707 "-" "python-requests/2.12.4"
172.24.60.30 - - [25/Jun/2016:04:54:21 +0000] "GET /glue/march/son/kubuntu.html?dry=mind HTTP/1.1" 202 1874 "-" "python-requests/2.12.4"
8.8.8.8 - - [25/Jun/2016:04:54:23 +0000] "GET /slim_/58b7fa50eb8057c167aae93c/bizarre/ubuntu-gnome.html HTTP/1.1" 302 1179 "-" "python-requests/2.12.4"
10.10.10.10 - - [25/Jun/2016:04:54:26 +0000] "GET /glue/march/son/kubuntu.html?volatile=steer HTTP/1.1" 305 1287 "-" "python-requests/2.12.4"
1.2.3.4 - - [25/Jun/2016:04:54:28 +0000] "GET /glue/march/son/kubuntu.html?quack=trip HTTP/1.1" 202 1906 "-" "python-requests/2.12.4"
8.8.8.8 - - [25/Jun/2016:04:54:29 +0000] "GET /bomb/bizarre/-__factory__-/rl-v5.html HTTP/1.1" 205 815 "-" "python-requests/2.12.4"
8.8.8.8 - - [25/Jun/2016:04:54:29 +0000] "GET /slim_/58b7fa50eb8057c167aae93c/bizarre/ubuntu-gnome.html?fine=trip HTTP/1.1" 200 1173 "-" "python-requests/2.12.4"
192.168.100.23 - - [25/Jun/2016:04:54:30 +0000] "GET /bomb/bizarre/-__factory__-/rl-v5.html HTTP/1.1" 201 1261 "-" "python-requests/2.12.4"
1.2.3.4 - - [25/Jun/2016:04:54:32 +0000] "GET /slim_/58b7fa50eb8057c167aae93c/bizarre/ubuntu-gnome.html HTTP/1.1" 400 1629 "-" "python-requests/2.12.4"
8.8.8.8 - - [25/Jun/2016:04:54:35 +0000] "GET /annoyed/58b7fa50eb8057c167aae93c/bomb/fedora.html HTTP/1.1" 205 945 "-" "python-requests/2.12.4"
1.2.3.4 - - [25/Jun/2016:04:54:38 +0000] "GET /58b7fad8eb8057c167ab1400/__2016__2016/bomb/fedora.html HTTP/1.1" 405 1439 "-" "python-requests/2.12.4"
172.24.60.30 - - [25/Jun/2016:04:54:39 +0000] "GET /annoyed/58b7fa50eb8057c167aae93c/bomb/fedora.html HTTP/1.1" 201 808 "-" "python-requests/2.12.4"
172.16.35.10 - - [25/Jun/2016:04:54:40 +0000] "GET /bomb/bizarre/-__factory__-/rl-v5.html?friendly=van#close HTTP/1.1" 403 945 "-" "python-requests/2.12.4"
1.2.3.4 - - [25/Jun/2016:04:54:41 +0000] "GET /-__factory__-/58b7fa50eb8057c167aae942/spiteful/rhel.html HTTP/1.1" 204 1349 "-" "python-requests/2.12.4"
172.24.60.30 - - [25/Jun/2016:04:54:41 +0000] "GET /glue/march/son/kubuntu.html#minor HTTP/1.1" 203 1779 "-" "python-requests/2.12.4"
172.16.35.10 - - [25/Jun/2016:04:54:43 +0000] "GET /quiet/cagey/58b7fa50eb8057c167aae935/uso-v7.html?volatile=reduce HTTP/1.1" 204 1882 "-" "python-requests/2.12.4"
192.168.100.23 - - [25/Jun/2016:04:54:46 +0000] "GET /bomb/bizarre/-__factory__-/rl-v5.html HTTP/1.1" 201 1218 "-" "python-requests/2.12.4"
8.8.8.8 - - [25/Jun/2016:04:54:49 +0000] "GET /-__factory__-/58b7fa50eb8057c167aae942/spiteful/rhel.html HTTP/1.1" 201 1291 "-" "python-requests/2.12.4"
10.10.10.10 - - [25/Jun/2016:04:54:50 +0000] "GET /58b7fad8eb8057c167ab13f5/annoyed/bomb/uso-v7.html HTTP/1.1" 203 832 "-" "python-requests/2.12.4"
172.24.60.30 - - [25/Jun/2016:04:54:52 +0000] "GET /quiet/cagey/58b7fa50eb8057c167aae935/uso-v7.html HTTP/1.1" 201 1264 "-" "python-requests/2.12.4"
172.24.60.30 - - [25/Jun/2016:04:54:52 +0000] "GET /slim_/58b7fa50eb8057c167aae93c/bizarre/ubuntu-gnome.html HTTP/1.1" 400 1873 "-" "python-requests/2.12.4"
172.24.60.30 - - [25/Jun/2016:04:54:52 +0000] "GET /annoyed/58b7fa50eb8057c167aae93c/bomb/fedora.html?drink=window HTTP/1.1" 305 789 "-" "python-requests/2.12.4"
192.168.100.23 - - [25/Jun/2016:04:54:53 +0000] "GET /58b7fad8eb8057c167ab1400/__2016__2016/bomb/fedora.html HTTP/1.1" 205 1860 "-" "python-requests/2.12.4"
8.8.8.8 - - [25/Jun/2016:04:54:56 +0000] "GET /glue/march/son/kubuntu.html?trip=trip#route HTTP/1.1" 204 1195 "-" "python-requests/2.12.4"
1.2.3.4 - - [25/Jun/2016:04:54:57 +0000] "GET /annoyed/58b7fa50eb8057c167aae93c/bomb/fedora.html HTTP/1.1" 204 1250 "-" "python-requests/2.12.4"
192.168.100.23 - - [25/Jun/2016:04:54:59 +0000] "GET /glue/march/son/kubuntu.html HTTP/1.1" 203 1980 "-" "python-requests/2.12.4"
10.10.10.10 - - [25/Jun/2016:04:55:01 +0000] "GET /58b7fad8eb8057c167ab1400/__2016__2016/bomb/fedora.html HTTP/1.1" 305 1018 "-" "python-requests/2.12.4"
8.8.8.8 - - [25/Jun/2016:04:55:02 +0000] "GET /slim_/58b7fa50eb8057c167aae93c/bizarre/ubuntu-gnome.html HTTP/1.1" 204 1569 "-" "python-requests/2.12.4"
10.10.10.10 - - [25/Jun/2016:04:55:03 +0000] "GET /quiet/cagey/58b7fa50eb8057c167aae935/uso-v7.html?suggest=divide HTTP/1.1" 505 1986 "-" "python-requests/2.12.4"
192.168.100.23 - - [25/Jun/2016:04:55:03 +0000] "GET /58b7fad8eb8057c167ab13f5/annoyed/bomb/uso-v7.html#anxious HTTP/1.1" 502 1992 "-" "python-requests/2.12.4"
10.10.10.10 - - [25/Jun/2016:04:55:04 +0000] "GET /quiet/cagey/58b7fa50eb8057c167aae935/uso-v7.html#dapper HTTP/1.1" 203 594 "-" "python-requests/2.12.4"
10.10.10.10 - - [25/Jun/2016:04:55:05 +0000] "GET /-__factory__-/58b7fa50eb8057c167aae942/spiteful/rhel.html HTTP/1.1" 201 1398 "-" "python-requests/2.12.4"
172.16.35.10 - - [25/Jun/2016:04:55:08 +0000] "GET /bomb/bizarre/-__factory__-/rl-v5.html HTTP/1.1" 203 1512 "-" "python-requests/2.12.4"
172.16.35.10 - - [25/Jun/2016:04:55:10 +0000] "GET /-__factory__-/58b7fa50eb8057c167aae942/spiteful/rhel.html HTTP/1.1" 400 527 "-" "python-requests/2.12.4"
1.2.3.4 - - [25/Jun/2016:04:55:10 +0000] "GET /-__factory__-/58b7fa50eb8057c167aae942/spiteful/rhel.html#immense HTTP/1.1" 200 1075 "-" "python-requests/2.12.4"
172.16.35.10 - - [25/Jun/2016:04:55:11 +0000] "GET /quiet/cagey/58b7fa50eb8057c167aae935/uso-v7.html HTTP/1.1" 201 755 "-" "python-requests/2.12.4"
10.10.10.10 - - [25/Jun/2016:04:55:13 +0000] "GET /58b7fad8eb8057c167ab13f5/annoyed/bomb/uso-v7.html HTTP/1.1" 204 668 "-" "python-requests/2.12.4"
10.10.10.10 - - [25/Jun/2016:04:55:13 +0000] "GET /slim_/58b7fa50eb8057c167aae93c/bizarre/ubuntu-gnome.html HTTP/1.1" 201 599 "-" "python-requests/2.12.4"
1.2.3.4 - - [25/Jun/2016:04:55:14 +0000] "GET /-__factory__-/58b7fa50eb8057c167aae942/spiteful/rhel.html HTTP/1.1" 204 1771 "-" "python-requests/2.12.4"
192.168.100.23 - - [25/Jun/2016:04:55:17 +0000] "GET /glue/march/son/kubuntu.html#route HTTP/1.1" 400 1820 "-" "python-requests/2.12.4"
172.24.60.30 - - [25/Jun/2016:04:55:17 +0000] "GET /annoyed/58b7fa50eb8057c167aae93c/bomb/fedora.html?tasty=window HTTP/1.1" 403 994 "-" "python-requests/2.12.4"
172.24.60.30 - - [25/Jun/2016:04:55:20 +0000] "GET /glue/march/son/kubuntu.html?burst=recondite HTTP/1.1" 200 790 "-" "python-requests/2.12.4"
172.24.60.30 - - [25/Jun/2016:04:55:22 +0000] "GET /58b7fad8eb8057c167ab13f5/annoyed/bomb/uso-v7.html HTTP/1.1" 405 934 "-" "python-requests/2.12.4"
8.8.8.8 - - [25/Jun/2016:04:55:22 +0000] "GET /bomb/bizarre/-__factory__-/rl-v5.html HTTP/1.1" 202 1166 "-" "python-requests/2.12.4"
8.8.8.8 - - [25/Jun/2016:04:55:24 +0000] "GET /58b7fad8eb8057c167ab1400/__2016__2016/bomb/fedora.html HTTP/1.1" 205 1878 "-" "python-requests/2.12.4"
172.24.60.30 - - [25/Jun/2016:04:55:27 +0000] "GET /-__factory__-/58b7fa50eb8057c167aae942/spiteful/rhel.html HTTP/1.1" 302 1171 "-" "python-requests/2.12.4"
192.168.100.23 - - [25/Jun/2016:04:55:27 +0000] "GET /58b7fad8eb8057c167ab13f5/annoyed/bomb/uso-v7.html#ignorant HTTP/1.1" 202 1996 "-" "python-requests/2.12.4"
1.2.3.4 - - [25/Jun/2016:04:55:30 +0000] "GET /note-book/58b7fa50eb8057c167aae935/first-committee-of-year/fedora.html#close HTTP/1.1" 502 1623 "-" "python-requests/2.12.4"
10.10.10.10 - - [25/Jun/2016:04:55:30 +0000] "GET /-__factory__-/58b7fa50eb8057c167aae942/spiteful/rhel.html HTTP/1.1" 205 1880 "-" "python-requests/2.12.4"
10.10.10.10 - - [25/Jun/2016:04:55:30 +0000] "GET /son/slim_/bizarre/kubuntu.html HTTP/1.1" 503 519 "-" "python-requests/2.12.4"
10.10.10.10 - - [25/Jun/2016:04:55:30 +0000] "GET /-__factory__-/58b7fa50eb8057c167aae942/spiteful/rhel.html HTTP/1.1" 505 1901 "-" "python-requests/2.12.4"
192.168.100.23 - - [25/Jun/2016:04:55:32 +0000] "GET /quiet/cagey/58b7fa50eb8057c167aae935/uso-v7.html HTTP/1.1" 202 718 "-" "python-requests/2.12.4"
172.16.35.10 - - [25/Jun/2016:04:55:32 +0000] "GET /58b7fad8eb8057c167ab1400/__2016__2016/bomb/fedora.html HTTP/1.1" 400 791 "-" "python-requests/2.12.4"
1.2.3.4 - - [25/Jun/2016:04:55:35 +0000] "GET /note-book/58b7fa50eb8057c167aae935/first-committee-of-year/fedora.html?burst=fact HTTP/1.1" 204 785 "-" "python-requests/2.12.4"
172.16.35.10 - - [25/Jun/2016:04:55:38 +0000] "GET /-__factory__-/58b7fa50eb8057c167aae942/spiteful/rhel.html HTTP/1.1" 300 1021 "-" "python-requests/2.12.4"
8.8.8.8 - - [25/Jun/2016:04:55:40 +0000] "GET /slim_/58b7fa50eb8057c167aae93c/bizarre/ubuntu-gnome.html HTTP/1.1" 400 678 "-" "python-requests/2.12.4"
172.24.60.30 - - [25/Jun/2016:04:55:40 +0000] "GET /58b7fad8eb8057c167ab1400/__2016__2016/bomb/fedora.html HTTP/1.1" 202 1082 "-" "python-requests/2.12.4"
192.168.100.23 - - [25/Jun/2016:04:55:43 +0000] "GET /note-book/58b7fa50eb8057c167aae935/first-committee-of-year/fedora.html#dramatic HTTP/1.1" 201 1752 "-" "python-requests/2.12.4"
8.8.8.8 - - [25/Jun/2016:04:55:45 +0000] "GET /son/slim_/bizarre/kubuntu.html HTTP/1.1" 202 1339 "-" "python-requests/2.12.4"
192.168.100.23 - - [25/Jun/2016:04:55:45 +0000] "GET /glue/march/son/kubuntu.html#colour HTTP/1.1" 201 818 "-" "python-requests/2.12.4"
1.2.3.4 - - [25/Jun/2016:04:55:47 +0000] "GET /annoyed/58b7fa50eb8057c167aae93c/bomb/fedora.html HTTP/1.1" 203 1591 "-" "python-requests/2.12.4"
10.10.10.10 - - [25/Jun/2016:04:55:48 +0000] "GET /annoyed/58b7fa50eb8057c167aae93c/bomb/fedora.html HTTP/1.1" 204 1469 "-" "python-requests/2.12.4"
172.24.60.30 - - [25/Jun/2016:04:55:48 +0000] "GET /58b7fad8eb8057c167ab13f5/annoyed/bomb/uso-v7.html HTTP/1.1" 500 1711 "-" "python-requests/2.12.4"
172.16.35.10 - - [25/Jun/2016:04:55:50 +0000] "GET /glue/march/son/kubuntu.html HTTP/1.1" 200 1730 "-" "python-requests/2.12.4"
172.24.60.30 - - [25/Jun/2016:04:55:51 +0000] "GET /note-book/58b7fa50eb8057c167aae935/first-committee-of-year/fedora.html#stroke HTTP/1.1" 303 673 "-" "python-requests/2.12.4"
10.10.10.10 - - [25/Jun/2016:04:55:52 +0000] "GET /-__factory__-/58b7fa50eb8057c167aae942/spiteful/rhel.html HTTP/1.1" 201 1456 "-" "python-requests/2.12.4"
1.2.3.4 - - [25/Jun/2016:04:55:54 +0000] "GET /58b7fad8eb8057c167ab1400/__2016__2016/bomb/fedora.html#minor HTTP/1.1" 200 1118 "-" "python-requests/2.12.4"
10.10.10.10 - - [25/Jun/2016:04:55:55 +0000] "GET /glue/march/son/kubuntu.html HTTP/1.1" 204 1350 "-" "python-requests/2.12.4"
172.24.60.30 - - [25/Jun/2016:04:55:56 +0000] "GET /note-book/58b7fa50eb8057c167aae935/first-committee-of-year/fedora.html HTTP/1.1" 405 1701 "-" "python-requests/2.12.4"
1.2.3.4 - - [25/Jun/2016:04:55:57 +0000] "GET /glue/march/son/kubuntu.html?tasty=furniture#welcome HTTP/1.1" 304 1457 "-" "python-requests/2.12.4"
172.24.60.30 - - [25/Jun/2016:04:55:59 +0000] "GET /glue/march/son/kubuntu.html?sudden=steer HTTP/1.1" 504 643 "-" "python-requests/2.12.4"
192.168.100.23 - - [25/Jun/2016:04:55:59 +0000] "GET /annoyed/58b7fa50eb8057c167aae93c/bomb/fedora.html HTTP/1.1" 200 537 "-" "python-requests/2.12.4"
192.168.100.23 - - [25/Jun/2016:04:56:01 +0000] "GET /glue/march/son/kubuntu.html?burst=bounce HTTP/1.1" 300 936 "-" "python-requests/2.12.4"
172.24.60.30 - - [25/Jun/2016:04:56:01 +0000] "GET /-__factory__-/58b7fa50eb8057c167aae942/spiteful/rhel.html HTTP/1.1" 200 1973 "-" "python-requests/2.12.4"
192.168.100.23 - - [25/Jun/2016:04:56:03 +0000] "GET /note-book/58b7fa50eb8057c167aae935/first-committee-of-year/fedora.html HTTP/1.1" 501 754 "-" "python-requests/2.12.4"
8.8.8.8 - - [25/Jun/2016:04:56:03 +0000] "GET /58b7fad8eb8057c167ab13f5/annoyed/bomb/uso-v7.html?burst=furniture HTTP/1.1" 203 1907 "-" "python-requests/2.12.4"
172.24.60.30 - - [25/Jun/2016:04:56:03 +0000] "GET /glue/march/son/kubuntu.html HTTP/1.1" 205 604 "-" "python-requests/2.12.4"
192.168.100.23 - - [25/Jun/2016:04:56:04 +0000] "GET /slim_/58b7fa50eb8057c167aae93c/bizarre/ubuntu-gnome.html HTTP/1.1" 203 1810 "-" "python-requests/2.12.4"
1.2.3.4 - - [25/Jun/2016:04:56:06 +0000] "GET /bomb/bizarre/-__factory__-/rl-v5.html HTTP/1.1" 500 1534 "-" "python-requests/2.12.4"
1.2.3.4 - - [25/Jun/2016:04:56:07 +0000] "GET /58b7fad8eb8057c167ab13f5/annoyed/bomb/uso-v7.html HTTP/1.1" 205 1547 "-" "python-requests/2.12.4"
172.16.35.10 - - [25/Jun/2016:04:56:07 +0000] "GET /58b7fad8eb8057c167ab13f5/annoyed/bomb/uso-v7.html#awesome HTTP/1.1" 201 1661 "-" "python-requests/2.12.4"
172.24.60.30 - - [25/Jun/2016:04:56:08 +0000] "GET /slim_/58b7fa50eb8057c167aae93c/bizarre/ubuntu-gnome.html#colour HTTP/1.1" 201 1192 "-" "python-requests/2.12.4"
8.8.8.8 - - [25/Jun/2016:04:56:09 +0000] "GET /quiet/cagey/58b7fa50eb8057c167aae935/uso-v7.html HTTP/1.1" 501 569 "-" "python-requests/2.12.4"
172.16.35.10 - - [25/Jun/2016:04:56:10 +0000] "GET /58b7fad8eb8057c167ab13f5/annoyed/bomb/uso-v7.html HTTP/1.1" 403 664 "-" "python-requests/2.12.4"
8.8.8.8 - - [25/Jun/2016:04:56:13 +0000] "GET /slim_/58b7fa50eb8057c167aae93c/bizarre/ubuntu-gnome.html HTTP/1.1" 202 720 "-" "python-requests/2.12.4"
192.168.100.23 - - [25/Jun/2016:04:56:16 +0000] "GET /58b7fad8eb8057c167ab13f5/annoyed/bomb/uso-v7.html HTTP/1.1" 302 1588 "-" "python-requests/2.12.4"
10.10.10.10 - - [25/Jun/2016:04:56:17 +0000] "GET /slim_/58b7fa50eb8057c167aae93c/bizarre/ubuntu-gnome.html HTTP/1.1" 404 1291 "-" "python-requests/2.12.4"
172.16.35.10 - - [25/Jun/2016:04:56:19 +0000] "GET /annoyed/58b7fa50eb8057c167aae93c/bomb/fedora.html HTTP/1.1" 204 1411 "-" "python-requests/2.12.4"
1.2.3.4 - - [25/Jun/2016:04:56:19 +0000] "GET /bomb/bizarre/-__factory__-/rl-v5.html HTTP/1.1" 304 1756 "-" "python-requests/2.12.4"
172.24.60.30 - - [25/Jun/2016:04:56:20 +0000] "GET /slim_/58b7fa50eb8057c167aae93c/bizarre/ubuntu-gnome.html HTTP/1.1" 203 1612 "-" "python-requests/2.12.4"
172.16.35.10 - - [25/Jun/2016:04:56:20 +0000] "GET /annoyed/58b7fa50eb8057c167aae93c/bomb/fedora.html?reason=milk HTTP/1.1" 500 717 "-" "python-requests/2.12.4"
1.2.3.4 - - [25/Jun/2016:04:56:21 +0000] "GET /slim_/58b7fa50eb8057c167aae93c/bizarre/ubuntu-gnome.html#awesome HTTP/1.1" 504 1265 "-" "python-requests/2.12.4"
192.168.100.23 - - [25/Jun/2016:04:56:21 +0000] "GET /-__factory__-/58b7fa50eb8057c167aae942/spiteful/rhel.html HTTP/1.1" 301 1323 "-" "python-requests/2.12.4"
192.168.100.23 - - [25/Jun/2016:04:56:24 +0000] "GET /annoyed/58b7fa50eb8057c167aae93c/bomb/fedora.html HTTP/1.1" 405 1168 "-" "python-requests/2.12.4"
172.24.60.30 - - [25/Jun/2016:04:56:27 +0000] "GET /quiet/cagey/58b7fa50eb8057c167aae935/uso-v7.html HTTP/1.1" 305 1974 "-" "python-requests/2.12.4"
8.8.8.8 - - [25/Jun/2016:04:56:28 +0000] "GET /annoyed/58b7fa50eb8057c167aae93c/bomb/fedora.html HTTP/1.1" 205 1880 "-" "python-requests/2.12.4"
8.8.8.8 - - [25/Jun/2016:04:56:30 +0000] "GET /quiet/cagey/58b7fa50eb8057c167aae935/uso-v7.html?volatile=panicky HTTP/1.1" 205 1419 "-" "python-requests/2.12.4"
10.10.10.10 - - [25/Jun/2016:04:56:32 +0000] "GET /58b7fad8eb8057c167ab1400/__2016__2016/bomb/fedora.html HTTP/1.1" 202 1928 "-" "python-requests/2.12.4"
1.2.3.4 - - [25/Jun/2016:04:56:35 +0000] "GET /son/slim_/bizarre/kubuntu.html?reason=window HTTP/1.1" 201 888 "-" "python-requests/2.12.4"
192.168.100.23 - - [25/Jun/2016:04:56:36 +0000] "GET /son/slim_/bizarre/kubuntu.html HTTP/1.1" 203 1260 "-" "python-requests/2.12.4"
10.10.10.10 - - [25/Jun/2016:04:56:37 +0000] "GET /note-book/58b7fa50eb8057c167aae935/first-committee-of-year/fedora.html HTTP/1.1" 401 1783 "-" "python-requests/2.12.4"
172.24.60.30 - - [25/Jun/2016:04:56:40 +0000] "GET /glue/march/son/kubuntu.html HTTP/1.1" 405 775 "-" "python-requests/2.12.4"
172.16.35.10 - - [25/Jun/2016:04:56:41 +0000] "GET /son/slim_/bizarre/kubuntu.html?sudden=panicky HTTP/1.1" 203 1581 "-" "python-requests/2.12.4"
10.10.10.10 - - [25/Jun/2016:04:56:42 +0000] "GET /note-book/58b7fa50eb8057c167aae935/first-committee-of-year/fedora.html HTTP/1.1" 205 1131 "-" "python-requests/2.12.4"
10.10.10.10 - - [25/Jun/2016:04:56:43 +0000] "GET /bomb/bizarre/-__factory__-/rl-v5.html?volatile=steer HTTP/1.1" 203 1146 "-" "python-requests/2.12.4"
172.16.35.10 - - [25/Jun/2016:04:56:43 +0000] "GET /bomb/bizarre/-__factory__-/rl-v5.html HTTP/1.1" 303 878 "-" "python-requests/2.12.4"
172.24.60.30 - - [25/Jun/2016:04:56:43 +0000] "GET /son/slim_/bizarre/kubuntu.html HTTP/1.1" 302 1618 "-" "python-requests/2.12.4"
172.24.60.30 - - [25/Jun/2016:04:56:46 +0000] "GET /note-book/58b7fa50eb8057c167aae935/first-committee-of-year/fedora.html HTTP/1.1" 202 1256 "-" "python-requests/2.12.4"
8.8.8.8 - - [25/Jun/2016:04:56:48 +0000] "GET /58b7fad8eb8057c167ab1400/__2016__2016/bomb/fedora.html#dramatic HTTP/1.1" 203 754 "-" "python-requests/2.12.4"
172.16.35.10 - - [25/Jun/2016:04:56:51 +0000] "GET /annoyed/58b7fa50eb8057c167aae93c/bomb/fedora.html HTTP/1.1" 403 1854 "-" "python-requests/2.12.4"
1.2.3.4 - - [25/Jun/2016:04:56:54 +0000] "GET /quiet/cagey/58b7fa50eb8057c167aae935/uso-v7.html HTTP/1.1" 203 1067 "-" "python-requests/2.12.4"
8.8.8.8 - - [25/Jun/2016:04:56:55 +0000] "GET /note-book/58b7fa50eb8057c167aae935/first-committee-of-year/fedora.html HTTP/1.1" 200 1817 "-" "python-requests/2.12.4"
1.2.3.4 - - [25/Jun/2016:04:56:56 +0000] "GET /note-book/58b7fa50eb8057c167aae935/first-committee-of-year/fedora.html HTTP/1.1" 200 1408 "-" "python-requests/2.12.4"
172.16.35.10 - - [25/Jun/2016:04:56:58 +0000] "GET /son/slim_/bizarre/kubuntu.html HTTP/1.1" 200 1135 "-" "python-requests/2.12.4"
172.16.35.10 - - [25/Jun/2016:04:56:59 +0000] "GET /son/slim_/bizarre/kubuntu.html HTTP/1.1" 205 542 "-" "python-requests/2.12.4"
8.8.8.8 - - [25/Jun/2016:04:57:00 +0000] "GET /quiet/cagey/58b7fa50eb8057c167aae935/uso-v7.html HTTP/1.1" 501 1435 "-" "python-requests/2.12.4"
1.2.3.4 - - [25/Jun/2016:04:57:02 +0000] "GET /-__factory__-/58b7fa50eb8057c167aae942/spiteful/rhel.html#minor HTTP/1.1" 502 767 "-" "python-requests/2.12.4"
10.10.10.10 - - [25/Jun/2016:04:57:05 +0000] "GET /annoyed/58b7fa50eb8057c167aae93c/bomb/fedora.html HTTP/1.1" 202 944 "-" "python-requests/2.12.4"
192.168.100.23 - - [25/Jun/2016:04:57:08 +0000] "GET /bomb/bizarre/-__factory__-/rl-v5.html HTTP/1.1" 302 843 "-" "python-requests/2.12.4"
172.16.35.10 - - [25/Jun/2016:04:57:08 +0000] "GET /annoyed/58b7fa50eb8057c167aae93c/bomb/fedora.html HTTP/1.1" 201 1283 "-" "python-requests/2.12.4"
172.24.60.30 - - [25/Jun/2016:04:57:11 +0000] "GET /58b7fad8eb8057c167ab13f5/annoyed/bomb/uso-v7.html HTTP/1.1" 202 1582 "-" "python-requests/2.12.4"
1.2.3.4 - - [25/Jun/2016:04:57:13 +0000] "GET /son/slim_/bizarre/kubuntu.html HTTP/1.1" 405 670 "-" "python-requests/2.12.4"
1.2.3.4 - - [25/Jun/2016:04:57:13 +0000] "GET /quiet/cagey/58b7fa50eb8057c167aae935/uso-v7.html HTTP/1.1" 205 1537 "-" "python-requests/2.12.4"
172.16.35.10 - - [25/Jun/2016:04:57:16 +0000] "GET /58b7fad8eb8057c167ab13f5/annoyed/bomb/uso-v7.html HTTP/1.1" 204 750 "-" "python-requests/2.12.4"
10.10.10.10 - - [25/Jun/2016:04:57:18 +0000] "GET /-__factory__-/58b7fa50eb8057c167aae942/spiteful/rhel.html HTTP/1.1" 502 1214 "-" "python-requests/2.12.4"
192.168.100.23 - - [25/Jun/2016:04:57:19 +0000] "GET /quiet/cagey/58b7fa50eb8057c167aae935/uso-v7.html HTTP/1.1" 203 1437 "-" "python-requests/2.12.4"
1.2.3.4 - - [25/Jun/2016:04:57:22 +0000] "GET /annoyed/58b7fa50eb8057c167aae93c/bomb/fedora.html?clip=husky HTTP/1.1" 205 844 "-" "python-requests/2.12.4"
192.168.100.23 - - [25/Jun/2016:04:57:22 +0000] "GET /son/slim_/bizarre/kubuntu.html HTTP/1.1" 203 841 "-" "python-requests/2.12.4"
8.8.8.8 - - [25/Jun/2016:04:57:23 +0000] "GET /bomb/bizarre/-__factory__-/rl-v5.html?burst=milk#dapper HTTP/1.1" 204 1371 "-" "python-requests/2.12.4"
10.10.10.10 - - [25/Jun/2016:04:57:24 +0000] "GET /son/slim_/bizarre/kubuntu.html HTTP/1.1" 205 1354 "-" "python-requests/2.12.4"
172.16.35.10 - - [25/Jun/2016:04:57:27 +0000] "GET /son/slim_/bizarre/kubuntu.html HTTP/1.1" 203 538 "-" "python-requests/2.12.4"
172.24.60.30 - - [25/Jun/2016:04:57:28 +0000] "GET /bomb/bizarre/-__factory__-/rl-v5.html?tasty=husky HTTP/1.1" 201 1178 "-" "python-requests/2.12.4"
192.168.100.23 - - [25/Jun/2016:04:57:28 +0000] "GET /note-book/58b7fa50eb8057c167aae935/first-committee-of-year/fedora.html HTTP/1.1" 204 1299 "-" "python-requests/2.12.4"
172.16.35.10 - - [25/Jun/2016:04:57:30 +0000] "GET /bomb/bizarre/-__factory__-/rl-v5.html HTTP/1.1" 200 1964 "-" "python-requests/2.12.4"
10.10.10.10 - - [25/Jun/2016:04:57:32 +0000] "GET /bomb/bizarre/-__factory__-/rl-v5.html#welcome HTTP/1.1" 402 687 "-" "python-requests/2.12.4"
192.168.100.23 - - [25/Jun/2016:04:57:34 +0000] "GET /bomb/bizarre/-__factory__-/rl-v5.html HTTP/1.1" 204 558 "-" "python-requests/2.12.4"
172.24.60.30 - - [25/Jun/2016:04:57:36 +0000] "GET /annoyed/58b7fa50eb8057c167aae93c/bomb/fedora.html HTTP/1.1" 202 895 "-" "python-requests/2.12.4"
10.10.10.10 - - [25/Jun/2016:04:57:37 +0000] "GET /note-book/58b7fa50eb8057c167aae935/first-committee-of-year/fedora.html HTTP/1.1" 205 843 "-" "python-requests/2.12.4"
10.10.10.10 - - [25/Jun/2016:04:57:40 +0000] "GET /58b7fad8eb8057c167ab1400/__2016__2016/bomb/fedora.html#wish HTTP/1.1" 203 1078 "-" "python-requests/2.12.4"
10.10.10.10 - - [25/Jun/2016:04:57:40 +0000] "GET /quiet/cagey/58b7fa50eb8057c167aae935/uso-v7.html HTTP/1.1" 402 1280 "-" "python-requests/2.12.4"
172.24.60.30 - - [25/Jun/2016:04:57:40 +0000] "GET /son/slim_/bizarre/kubuntu.html?burst=truthful HTTP/1.1" 204 1500 "-" "python-requests/2.12.4"
172.24.60.30 - - [25/Jun/2016:04:57:41 +0000] "GET /quiet/cagey/58b7fa50eb8057c167aae935/uso-v7.html HTTP/1.1" 201 1059 "-" "python-requests/2.12.4"
8.8.8.8 - - [25/Jun/2016:04:57:44 +0000] "GET /-__factory__-/58b7fa50eb8057c167aae942/spiteful/rhel.html#minor HTTP/1.1" 203 861 "-" "python-requests/2.12.4"
8.8.8.8 - - [25/Jun/2016:04:57:45 +0000] "GET /58b7fad8eb8057c167ab1400/__2016__2016/bomb/fedora.html HTTP/1.1" 201 1547 "-" "python-requests/2.12.4"
172.24.60.30 - - [25/Jun/2016:04:57:47 +0000] "GET /son/slim_/bizarre/kubuntu.html?giraffe=undesirable HTTP/1.1" 202 758 "-" "python-requests/2.12.4"
10.10.10.10 - - [25/Jun/2016:04:57:49 +0000] "GET /58b7fad8eb8057c167ab13f5/annoyed/bomb/uso-v7.html?volatile=divide HTTP/1.1" 200 1589 "-" "python-requests/2.12.4"
172.24.60.30 - - [25/Jun/2016:04:57:51 +0000] "GET /annoyed/58b7fa50eb8057c167aae93c/bomb/fedora.html HTTP/1.1" 505 950 "-" "python-requests/2.12.4"
10.10.10.10 - - [25/Jun/2016:04:57:51 +0000] "GET /slim_/58b7fa50eb8057c167aae93c/bizarre/ubuntu-gnome.html HTTP/1.1" 203 1184 "-" "python-requests/2.12.4"
172.16.35.10 - - [25/Jun/2016:04:57:53 +0000] "GET /slim_/58b7fa50eb8057c167aae93c/bizarre/ubuntu-gnome.html HTTP/1.1" 201 561 "-" "python-requests/2.12.4"
1.2.3.4 - - [25/Jun/2016:04:57:54 +0000] "GET /quiet/cagey/58b7fa50eb8057c167aae935/uso-v7.html?friendly=window#anxious HTTP/1.1" 505 1717 "-" "python-requests/2.12.4"
192.168.100.23 - - [25/Jun/2016:04:57:54 +0000] "GET /-__factory__-/58b7fa50eb8057c167aae942/spiteful/rhel.html?thoughtful=panicky HTTP/1.1" 502 513 "-" "python-requests/2.12.4"
10.10.10.10 - - [25/Jun/2016:04:57:57 +0000] "GET /58b7fad8eb8057c167ab1400/__2016__2016/bomb/fedora.html?permissible=reduce#welcome HTTP/1.1" 204 616 "-" "python-requests/2.12.4"
172.16.35.10 - - [25/Jun/2016:04:57:57 +0000] "GET /glue/march/son/kubuntu.html HTTP/1.1" 204 1762 "-" "python-requests/2.12.4"
10.10.10.10 - - [25/Jun/2016:04:57:59 +0000] "GET /annoyed/58b7fa50eb8057c167aae93c/bomb/fedora.html#close HTTP/1.1" 204 1482 "-" "python-requests/2.12.4"
192.168.100.23 - - [25/Jun/2016:04:58:01 +0000] "GET /-__factory__-/58b7fa50eb8057c167aae942/spiteful/rhel.html#abaft HTTP/1.1" 200 1719 "-" "python-requests/2.12.4"
10.10.10.10 - - [25/Jun/2016:04:58:03 +0000] "GET /annoyed/58b7fa50eb8057c167aae93c/bomb/fedora.html#grateful HTTP/1.1" 401 566 "-" "python-requests/2.12.4"
172.16.35.10 - - [25/Jun/2016:04:58:06 +0000] "GET /quiet/cagey/58b7fa50eb8057c167aae935/uso-v7.html HTTP/1.1" 203 665 "-" "python-requests/2.12.4"
172.24.60.30 - - [25/Jun/2016:04:58:08 +0000] "GET /-__factory__-/58b7fa50eb8057c167aae942/spiteful/rhel.html HTTP/1.1" 300 1264 "-" "python-requests/2.12.4"
