10.10.10.10 - - [25/Jun/2016:03:53:29 +0000] "GET /annoyed/58b7fa50eb8057c167aae93c/bomb/fedora.html HTTP/1.1" 204 1821 "-" "python-requests/2.12.4"
172.16.35.10 - - [25/Jun/2016:03:53:29 +0000] "GET /note-book/58b7fa50eb8057c167aae935/first-committee-of-year/fedora.html#abaft HTTP/1.1" 201 1880 "-" "python-requests/2.12.4"
10.10.10.10 - - [25/Jun/2016:03:53:30 +0000] "GET /58b7fad8eb8057c167ab13f5/annoyed/bomb/uso-v7.html HTTP/1.1" 205 1615 "-" "python-requests/2.12.4"
10.10.10.10 - - [25/Jun/2016:03:53:30 +0000] "GET /annoyed/58b7fa50eb8057c167aae93c/bomb/fedora.html HTTP/1.1" 202 1293 "-" "python-requests/2.12.4"
1.2.3.4 - - [25/Jun/2016:03:53:32 +0000] "GET /58b7fad8eb8057c167ab13f5/annoyed/bomb/uso-v7.html?show=panicky HTTP/1.1" 201 1440 "-" "python-requests/2.12.4"
10.10.10.10 - - [25/Jun/2016:03:53:32 +0000] "GET /58b7fad8eb8057c167ab1400/__2016__2016/bomb/fedora.html HTTP/1.1" 202 629 "-" "python-requests/2.12.4"
192.168.100.23 - - [25/Jun/2016:03:53:32 +0000] "GET /slim_/58b7fa50eb8057c167aae93c/bizarre/ubuntu-gnome.html#minor HTTP/1.1" 202 815 "-" "python-requests/2.12.4"
172.16.35.10 - - [25/Jun/2016:03:53:35 +0000] "GET /58b7fad8eb8057c167ab1400/__2016__2016/bomb/fedora.html HTTP/1.1" 505 764 "-" "python-requests/2.12.4"
192.168.100.23 - - [25/Jun/2016:03:53:35 +0000] "GET /note-book/58b7fa50eb8057c167aae935/first-committee-of-year/fedora.html HTTP/1.1" 503 1211 "-" "python-requests/2.12.4"
172.16.35.10 - - [25/Jun/2016:03:53:38 +0000] "GET /son/slim_/bizarre/kubuntu.html HTTP/1.1" 205 1900 "-" "python-requests/2.12.4"
1.2.3.4 - - [25/Jun/2016:03:53:39 +0000] "GET /58b7fad8eb8057c167ab13f5/annoyed/bomb/uso-v7.html HTTP/1.1" 402 1612 "-" "python-requests/2.12.4"
172.24.60.30 - - [25/Jun/2016:03:53:42 +0000] "GET /annoyed/58b7fa50eb8057c167aae93c/bomb/fedora.html?tasty=fact HTTP/1.1" 204 1484 "-" "python-requests/2.12.4"
8.8.8.8 - - [25/Jun/2016:03:53:44 +0000] "GET /glue/march/son/kubuntu.html HTTP/1.1" 403 887 "-" "python-requests/2.12.4"
10.10.10.10 - - [25/Jun/2016:03:53:44 +0000] "GET /slim_/58b7fa50eb8057c167aae93c/bizarre/ubuntu-gnome.html HTTP/1.1" 201 1533 "-" "python-requests/2.12.4"
192.168.100.23 - - [25/Jun/2016:03:53:47 +0000] "GET /slim_/58b7fa50eb8057c167aae93c/bizarre/ubuntu-gnome.html HTTP/1.1" 203 1493 "-" "python-requests/2.12.4"
10.10.10.10 - - [25/Jun/2016:03:53:47 +0000] "GET /58b7fad8eb8057c167ab13f5/annoyed/bomb/uso-v7.html HTTP/1.1" 204 1878 "-" "python-requests/2.12.4"
172.16.35.10 - - [25/Jun/2016:03:53:48 +0000] "GET /annoyed/58b7fa50eb8057c167aae93c/bomb/fedora.html HTTP/1.1" 304 1145 "-" "python-requests/2.12.4"
172.24.60.30 - - [25/Jun/2016:03:53:49 +0000] "GET /58b7fad8eb8057c167ab1400/__2016__2016/bomb/fedora.html HTTP/1.1" 401 1003 "-" "python-requests/2.12.4"
8.8.8.8 - - [25/Jun/2016:03:53:51 +0000] "GET /quiet/cagey/58b7fa50eb8057c167aae935/uso-v7.html HTTP/1.1" 301 771 "-" "python-requests/2.12.4"
172.24.60.30 - - [25/Jun/2016:03:53:51 +0000] "GET /58b7fad8eb8057c167ab13f5/annoyed/bomb/uso-v7.html HTTP/1.1" 500 1827 "-" "python-requests/2.12.4"
172.16.35.10 - - [25/Jun/2016:03:53:51 +0000] "GET /58b7fad8eb8057c167ab13f5/annoyed/bomb/uso-v7.html HTTP/1.1" 400 1088 "-" "python-requests/2.12.4"
192.168.100.23 - - [25/Jun/2016:03:53:52 +0000] "GET /58b7fad8eb8057c167ab13f5/annoyed/bomb/uso-v7.html#stroke HTTP/1.1" 202 1921 "-" "python-requests/2.12.4"
10.10.10.10 - - [25/Jun/2016:03:53:54 +0000] "GET /-__factory__-/58b7fa50eb8057c167aae942/spiteful/rhel.html#awesome HTTP/1.1" 203 886 "-" "python-requests/2.12.4"
172.16.35.10 - - [25/Jun/2016:03:53:56 +0000] "GET /son/slim_/bizarre/kubuntu.html HTTP/1.1" 204 921 "-" "python-requests/2.12.4"
172.24.60.30 - - [25/Jun/2016:03:53:59 +0000] "GET /son/slim_/bizarre/kubuntu.html?fine=teeny HTTP/1.1" 401 1737 "-" "python-requests/2.12.4"
172.24.60.30 - - [25/Jun/2016:03:54:02 +0000] "GET /58b7fad8eb8057c167ab13f5/annoyed/bomb/uso-v7.html HTTP/1.1" 201 1262 "-" "python-requests/2.12.4"
172.24.60.30 - - [25/Jun/2016:03:54:02 +0000] "GET /glue/march/son/kubuntu.html HTTP/1.1" 205 1422 "-" "python-requests/2.12.4"
10.10.10.10 - - [25/Jun/2016:03:54:05 +0000] "GET /quiet/cagey/58b7fa50eb8057c167aae935/uso-v7.html HTTP/1.1" 203 1356 "-" "python-requests/2.12.4"
172.16.35.10 - - [25/Jun/2016:03:54:07 +0000] "GET /58b7fad8eb8057c167ab1400/__2016__2016/bomb/fedora.html HTTP/1.1" 204 539 "-" "python-requests/2.12.4"
172.16.35.10 - - [25/Jun/2016:03:54:10 +0000] "GET /58b7fad8eb8057c167ab1400/__2016__2016/bomb/fedora.html HTTP/1.1" 201 1729 "-" "python-requests/2.12.4"
10.10.10.10 - - [25/Jun/2016:03:54:12 +0000] "GET /note-book/58b7fa50eb8057c167aae935/first-committee-of-year/fedora.html HTTP/1.1" 204 660 "-" "python-requests/2.12.4"
192.168.100.23 - - [25/Jun/2016:03:54:15 +0000] "GET /bomb/bizarre/-__factory__-/rl-v5.html HTTP/1.1" 201 1249 "-" "python-requests/2.12.4"
8.8.8.8 - - [25/Jun/2016:03:54:17 +0000] "GET /slim_/58b7fa50eb8057c167aae93c/bizarre/ubuntu-gnome.html?sudden=furniture HTTP/1.1" 303 1749 "-" "python-requests/2.12.4"
10.10.10.10 - - [25/Jun/2016:03:54:17 +0000] "GET /-__factory__-/58b7fa50eb8057c167aae942/spiteful/rhel.html?friendly=van#anxious HTTP/1.1" 302 1948 "-" "python-requests/2.12.4"
172.24.60.30 - - [25/Jun/2016:03:54:17 +0000] "GET /glue/march/son/kubuntu.html HTTP/1.1" 204 1680 "-" "python-requests/2.12.4"
172.24.60.30 - - [25/Jun/2016:03:54:19 +0000] "GET /quiet/cagey/58b7fa50eb8057c167aae935/uso-v7.html HTTP/1.1" 205 945 "-" "python-requests/2.12.4"
8.8.8.8 - - [25/Jun/2016:03:54:22 +0000] "GET /slim_/58b7fa50eb8057c167aae93c/bizarre/ubuntu-gnome.html HTTP/1.1" 502 1539 "-" "python-requests/2.12.4"
1.2.3.4 - - [25/Jun/2016:03:54:24 +0000] "GET /slim_/58b7fa50eb8057c167aae93c/bizarre/ubuntu-gnome.html#route HTTP/1.1" 204 1604 "-" "python-requests/2.12.4"
10.10.10.10 - - [25/Jun/2016:03:54:25 +0000] "GET /annoyed/58b7fa50eb8057c167aae93c/bomb/fedora.html HTTP/1.1" 203 880 "-" "python-requests/2.12.4"
10.10.10.10 - - [25/Jun/2016:03:54:26 +0000] "GET /note-book/58b7fa50eb8057c167aae935/first-committee-of-year/fedora.html HTTP/1.1" 204 1535 "-" "python-requests/2.12.4"
10.10.10.10 - - [25/Jun/2016:03:54:28 +0000] "GET /quiet/cagey/58b7fa50eb8057c167aae935/uso-v7.html HTTP/1.1" 305 1004 "-" "python-requests/2.12.4"
172.16.35.10 - - [25/Jun/2016:03:54:28 +0000] "GET /58b7fad8eb8057c167ab1400/__2016__2016/bomb/fedora.html?friendly=bounce HTTP/1.1" 202 521 "-" "python-requests/2.12.4"
1.2.3.4 - - [25/Jun/2016:03:54:28 +0000] "GET /58b7fad8eb8057c167ab13f5/annoyed/bomb/uso-v7.html?trip=shaggy HTTP/1.1" 205 1044 "-" "python-requests/2.12.4"
172.24.60.30 - - [25/Jun/2016:03:54:29 +0000] "GET /note-book/58b7fa50eb8057c167aae935/first-committee-of-year/fedora.html?reason=steer#monkey HTTP/1.1" 403 1822 "-" "python-requests/2.12.4"
10.10.10.10 - - [25/Jun/2016:03:54:30 +0000] "GET /58b7fad8eb8057c167ab1400/__2016__2016/bomb/fedora.html HTTP/1.1" 201 1081 "-" "python-requests/2.12.4"
172.24.60.30 - - [25/Jun/2016:03:54:32 +0000] "GET /-__factory__-/58b7fa50eb8057c167aae942/spiteful/rhel.html HTTP/1.1" 205 1306 "-" "python-requests/2.12.4"
192.168.100.23 - - [25/Jun/2016:03:54:34 +0000] "GET /son/slim_/bizarre/kubuntu.html HTTP/1.1" 503 808 "-" "python-requests/2.12.4"
8.8.8.8 - - [25/Jun/2016:03:54:35 +0000] "GET /bomb/bizarre/-__factory__-/rl-v5.html?thoughtful=furniture HTTP/1.1" 203 841 "-" "python-requests/2.12.4"
10.10.10.10 - - [25/Jun/2016:03:54:35 +0000] "GET /58b7fad8eb8057c167ab13f5/annoyed/bomb/uso-v7.html HTTP/1.1" 505 569 "-" "python-requests/2.12.4"
172.16.35.10 - - [25/Jun/2016:03:54:38 +0000] "GET /annoyed/58b7fa50eb8057c167aae93c/bomb/fedora.html?permissible=recondite HTTP/1.1" 202 612 "-" "python-requests/2.12.4"
10.10.10.10 - - [25/Jun/2016:03:54:38 +0000] "GET /bomb/bizarre/-__factory__-/rl-v5.html HTTP/1.1" 202 822 "-" "python-requests/2.12.4"
1.2.3.4 - - [25/Jun/2016:03:54:39 +0000] "GET /note-book/58b7fa50eb8057c167aae935/first-committee-of-year/fedora.html HTTP/1.1" 204 865 "-" "python-requests/2.12.4"
8.8.8.8 - - [25/Jun/2016:03:54:39 +0000] "GET /bomb/bizarre/-__factory__-/rl-v5.html HTTP/1.1" 201 759 "-" "python-requests/2.12.4"
172.16.35.10 - - [25/Jun/2016:03:54:42 +0000] "GET /-__factory__-/58b7fa50eb8057c167aae942/spiteful/rhel.html HTTP/1.1" 504 1710 "-" "python-requests/2.12.4"
10.10.10.10 - - [25/Jun/2016:03:54:45 +0000] "GET /glue/march/son/kubuntu.html HTTP/1.1" 203 1131 "-" "python-requests/2.12.4"
192.168.100.23 - - [25/Jun/2016:03:54:46 +0000] "GET /-__factory__-/58b7fa50eb8057c167aae942/spiteful/rhel.html HTTP/1.1" 203 1057 "-" "python-requests/2.12.4"
1.2.3.4 - - [25/Jun/2016:03:54:47 +0000] "GET /glue/march/son/kubuntu.html?thoughtful=panicky HTTP/1.1" 505 706 "-" "python-requests/2.12.4"
172.16.35.10 - - [25/Jun/2016:03:54:47 +0000] "GET /glue/march/son/kubuntu.html#awesome HTTP/1.1" 205 1112 "-" "python-requests/2.12.4"
1.2.3.4 - - [25/Jun/2016:03:54:48 +0000] "GET /bomb/bizarre/-__factory__-/rl-v5.html HTTP/1.1" 202 1052 "-" "python-requests/2.12.4"
8.8.8.8 - - [25/Jun/2016:03:54:51 +0000] "GET /annoyed/58b7fa50eb8057c167aae93c/bomb/fedora.html?show=steer HTTP/1.1" 200 1756 "-" "python-requests/2.12.4"
172.16.35.10 - - [25/Jun/2016:03:54:54 +0000] "GET /glue/march/son/kubuntu.html HTTP/1.1" 500 1360 "-" "python-requests/2.12.4"
1.2.3.4 - - [25/Jun/2016:03:54:55 +0000] "GET /bomb/bizarre/-__factory__-/rl-v5.html#monkey HTTP/1.1" 305 1595 "-" "python-requests/2.12.4"
172.16.35.10 - - [25/Jun/2016:03:54:57 +0000] "GET /58b7fad8eb8057c167ab1400/__2016__2016/bomb/fedora.html HTTP/1.1" 203 1275 "-" "python-requests/2.12.4"
172.16.35.10 - - [25/Jun/2016:03:54:58 +0000] "GET /quiet/cagey/58b7fa50eb8057c167aae935/uso-v7.html HTTP/1.1" 205 1870 "-" "python-requests/2.12.4"
8.8.8.8 - - [25/Jun/2016:03:55:01 +0000] "GET /annoyed/58b7fa50eb8057c167aae93c/bomb/fedora.html HTTP/1.1" 201 1514 "-" "python-requests/2.12.4"
8.8.8.8 - - [25/Jun/2016:03:55:02 +0000] "GET /bomb/bizarre/-__factory__-/rl-v5.html#abaft HTTP/1.1" 401 1011 "-" "python-requests/2.12.4"
10.10.10.10 - - [25/Jun/2016:03:55:03 +0000] "GET /slim_/58b7fa50eb8057c167aae93c/bizarre/ubuntu-gnome.html HTTP/1.1" 502 1599 "-" "python-requests/2.12.4"
1.2.3.4 - - [25/Jun/2016:03:55:05 +0000] "GET /slim_/58b7fa50eb8057c167aae93c/bizarre/ubuntu-gnome.html?locket=steer#dramatic HTTP/1.1" 504 704 "-" "python-requests/2.12.4"
10.10.10.10 - - [25/Jun/2016:03:55:06 +0000] "GET /58b7fad8eb8057c167ab1400/__2016__2016/bomb/fedora.html?burst=mindless#water HTTP/1.1" 505 801 "-" "python-requests/2.12.4"
10.10.10.10 - - [25/Jun/2016:03:55:07 +0000] "GET /son/slim_/bizarre/kubuntu.html?sudden=shaggy HTTP/1.1" 202 1545 "-" "python-requests/2.12.4"
192.168.100.23 - - [25/Jun/2016:03:55:09 +0000] "GET /son/slim_/bizarre/kubuntu.html HTTP/1.1" 304 1640 "-" "python-requests/2.12.4"
1.2.3.4 - - [25/Jun/2016:03:55:12 +0000] "GET /-__factory__-/58b7fa50eb8057c167aae942/spiteful/rhel.html?dry=trip HTTP/1.1" 205 1886 "-" "python-requests/2.12.4"
172.24.60.30 - - [25/Jun/2016:03:55:15 +0000] "GET /-__factory__-/58b7fa50eb8057c167aae942/spiteful/rhel.html#post HTTP/1.1" 202 1029 "-" "python-requests/2.12.4"
172.16.35.10 - - [25/Jun/2016:03:55:17 +0000] "GET /slim_/58b7fa50eb8057c167aae93c/bizarre/ubuntu-gnome.html#dramatic HTTP/1.1" 203 1108 "-" "python-requests/2.12.4"
8.8.8.8 - - [25/Jun/2016:03:55:18 +0000] "GET /son/slim_/bizarre/kubuntu.html HTTP/1.1" 505 1714 "-" "python-requests/2.12.4"
1.2.3.4 - - [25/Jun/2016:03:55:21 +0000] "GET /note-book/58b7fa50eb8057c167aae935/first-committee-of-year/fedora.html HTTP/1.1" 403 641 "-" "python-requests/2.12.4"
172.16.35.10 - - [25/Jun/2016:03:55:21 +0000] "GET /-__factory__-/58b7fa50eb8057c167aae942/spiteful/rhel.html HTTP/1.1" 400 1396 "-" "python-requests/2.12.4"
8.8.8.8 - - [25/Jun/2016:03:55:23 +0000] "GET /son/slim_/bizarre/kubuntu.html HTTP/1.1" 300 1373 "-" "python-requests/2.12.4"
192.168.100.23 - - [25/Jun/2016:03:55:23 +0000] "GET /slim_/58b7fa50eb8057c167aae93c/bizarre/ubuntu-gnome.html HTTP/1.1" 202 1394 "-" "python-requests/2.12.4"
172.16.35.10 - - [25/Jun/2016:03:55:25 +0000] "GET /slim_/58b7fa50eb8057c167aae93c/bizarre/ubuntu-gnome.html HTTP/1.1" 202 887 "-" "python-requests/2.12.4"
192.168.100.23 - - [25/Jun/2016:03:55:25 +0000] "GET /son/slim_/bizarre/kubuntu.html#minor HTTP/1.1" 204 1966 "-" "python-requests/2.12.4"
10.10.10.10 - - [25/Jun/2016:03:55:28 +0000] "GET /annoyed/58b7fa50eb8057c167aae93c/bomb/fedora.html HTTP/1.1" 201 1521 "-" "python-requests/2.12.4"
172.16.35.10 - - [25/Jun/2016:03:55:29 +0000] "GET /58b7fad8eb8057c167ab13f5/annoyed/bomb/uso-v7.html HTTP/1.1" 205 540 "-" "python-requests/2.12.4"
8.8.8.8 - - [25/Jun/2016:03:55:29 +0000] "GET /slim_/58b7fa50eb8057c167aae93c/bizarre/ubuntu-gnome.html HTTP/1.1" 205 1643 "-" "python-requests/2.12.4"
8.8.8.8 - - [25/Jun/2016:03:55:29 +0000] "GET /glue/march/son/kubuntu.html HTTP/1.1" 503 1936 "-" "python-requests/2.12.4"
1.2.3.4 - - [25/Jun/2016:03:55:31 +0000] "GET /-__factory__-/58b7fa50eb8057c167aae942/spiteful/rhel.html HTTP/1.1" 205 652 "-" "python-requests/2.12.4"
192.168.100.23 - - [25/Jun/2016:03:55:33 +0000] "GET /bomb/bizarre/-__factory__-/rl-v5.html HTTP/1.1" 205 875 "-" "python-requests/2.12.4"
8.8.8.8 - - [25/Jun/2016:03:55:33 +0000] "GET /annoyed/58b7fa50eb8057c167aae93c/bomb/fedora.html HTTP/1.1" 502 1373 "-" "python-requests/2.12.4"
8.8.8.8 - - [25/Jun/2016:03:55:34 +0000] "GET /-__factory__-/58b7fa50eb8057c167aae942/spiteful/rhel.html HTTP/1.1" 504 1851 "-" "python-requests/2.12.4"
10.10.10.10 - - [25/Jun/2016:03:55:37 +0000] "GET /slim_/58b7fa50eb8057c167aae93c/bizarre/ubuntu-gnome.html HTTP/1.1" 305 1952 "-" "python-requests/2.12.4"
10.10.10.10 - - [25/Jun/2016:03:55:37 +0000] "GET /58b7fad8eb8057c167ab13f5/annoyed/bomb/uso-v7.html HTTP/1.1" 300 1798 "-" "python-requests/2.12.4"
192.168.100.23 - - [25/Jun/2016:03:55:40 +0000] "GET /bomb/bizarre/-__factory__-/rl-v5.html HTTP/1.1" 500 787 "-" "python-requests/2.12.4"
172.24.60.30 - - [25/Jun/2016:03:55:41 +0000] "GET /bomb/bizarre/-__factory__-/rl-v5.html HTTP/1.1" 205 1285 "-" "python-requests/2.12.4"
10.10.10.10 - - [25/Jun/2016:03:55:42 +0000] "GET /slim_/58b7fa50eb8057c167aae93c/bizarre/ubuntu-gnome.html HTTP/1.1" 200 577 "-" "python-requests/2.12.4"
10.10.10.10 - - [25/Jun/2016:03:55:44 +0000] "GET /quiet/cagey/58b7fa50eb8057c167aae935/uso-v7.html HTTP/1.1" 203 1364 "-" "python-requests/2.12.4"
1.2.3.4 - - [25/Jun/2016:03:55:45 +0000] "GET /note-book/58b7fa50eb8057c167aae935/first-committee-of-year/fedora.html HTTP/1.1" 204 711 "-" "python-requests/2.12.4"
8.8.8.8 - - [25/Jun/2016:03:55:46 +0000] "GET /-__factory__-/58b7fa50eb8057c167aae942/spiteful/rhel.html#immense HTTP/1.1" 502 552 "-" "python-requests/2.12.4"
8.8.8.8 - - [25/Jun/2016:03:55:47 +0000] "GET /58b7fad8eb8057c167ab1400/__2016__2016/bomb/fedora.html HTTP/1.1" 301 1860 "-" "python-requests/2.12.4"
172.24.60.30 - - [25/Jun/2016:03:55:49 +0000] "GET /son/slim_/bizarre/kubuntu.html HTTP/1.1" 203 1356 "-" "python-requests/2.12.4"
192.168.100.23 - - [25/Jun/2016:03:55:51 +0000] "GET /-__factory__-/58b7fa50eb8057c167aae942/spiteful/rhel.html#ignorant HTTP/1.1" 202 1276 "-" "python-requests/2.12.4"
172.24.60.30 - - [25/Jun/2016:03:55:53 +0000] "GET /bomb/bizarre/-__factory__-/rl-v5.html HTTP/1.1" 203 638 "-" "python-requests/2.12.4"
192.168.100.23 - - [25/Jun/2016:03:55:53 +0000] "GET /58b7fad8eb8057c167ab1400/__2016__2016/bomb/fedora.html?owe=milk HTTP/1.1" 205 1348 "-" "python-requests/2.12.4"
172.16.35.10 - - [25/Jun/2016:03:55:56 +0000] "GET /bomb/bizarre/-__factory__-/rl-v5.html HTTP/1.1" 205 1804 "-" "python-requests/2.12.4"
192.168.100.23 - - [25/Jun/2016:03:55:56 +0000] "GET /glue/march/son/kubuntu.html HTTP/1.1" 204 1819 "-" "python-requests/2.12.4"
172.24.60.30 - - [25/Jun/2016:03:55:58 +0000] "GET /bomb/bizarre/-__factory__-/rl-v5.html HTTP/1.1" 500 671 "-" "python-requests/2.12.4"
192.168.100.23 - - [25/Jun/2016:03:55:59 +0000] "GET /slim_/58b7fa50eb8057c167aae93c/bizarre/ubuntu-gnome.html HTTP/1.1" 205 1215 "-" "python-requests/2.12.4"
192.168.100.23 - - [25/Jun/2016:03:56:00 +0000] "GET /son/slim_/bizarre/kubuntu.html HTTP/1.1" 205 1346 "-" "python-requests/2.12.4"
172.24.60.30 - - [25/Jun/2016:03:56:03 +0000] "GET /-__factory__-/58b7fa50eb8057c167aae942/spiteful/rhel.html HTTP/1.1" 203 1885 "-" "python-requests/2.12.4"
1.2.3.4 - - [25/Jun/2016:03:56:04 +0000] "GET /glue/march/son/kubuntu.html HTTP/1.1" 205 583 "-" "python-requests/2.12.4"
172.24.60.30 - - [25/Jun/2016:03:56:05 +0000] "GET /-__factory__-/58b7fa50eb8057c167aae942/spiteful/rhel.html HTTP/1.1" 305 1570 "-" "python-requests/2.12.4"
10.10.10.10 - - [25/Jun/2016:03:56:08 +0000] "GET /note-book/58b7fa50eb8057c167aae935/first-committee-of-year/fedora.html?tasty=divide HTTP/1.1" 203 1672 "-" "python-requests/2.12.4"
172.16.35.10 - - [25/Jun/2016:03:56:09 +0000] "GET /son/slim_/bizarre/kubuntu.html HTTP/1.1" 202 692 "-" "python-requests/2.12.4"
192.168.100.23 - - [25/Jun/2016:03:56:09 +0000] "GET /glue/march/son/kubuntu.html HTTP/1.1" 200 1308 "-" "python-requests/2.12.4"
8.8.8.8 - - [25/Jun/2016:03:56:09 +0000] "GET /bomb/bizarre/-__factory__-/rl-v5.html HTTP/1.1" 203 598 "-" "python-requests/2.12.4"
192.168.100.23 - - [25/Jun/2016:03:56:09 +0000] "GET /58b7fad8eb8057c167ab13f5/annoyed/bomb/uso-v7.html HTTP/1.1" 204 1752 "-" "python-requests/2.12.4"
192.168.100.23 - - [25/Jun/2016:03:56:11 +0000] "GET /quiet/cagey/58b7fa50eb8057c167aae935/uso-v7.html?trip=recondite HTTP/1.1" 201 1106 "-" "python-requests/2.12.4"
192.168.100.23 - - [25/Jun/2016:03:56:14 +0000] "GET /slim_/58b7fa50eb8057c167aae93c/bizarre/ubuntu-gnome.html HTTP/1.1" 200 591 "-" "python-requests/2.12.4"
172.24.60.30 - - [25/Jun/2016:03:56:14 +0000] "GET /annoyed/58b7fa50eb8057c167aae93c/bomb/fedora.html HTTP/1.1" 202 1989 "-" "python-requests/2.12.4"
172.24.60.30 - - [25/Jun/2016:03:56:17 +0000] "GET /58b7fad8eb8057c167ab13f5/annoyed/bomb/uso-v7.html HTTP/1.1" 504 1957 "-" "python-requests/2.12.4"
172.16.35.10 - - [25/Jun/2016:03:56:18 +0000] "GET /-__factory__-/58b7fa50eb8057c167aae942/spiteful/rhel.html HTTP/1.1" 202 1081 "-" "python-requests/2.12.4"
10.10.10.10 - - [25/Jun/2016:03:56:18 +0000] "GET /quiet/cagey/58b7fa50eb8057c167aae935/uso-v7.html HTTP/1.1" 204 741 "-" "python-requests/2.12.4"
172.24.60.30 - - [25/Jun/2016:03:56:20 +0000] "GET /quiet/cagey/58b7fa50eb8057c167aae935/uso-v7.html HTTP/1.1" 201 1848 "-" "python-requests/2.12.4"
1.2.3.4 - - [25/Jun/2016:03:56:21 +0000] "GET /note-book/58b7fa50eb8057c167aae935/first-committee-of-year/fedora.html#close HTTP/1.1" 500 585 "-" "python-requests/2.12.4"
172.16.35.10 - - [25/Jun/2016:03:56:24 +0000] "GET /bomb/bizarre/-__factory__-/rl-v5.html HTTP/1.1" 200 1542 "-" "python-requests/2.12.4"
1.2.3.4 - - [25/Jun/2016:03:56:25 +0000] "GET /58b7fad8eb8057c167ab1400/__2016__2016/bomb/fedora.html HTTP/1.1" 201 1666 "-" "python-requests/2.12.4"
192.168.100.23 - - [25/Jun/2016:03:56:26 +0000] "GET /son/slim_/bizarre/kubuntu.html?owe=recondite HTTP/1.1" 204 1635 "-" "python-requests/2.12.4"
172.16.35.10 - - [25/Jun/2016:03:56:29 +0000] "GET /glue/march/son/kubuntu.html HTTP/1.1" 202 583 "-" "python-requests/2.12.4"
192.168.100.23 - - [25/Jun/2016:03:56:31 +0000] "GET /58b7fad8eb8057c167ab1400/__2016__2016/bomb/fedora.html HTTP/1.1" 300 504 "-" "python-requests/2.12.4"
172.24.60.30 - - [25/Jun/2016:03:56:34 +0000] "GET /58b7fad8eb8057c167ab1400/__2016__2016/bomb/fedora.html HTTP/1.1" 205 1277 "-" "python-requests/2.12.4"
10.10.10.10 - - [25/Jun/2016:03:56:35 +0000] "GET /-__factory__-/58b7fa50eb8057c167aae942/spiteful/rhel.html#minor HTTP/1.1" 200 1362 "-" "python-requests/2.12.4"
172.16.35.10 - - [25/Jun/2016:03:56:38 +0000] "GET /quiet/cagey/58b7fa50eb8057c167aae935/uso-v7.html HTTP/1.1" 205 1260 "-" "python-requests/2.12.4"
172.16.35.10 - - [25/Jun/2016:03:56:39 +0000] "GET /quiet/cagey/58b7fa50eb8057c167aae935/uso-v7.html HTTP/1.1" 201 938 "-" "python-requests/2.12.4"
10.10.10.10 - - [25/Jun/2016:03:56:42 +0000] "GET /slim_/58b7fa50eb8057c167aae93c/bizarre/ubuntu-gnome.html?clip=steer HTTP/1.1" 200 1340 "-" "python-requests/2.12.4"
1.2.3.4 - - [25/Jun/2016:03:56:43 +0000] "GET /son/slim_/bizarre/kubuntu.html?quack=milk HTTP/1.1" 200 1574 "-" "python-requests/2.12.4"
10.10.10.10 - - [25/Jun/2016:03:56:46 +0000] "GET /glue/march/son/kubuntu.html?reason=husky#monkey HTTP/1.1" 201 552 "-" "python-requests/2.12.4"
8.8.8.8 - - [25/Jun/2016:03:56:49 +0000] "GET /note-book/58b7fa50eb8057c167aae935/first-committee-of-year/fedora.html HTTP/1.1" 302 777 "-" "python-requests/2.12.4"
172.24.60.30 - - [25/Jun/2016:03:56:49 +0000] "GET /note-book/58b7fa50eb8057c167aae935/first-committee-of-year/fedora.html HTTP/1.1" 300 1169 "-" "python-requests/2.12.4"
192.168.100.23 - - [25/Jun/2016:03:56:50 +0000] "GET /58b7fad8eb8057c167ab13f5/annoyed/bomb/uso-v7.html HTTP/1.1" 201 1447 "-" "python-requests/2.12.4"
192.168.100.23 - - [25/Jun/2016:03:56:50 +0000] "GET /slim_/58b7fa50eb8057c167aae93c/bizarre/ubuntu-gnome.html HTTP/1.1" 401 1537 "-" "python-requests/2.12.4"
172.24.60.30 - - [25/Jun/2016:03:56:51 +0000] "GET /bomb/bizarre/-__factory__-/rl-v5.html?owe=recondite HTTP/1.1" 205 1759 "-" "python-requests/2.12.4"
1.2.3.4 - - [25/Jun/2016:03:56:52 +0000] "GET /-__factory__-/58b7fa50eb8057c167aae942/spiteful/rhel.html HTTP/1.1" 404 1358 "-" "python-requests/2.12.4"
1.2.3.4 - - [25/Jun/2016:03:56:52 +0000] "GET /glue/march/son/kubuntu.html?clip=steer HTTP/1.1" 201 1734 "-" "python-requests/2.12.4"
192.168.100.23 - - [25/Jun/2016:03:56:53 +0000] "GET /58b7fad8eb8057c167ab13f5/annoyed/bomb/uso-v7.html?permissible=trip HTTP/1.1" 203 895 "-" "python-requests/2.12.4"
172.16.35.10 - - [25/Jun/2016:03:56:55 +0000] "GET /annoyed/58b7fa50eb8057c167aae93c/bomb/fedora.html#close HTTP/1.1" 200 1996 "-" "python-requests/2.12.4"
8.8.8.8 - - [25/Jun/2016:03:56:55 +0000] "GET /glue/march/son/kubuntu.html?drink=steer#monkey HTTP/1.1" 400 1900 "-" "python-requests/2.12.4"
192.168.100.23 - - [25/Jun/2016:03:56:58 +0000] "GET /58b7fad8eb8057c167ab1400/__2016__2016/bomb/fedora.html HTTP/1.1" 302 1098 "-" "python-requests/2.12.4"
172.16.35.10 - - [25/Jun/2016:03:56:58 +0000] "GET /son/slim_/bizarre/kubuntu.html HTTP/1.1" 201 1057 "-" "python-requests/2.12.4"
10.10.10.10 - - [25/Jun/2016:03:57:00 +0000] "GET /quiet/cagey/58b7fa50eb8057c167aae935/uso-v7.html#modern HTTP/1.1" 400 1940 "-" "python-requests/2.12.4"
8.8.8.8 - - [25/Jun/2016:03:57:03 +0000] "GET /glue/march/son/kubuntu.html#monkey HTTP/1.1" 305 1115 "-" "python-requests/2.12.4"
1.2.3.4 - - [25/Jun/2016:03:57:03 +0000] "GET /-__factory__-/58b7fa50eb8057c167aae942/spiteful/rhel.html HTTP/1.1" 403 510 "-" "python-requests/2.12.4"
10.10.10.10 - - [25/Jun/2016:03:57:06 +0000] "GET /bomb/bizarre/-__factory__-/rl-v5.html HTTP/1.1" 204 1052 "-" "python-requests/2.12.4"
172.16.35.10 - - [25/Jun/2016:03:57:07 +0000] "GET /58b7fad8eb8057c167ab13f5/annoyed/bomb/uso-v7.html HTTP/1.1" 201 1814 "-" "python-requests/2.12.4"
8.8.8.8 - - [25/Jun/2016:03:57:08 +0000] "GET /glue/march/son/kubuntu.html HTTP/1.1" 203 1634 "-" "python-requests/2.12.4"
172.16.35.10 - - [25/Jun/2016:03:57:11 +0000] "GET /-__factory__-/58b7fa50eb8057c167aae942/spiteful/rhel.html HTTP/1.1" 205 1022 "-" "python-requests/2.12.4"
10.10.10.10 - - [25/Jun/2016:03:57:11 +0000] "GET /quiet/cagey/58b7fa50eb8057c167aae935/uso-v7.html HTTP/1.1" 200 1771 "-" "python-requests/2.12.4"
8.8.8.8 - - [25/Jun/2016:03:57:11 +0000] "GET /bomb/bizarre/-__factory__-/rl-v5.html HTTP/1.1" 201 1838 "-" "python-requests/2.12.4"
172.24.60.30 - - [25/Jun/2016:03:57:12 +0000] "GET /note-book/58b7fa50eb8057c167aae935/first-committee-of-year/fedora.html HTTP/1.1" 204 1891 "-" "python-requests/2.12.4"
10.10.10.10 - - [25/Jun/2016:03:57:14 +0000] "GET /quiet/cagey/58b7fa50eb8057c167aae935/uso-v7.html HTTP/1.1" 204 1803 "-" "python-requests/2.12.4"
1.2.3.4 - - [25/Jun/2016:03:57:16 +0000] "GET /slim_/58b7fa50eb8057c167aae93c/bizarre/ubuntu-gnome.html HTTP/1.1" 404 1554 "-" "python-requests/2.12.4"
172.16.35.10 - - [25/Jun/2016:03:57:19 +0000] "GET /58b7fad8eb8057c167ab13f5/annoyed/bomb/uso-v7.html?show=furniture HTTP/1.1" 302 1757 "-" "python-requests/2.12.4"
192.168.100.23 - - [25/Jun/2016:03:57:21 +0000] "GET /glue/march/son/kubuntu.html HTTP/1.1" 200 1362 "-" "python-requests/2.12.4"
192.168.100.23 - - [25/Jun/2016:03:57:23 +0000] "GET /58b7fad8eb8057c167ab1400/__2016__2016/bomb/fedora.html HTTP/1.1" 202 1104 "-" "python-requests/2.12.4"
172.16.35.10 - - [25/Jun/2016:03:57:23 +0000] "GET /-__factory__-/58b7fa50eb8057c167aae942/spiteful/rhel.html#grateful HTTP/1.1" 203 608 "-" "python-requests/2.12.4"
172.16.35.10 - - [25/Jun/2016:03:57:24 +0000] "GET /58b7fad8eb8057c167ab1400/__2016__2016/bomb/fedora.html?suggest=furniture#colour HTTP/1.1" 405 891 "-" "python-requests/2.12.4"
172.24.60.30 - - [25/Jun/2016:03:57:26 +0000] "GET /slim_/58b7fa50eb8057c167aae93c/bizarre/ubuntu-gnome.html HTTP/1.1" 201 659 "-" "python-requests/2.12.4"
10.10.10.10 - - [25/Jun/2016:03:57:28 +0000] "GET /son/slim_/bizarre/kubuntu.html HTTP/1.1" 203 627 "-" "python-requests/2.12.4"
172.24.60.30 - - [25/Jun/2016:03:57:29 +0000] "GET /quiet/cagey/58b7fa50eb8057c167aae935/uso-v7.html HTTP/1.1" 204 1301 "-" "python-requests/2.12.4"
1.2.3.4 - - [25/Jun/2016:03:57:32 +0000] "GET /glue/march/son/kubuntu.html HTTP/1.1" 201 1202 "-" "python-requests/2.12.4"
192.168.100.23 - - [25/Jun/2016:03:57:34 +0000] "GET /58b7fad8eb8057c167ab1400/__2016__2016/bomb/fedora.html HTTP/1.1" 403 1838 "-" "python-requests/2.12.4"
8.8.8.8 - - [25/Jun/2016:03:57:34 +0000] "GET /slim_/58b7fa50eb8057c167aae93c/bizarre/ubuntu-gnome.html HTTP/1.1" 202 859 "-" "python-requests/2.12.4"
192.168.100.23 - - [25/Jun/2016:03:57:37 +0000] "GET /bomb/bizarre/-__factory__-/rl-v5.html HTTP/1.1" 404 570 "-" "python-requests/2.12.4"
172.16.35.10 - - [25/Jun/2016:03:57:40 +0000] "GET /note-book/58b7fa50eb8057c167aae935/first-committee-of-year/fedora.html?trip=husky HTTP/1.1" 301 1662 "-" "python-requests/2.12.4"
10.10.10.10 - - [25/Jun/2016:03:57:43 +0000] "GET /58b7fad8eb8057c167ab1400/__2016__2016/bomb/fedora.html?burst=mind HTTP/1.1" 305 1414 "-" "python-requests/2.12.4"
10.10.10.10 - - [25/Jun/2016:03:57:45 +0000] "GET /son/slim_/bizarre/kubuntu.html HTTP/1.1" 504 981 "-" "python-requests/2.12.4"
192.168.100.23 - - [25/Jun/2016:03:57:47 +0000] "GET /bomb/bizarre/-__factory__-/rl-v5.html HTTP/1.1" 504 520 "-" "python-requests/2.12.4"
192.168.100.23 - - [25/Jun/2016:03:57:49 +0000] "GET /son/slim_/bizarre/kubuntu.html HTTP/1.1" 201 1804 "-" "python-requests/2.12.4"
8.8.8.8 - - [25/Jun/2016:03:57:49 +0000] "GET /glue/march/son/kubuntu.html HTTP/1.1" 301 971 "-" "python-requests/2.12.4"
8.8.8.8 - - [25/Jun/2016:03:57:49 +0000] "GET /bomb/bizarre/-__factory__-/rl-v5.html?suggest=mindless HTTP/1.1" 203 755 "-" "python-requests/2.12.4"
8.8.8.8 - - [25/Jun/2016:03:57:52 +0000] "GET /note-book/58b7fa50eb8057c167aae935/first-committee-of-year/fedora.html HTTP/1.1" 202 1941 "-" "python-requests/2.12.4"
8.8.8.8 - - [25/Jun/2016:03:57:55 +0000] "GET /58b7fad8eb8057c167ab1400/__2016__2016/bomb/fedora.html#monkey HTTP/1.1" 205 1026 "-" "python-requests/2.12.4"
172.24.60.30 - - [25/Jun/2016:03:57:57 +0000] "GET /-__factory__-/58b7fa50eb8057c167aae942/spiteful/rhel.html HTTP/1.1" 201 1891 "-" "python-requests/2.12.4"
1.2.3.4 - - [25/Jun/2016:03:57:58 +0000] "GET /quiet/cagey/58b7fa50eb8057c167aae935/uso-v7.html HTTP/1.1" 502 972 "-" "python-requests/2.12.4"
8.8.8.8 - - [25/Jun/2016:03:57:59 +0000] "GET /annoyed/58b7fa50eb8057c167aae93c/bomb/fedora.html HTTP/1.1" 203 655 "-" "python-requests/2.12.4"
8.8.8.8 - - [25/Jun/2016:03:58:00 +0000] "GET /slim_/58b7fa50eb8057c167aae93c/bizarre/ubuntu-gnome.html HTTP/1.1" 204 1470 "-" "python-requests/2.12.4"
172.24.60.30 - - [25/Jun/2016:03:58:03 +0000] "GET /58b7fad8eb8057c167ab13f5/annoyed/bomb/uso-v7.html#dapper HTTP/1.1" 200 1289 "-" "python-requests/2.12.4"
192.168.100.23 - - [25/Jun/2016:03:58:05 +0000] "GET /note-book/58b7fa50eb8057c167aae935/first-committee-of-year/fedora.html HTTP/1.1" 405 1984 "-" "python-requests/2.12.4"
10.10.10.10 - - [25/Jun/2016:03:58:05 +0000] "GET /bomb/bizarre/-__factory__-/rl-v5.html HTTP/1.1" 505 1276 "-" "python-requests/2.12.4"
10.10.10.10 - - [25/Jun/2016:03:58:07 +0000] "GET /slim_/58b7fa50eb8057c167aae93c/bizarre/ubuntu-gnome.html HTTP/1.1" 503 516 "-" "python-requests/2.12.4"
8.8.8.8 - - [25/Jun/2016:03:58:10 +0000] "GET /58b7fad8eb8057c167ab1400/__2016__2016/bomb/fedora.html HTTP/1.1" 202 1979 "-" "python-requests/2.12.4"
10.10.10.10 - - [25/Jun/2016:03:58:11 +0000] "GET /glue/march/son/kubuntu.html?volatile=panicky#grateful HTTP/1.1" 201 1589 "-" "python-requests/2.12.4"
172.16.35.10 - - [25/Jun/2016:03:58:12 +0000] "GET /quiet/cagey/58b7fa50eb8057c167aae935/uso-v7.html?quack=milk HTTP/1.1" 200 580 "-" "python-requests/2.12.4"
172.16.35.10 - - [25/Jun/2016:03:58:13 +0000] "GET /note-book/58b7fa50eb8057c167aae935/first-committee-of-year/fedora.html HTTP/1.1" 200 1454 "-" "python-requests/2.12.4"
1.2.3.4 - - [25/Jun/2016:03:58:14 +0000] "GET /son/slim_/bizarre/kubuntu.html HTTP/1.1" 404 1523 "-" "python-requests/2.12.4"
10.10.10.10 - - [25/Jun/2016:03:58:15 +0000] "GET /annoyed/58b7fa50eb8057c167aae93c/bomb/fedora.html HTTP/1.1" 405 983 "-" "python-requests/2.12.4"
1.2.3.4 - - [25/Jun/2016:03:58:18 +0000] "GET /glue/march/son/kubuntu.html?friendly=fact HTTP/1.1" 502 1552 "-" "python-requests/2.12.4"
172.24.60.30 - - [25/Jun/2016:03:58:21 +0000] "GET /note-book/58b7fa50eb8057c167aae935/first-committee-of-year/fedora.html HTTP/1.1" 502 1797 "-" "python-requests/2.12.4"
10.10.10.10 - - [25/Jun/2016:03:58:24 +0000] "GET /58b7fad8eb8057c167ab13f5/annoyed/bomb/uso-v7.html HTTP/1.1" 200 619 "-" "python-requests/2.12.4"
172.24.60.30 - - [25/Jun/2016:03:58:26 +0000] "GET /-__factory__-/58b7fa50eb8057c167aae942/spiteful/rhel.html?drink=furniture HTTP/1.1" 200 846 "-" "python-requests/2.12.4"
172.24.60.30 - - [25/Jun/2016:03:58:27 +0000] "GET /annoyed/58b7fa50eb8057c167aae93c/bomb/fedora.html HTTP/1.1" 400 1512 "-" "python-requests/2.12.4"
8.8.8.8 - - [25/Jun/2016:03:58:27 +0000] "GET /son/slim_/bizarre/kubuntu.html HTTP/1.1" 301 736 "-" "python-requests/2.12.4"
1.2.3.4 - - [25/Jun/2016:03:58:28 +0000] "GET /annoyed/58b7fa50eb8057c167aae93c/bomb/fedora.html?drink=panicky HTTP/1.1" 501 960 "-" "python-requests/2.12.4"
8.8.8.8 - - [25/Jun/2016:03:58:28 +0000] "GET /glue/march/son/kubuntu.html HTTP/1.1" 201 1194 "-" "python-requests/2.12.4"
172.24.60.30 - - [25/Jun/2016:03:58:31 +0000] "GET /-__factory__-/58b7fa50eb8057c167aae942/spiteful/rhel.html HTTP/1.1" 203 1374 "-" "python-requests/2.12.4"
192.168.100.23 - - [25/Jun/2016:03:58:33 +0000] "GET /note-book/58b7fa50eb8057c167aae935/first-committee-of-year/fedora.html#abaft HTTP/1.1" 201 1814 "-" "python-requests/2.12.4"
172.16.35.10 - - [25/Jun/2016:03:58:34 +0000] "GET /58b7fad8eb8057c167ab1400/__2016__2016/bomb/fedora.html?clip=divide HTTP/1.1" 401 886 "-" "python-requests/2.12.4"
1.2.3.4 - - [25/Jun/2016:03:58:36 +0000] "GET /slim_/58b7fa50eb8057c167aae93c/bizarre/ubuntu-gnome.html?friendly=milk HTTP/1.1" 203 739 "-" "python-requests/2.12.4"
10.10.10.10 - - [25/Jun/2016:03:58:38 +0000] "GET /-__factory__-/58b7fa50eb8057c167aae942/spiteful/rhel.html HTTP/1.1" 405 1034 "-" "python-requests/2.12.4"
8.8.8.8 - - [25/Jun/2016:03:58:41 +0000] "GET /-__factory__-/58b7fa50eb8057c167aae942/spiteful/rhel.html#colour HTTP/1.1" 202 1261 "-" "python-requests/2.12.4"
8.8.8.8 - - [25/Jun/2016:03:58:43 +0000] "GET /slim_/58b7fa50eb8057c167aae93c/bizarre/ubuntu-gnome.html HTTP/1.1" 204 1687 "-" "python-requests/2.12.4"
8.8.8.8 - - [25/Jun/2016:03:58:46 +0000] "GET /58b7fad8eb8057c167ab13f5/annoyed/bomb/uso-v7.html HTTP/1.1" 302 578 "-" "python-requests/2.12.4"
8.8.8.8 - - [25/Jun/2016:03:58:49 +0000] "GET /glue/march/son/kubuntu.html HTTP/1.1" 201 1689 "-" "python-requests/2.12.4"
1.2.3.4 - - [25/Jun/2016:03:58:49 +0000] "GET /slim_/58b7fa50eb8057c167aae93c/bizarre/ubuntu-gnome.html#immense HTTP/1.1" 504 1517 "-" "python-requests/2.12.4"
1.2.3.4 - - [25/Jun/2016:03:58:52 +0000] "GET /note-book/58b7fa50eb8057c167aae935/first-committee-of-year/fedora.html#immense HTTP/1.1" 403 858 "-" "python-requests/2.12.4"
172.24.60.30 - - [25/Jun/2016:03:58:52 +0000] "GET /58b7fad8eb8057c167ab1400/__2016__2016/bomb/fedora.html?giraffe=undesirable HTTP/1.1" 203 1927 "-" "python-requests/2.12.4"
172.16.35.10 - - [25/Jun/2016:03:58:53 +0000] "GET /annoyed/58b7fa50eb8057c167aae93c/bomb/fedora.html HTTP/1.1" 203 1248 "-" "python-requests/2.12.4"
172.24.60.30 - - [25/Jun/2016:03:58:56 +0000] "GET /son/slim_/bizarre/kubuntu.html?burst=van HTTP/1.1" 202 1679 "-" "python-requests/2.12.4"
172.24.60.30 - - [25/Jun/2016:03:58:57 +0000] "GET /bomb/bizarre/-__factory__-/rl-v5.html?friendly=mind HTTP/1.1" 201 1528 "-" "python-requests/2.12.4"
10.10.10.10 - - [25/Jun/2016:03:58:58 +0000] "GET /quiet/cagey/58b7fa50eb8057c167aae935/uso-v7.html HTTP/1.1" 503 647 "-" "python-requests/2.12.4"
172.16.35.10 - - [25/Jun/2016:03:58:58 +0000] "GET /son/slim_/bizarre/kubuntu.html HTTP/1.1" 200 582 "-" "python-requests/2.12.4"
8.8.8.8 - - [25/Jun/2016:03:59:01 +0000] "GET /bomb/bizarre/-__factory__-/rl-v5.html?quack=mindless HTTP/1.1" 304 589 "-" "python-requests/2.12.4"
10.10.10.10 - - [25/Jun/2016:03:59:02 +0000] "GET /annoyed/58b7fa50eb8057c167aae93c/bomb/fedora.html#bashful HTTP/1.1" 200 899 "-" "python-requests/2.12.4"
172.24.60.30 - - [25/Jun/2016:03:59:05 +0000] "GET /glue/march/son/kubuntu.html?burst=undesirable#stroke HTTP/1.1" 501 1617 "-" "python-requests/2.12.4"
8.8.8.8 - - [25/Jun/2016:03:59:08 +0000] "GET /son/slim_/bizarre/kubuntu.html HTTP/1.1" 503 518 "-" "python-requests/2.12.4"
172.24.60.30 - - [25/Jun/2016:03:59:10 +0000] "GET /58b7fad8eb8057c167ab13f5/annoyed/bomb/uso-v7.html#immense HTTP/1.1" 503 1781 "-" "python-requests/2.12.4"
10.10.10.10 - - [25/Jun/2016:03:59:11 +0000] "GET /-__factory__-/58b7fa50eb8057c167aae942/spiteful/rhel.html HTTP/1.1" 202 1854 "-" "python-requests/2.12.4"
192.168.100.23 - - [25/Jun/2016:03:59:11 +0000] "GET /58b7fad8eb8057c167ab1400/__2016__2016/bomb/fedora.html HTTP/1.1" 201 1748 "-" "python-requests/2.12.4"
1.2.3.4 - - [25/Jun/2016:03:59:11 +0000] "GET /bomb/bizarre/-__factory__-/rl-v5.html HTTP/1.1" 404 1416 "-" "python-requests/2.12.4"
172.16.35.10 - - [25/Jun/2016:03:59:14 +0000] "GET /quiet/cagey/58b7fa50eb8057c167aae935/uso-v7.html HTTP/1.1" 203 1915 "-" "python-requests/2.12.4"
192.168.100.23 - - [25/Jun/2016:03:59:15 +0000] "GET /annoyed/58b7fa50eb8057c167aae93c/bomb/fedora.html HTTP/1.1" 203 1869 "-" "python-requests/2.12.4"
172.24.60.30 - - [25/Jun/2016:03:59:18 +0000] "GET /slim_/58b7fa50eb8057c167aae93c/bizarre/ubuntu-gnome.html?locket=trip HTTP/1.1" 205 915 "-" "python-requests/2.12.4"
192.168.100.23 - - [25/Jun/2016:03:59:20 +0000] "GET /58b7fad8eb8057c167ab13f5/annoyed/bomb/uso-v7.html HTTP/1.1" 201 826 "-" "python-requests/2.12.4"
10.10.10.10 - - [25/Jun/2016:03:59:20 +0000] "GET /note-book/58b7fa50eb8057c167aae935/first-committee-of-year/fedora.html#bashful HTTP/1.1" 403 1394 "-" "python-requests/2.12.4"
8.8.8.8 - - [25/Jun/2016:03:59:20 +0000] "GET /bomb/bizarre/-__factory__-/rl-v5.html#anxious HTTP/1.1" 200 1751 "-" "python-requests/2.12.4"
192.168.100.23 - - [25/Jun/2016:03:59:23 +0000] "GET /58b7fad8eb8057c167ab13f5/annoyed/bomb/uso-v7.html HTTP/1.1" 402 805 "-" "python-requests/2.12.4"
172.24.60.30 - - [25/Jun/2016:03:59:24 +0000] "GET /-__factory__-/58b7fa50eb8057c167aae942/spiteful/rhel.html#wish HTTP/1.1" 201 1359 "-" "python-requests/2.12.4"
172.16.35.10 - - [25/Jun/2016:03:59:24 +0000] "GET /quiet/cagey/58b7fa50eb8057c167aae935/uso-v7.html#awesome HTTP/1.1" 202 666 "-" "python-requests/2.12.4"
172.16.35.10 - - [25/Jun/2016:03:59:24 +0000] "GET /58b7fad8eb8057c167ab13f5/annoyed/bomb/uso-v7.html HTTP/1.1" 204 1120 "-" "python-requests/2.12.4"
1.2.3.4 - - [25/Jun/2016:03:59:26 +0000] "GET /58b7fad8eb8057c167ab13f5/annoyed/bomb/uso-v7.html#colour HTTP/1.1" 203 1849 "-" "python-requests/2.12.4"
172.24.60.30 - - [25/Jun/2016:03:59:26 +0000] "GET /-__factory__-/58b7fa50eb8057c167aae942/spiteful/rhel.html HTTP/1.1" 503 860 "-" "python-requests/2.12.4"
172.16.35.10 - - [25/Jun/2016:03:59:29 +0000] "GET /annoyed/58b7fa50eb8057c167aae93c/bomb/fedora.html HTTP/1.1" 504 1305 "-" "python-requests/2.12.4"
10.10.10.10 - - [25/Jun/2016:03:59:32 +0000] "GET /quiet/cagey/58b7fa50eb8057c167aae935/uso-v7.html?trip=recondite HTTP/1.1" 200 1400 "-" "python-requests/2.12.4"
1.2.3.4 - - [25/Jun/2016:03:59:32 +0000] "GET /son/slim_/bizarre/kubuntu.html?thoughtful=divide HTTP/1.1" 202 1954 "-" "python-requests/2.12.4"
192.168.100.23 - - [25/Jun/2016:03:59:32 +0000] "GET /note-book/58b7fa50eb8057c167aae935/first-committee-of-year/fedora.html HTTP/1.1" 203 887 "-" "python-requests/2.12.4"
8.8.8.8 - - [25/Jun/2016:03:59:34 +0000] "GET /-__factory__-/58b7fa50eb8057c167aae942/spiteful/rhel.html HTTP/1.1" 201 1344 "-" "python-requests/2.12.4"
172.16.35.10 - - [25/Jun/2016:03:59:36 +0000] "GET /note-book/58b7fa50eb8057c167aae935/first-committee-of-year/fedora.html?tasty=trip#route HTTP/1.1" 504 1742 "-" "python-requests/2.12.4"
10.10.10.10 - - [25/Jun/2016:03:59:37 +0000] "GET /annoyed/58b7fa50eb8057c167aae93c/bomb/fedora.html HTTP/1.1" 201 1737 "-" "python-requests/2.12.4"
172.16.35.10 - - [25/Jun/2016:03:59:38 +0000] "GET /-__factory__-/58b7fa50eb8057c167aae942/spiteful/rhel.html HTTP/1.1" 303 1170 "-" "python-requests/2.12.4"
172.24.60.30 - - [25/Jun/2016:03:59:40 +0000] "GET /-__factory__-/58b7fa50eb8057c167aae942/spiteful/rhel.html?sudden=bounce HTTP/1.1" 505 650 "-" "python-requests/2.12.4"
172.16.35.10 - - [25/Jun/2016:03:59:42 +0000] "GET /glue/march/son/kubuntu.html HTTP/1.1" 201 511 "-" "python-requests/2.12.4"
10.10.10.10 - - [25/Jun/2016:03:59:42 +0000] "GET /glue/march/son/kubuntu.html?tasty=teeny HTTP/1.1" 202 1450 "-" "python-requests/2.12.4"
1.2.3.4 - - [25/Jun/2016:03:59:42 +0000] "GET /quiet/cagey/58b7fa50eb8057c167aae935/uso-v7.html HTTP/1.1" 201 989 "-" "python-requests/2.12.4"
8.8.8.8 - - [25/Jun/2016:03:59:44 +0000] "GET /-__factory__-/58b7fa50eb8057c167aae942/spiteful/rhel.html HTTP/1.1" 503 1144 "-" "python-requests/2.12.4"
1.2.3.4 - - [25/Jun/2016:03:59:47 +0000] "GET /glue/march/son/kubuntu.html#grateful HTTP/1.1" 203 537 "-" "python-requests/2.12.4"
192.168.100.23 - - [25/Jun/2016:03:59:49 +0000] "GET /bomb/bizarre/-__factory__-/rl-v5.html HTTP/1.1" 202 1914 "-" "python-requests/2.12.4"
1.2.3.4 - - [25/Jun/2016:03:59:51 +0000] "GET /glue/march/son/kubuntu.html#anxious HTTP/1.1" 203 1852 "-" "python-requests/2.12.4"
172.16.35.10 - - [25/Jun/2016:03:59:54 +0000] "GET /bomb/bizarre/-__factory__-/rl-v5.html HTTP/1.1" 502 1531 "-" "python-requests/2.12.4"
1.2.3.4 - - [25/Jun/2016:03:59:56 +0000] "GET /quiet/cagey/58b7fa50eb8057c167aae935/uso-v7.html?clip=mind#wish HTTP/1.1" 203 1339 "-" "python-requests/2.12.4"
8.8.8.8 - - [25/Jun/2016:03:59:56 +0000] "GET /slim_/58b7fa50eb8057c167aae93c/bizarre/ubuntu-gnome.html?drink=recondite HTTP/1.1" 201 843 "-" "python-requests/2.12.4"
8.8.8.8 - - [25/Jun/2016:03:59:59 +0000] "GET /glue/march/son/kubuntu.html?thoughtful=reduce#dapper HTTP/1.1" 405 1843 "-" "python-requests/2.12.4"
8.8.8.8 - - [25/Jun/2016:04:00:02 +0000] "GET /son/slim_/bizarre/kubuntu.html?thoughtful=van#awesome HTTP/1.1" 305 902 "-" "python-requests/2.12.4"
172.24.60.30 - - [25/Jun/2016:04:00:03 +0000] "GET /annoyed/58b7fa50eb8057c167aae93c/bomb/fedora.html?quack=reduce HTTP/1.1" 303 1056 "-" "python-requests/2.12.4"
10.10.10.10 - - [25/Jun/2016:04:00:05 +0000] "GET /-__factory__-/58b7fa50eb8057c167aae942/spiteful/rhel.html HTTP/1.1" 205 503 "-" "python-requests/2.12.4"
8.8.8.8 - - [25/Jun/2016:04:00:05 +0000] "GET /quiet/cagey/58b7fa50eb8057c167aae935/uso-v7.html HTTP/1.1" 302 980 "-" "python-requests/2.12.4"
8.8.8.8 - - [25/Jun/2016:04:00:06 +0000] "GET /58b7fad8eb8057c167ab13f5/annoyed/bomb/uso-v7.html HTTP/1.1" 200 572 "-" "python-requests/2.12.4"
172.24.60.30 - - [25/Jun/2016:04:00:06 +0000] "GET /58b7fad8eb8057c167ab13f5/annoyed/bomb/uso-v7.html?reason=divide HTTP/1.1" 205 966 "-" "python-requests/2.12.4"
1.2.3.4 - - [25/Jun/2016:04:00:08 +0000] "GET /slim_/58b7fa50eb8057c167aae93c/bizarre/ubuntu-gnome.html?clip=mind HTTP/1.1" 503 1887 "-" "python-requests/2.12.4"
172.24.60.30 - - [25/Jun/2016:04:00:11 +0000] "GET /bomb/bizarre/-__factory__-/rl-v5.html HTTP/1.1" 503 758 "-" "python-requests/2.12.4"
8.8.8.8 - - [25/Jun/2016:04:00:12 +0000] "GET /58b7fad8eb8057c167ab13f5/annoyed/bomb/uso-v7.html HTTP/1.1" 305 1620 "-" "python-requests/2.12.4"
172.24.60.30 - - [25/Jun/2016:04:00:14 +0000] "GET /glue/march/son/kubuntu.html HTTP/1.1" 500 1395 "-" "python-requests/2.12.4"
8.8.8.8 - - [25/Jun/2016:04:00:15 +0000] "GET /-__factory__-/58b7fa50eb8057c167aae942/spiteful/rhel.html?reason=panicky#post HTTP/1.1" 301 1891 "-" "python-requests/2.12.4"
8.8.8.8 - - [25/Jun/2016:04:00:16 +0000] "GET /58b7fad8eb8057c167ab1400/__2016__2016/bomb/fedora.html?owe=furniture HTTP/1.1" 202 762 "-" "python-requests/2.12.4"
10.10.10.10 - - [25/Jun/2016:04:00:18 +0000] "GET /glue/march/son/kubuntu.html HTTP/1.1" 202 1861 "-" "python-requests/2.12.4"
10.10.10.10 - - [25/Jun/2016:04:00:21 +0000] "GET /quiet/cagey/58b7fa50eb8057c167aae935/uso-v7.html HTTP/1.1" 403 1265 "-" "python-requests/2.12.4"
8.8.8.8 - - [25/Jun/2016:04:00:23 +0000] "GET /58b7fad8eb8057c167ab1400/__2016__2016/bomb/fedora.html HTTP/1.1" 205 523 "-" "python-requests/2.12.4"
172.16.35.10 - - [25/Jun/2016:04:00:25 +0000] "GET /note-book/58b7fa50eb8057c167aae935/first-committee-of-year/fedora.html HTTP/1.1" 200 1535 "-" "python-requests/2.12.4"
172.16.35.10 - - [25/Jun/2016:04:00:27 +0000] "GET /58b7fad8eb8057c167ab1400/__2016__2016/bomb/fedora.html?quack=furniture HTTP/1.1" 204 1869 "-" "python-requests/2.12.4"
10.10.10.10 - - [25/Jun/2016:04:00:29 +0000] "GET /glue/march/son/kubuntu.html?reason=truthful HTTP/1.1" 204 791 "-" "python-requests/2.12.4"
10.10.10.10 - - [25/Jun/2016:04:00:29 +0000] "GET /quiet/cagey/58b7fa50eb8057c167aae935/uso-v7.html HTTP/1.1" 401 1661 "-" "python-requests/2.12.4"
192.168.100.23 - - [25/Jun/2016:04:00:32 +0000] "GET /quiet/cagey/58b7fa50eb8057c167aae935/uso-v7.html HTTP/1.1" 200 1978 "-" "python-requests/2.12.4"
192.168.100.23 - - [25/Jun/2016:04:00:35 +0000] "GET /son/slim_/bizarre/kubuntu.html?clip=shaggy HTTP/1.1" 505 685 "-" "python-requests/2.12.4"
192.168.100.23 - - [25/Jun/2016:04:00:38 +0000] "GET /annoyed/58b7fa50eb8057c167aae93c/bomb/fedora.html#post HTTP/1.1" 205 1304 "-" "python-requests/2.12.4"
172.16.35.10 - - [25/Jun/2016:04:00:39 +0000] "GET /note-book/58b7fa50eb8057c167aae935/first-committee-of-year/fedora.html?drink=mind HTTP/1.1" 505 883 "-" "python-requests/2.12.4"
172.16.35.10 - - [25/Jun/2016:04:00:42 +0000] "GET /note-book/58b7fa50eb8057c167aae935/first-committee-of-year/fedora.html HTTP/1.1" 200 1838 "-" "python-requests/2.12.4"
1.2.3.4 - - [25/Jun/2016:04:00:42 +0000] "GET /-__factory__-/58b7fa50eb8057c167aae942/spiteful/rhel.html?volatile=shaggy HTTP/1.1" 403 1964 "-" "python-requests/2.12.4"
1.2.3.4 - - [25/Jun/2016:04:00:45 +0000] "GET /son/slim_/bizarre/kubuntu.html?show=recondite HTTP/1.1" 404 1660 "-" "python-requests/2.12.4"
172.16.35.10 - - [25/Jun/2016:04:00:48 +0000] "GET /-__factory__-/58b7fa50eb8057c167aae942/spiteful/rhel.html HTTP/1.1" 502 1424 "-" "python-requests/2.12.4"
192.168.100.23 - - [25/Jun/2016:04:00:50 +0000] "GET /son/slim_/bizarre/kubuntu.html HTTP/1.1" 201 565 "-" "python-requests/2.12.4"
10.10.10.10 - - [25/Jun/2016:04:00:51 +0000] "GET /annoyed/58b7fa50eb8057c167aae93c/bomb/fedora.html?clip=recondite HTTP/1.1" 502 820 "-" "python-requests/2.12.4"
8.8.8.8 - - [25/Jun/2016:04:00:54 +0000] "GET /bomb/bizarre/-__factory__-/rl-v5.html HTTP/1.1" 404 550 "-" "python-requests/2.12.4"
172.16.35.10 - - [25/Jun/2016:04:00:56 +0000] "GET /annoyed/58b7fa50eb8057c167aae93c/bomb/fedora.html#grateful HTTP/1.1" 204 1538 "-" "python-requests/2.12.4"
172.16.35.10 - - [25/Jun/2016:04:00:59 +0000] "GET /note-book/58b7fa50eb8057c167aae935/first-committee-of-year/fedora.html HTTP/1.1" 501 1894 "-" "python-requests/2.12.4"
172.24.60.30 - - [25/Jun/2016:04:01:00 +0000] "GET /quiet/cagey/58b7fa50eb8057c167aae935/uso-v7.html HTTP/1.1" 500 1821 "-" "python-requests/2.12.4"
172.24.60.30 - - [25/Jun/2016:04:01:01 +0000] "GET /58b7fad8eb8057c167ab1400/__2016__2016/bomb/fedora.html HTTP/1.1" 301 1507 "-" "python-requests/2.12.4"
8.8.8.8 - - [25/Jun/2016:04:01:02 +0000] "GET /note-book/58b7fa50eb8057c167aae935/first-committee-of-year/fedora.html?suggest=undesirable HTTP/1.1" 300 1589 "-" "python-requests/2.12.4"
172.24.60.30 - - [25/Jun/2016:04:01:03 +0000] "GET /bomb/bizarre/-__factory__-/rl-v5.html HTTP/1.1" 401 617 "-" "python-requests/2.12.4"
1.2.3.4 - - [25/Jun/2016:04:01:03 +0000] "GET /son/slim_/bizarre/kubuntu.html#monkey HTTP/1.1" 202 1057 "-" "python-requests/2.12.4"
8.8.8.8 - - [25/Jun/2016:04:01:03 +0000] "GET /annoyed/58b7fa50eb8057c167aae93c/bomb/fedora.html HTTP/1.1" 505 1199 "-" "python-requests/2.12.4"
172.24.60.30 - - [25/Jun/2016:04:01:05 +0000] "GET /-__factory__-/58b7fa50eb8057c167aae942/spiteful/rhel.html#ignorant HTTP/1.1" 503 1174 "-" "python-requests/2.12.4"
8.8.8.8 - - [25/Jun/2016:04:01:06 +0000] "GET /quiet/cagey/58b7fa50eb8057c167aae935/uso-v7.html HTTP/1.1" 202 588 "-" "python-requests/2.12.4"
8.8.8.8 - - [25/Jun/2016:04:01:08 +0000] "GET /note-book/58b7fa50eb8057c167aae935/first-committee-of-year/fedora.html HTTP/1.1" 204 1432 "-" "python-requests/2.12.4"
192.168.100.23 - - [25/Jun/2016:04:01:09 +0000] "GET /bomb/bizarre/-__factory__-/rl-v5.html HTTP/1.1" 205 1079 "-" "python-requests/2.12.4"
192.168.100.23 - - [25/Jun/2016:04:01:11 +0000] "GET /quiet/cagey/58b7fa50eb8057c167aae935/uso-v7.html?suggest=window HTTP/1.1" 205 1711 "-" "python-requests/2.12.4"
172.16.35.10 - - [25/Jun/2016:04:01:12 +0000] "GET /quiet/cagey/58b7fa50eb8057c167aae935/uso-v7.html#immense HTTP/1.1" 504 1281 "-" "python-requests/2.12.4"
192.168.100.23 - - [25/Jun/2016:04:01:13 +0000] "GET /glue/march/son/kubuntu.html HTTP/1.1" 200 1838 "-" "python-requests/2.12.4"
8.8.8.8 - - [25/Jun/2016:04:01:14 +0000] "GET /slim_/58b7fa50eb8057c167aae93c/bizarre/ubuntu-gnome.html HTTP/1.1" 200 1162 "-" "python-requests/2.12.4"
1.2.3.4 - - [25/Jun/2016:04:01:17 +0000] "GET /bomb/bizarre/-__factory__-/rl-v5.html?owe=truthful HTTP/1.1" 205 1465 "-" "python-requests/2.12.4"
172.24.60.30 - - [25/Jun/2016:04:01:20 +0000] "GET /slim_/58b7fa50eb8057c167aae93c/bizarre/ubuntu-gnome.html HTTP/1.1" 405 1839 "-" "python-requests/2.12.4"
172.24.60.30 - - [25/Jun/2016:04:01:21 +0000] "GET /quiet/cagey/58b7fa50eb8057c167aae935/uso-v7.html HTTP/1.1" 201 1430 "-" "python-requests/2.12.4"
192.168.100.23 - - [25/Jun/2016:04:01:24 +0000] "GET /58b7fad8eb8057c167ab1400/__2016__2016/bomb/fedora.html HTTP/1.1" 202 1239 "-" "python-requests/2.12.4"
1.2.3.4 - - [25/Jun/2016:04:01:24 +0000] "GET /-__factory__-/58b7fa50eb8057c167aae942/spiteful/rhel.html#dramatic HTTP/1.1" 404 586 "-" "python-requests/2.12.4"
172.16.35.10 - - [25/Jun/2016:04:01:25 +0000] "GET /quiet/cagey/58b7fa50eb8057c167aae935/uso-v7.html HTTP/1.1" 203 1357 "-" "python-requests/2.12.4"
172.24.60.30 - - [25/Jun/2016:04:01:27 +0000] "GET /glue/march/son/kubuntu.html HTTP/1.1" 200 1479 "-" "python-requests/2.12.4"
10.10.10.10 - - [25/Jun/2016:04:01:27 +0000] "GET /glue/march/son/kubuntu.html?suggest=panicky#water HTTP/1.1" 200 1890 "-" "python-requests/2.12.4"
172.16.35.10 - - [25/Jun/2016:04:01:29 +0000] "GET /glue/march/son/kubuntu.html HTTP/1.1" 402 814 "-" "python-requests/2.12.4"
172.24.60.30 - - [25/Jun/2016:04:01:30 +0000] "GET /58b7fad8eb8057c167ab13f5/annoyed/bomb/uso-v7.html?show=trip HTTP/1.1" 203 1538 "-" "python-requests/2.12.4"
10.10.10.10 - - [25/Jun/2016:04:01:31 +0000] "GET /58b7fad8eb8057c167ab1400/__2016__2016/bomb/fedora.html HTTP/1.1" 204 579 "-" "python-requests/2.12.4"
8.8.8.8 - - [25/Jun/2016:04:01:31 +0000] "GET /58b7fad8eb8057c167ab1400/__2016__2016/bomb/fedora.html?friendly=shaggy HTTP/1.1" 205 528 "-" "python-requests/2.12.4"
8.8.8.8 - - [25/Jun/2016:04:01:34 +0000] "GET /note-book/58b7fa50eb8057c167aae935/first-committee-of-year/fedora.html HTTP/1.1" 202 708 "-" "python-requests/2.12.4"
10.10.10.10 - - [25/Jun/2016:04:01:35 +0000] "GET /slim_/58b7fa50eb8057c167aae93c/bizarre/ubuntu-gnome.html HTTP/1.1" 204 1670 "-" "python-requests/2.12.4"
8.8.8.8 - - [25/Jun/2016:04:01:38 +0000] "GET /annoyed/58b7fa50eb8057c167aae93c/bomb/fedora.html#welcome HTTP/1.1" 202 1141 "-" "python-requests/2.12.4"
192.168.100.23 - - [25/Jun/2016:04:01:39 +0000] "GET /son/slim_/bizarre/kubuntu.html?locket=panicky#awesome HTTP/1.1" 205 1392 "-" "python-requests/2.12.4"
10.10.10.10 - - [25/Jun/2016:04:01:40 +0000] "GET /son/slim_/bizarre/kubuntu.html?drink=shaggy HTTP/1.1" 305 1760 "-" "python-requests/2.12.4"
172.16.35.10 - - [25/Jun/2016:04:01:41 +0000] "GET /bomb/bizarre/-__factory__-/rl-v5.html HTTP/1.1" 204 1923 "-" "python-requests/2.12.4"
10.10.10.10 - - [25/Jun/2016:04:01:43 +0000] "GET /son/slim_/bizarre/kubuntu.html HTTP/1.1" 201 903 "-" "python-requests/2.12.4"
172.16.35.10 - - [25/Jun/2016:04:01:44 +0000] "GET /58b7fad8eb8057c167ab1400/__2016__2016/bomb/fedora.html HTTP/1.1" 205 1249 "-" "python-requests/2.12.4"
172.24.60.30 - - [25/Jun/2016:04:01:44 +0000] "GET /glue/march/son/kubuntu.html?sudden=reduce HTTP/1.1" 301 1306 "-" "python-requests/2.12.4"
1.2.3.4 - - [25/Jun/2016:04:01:47 +0000] "GET /slim_/58b7fa50eb8057c167aae93c/bizarre/ubuntu-gnome.html HTTP/1.1" 203 775 "-" "python-requests/2.12.4"
8.8.8.8 - - [25/Jun/2016:04:01:50 +0000] "GET /bomb/bizarre/-__factory__-/rl-v5.html#welcome HTTP/1.1" 202 1306 "-" "python-requests/2.12.4"
172.24.60.30 - - [25/Jun/2016:04:01:52 +0000] "GET /58b7fad8eb8057c167ab1400/__2016__2016/bomb/fedora.html?fine=mindless HTTP/1.1" 200 1348 "-" "python-requests/2.12.4"
172.24.60.30 - - [25/Jun/2016:04:01:53 +0000] "GET /-__factory__-/58b7fa50eb8057c167aae942/spiteful/rhel.html HTTP/1.1" 303 1440 "-" "python-requests/2.12.4"
1.2.3.4 - - [25/Jun/2016:04:01:53 +0000] "GET /bomb/bizarre/-__factory__-/rl-v5.html HTTP/1.1" 203 1881 "-" "python-requests/2.12.4"
