172.24.60.30 - - [25/Jun/2016:05:06:24 +0000] "GET /58b7fad8eb8057c167ab1400/__2016__2016/bomb/fedora.html HTTP/1.1" 201 1773 "-" "python-requests/2.12.4"
10.10.10.10 - - [25/Jun/2016:05:06:26 +0000] "GET /quiet/cagey/58b7fa50eb8057c167aae935/uso-v7.html HTTP/1.1" 200 1776 "-" "python-requests/2.12.4"
8.8.8.8 - - [25/Jun/2016:05:06:29 +0000] "GET /glue/march/son/kubuntu.html HTTP/1.1" 403 1156 "-" "python-requests/2.12.4"
172.24.60.30 - - [25/Jun/2016:05:06:29 +0000] "GET /slim_/58b7fa50eb8057c167aae93c/bizarre/ubuntu-gnome.html?trip=window HTTP/1.1" 202 502 "-" "python-requests/2.12.4"
192.168.100.23 - - [25/Jun/2016:05:06:29 +0000] "GET /58b7fad8eb8057c167ab1400/__2016__2016/bomb/fedora.html HTTP/1.1" 402 730 "-" "python-requests/2.12.4"
10.10.10.10 - - [25/Jun/2016:05:06:30 +0000] "GET /son/slim_/bizarre/kubuntu.html#bashful HTTP/1.1" 201 1109 "-" "python-requests/2.12.4"
172.16.35.10 - - [25/Jun/2016:05:06:32 +0000] "GET /annoyed/58b7fa50eb8057c167aae93c/bomb/fedora.html HTTP/1.1" 500 1177 "-" "python-requests/2.12.4"
8.8.8.8 - - [25/Jun/2016:05:06:34 +0000] "GET /note-book/58b7fa50eb8057c167aae935/first-committee-of-year/fedora.html HTTP/1.1" 401 1306 "-" "python-requests/2.12.4"
10.10.10.10 - - [25/Jun/2016:05:06:35 +0000] "GET /58b7fad8eb8057c167ab1400/__2016__2016/bomb/fedora.html HTTP/1.1" 402 1439 "-" "python-requests/2.12.4"
172.24.60.30 - - [25/Jun/2016:05:06:37 +0000] "GET /58b7fad8eb8057c167ab1400/__2016__2016/bomb/fedora.html HTTP/1.1" 200 1447 "-" "python-requests/2.12.4"
192.168.100.23 - - [25/Jun/2016:05:06:40 +0000] "GET /annoyed/58b7fa50eb8057c167aae93c/bomb/fedora.html?dry=fact HTTP/1.1" 204 1075 "-" "python-requests/2.12.4"
192.168.100.23 - - [25/Jun/2016:05:06:41 +0000] "GET /bomb/bizarre/-__factory__-/rl-v5.html HTTP/1.1" 201 1483 "-" "python-requests/2.12.4"
172.24.60.30 - - [25/Jun/2016:05:06:42 +0000] "GET /note-book/58b7fa50eb8057c167aae935/first-committee-of-year/fedora.html HTTP/1.1" 500 1627 "-" "python-requests/2.12.4"
172.16.35.10 - - [25/Jun/2016:05:06:45 +0000] "GET /son/slim_/bizarre/kubuntu.html HTTP/1.1" 200 1123 "-" "python-requests/2.12.4"
10.10.10.10 - - [25/Jun/2016:05:06:46 +0000] "GET /glue/march/son/kubuntu.html#immense HTTP/1.1" 202 794 "-" "python-requests/2.12.4"
172.24.60.30 - - [25/Jun/2016:05:06:49 +0000] "GET /58b7fad8eb8057c167ab13f5/annoyed/bomb/uso-v7.html HTTP/1.1" 203 1719 "-" "python-requests/2.12.4"
8.8.8.8 - - [25/Jun/2016:05:06:50 +0000] "GET /58b7fad8eb8057c167ab1400/__2016__2016/bomb/fedora.html HTTP/1.1" 500 1487 "-" "python-requests/2.12.4"
8.8.8.8 - - [25/Jun/2016:05:06:51 +0000] "GET /58b7fad8eb8057c167ab1400/__2016__2016/bomb/fedora.html HTTP/1.1" 505 1486 "-" "python-requests/2.12.4"
8.8.8.8 - - [25/Jun/2016:05:06:54 +0000] "GET /glue/march/son/kubuntu.html HTTP/1.1" 202 1401 "-" "python-requests/2.12.4"
172.16.35.10 - - [25/Jun/2016:05:06:55 +0000] "GET /quiet/cagey/58b7fa50eb8057c167aae935/uso-v7.html HTTP/1.1" 502 1677 "-" "python-requests/2.12.4"
10.10.10.10 - - [25/Jun/2016:05:06:55 +0000] "GET /-__factory__-/58b7fa50eb8057c167aae942/spiteful/rhel.html HTTP/1.1" 501 676 "-" "python-requests/2.12.4"
10.10.10.10 - - [25/Jun/2016:05:06:57 +0000] "GET /note-book/58b7fa50eb8057c167aae935/first-committee-of-year/fedora.html?sudden=mind#grateful HTTP/1.1" 204 1330 "-" "python-requests/2.12.4"
172.16.35.10 - - [25/Jun/2016:05:06:57 +0000] "GET /quiet/cagey/58b7fa50eb8057c167aae935/uso-v7.html HTTP/1.1" 300 1651 "-" "python-requests/2.12.4"
1.2.3.4 - - [25/Jun/2016:05:07:00 +0000] "GET /son/slim_/bizarre/kubuntu.html HTTP/1.1" 500 1952 "-" "python-requests/2.12.4"
172.16.35.10 - - [25/Jun/2016:05:07:02 +0000] "GET /58b7fad8eb8057c167ab13f5/annoyed/bomb/uso-v7.html HTTP/1.1" 203 539 "-" "python-requests/2.12.4"
172.24.60.30 - - [25/Jun/2016:05:07:04 +0000] "GET /58b7fad8eb8057c167ab1400/__2016__2016/bomb/fedora.html?fine=window HTTP/1.1" 302 1076 "-" "python-requests/2.12.4"
172.24.60.30 - - [25/Jun/2016:05:07:05 +0000] "GET /slim_/58b7fa50eb8057c167aae93c/bizarre/ubuntu-gnome.html?clip=milk HTTP/1.1" 200 1734 "-" "python-requests/2.12.4"
8.8.8.8 - - [25/Jun/2016:05:07:07 +0000] "GET /glue/march/son/kubuntu.html HTTP/1.1" 505 1115 "-" "python-requests/2.12.4"
1.2.3.4 - - [25/Jun/2016:05:07:07 +0000] "GET /note-book/58b7fa50eb8057c167aae935/first-committee-of-year/fedora.html HTTP/1.1" 203 1413 "-" "python-requests/2.12.4"
192.168.100.23 - - [25/Jun/2016:05:07:09 +0000] "GET /annoyed/58b7fa50eb8057c167aae93c/bomb/fedora.html HTTP/1.1" 202 837 "-" "python-requests/2.12.4"
10.10.10.10 - - [25/Jun/2016:05:07:11 +0000] "GET /58b7fad8eb8057c167ab13f5/annoyed/bomb/uso-v7.html HTTP/1.1" 502 924 "-" "python-requests/2.12.4"
172.24.60.30 - - [25/Jun/2016:05:07:11 +0000] "GET /quiet/cagey/58b7fa50eb8057c167aae935/uso-v7.html HTTP/1.1" 203 1406 "-" "python-requests/2.12.4"
10.10.10.10 - - [25/Jun/2016:05:07:14 +0000] "GET /-__factory__-/58b7fa50eb8057c167aae942/spiteful/rhel.html?fine=furniture HTTP/1.1" 402 1400 "-" "python-requests/2.12.4"
1.2.3.4 - - [25/Jun/2016:05:07:15 +0000] "GET /glue/march/son/kubuntu.html HTTP/1.1" 201 1181 "-" "python-requests/2.12.4"
192.168.100.23 - - [25/Jun/2016:05:07:16 +0000] "GET /glue/march/son/kubuntu.html HTTP/1.1" 304 1955 "-" "python-requests/2.12.4"
172.16.35.10 - - [25/Jun/2016:05:07:19 +0000] "GET /58b7fad8eb8057c167ab13f5/annoyed/bomb/uso-v7.html HTTP/1.1" 401 1857 "-" "python-requests/2.12.4"
10.10.10.10 - - [25/Jun/2016:05:07:22 +0000] "GET /glue/march/son/kubuntu.html?suggest=trip HTTP/1.1" 205 1881 "-" "python-requests/2.12.4"
172.16.35.10 - - [25/Jun/2016:05:07:24 +0000] "GET /-__factory__-/58b7fa50eb8057c167aae942/spiteful/rhel.html HTTP/1.1" 204 1324 "-" "python-requests/2.12.4"
172.24.60.30 - - [25/Jun/2016:05:07:27 +0000] "GET /-__factory__-/58b7fa50eb8057c167aae942/spiteful/rhel.html HTTP/1.1" 402 1853 "-" "python-requests/2.12.4"
10.10.10.10 - - [25/Jun/2016:05:07:28 +0000] "GET /-__factory__-/58b7fa50eb8057c167aae942/spiteful/rhel.html HTTP/1.1" 302 550 "-" "python-requests/2.12.4"
172.24.60.30 - - [25/Jun/2016:05:07:28 +0000] "GET /58b7fad8eb8057c167ab1400/__2016__2016/bomb/fedora.html HTTP/1.1" 204 1516 "-" "python-requests/2.12.4"
172.24.60.30 - - [25/Jun/2016:05:07:28 +0000] "GET /58b7fad8eb8057c167ab13f5/annoyed/bomb/uso-v7.html HTTP/1.1" 400 1829 "-" "python-requests/2.12.4"
192.168.100.23 - - [25/Jun/2016:05:07:30 +0000] "GET /glue/march/son/kubuntu.html#route HTTP/1.1" 203 1948 "-" "python-requests/2.12.4"
8.8.8.8 - - [25/Jun/2016:05:07:32 +0000] "GET /note-book/58b7fa50eb8057c167aae935/first-committee-of-year/fedora.html HTTP/1.1" 305 1631 "-" "python-requests/2.12.4"
172.16.35.10 - - [25/Jun/2016:05:07:34 +0000] "GET /-__factory__-/58b7fa50eb8057c167aae942/spiteful/rhel.html#water HTTP/1.1" 405 1658 "-" "python-requests/2.12.4"
10.10.10.10 - - [25/Jun/2016:05:07:34 +0000] "GET /quiet/cagey/58b7fa50eb8057c167aae935/uso-v7.html#close HTTP/1.1" 401 1556 "-" "python-requests/2.12.4"
172.16.35.10 - - [25/Jun/2016:05:07:35 +0000] "GET /58b7fad8eb8057c167ab1400/__2016__2016/bomb/fedora.html HTTP/1.1" 202 621 "-" "python-requests/2.12.4"
10.10.10.10 - - [25/Jun/2016:05:07:36 +0000] "GET /note-book/58b7fa50eb8057c167aae935/first-committee-of-year/fedora.html#water HTTP/1.1" 202 877 "-" "python-requests/2.12.4"
10.10.10.10 - - [25/Jun/2016:05:07:39 +0000] "GET /note-book/58b7fa50eb8057c167aae935/first-committee-of-year/fedora.html HTTP/1.1" 200 1760 "-" "python-requests/2.12.4"
8.8.8.8 - - [25/Jun/2016:05:07:39 +0000] "GET /annoyed/58b7fa50eb8057c167aae93c/bomb/fedora.html HTTP/1.1" 203 970 "-" "python-requests/2.12.4"
8.8.8.8 - - [25/Jun/2016:05:07:39 +0000] "GET /glue/march/son/kubuntu.html HTTP/1.1" 204 1643 "-" "python-requests/2.12.4"
1.2.3.4 - - [25/Jun/2016:05:07:41 +0000] "GET /note-book/58b7fa50eb8057c167aae935/first-committee-of-year/fedora.html?show=truthful HTTP/1.1" 204 1157 "-" "python-requests/2.12.4"
1.2.3.4 - - [25/Jun/2016:05:07:42 +0000] "GET /58b7fad8eb8057c167ab1400/__2016__2016/bomb/fedora.html?show=bounce HTTP/1.1" 502 1514 "-" "python-requests/2.12.4"
8.8.8.8 - - [25/Jun/2016:05:07:45 +0000] "GET /slim_/58b7fa50eb8057c167aae93c/bizarre/ubuntu-gnome.html HTTP/1.1" 204 1993 "-" "python-requests/2.12.4"
172.24.60.30 - - [25/Jun/2016:05:07:47 +0000] "GET /quiet/cagey/58b7fa50eb8057c167aae935/uso-v7.html?thoughtful=milk HTTP/1.1" 204 1926 "-" "python-requests/2.12.4"
172.24.60.30 - - [25/Jun/2016:05:07:48 +0000] "GET /bomb/bizarre/-__factory__-/rl-v5.html HTTP/1.1" 202 1264 "-" "python-requests/2.12.4"
8.8.8.8 - - [25/Jun/2016:05:07:51 +0000] "GET /bomb/bizarre/-__factory__-/rl-v5.html HTTP/1.1" 504 540 "-" "python-requests/2.12.4"
1.2.3.4 - - [25/Jun/2016:05:07:53 +0000] "GET /slim_/58b7fa50eb8057c167aae93c/bizarre/ubuntu-gnome.html?drink=reduce#modern HTTP/1.1" 205 503 "-" "python-requests/2.12.4"
172.24.60.30 - - [25/Jun/2016:05:07:53 +0000] "GET /58b7fad8eb8057c167ab1400/__2016__2016/bomb/fedora.html?reason=mindless HTTP/1.1" 304 1334 "-" "python-requests/2.12.4"
172.16.35.10 - - [25/Jun/2016:05:07:55 +0000] "GET /quiet/cagey/58b7fa50eb8057c167aae935/uso-v7.html HTTP/1.1" 301 1041 "-" "python-requests/2.12.4"
8.8.8.8 - - [25/Jun/2016:05:07:56 +0000] "GET /-__factory__-/58b7fa50eb8057c167aae942/spiteful/rhel.html HTTP/1.1" 201 1500 "-" "python-requests/2.12.4"
8.8.8.8 - - [25/Jun/2016:05:07:58 +0000] "GET /bomb/bizarre/-__factory__-/rl-v5.html HTTP/1.1" 401 869 "-" "python-requests/2.12.4"
172.24.60.30 - - [25/Jun/2016:05:07:58 +0000] "GET /glue/march/son/kubuntu.html HTTP/1.1" 403 950 "-" "python-requests/2.12.4"
10.10.10.10 - - [25/Jun/2016:05:07:58 +0000] "GET /bomb/bizarre/-__factory__-/rl-v5.html HTTP/1.1" 202 534 "-" "python-requests/2.12.4"
172.24.60.30 - - [25/Jun/2016:05:08:01 +0000] "GET /glue/march/son/kubuntu.html HTTP/1.1" 200 1397 "-" "python-requests/2.12.4"
10.10.10.10 - - [25/Jun/2016:05:08:04 +0000] "GET /58b7fad8eb8057c167ab1400/__2016__2016/bomb/fedora.html HTTP/1.1" 302 842 "-" "python-requests/2.12.4"
1.2.3.4 - - [25/Jun/2016:05:08:04 +0000] "GET /58b7fad8eb8057c167ab1400/__2016__2016/bomb/fedora.html HTTP/1.1" 202 1709 "-" "python-requests/2.12.4"
192.168.100.23 - - [25/Jun/2016:05:08:06 +0000] "GET /glue/march/son/kubuntu.html?quack=undesirable HTTP/1.1" 203 1997 "-" "python-requests/2.12.4"
1.2.3.4 - - [25/Jun/2016:05:08:07 +0000] "GET /bomb/bizarre/-__factory__-/rl-v5.html HTTP/1.1" 205 1753 "-" "python-requests/2.12.4"
10.10.10.10 - - [25/Jun/2016:05:08:07 +0000] "GET /58b7fad8eb8057c167ab1400/__2016__2016/bomb/fedora.html HTTP/1.1" 201 1311 "-" "python-requests/2.12.4"
1.2.3.4 - - [25/Jun/2016:05:08:07 +0000] "GET /58b7fad8eb8057c167ab13f5/annoyed/bomb/uso-v7.html HTTP/1.1" 400 747 "-" "python-requests/2.12.4"
172.24.60.30 - - [25/Jun/2016:05:08:09 +0000] "GET /bomb/bizarre/-__factory__-/rl-v5.html HTTP/1.1" 501 818 "-" "python-requests/2.12.4"
8.8.8.8 - - [25/Jun/2016:05:08:12 +0000] "GET /glue/march/son/kubuntu.html HTTP/1.1" 505 1719 "-" "python-requests/2.12.4"
1.2.3.4 - - [25/Jun/2016:05:08:13 +0000] "GET /quiet/cagey/58b7fa50eb8057c167aae935/uso-v7.html#anxious HTTP/1.1" 400 1775 "-" "python-requests/2.12.4"
192.168.100.23 - - [25/Jun/2016:05:08:15 +0000] "GET /annoyed/58b7fa50eb8057c167aae93c/bomb/fedora.html#stroke HTTP/1.1" 203 1966 "-" "python-requests/2.12.4"
172.24.60.30 - - [25/Jun/2016:05:08:17 +0000] "GET /slim_/58b7fa50eb8057c167aae93c/bizarre/ubuntu-gnome.html?permissible=divide HTTP/1.1" 404 772 "-" "python-requests/2.12.4"
10.10.10.10 - - [25/Jun/2016:05:08:20 +0000] "GET /glue/march/son/kubuntu.html HTTP/1.1" 203 1820 "-" "python-requests/2.12.4"
172.24.60.30 - - [25/Jun/2016:05:08:21 +0000] "GET /-__factory__-/58b7fa50eb8057c167aae942/spiteful/rhel.html HTTP/1.1" 201 1660 "-" "python-requests/2.12.4"
172.24.60.30 - - [25/Jun/2016:05:08:23 +0000] "GET /glue/march/son/kubuntu.html HTTP/1.1" 202 1872 "-" "python-requests/2.12.4"
192.168.100.23 - - [25/Jun/2016:05:08:24 +0000] "GET /slim_/58b7fa50eb8057c167aae93c/bizarre/ubuntu-gnome.html HTTP/1.1" 401 578 "-" "python-requests/2.12.4"
192.168.100.23 - - [25/Jun/2016:05:08:25 +0000] "GET /quiet/cagey/58b7fa50eb8057c167aae935/uso-v7.html#minor HTTP/1.1" 205 897 "-" "python-requests/2.12.4"
172.16.35.10 - - [25/Jun/2016:05:08:28 +0000] "GET /annoyed/58b7fa50eb8057c167aae93c/bomb/fedora.html HTTP/1.1" 202 1651 "-" "python-requests/2.12.4"
1.2.3.4 - - [25/Jun/2016:05:08:29 +0000] "GET /quiet/cagey/58b7fa50eb8057c167aae935/uso-v7.html HTTP/1.1" 501 1302 "-" "python-requests/2.12.4"
172.24.60.30 - - [25/Jun/2016:05:08:29 +0000] "GET /annoyed/58b7fa50eb8057c167aae93c/bomb/fedora.html HTTP/1.1" 200 718 "-" "python-requests/2.12.4"
8.8.8.8 - - [25/Jun/2016:05:08:30 +0000] "GET /annoyed/58b7fa50eb8057c167aae93c/bomb/fedora.html?trip=shaggy HTTP/1.1" 205 667 "-" "python-requests/2.12.4"
8.8.8.8 - - [25/Jun/2016:05:08:30 +0000] "GET /slim_/58b7fa50eb8057c167aae93c/bizarre/ubuntu-gnome.html HTTP/1.1" 201 784 "-" "python-requests/2.12.4"
172.16.35.10 - - [25/Jun/2016:05:08:31 +0000] "GET /58b7fad8eb8057c167ab13f5/annoyed/bomb/uso-v7.html HTTP/1.1" 501 1621 "-" "python-requests/2.12.4"
8.8.8.8 - - [25/Jun/2016:05:08:34 +0000] "GET /-__factory__-/58b7fa50eb8057c167aae942/spiteful/rhel.html HTTP/1.1" 401 1531 "-" "python-requests/2.12.4"
192.168.100.23 - - [25/Jun/2016:05:08:36 +0000] "GET /glue/march/son/kubuntu.html?friendly=undesirable HTTP/1.1" 305 1482 "-" "python-requests/2.12.4"
8.8.8.8 - - [25/Jun/2016:05:08:39 +0000] "GET /note-book/58b7fa50eb8057c167aae935/first-committee-of-year/fedora.html#awesome HTTP/1.1" 203 1564 "-" "python-requests/2.12.4"
8.8.8.8 - - [25/Jun/2016:05:08:40 +0000] "GET /slim_/58b7fa50eb8057c167aae93c/bizarre/ubuntu-gnome.html HTTP/1.1" 400 1240 "-" "python-requests/2.12.4"
172.16.35.10 - - [25/Jun/2016:05:08:40 +0000] "GET /58b7fad8eb8057c167ab1400/__2016__2016/bomb/fedora.html HTTP/1.1" 205 869 "-" "python-requests/2.12.4"
1.2.3.4 - - [25/Jun/2016:05:08:42 +0000] "GET /glue/march/son/kubuntu.html HTTP/1.1" 202 1865 "-" "python-requests/2.12.4"
192.168.100.23 - - [25/Jun/2016:05:08:45 +0000] "GET /quiet/cagey/58b7fa50eb8057c167aae935/uso-v7.html HTTP/1.1" 203 886 "-" "python-requests/2.12.4"
10.10.10.10 - - [25/Jun/2016:05:08:46 +0000] "GET /annoyed/58b7fa50eb8057c167aae93c/bomb/fedora.html HTTP/1.1" 202 1079 "-" "python-requests/2.12.4"
8.8.8.8 - - [25/Jun/2016:05:08:46 +0000] "GET /slim_/58b7fa50eb8057c167aae93c/bizarre/ubuntu-gnome.html HTTP/1.1" 505 647 "-" "python-requests/2.12.4"
172.16.35.10 - - [25/Jun/2016:05:08:46 +0000] "GET /slim_/58b7fa50eb8057c167aae93c/bizarre/ubuntu-gnome.html HTTP/1.1" 501 589 "-" "python-requests/2.12.4"
192.168.100.23 - - [25/Jun/2016:05:08:46 +0000] "GET /glue/march/son/kubuntu.html HTTP/1.1" 204 1475 "-" "python-requests/2.12.4"
10.10.10.10 - - [25/Jun/2016:05:08:46 +0000] "GET /bomb/bizarre/-__factory__-/rl-v5.html#close HTTP/1.1" 405 1502 "-" "python-requests/2.12.4"
1.2.3.4 - - [25/Jun/2016:05:08:47 +0000] "GET /58b7fad8eb8057c167ab13f5/annoyed/bomb/uso-v7.html HTTP/1.1" 202 776 "-" "python-requests/2.12.4"
8.8.8.8 - - [25/Jun/2016:05:08:49 +0000] "GET /note-book/58b7fa50eb8057c167aae935/first-committee-of-year/fedora.html?burst=undesirable HTTP/1.1" 205 1070 "-" "python-requests/2.12.4"
8.8.8.8 - - [25/Jun/2016:05:08:50 +0000] "GET /-__factory__-/58b7fa50eb8057c167aae942/spiteful/rhel.html HTTP/1.1" 400 639 "-" "python-requests/2.12.4"
1.2.3.4 - - [25/Jun/2016:05:08:53 +0000] "GET /bomb/bizarre/-__factory__-/rl-v5.html?burst=divide HTTP/1.1" 404 1680 "-" "python-requests/2.12.4"
1.2.3.4 - - [25/Jun/2016:05:08:54 +0000] "GET /son/slim_/bizarre/kubuntu.html HTTP/1.1" 400 1103 "-" "python-requests/2.12.4"
10.10.10.10 - - [25/Jun/2016:05:08:55 +0000] "GET /-__factory__-/58b7fa50eb8057c167aae942/spiteful/rhel.html#post HTTP/1.1" 504 696 "-" "python-requests/2.12.4"
8.8.8.8 - - [25/Jun/2016:05:08:55 +0000] "GET /slim_/58b7fa50eb8057c167aae93c/bizarre/ubuntu-gnome.html HTTP/1.1" 502 1992 "-" "python-requests/2.12.4"
8.8.8.8 - - [25/Jun/2016:05:08:55 +0000] "GET /58b7fad8eb8057c167ab13f5/annoyed/bomb/uso-v7.html HTTP/1.1" 204 913 "-" "python-requests/2.12.4"
1.2.3.4 - - [25/Jun/2016:05:08:57 +0000] "GET /58b7fad8eb8057c167ab13f5/annoyed/bomb/uso-v7.html?drink=fact HTTP/1.1" 203 1914 "-" "python-requests/2.12.4"
8.8.8.8 - - [25/Jun/2016:05:08:59 +0000] "GET /-__factory__-/58b7fa50eb8057c167aae942/spiteful/rhel.html HTTP/1.1" 404 1533 "-" "python-requests/2.12.4"
192.168.100.23 - - [25/Jun/2016:05:09:02 +0000] "GET /annoyed/58b7fa50eb8057c167aae93c/bomb/fedora.html HTTP/1.1" 203 1079 "-" "python-requests/2.12.4"
172.24.60.30 - - [25/Jun/2016:05:09:05 +0000] "GET /note-book/58b7fa50eb8057c167aae935/first-committee-of-year/fedora.html#awesome HTTP/1.1" 205 881 "-" "python-requests/2.12.4"
172.16.35.10 - - [25/Jun/2016:05:09:07 +0000] "GET /-__factory__-/58b7fa50eb8057c167aae942/spiteful/rhel.html#close HTTP/1.1" 205 1492 "-" "python-requests/2.12.4"
8.8.8.8 - - [25/Jun/2016:05:09:08 +0000] "GET /glue/march/son/kubuntu.html HTTP/1.1" 404 1345 "-" "python-requests/2.12.4"
172.16.35.10 - - [25/Jun/2016:05:09:11 +0000] "GET /58b7fad8eb8057c167ab13f5/annoyed/bomb/uso-v7.html?quack=trip HTTP/1.1" 404 1789 "-" "python-requests/2.12.4"
192.168.100.23 - - [25/Jun/2016:05:09:12 +0000] "GET /glue/march/son/kubuntu.html HTTP/1.1" 304 1125 "-" "python-requests/2.12.4"
172.16.35.10 - - [25/Jun/2016:05:09:13 +0000] "GET /bomb/bizarre/-__factory__-/rl-v5.html HTTP/1.1" 201 1107 "-" "python-requests/2.12.4"
1.2.3.4 - - [25/Jun/2016:05:09:13 +0000] "GET /58b7fad8eb8057c167ab13f5/annoyed/bomb/uso-v7.html HTTP/1.1" 202 1805 "-" "python-requests/2.12.4"
192.168.100.23 - - [25/Jun/2016:05:09:13 +0000] "GET /-__factory__-/58b7fa50eb8057c167aae942/spiteful/rhel.html HTTP/1.1" 202 1346 "-" "python-requests/2.12.4"
1.2.3.4 - - [25/Jun/2016:05:09:16 +0000] "GET /58b7fad8eb8057c167ab1400/__2016__2016/bomb/fedora.html HTTP/1.1" 402 1168 "-" "python-requests/2.12.4"
10.10.10.10 - - [25/Jun/2016:05:09:19 +0000] "GET /quiet/cagey/58b7fa50eb8057c167aae935/uso-v7.html HTTP/1.1" 205 1856 "-" "python-requests/2.12.4"
172.24.60.30 - - [25/Jun/2016:05:09:22 +0000] "GET /note-book/58b7fa50eb8057c167aae935/first-committee-of-year/fedora.html HTTP/1.1" 202 1296 "-" "python-requests/2.12.4"
172.16.35.10 - - [25/Jun/2016:05:09:24 +0000] "GET /slim_/58b7fa50eb8057c167aae93c/bizarre/ubuntu-gnome.html HTTP/1.1" 202 1094 "-" "python-requests/2.12.4"
172.16.35.10 - - [25/Jun/2016:05:09:24 +0000] "GET /quiet/cagey/58b7fa50eb8057c167aae935/uso-v7.html HTTP/1.1" 401 911 "-" "python-requests/2.12.4"
192.168.100.23 - - [25/Jun/2016:05:09:25 +0000] "GET /bomb/bizarre/-__factory__-/rl-v5.html HTTP/1.1" 201 1085 "-" "python-requests/2.12.4"
10.10.10.10 - - [25/Jun/2016:05:09:25 +0000] "GET /son/slim_/bizarre/kubuntu.html HTTP/1.1" 201 1160 "-" "python-requests/2.12.4"
192.168.100.23 - - [25/Jun/2016:05:09:25 +0000] "GET /58b7fad8eb8057c167ab13f5/annoyed/bomb/uso-v7.html?clip=undesirable HTTP/1.1" 205 1777 "-" "python-requests/2.12.4"
1.2.3.4 - - [25/Jun/2016:05:09:28 +0000] "GET /58b7fad8eb8057c167ab1400/__2016__2016/bomb/fedora.html HTTP/1.1" 502 1573 "-" "python-requests/2.12.4"
8.8.8.8 - - [25/Jun/2016:05:09:30 +0000] "GET /note-book/58b7fa50eb8057c167aae935/first-committee-of-year/fedora.html#colour HTTP/1.1" 300 1093 "-" "python-requests/2.12.4"
1.2.3.4 - - [25/Jun/2016:05:09:30 +0000] "GET /quiet/cagey/58b7fa50eb8057c167aae935/uso-v7.html HTTP/1.1" 205 1110 "-" "python-requests/2.12.4"
8.8.8.8 - - [25/Jun/2016:05:09:30 +0000] "GET /quiet/cagey/58b7fa50eb8057c167aae935/uso-v7.html HTTP/1.1" 201 719 "-" "python-requests/2.12.4"
1.2.3.4 - - [25/Jun/2016:05:09:30 +0000] "GET /annoyed/58b7fa50eb8057c167aae93c/bomb/fedora.html HTTP/1.1" 404 1134 "-" "python-requests/2.12.4"
10.10.10.10 - - [25/Jun/2016:05:09:31 +0000] "GET /bomb/bizarre/-__factory__-/rl-v5.html HTTP/1.1" 201 1116 "-" "python-requests/2.12.4"
10.10.10.10 - - [25/Jun/2016:05:09:32 +0000] "GET /annoyed/58b7fa50eb8057c167aae93c/bomb/fedora.html?fine=milk HTTP/1.1" 204 715 "-" "python-requests/2.12.4"
10.10.10.10 - - [25/Jun/2016:05:09:35 +0000] "GET /annoyed/58b7fa50eb8057c167aae93c/bomb/fedora.html HTTP/1.1" 201 538 "-" "python-requests/2.12.4"
10.10.10.10 - - [25/Jun/2016:05:09:35 +0000] "GET /annoyed/58b7fa50eb8057c167aae93c/bomb/fedora.html HTTP/1.1" 203 1609 "-" "python-requests/2.12.4"
8.8.8.8 - - [25/Jun/2016:05:09:37 +0000] "GET /glue/march/son/kubuntu.html HTTP/1.1" 204 1660 "-" "python-requests/2.12.4"
10.10.10.10 - - [25/Jun/2016:05:09:39 +0000] "GET /son/slim_/bizarre/kubuntu.html HTTP/1.1" 302 1732 "-" "python-requests/2.12.4"
192.168.100.23 - - [25/Jun/2016:05:09:40 +0000] "GET /slim_/58b7fa50eb8057c167aae93c/bizarre/ubuntu-gnome.html HTTP/1.1" 502 859 "-" "python-requests/2.12.4"
172.24.60.30 - - [25/Jun/2016:05:09:40 +0000] "GET /quiet/cagey/58b7fa50eb8057c167aae935/uso-v7.html HTTP/1.1" 401 915 "-" "python-requests/2.12.4"
172.16.35.10 - - [25/Jun/2016:05:09:43 +0000] "GET /slim_/58b7fa50eb8057c167aae93c/bizarre/ubuntu-gnome.html HTTP/1.1" 302 512 "-" "python-requests/2.12.4"
192.168.100.23 - - [25/Jun/2016:05:09:45 +0000] "GET /-__factory__-/58b7fa50eb8057c167aae942/spiteful/rhel.html HTTP/1.1" 205 883 "-" "python-requests/2.12.4"
172.16.35.10 - - [25/Jun/2016:05:09:47 +0000] "GET /-__factory__-/58b7fa50eb8057c167aae942/spiteful/rhel.html HTTP/1.1" 204 1510 "-" "python-requests/2.12.4"
1.2.3.4 - - [25/Jun/2016:05:09:50 +0000] "GET /glue/march/son/kubuntu.html HTTP/1.1" 202 1624 "-" "python-requests/2.12.4"
10.10.10.10 - - [25/Jun/2016:05:09:50 +0000] "GET /note-book/58b7fa50eb8057c167aae935/first-committee-of-year/fedora.html HTTP/1.1" 405 776 "-" "python-requests/2.12.4"
10.10.10.10 - - [25/Jun/2016:05:09:52 +0000] "GET /-__factory__-/58b7fa50eb8057c167aae942/spiteful/rhel.html?friendly=mindless#water HTTP/1.1" 500 1693 "-" "python-requests/2.12.4"
8.8.8.8 - - [25/Jun/2016:05:09:52 +0000] "GET /-__factory__-/58b7fa50eb8057c167aae942/spiteful/rhel.html?drink=truthful HTTP/1.1" 200 1646 "-" "python-requests/2.12.4"
192.168.100.23 - - [25/Jun/2016:05:09:52 +0000] "GET /note-book/58b7fa50eb8057c167aae935/first-committee-of-year/fedora.html HTTP/1.1" 201 1239 "-" "python-requests/2.12.4"
192.168.100.23 - - [25/Jun/2016:05:09:52 +0000] "GET /note-book/58b7fa50eb8057c167aae935/first-committee-of-year/fedora.html#minor HTTP/1.1" 203 1715 "-" "python-requests/2.12.4"
8.8.8.8 - - [25/Jun/2016:05:09:53 +0000] "GET /bomb/bizarre/-__factory__-/rl-v5.html HTTP/1.1" 200 1496 "-" "python-requests/2.12.4"
172.24.60.30 - - [25/Jun/2016:05:09:54 +0000] "GET /glue/march/son/kubuntu.html#welcome HTTP/1.1" 204 867 "-" "python-requests/2.12.4"
8.8.8.8 - - [25/Jun/2016:05:09:57 +0000] "GET /quiet/cagey/58b7fa50eb8057c167aae935/uso-v7.html HTTP/1.1" 202 505 "-" "python-requests/2.12.4"
1.2.3.4 - - [25/Jun/2016:05:10:00 +0000] "GET /son/slim_/bizarre/kubuntu.html HTTP/1.1" 204 706 "-" "python-requests/2.12.4"
10.10.10.10 - - [25/Jun/2016:05:10:02 +0000] "GET /glue/march/son/kubuntu.html#bashful HTTP/1.1" 300 1129 "-" "python-requests/2.12.4"
10.10.10.10 - - [25/Jun/2016:05:10:05 +0000] "GET /glue/march/son/kubuntu.html HTTP/1.1" 204 1599 "-" "python-requests/2.12.4"
8.8.8.8 - - [25/Jun/2016:05:10:07 +0000] "GET /slim_/58b7fa50eb8057c167aae93c/bizarre/ubuntu-gnome.html HTTP/1.1" 205 817 "-" "python-requests/2.12.4"
10.10.10.10 - - [25/Jun/2016:05:10:10 +0000] "GET /annoyed/58b7fa50eb8057c167aae93c/bomb/fedora.html HTTP/1.1" 205 1412 "-" "python-requests/2.12.4"
172.16.35.10 - - [25/Jun/2016:05:10:12 +0000] "GET /annoyed/58b7fa50eb8057c167aae93c/bomb/fedora.html#water HTTP/1.1" 205 1267 "-" "python-requests/2.12.4"
1.2.3.4 - - [25/Jun/2016:05:10:14 +0000] "GET /58b7fad8eb8057c167ab13f5/annoyed/bomb/uso-v7.html HTTP/1.1" 201 983 "-" "python-requests/2.12.4"
1.2.3.4 - - [25/Jun/2016:05:10:16 +0000] "GET /58b7fad8eb8057c167ab1400/__2016__2016/bomb/fedora.html?drink=truthful HTTP/1.1" 301 1206 "-" "python-requests/2.12.4"
8.8.8.8 - - [25/Jun/2016:05:10:17 +0000] "GET /note-book/58b7fa50eb8057c167aae935/first-committee-of-year/fedora.html HTTP/1.1" 202 736 "-" "python-requests/2.12.4"
192.168.100.23 - - [25/Jun/2016:05:10:17 +0000] "GET /quiet/cagey/58b7fa50eb8057c167aae935/uso-v7.html HTTP/1.1" 203 1466 "-" "python-requests/2.12.4"
192.168.100.23 - - [25/Jun/2016:05:10:20 +0000] "GET /note-book/58b7fa50eb8057c167aae935/first-committee-of-year/fedora.html HTTP/1.1" 204 641 "-" "python-requests/2.12.4"
192.168.100.23 - - [25/Jun/2016:05:10:20 +0000] "GET /annoyed/58b7fa50eb8057c167aae93c/bomb/fedora.html HTTP/1.1" 202 1718 "-" "python-requests/2.12.4"
172.16.35.10 - - [25/Jun/2016:05:10:23 +0000] "GET /note-book/58b7fa50eb8057c167aae935/first-committee-of-year/fedora.html HTTP/1.1" 200 856 "-" "python-requests/2.12.4"
172.24.60.30 - - [25/Jun/2016:05:10:26 +0000] "GET /slim_/58b7fa50eb8057c167aae93c/bizarre/ubuntu-gnome.html HTTP/1.1" 204 772 "-" "python-requests/2.12.4"
10.10.10.10 - - [25/Jun/2016:05:10:28 +0000] "GET /58b7fad8eb8057c167ab1400/__2016__2016/bomb/fedora.html?reason=van HTTP/1.1" 202 632 "-" "python-requests/2.12.4"
10.10.10.10 - - [25/Jun/2016:05:10:31 +0000] "GET /quiet/cagey/58b7fa50eb8057c167aae935/uso-v7.html HTTP/1.1" 204 1169 "-" "python-requests/2.12.4"
1.2.3.4 - - [25/Jun/2016:05:10:33 +0000] "GET /58b7fad8eb8057c167ab1400/__2016__2016/bomb/fedora.html HTTP/1.1" 201 905 "-" "python-requests/2.12.4"
1.2.3.4 - - [25/Jun/2016:05:10:35 +0000] "GET /58b7fad8eb8057c167ab13f5/annoyed/bomb/uso-v7.html HTTP/1.1" 205 652 "-" "python-requests/2.12.4"
1.2.3.4 - - [25/Jun/2016:05:10:38 +0000] "GET /annoyed/58b7fa50eb8057c167aae93c/bomb/fedora.html#awesome HTTP/1.1" 200 1152 "-" "python-requests/2.12.4"
8.8.8.8 - - [25/Jun/2016:05:10:40 +0000] "GET /son/slim_/bizarre/kubuntu.html#route HTTP/1.1" 401 1234 "-" "python-requests/2.12.4"
192.168.100.23 - - [25/Jun/2016:05:10:41 +0000] "GET /annoyed/58b7fa50eb8057c167aae93c/bomb/fedora.html HTTP/1.1" 504 1224 "-" "python-requests/2.12.4"
172.16.35.10 - - [25/Jun/2016:05:10:41 +0000] "GET /58b7fad8eb8057c167ab1400/__2016__2016/bomb/fedora.html HTTP/1.1" 200 1484 "-" "python-requests/2.12.4"
172.24.60.30 - - [25/Jun/2016:05:10:44 +0000] "GET /quiet/cagey/58b7fa50eb8057c167aae935/uso-v7.html HTTP/1.1" 302 748 "-" "python-requests/2.12.4"
172.16.35.10 - - [25/Jun/2016:05:10:46 +0000] "GET /note-book/58b7fa50eb8057c167aae935/first-committee-of-year/fedora.html HTTP/1.1" 202 1736 "-" "python-requests/2.12.4"
1.2.3.4 - - [25/Jun/2016:05:10:46 +0000] "GET /-__factory__-/58b7fa50eb8057c167aae942/spiteful/rhel.html HTTP/1.1" 500 691 "-" "python-requests/2.12.4"
10.10.10.10 - - [25/Jun/2016:05:10:49 +0000] "GET /annoyed/58b7fa50eb8057c167aae93c/bomb/fedora.html?owe=trip HTTP/1.1" 405 998 "-" "python-requests/2.12.4"
172.16.35.10 - - [25/Jun/2016:05:10:49 +0000] "GET /-__factory__-/58b7fa50eb8057c167aae942/spiteful/rhel.html HTTP/1.1" 502 1662 "-" "python-requests/2.12.4"
1.2.3.4 - - [25/Jun/2016:05:10:52 +0000] "GET /quiet/cagey/58b7fa50eb8057c167aae935/uso-v7.html HTTP/1.1" 501 1462 "-" "python-requests/2.12.4"
10.10.10.10 - - [25/Jun/2016:05:10:54 +0000] "GET /slim_/58b7fa50eb8057c167aae93c/bizarre/ubuntu-gnome.html?clip=alert HTTP/1.1" 505 1912 "-" "python-requests/2.12.4"
192.168.100.23 - - [25/Jun/2016:05:10:55 +0000] "GET /note-book/58b7fa50eb8057c167aae935/first-committee-of-year/fedora.html HTTP/1.1" 502 1322 "-" "python-requests/2.12.4"
8.8.8.8 - - [25/Jun/2016:05:10:55 +0000] "GET /quiet/cagey/58b7fa50eb8057c167aae935/uso-v7.html#bashful HTTP/1.1" 202 1931 "-" "python-requests/2.12.4"
192.168.100.23 - - [25/Jun/2016:05:10:56 +0000] "GET /glue/march/son/kubuntu.html HTTP/1.1" 501 1733 "-" "python-requests/2.12.4"
8.8.8.8 - - [25/Jun/2016:05:10:56 +0000] "GET /58b7fad8eb8057c167ab1400/__2016__2016/bomb/fedora.html HTTP/1.1" 303 1318 "-" "python-requests/2.12.4"
172.24.60.30 - - [25/Jun/2016:05:10:58 +0000] "GET /annoyed/58b7fa50eb8057c167aae93c/bomb/fedora.html HTTP/1.1" 202 1549 "-" "python-requests/2.12.4"
1.2.3.4 - - [25/Jun/2016:05:10:58 +0000] "GET /bomb/bizarre/-__factory__-/rl-v5.html HTTP/1.1" 205 985 "-" "python-requests/2.12.4"
192.168.100.23 - - [25/Jun/2016:05:11:00 +0000] "GET /58b7fad8eb8057c167ab1400/__2016__2016/bomb/fedora.html?friendly=steer#dapper HTTP/1.1" 204 989 "-" "python-requests/2.12.4"
8.8.8.8 - - [25/Jun/2016:05:11:01 +0000] "GET /58b7fad8eb8057c167ab13f5/annoyed/bomb/uso-v7.html HTTP/1.1" 400 720 "-" "python-requests/2.12.4"
192.168.100.23 - - [25/Jun/2016:05:11:01 +0000] "GET /58b7fad8eb8057c167ab1400/__2016__2016/bomb/fedora.html HTTP/1.1" 202 1190 "-" "python-requests/2.12.4"
10.10.10.10 - - [25/Jun/2016:05:11:03 +0000] "GET /58b7fad8eb8057c167ab13f5/annoyed/bomb/uso-v7.html HTTP/1.1" 200 1887 "-" "python-requests/2.12.4"
8.8.8.8 - - [25/Jun/2016:05:11:04 +0000] "GET /-__factory__-/58b7fa50eb8057c167aae942/spiteful/rhel.html HTTP/1.1" 204 1560 "-" "python-requests/2.12.4"
8.8.8.8 - - [25/Jun/2016:05:11:05 +0000] "GET /glue/march/son/kubuntu.html?show=truthful HTTP/1.1" 205 1836 "-" "python-requests/2.12.4"
1.2.3.4 - - [25/Jun/2016:05:11:05 +0000] "GET /bomb/bizarre/-__factory__-/rl-v5.html HTTP/1.1" 200 1311 "-" "python-requests/2.12.4"
172.24.60.30 - - [25/Jun/2016:05:11:07 +0000] "GET /quiet/cagey/58b7fa50eb8057c167aae935/uso-v7.html?reason=truthful HTTP/1.1" 204 1836 "-" "python-requests/2.12.4"
10.10.10.10 - - [25/Jun/2016:05:11:10 +0000] "GET /glue/march/son/kubuntu.html HTTP/1.1" 201 1480 "-" "python-requests/2.12.4"
10.10.10.10 - - [25/Jun/2016:05:11:12 +0000] "GET /slim_/58b7fa50eb8057c167aae93c/bizarre/ubuntu-gnome.html?show=fact HTTP/1.1" 202 1191 "-" "python-requests/2.12.4"
10.10.10.10 - - [25/Jun/2016:05:11:12 +0000] "GET /glue/march/son/kubuntu.html?fluffy=mind#ignorant HTTP/1.1" 202 1688 "-" "python-requests/2.12.4"
172.24.60.30 - - [25/Jun/2016:05:11:15 +0000] "GET /glue/march/son/kubuntu.html HTTP/1.1" 304 1887 "-" "python-requests/2.12.4"
10.10.10.10 - - [25/Jun/2016:05:11:15 +0000] "GET /slim_/58b7fa50eb8057c167aae93c/bizarre/ubuntu-gnome.html?friendly=van HTTP/1.1" 204 702 "-" "python-requests/2.12.4"
10.10.10.10 - - [25/Jun/2016:05:11:17 +0000] "GET /son/slim_/bizarre/kubuntu.html HTTP/1.1" 204 635 "-" "python-requests/2.12.4"
192.168.100.23 - - [25/Jun/2016:05:11:17 +0000] "GET /58b7fad8eb8057c167ab13f5/annoyed/bomb/uso-v7.html HTTP/1.1" 204 880 "-" "python-requests/2.12.4"
172.16.35.10 - - [25/Jun/2016:05:11:20 +0000] "GET /-__factory__-/58b7fa50eb8057c167aae942/spiteful/rhel.html?sudden=shaggy HTTP/1.1" 504 799 "-" "python-requests/2.12.4"
10.10.10.10 - - [25/Jun/2016:05:11:23 +0000] "GET /son/slim_/bizarre/kubuntu.html HTTP/1.1" 501 1893 "-" "python-requests/2.12.4"
172.24.60.30 - - [25/Jun/2016:05:11:25 +0000] "GET /annoyed/58b7fa50eb8057c167aae93c/bomb/fedora.html HTTP/1.1" 203 650 "-" "python-requests/2.12.4"
172.24.60.30 - - [25/Jun/2016:05:11:25 +0000] "GET /58b7fad8eb8057c167ab13f5/annoyed/bomb/uso-v7.html HTTP/1.1" 202 998 "-" "python-requests/2.12.4"
172.24.60.30 - - [25/Jun/2016:05:11:27 +0000] "GET /58b7fad8eb8057c167ab13f5/annoyed/bomb/uso-v7.html?volatile=bounce HTTP/1.1" 301 964 "-" "python-requests/2.12.4"
1.2.3.4 - - [25/Jun/2016:05:11:29 +0000] "GET /annoyed/58b7fa50eb8057c167aae93c/bomb/fedora.html HTTP/1.1" 303 689 "-" "python-requests/2.12.4"
172.24.60.30 - - [25/Jun/2016:05:11:30 +0000] "GET /annoyed/58b7fa50eb8057c167aae93c/bomb/fedora.html HTTP/1.1" 402 1018 "-" "python-requests/2.12.4"
8.8.8.8 - - [25/Jun/2016:05:11:30 +0000] "GET /slim_/58b7fa50eb8057c167aae93c/bizarre/ubuntu-gnome.html HTTP/1.1" 302 1984 "-" "python-requests/2.12.4"
172.16.35.10 - - [25/Jun/2016:05:11:31 +0000] "GET /slim_/58b7fa50eb8057c167aae93c/bizarre/ubuntu-gnome.html?dry=recondite HTTP/1.1" 300 1999 "-" "python-requests/2.12.4"
172.24.60.30 - - [25/Jun/2016:05:11:33 +0000] "GET /note-book/58b7fa50eb8057c167aae935/first-committee-of-year/fedora.html HTTP/1.1" 205 1106 "-" "python-requests/2.12.4"
8.8.8.8 - - [25/Jun/2016:05:11:36 +0000] "GET /58b7fad8eb8057c167ab13f5/annoyed/bomb/uso-v7.html?burst=mind#minor HTTP/1.1" 401 1279 "-" "python-requests/2.12.4"
8.8.8.8 - - [25/Jun/2016:05:11:37 +0000] "GET /-__factory__-/58b7fa50eb8057c167aae942/spiteful/rhel.html HTTP/1.1" 202 1326 "-" "python-requests/2.12.4"
192.168.100.23 - - [25/Jun/2016:05:11:40 +0000] "GET /58b7fad8eb8057c167ab13f5/annoyed/bomb/uso-v7.html HTTP/1.1" 503 864 "-" "python-requests/2.12.4"
172.16.35.10 - - [25/Jun/2016:05:11:41 +0000] "GET /annoyed/58b7fa50eb8057c167aae93c/bomb/fedora.html HTTP/1.1" 203 1684 "-" "python-requests/2.12.4"
10.10.10.10 - - [25/Jun/2016:05:11:41 +0000] "GET /slim_/58b7fa50eb8057c167aae93c/bizarre/ubuntu-gnome.html#immense HTTP/1.1" 201 954 "-" "python-requests/2.12.4"
10.10.10.10 - - [25/Jun/2016:05:11:42 +0000] "GET /slim_/58b7fa50eb8057c167aae93c/bizarre/ubuntu-gnome.html HTTP/1.1" 200 762 "-" "python-requests/2.12.4"
8.8.8.8 - - [25/Jun/2016:05:11:43 +0000] "GET /bomb/bizarre/-__factory__-/rl-v5.html?permissible=fact HTTP/1.1" 204 557 "-" "python-requests/2.12.4"
8.8.8.8 - - [25/Jun/2016:05:11:45 +0000] "GET /bomb/bizarre/-__factory__-/rl-v5.html HTTP/1.1" 204 1811 "-" "python-requests/2.12.4"
192.168.100.23 - - [25/Jun/2016:05:11:48 +0000] "GET /bomb/bizarre/-__factory__-/rl-v5.html HTTP/1.1" 302 1470 "-" "python-requests/2.12.4"
8.8.8.8 - - [25/Jun/2016:05:11:50 +0000] "GET /58b7fad8eb8057c167ab13f5/annoyed/bomb/uso-v7.html#bashful HTTP/1.1" 204 1014 "-" "python-requests/2.12.4"
10.10.10.10 - - [25/Jun/2016:05:11:51 +0000] "GET /-__factory__-/58b7fa50eb8057c167aae942/spiteful/rhel.html#bashful HTTP/1.1" 501 1333 "-" "python-requests/2.12.4"
192.168.100.23 - - [25/Jun/2016:05:11:54 +0000] "GET /son/slim_/bizarre/kubuntu.html HTTP/1.1" 202 858 "-" "python-requests/2.12.4"
172.24.60.30 - - [25/Jun/2016:05:11:57 +0000] "GET /58b7fad8eb8057c167ab1400/__2016__2016/bomb/fedora.html#ignorant HTTP/1.1" 204 1663 "-" "python-requests/2.12.4"
8.8.8.8 - - [25/Jun/2016:05:11:59 +0000] "GET /note-book/58b7fa50eb8057c167aae935/first-committee-of-year/fedora.html HTTP/1.1" 502 1556 "-" "python-requests/2.12.4"
10.10.10.10 - - [25/Jun/2016:05:12:02 +0000] "GET /58b7fad8eb8057c167ab1400/__2016__2016/bomb/fedora.html#ignorant HTTP/1.1" 301 1930 "-" "python-requests/2.12.4"
8.8.8.8 - - [25/Jun/2016:05:12:04 +0000] "GET /bomb/bizarre/-__factory__-/rl-v5.html#dramatic HTTP/1.1" 203 804 "-" "python-requests/2.12.4"
10.10.10.10 - - [25/Jun/2016:05:12:04 +0000] "GET /son/slim_/bizarre/kubuntu.html HTTP/1.1" 203 1625 "-" "python-requests/2.12.4"
8.8.8.8 - - [25/Jun/2016:05:12:05 +0000] "GET /annoyed/58b7fa50eb8057c167aae93c/bomb/fedora.html HTTP/1.1" 205 710 "-" "python-requests/2.12.4"
172.16.35.10 - - [25/Jun/2016:05:12:07 +0000] "GET /bomb/bizarre/-__factory__-/rl-v5.html HTTP/1.1" 204 1785 "-" "python-requests/2.12.4"
1.2.3.4 - - [25/Jun/2016:05:12:09 +0000] "GET /quiet/cagey/58b7fa50eb8057c167aae935/uso-v7.html HTTP/1.1" 202 1816 "-" "python-requests/2.12.4"
172.16.35.10 - - [25/Jun/2016:05:12:10 +0000] "GET /bomb/bizarre/-__factory__-/rl-v5.html?fine=furniture#wish HTTP/1.1" 205 1487 "-" "python-requests/2.12.4"
172.24.60.30 - - [25/Jun/2016:05:12:10 +0000] "GET /annoyed/58b7fa50eb8057c167aae93c/bomb/fedora.html HTTP/1.1" 200 852 "-" "python-requests/2.12.4"
8.8.8.8 - - [25/Jun/2016:05:12:12 +0000] "GET /slim_/58b7fa50eb8057c167aae93c/bizarre/ubuntu-gnome.html HTTP/1.1" 205 680 "-" "python-requests/2.12.4"
172.24.60.30 - - [25/Jun/2016:05:12:13 +0000] "GET /annoyed/58b7fa50eb8057c167aae93c/bomb/fedora.html HTTP/1.1" 201 1951 "-" "python-requests/2.12.4"
172.24.60.30 - - [25/Jun/2016:05:12:14 +0000] "GET /bomb/bizarre/-__factory__-/rl-v5.html HTTP/1.1" 304 1501 "-" "python-requests/2.12.4"
172.24.60.30 - - [25/Jun/2016:05:12:14 +0000] "GET /-__factory__-/58b7fa50eb8057c167aae942/spiteful/rhel.html HTTP/1.1" 204 1826 "-" "python-requests/2.12.4"
192.168.100.23 - - [25/Jun/2016:05:12:14 +0000] "GET /note-book/58b7fa50eb8057c167aae935/first-committee-of-year/fedora.html HTTP/1.1" 200 1434 "-" "python-requests/2.12.4"
1.2.3.4 - - [25/Jun/2016:05:12:15 +0000] "GET /58b7fad8eb8057c167ab13f5/annoyed/bomb/uso-v7.html HTTP/1.1" 200 785 "-" "python-requests/2.12.4"
172.24.60.30 - - [25/Jun/2016:05:12:15 +0000] "GET /-__factory__-/58b7fa50eb8057c167aae942/spiteful/rhel.html HTTP/1.1" 505 1214 "-" "python-requests/2.12.4"
172.16.35.10 - - [25/Jun/2016:05:12:17 +0000] "GET /58b7fad8eb8057c167ab1400/__2016__2016/bomb/fedora.html HTTP/1.1" 205 734 "-" "python-requests/2.12.4"
192.168.100.23 - - [25/Jun/2016:05:12:19 +0000] "GET /note-book/58b7fa50eb8057c167aae935/first-committee-of-year/fedora.html HTTP/1.1" 204 864 "-" "python-requests/2.12.4"
8.8.8.8 - - [25/Jun/2016:05:12:19 +0000] "GET /58b7fad8eb8057c167ab1400/__2016__2016/bomb/fedora.html HTTP/1.1" 305 729 "-" "python-requests/2.12.4"
8.8.8.8 - - [25/Jun/2016:05:12:22 +0000] "GET /annoyed/58b7fa50eb8057c167aae93c/bomb/fedora.html#dapper HTTP/1.1" 203 1607 "-" "python-requests/2.12.4"
10.10.10.10 - - [25/Jun/2016:05:12:24 +0000] "GET /bomb/bizarre/-__factory__-/rl-v5.html?dry=panicky HTTP/1.1" 204 1702 "-" "python-requests/2.12.4"
8.8.8.8 - - [25/Jun/2016:05:12:26 +0000] "GET /quiet/cagey/58b7fa50eb8057c167aae935/uso-v7.html HTTP/1.1" 202 1679 "-" "python-requests/2.12.4"
8.8.8.8 - - [25/Jun/2016:05:12:27 +0000] "GET /glue/march/son/kubuntu.html HTTP/1.1" 405 1132 "-" "python-requests/2.12.4"
172.16.35.10 - - [25/Jun/2016:05:12:29 +0000] "GET /glue/march/son/kubuntu.html HTTP/1.1" 502 533 "-" "python-requests/2.12.4"
172.16.35.10 - - [25/Jun/2016:05:12:31 +0000] "GET /son/slim_/bizarre/kubuntu.html HTTP/1.1" 204 1402 "-" "python-requests/2.12.4"
192.168.100.23 - - [25/Jun/2016:05:12:32 +0000] "GET /glue/march/son/kubuntu.html?owe=mind HTTP/1.1" 405 1618 "-" "python-requests/2.12.4"
10.10.10.10 - - [25/Jun/2016:05:12:32 +0000] "GET /-__factory__-/58b7fa50eb8057c167aae942/spiteful/rhel.html HTTP/1.1" 201 1066 "-" "python-requests/2.12.4"
172.16.35.10 - - [25/Jun/2016:05:12:34 +0000] "GET /son/slim_/bizarre/kubuntu.html HTTP/1.1" 202 1066 "-" "python-requests/2.12.4"
192.168.100.23 - - [25/Jun/2016:05:12:35 +0000] "GET /-__factory__-/58b7fa50eb8057c167aae942/spiteful/rhel.html HTTP/1.1" 200 873 "-" "python-requests/2.12.4"
172.16.35.10 - - [25/Jun/2016:05:12:35 +0000] "GET /note-book/58b7fa50eb8057c167aae935/first-committee-of-year/fedora.html HTTP/1.1" 302 1405 "-" "python-requests/2.12.4"
172.16.35.10 - - [25/Jun/2016:05:12:35 +0000] "GET /58b7fad8eb8057c167ab1400/__2016__2016/bomb/fedora.html#anxious HTTP/1.1" 203 629 "-" "python-requests/2.12.4"
172.24.60.30 - - [25/Jun/2016:05:12:35 +0000] "GET /58b7fad8eb8057c167ab1400/__2016__2016/bomb/fedora.html HTTP/1.1" 203 1812 "-" "python-requests/2.12.4"
172.16.35.10 - - [25/Jun/2016:05:12:38 +0000] "GET /son/slim_/bizarre/kubuntu.html HTTP/1.1" 200 594 "-" "python-requests/2.12.4"
1.2.3.4 - - [25/Jun/2016:05:12:40 +0000] "GET /58b7fad8eb8057c167ab13f5/annoyed/bomb/uso-v7.html HTTP/1.1" 302 919 "-" "python-requests/2.12.4"
172.16.35.10 - - [25/Jun/2016:05:12:43 +0000] "GET /annoyed/58b7fa50eb8057c167aae93c/bomb/fedora.html HTTP/1.1" 203 952 "-" "python-requests/2.12.4"
10.10.10.10 - - [25/Jun/2016:05:12:45 +0000] "GET /son/slim_/bizarre/kubuntu.html HTTP/1.1" 302 1909 "-" "python-requests/2.12.4"
10.10.10.10 - - [25/Jun/2016:05:12:48 +0000] "GET /son/slim_/bizarre/kubuntu.html HTTP/1.1" 501 1596 "-" "python-requests/2.12.4"
8.8.8.8 - - [25/Jun/2016:05:12:50 +0000] "GET /bomb/bizarre/-__factory__-/rl-v5.html#immense HTTP/1.1" 201 843 "-" "python-requests/2.12.4"
1.2.3.4 - - [25/Jun/2016:05:12:53 +0000] "GET /son/slim_/bizarre/kubuntu.html?thoughtful=furniture HTTP/1.1" 405 1574 "-" "python-requests/2.12.4"
10.10.10.10 - - [25/Jun/2016:05:12:56 +0000] "GET /-__factory__-/58b7fa50eb8057c167aae942/spiteful/rhel.html HTTP/1.1" 200 670 "-" "python-requests/2.12.4"
172.16.35.10 - - [25/Jun/2016:05:12:56 +0000] "GET /quiet/cagey/58b7fa50eb8057c167aae935/uso-v7.html HTTP/1.1" 200 559 "-" "python-requests/2.12.4"
10.10.10.10 - - [25/Jun/2016:05:12:59 +0000] "GET /58b7fad8eb8057c167ab1400/__2016__2016/bomb/fedora.html HTTP/1.1" 201 853 "-" "python-requests/2.12.4"
1.2.3.4 - - [25/Jun/2016:05:13:00 +0000] "GET /slim_/58b7fa50eb8057c167aae93c/bizarre/ubuntu-gnome.html HTTP/1.1" 200 1574 "-" "python-requests/2.12.4"
8.8.8.8 - - [25/Jun/2016:05:13:03 +0000] "GET /glue/march/son/kubuntu.html#route HTTP/1.1" 205 768 "-" "python-requests/2.12.4"
1.2.3.4 - - [25/Jun/2016:05:13:06 +0000] "GET /note-book/58b7fa50eb8057c167aae935/first-committee-of-year/fedora.html#dapper HTTP/1.1" 204 700 "-" "python-requests/2.12.4"
172.24.60.30 - - [25/Jun/2016:05:13:09 +0000] "GET /quiet/cagey/58b7fa50eb8057c167aae935/uso-v7.html HTTP/1.1" 200 546 "-" "python-requests/2.12.4"
10.10.10.10 - - [25/Jun/2016:05:13:09 +0000] "GET /-__factory__-/58b7fa50eb8057c167aae942/spiteful/rhel.html HTTP/1.1" 400 662 "-" "python-requests/2.12.4"
192.168.100.23 - - [25/Jun/2016:05:13:10 +0000] "GET /58b7fad8eb8057c167ab1400/__2016__2016/bomb/fedora.html HTTP/1.1" 203 919 "-" "python-requests/2.12.4"
10.10.10.10 - - [25/Jun/2016:05:13:13 +0000] "GET /glue/march/son/kubuntu.html HTTP/1.1" 405 790 "-" "python-requests/2.12.4"
172.24.60.30 - - [25/Jun/2016:05:13:14 +0000] "GET /58b7fad8eb8057c167ab13f5/annoyed/bomb/uso-v7.html?drink=shaggy HTTP/1.1" 205 1230 "-" "python-requests/2.12.4"
1.2.3.4 - - [25/Jun/2016:05:13:16 +0000] "GET /note-book/58b7fa50eb8057c167aae935/first-committee-of-year/fedora.html HTTP/1.1" 500 1833 "-" "python-requests/2.12.4"
172.24.60.30 - - [25/Jun/2016:05:13:18 +0000] "GET /glue/march/son/kubuntu.html HTTP/1.1" 405 1223 "-" "python-requests/2.12.4"
1.2.3.4 - - [25/Jun/2016:05:13:19 +0000] "GET /annoyed/58b7fa50eb8057c167aae93c/bomb/fedora.html HTTP/1.1" 201 1423 "-" "python-requests/2.12.4"
1.2.3.4 - - [25/Jun/2016:05:13:21 +0000] "GET /note-book/58b7fa50eb8057c167aae935/first-committee-of-year/fedora.html#route HTTP/1.1" 204 1496 "-" "python-requests/2.12.4"
172.16.35.10 - - [25/Jun/2016:05:13:24 +0000] "GET /note-book/58b7fa50eb8057c167aae935/first-committee-of-year/fedora.html HTTP/1.1" 205 1796 "-" "python-requests/2.12.4"
1.2.3.4 - - [25/Jun/2016:05:13:27 +0000] "GET /note-book/58b7fa50eb8057c167aae935/first-committee-of-year/fedora.html?owe=fact HTTP/1.1" 404 657 "-" "python-requests/2.12.4"
172.24.60.30 - - [25/Jun/2016:05:13:28 +0000] "GET /annoyed/58b7fa50eb8057c167aae93c/bomb/fedora.html HTTP/1.1" 402 1311 "-" "python-requests/2.12.4"
192.168.100.23 - - [25/Jun/2016:05:13:30 +0000] "GET /slim_/58b7fa50eb8057c167aae93c/bizarre/ubuntu-gnome.html?tasty=van HTTP/1.1" 500 1403 "-" "python-requests/2.12.4"
192.168.100.23 - - [25/Jun/2016:05:13:31 +0000] "GET /glue/march/son/kubuntu.html HTTP/1.1" 204 555 "-" "python-requests/2.12.4"
172.16.35.10 - - [25/Jun/2016:05:13:32 +0000] "GET /bomb/bizarre/-__factory__-/rl-v5.html?trip=recondite HTTP/1.1" 301 638 "-" "python-requests/2.12.4"
172.16.35.10 - - [25/Jun/2016:05:13:34 +0000] "GET /-__factory__-/58b7fa50eb8057c167aae942/spiteful/rhel.html HTTP/1.1" 200 1387 "-" "python-requests/2.12.4"
1.2.3.4 - - [25/Jun/2016:05:13:36 +0000] "GET /son/slim_/bizarre/kubuntu.html HTTP/1.1" 504 655 "-" "python-requests/2.12.4"
172.24.60.30 - - [25/Jun/2016:05:13:38 +0000] "GET /bomb/bizarre/-__factory__-/rl-v5.html HTTP/1.1" 302 1401 "-" "python-requests/2.12.4"
10.10.10.10 - - [25/Jun/2016:05:13:38 +0000] "GET /bomb/bizarre/-__factory__-/rl-v5.html HTTP/1.1" 205 1881 "-" "python-requests/2.12.4"
172.24.60.30 - - [25/Jun/2016:05:13:41 +0000] "GET /son/slim_/bizarre/kubuntu.html?drink=bounce HTTP/1.1" 202 676 "-" "python-requests/2.12.4"
192.168.100.23 - - [25/Jun/2016:05:13:44 +0000] "GET /slim_/58b7fa50eb8057c167aae93c/bizarre/ubuntu-gnome.html?quack=milk HTTP/1.1" 402 1934 "-" "python-requests/2.12.4"
8.8.8.8 - - [25/Jun/2016:05:13:47 +0000] "GET /glue/march/son/kubuntu.html?friendly=alert HTTP/1.1" 203 962 "-" "python-requests/2.12.4"
8.8.8.8 - - [25/Jun/2016:05:13:49 +0000] "GET /glue/march/son/kubuntu.html HTTP/1.1" 202 1584 "-" "python-requests/2.12.4"
192.168.100.23 - - [25/Jun/2016:05:13:49 +0000] "GET /son/slim_/bizarre/kubuntu.html HTTP/1.1" 204 1792 "-" "python-requests/2.12.4"
8.8.8.8 - - [25/Jun/2016:05:13:52 +0000] "GET /58b7fad8eb8057c167ab1400/__2016__2016/bomb/fedora.html HTTP/1.1" 205 525 "-" "python-requests/2.12.4"
8.8.8.8 - - [25/Jun/2016:05:13:52 +0000] "GET /glue/march/son/kubuntu.html HTTP/1.1" 201 876 "-" "python-requests/2.12.4"
8.8.8.8 - - [25/Jun/2016:05:13:52 +0000] "GET /quiet/cagey/58b7fa50eb8057c167aae935/uso-v7.html HTTP/1.1" 203 1950 "-" "python-requests/2.12.4"
192.168.100.23 - - [25/Jun/2016:05:13:53 +0000] "GET /bomb/bizarre/-__factory__-/rl-v5.html HTTP/1.1" 304 534 "-" "python-requests/2.12.4"
10.10.10.10 - - [25/Jun/2016:05:13:55 +0000] "GET /bomb/bizarre/-__factory__-/rl-v5.html HTTP/1.1" 204 1070 "-" "python-requests/2.12.4"
10.10.10.10 - - [25/Jun/2016:05:13:58 +0000] "GET /58b7fad8eb8057c167ab1400/__2016__2016/bomb/fedora.html#dapper HTTP/1.1" 305 1327 "-" "python-requests/2.12.4"
192.168.100.23 - - [25/Jun/2016:05:14:00 +0000] "GET /note-book/58b7fa50eb8057c167aae935/first-committee-of-year/fedora.html HTTP/1.1" 304 1669 "-" "python-requests/2.12.4"
10.10.10.10 - - [25/Jun/2016:05:14:03 +0000] "GET /58b7fad8eb8057c167ab1400/__2016__2016/bomb/fedora.html?dry=truthful#dramatic HTTP/1.1" 200 822 "-" "python-requests/2.12.4"
8.8.8.8 - - [25/Jun/2016:05:14:03 +0000] "GET /-__factory__-/58b7fa50eb8057c167aae942/spiteful/rhel.html HTTP/1.1" 305 1697 "-" "python-requests/2.12.4"
8.8.8.8 - - [25/Jun/2016:05:14:03 +0000] "GET /glue/march/son/kubuntu.html HTTP/1.1" 500 1116 "-" "python-requests/2.12.4"
8.8.8.8 - - [25/Jun/2016:05:14:04 +0000] "GET /note-book/58b7fa50eb8057c167aae935/first-committee-of-year/fedora.html HTTP/1.1" 500 972 "-" "python-requests/2.12.4"
8.8.8.8 - - [25/Jun/2016:05:14:05 +0000] "GET /note-book/58b7fa50eb8057c167aae935/first-committee-of-year/fedora.html?show=alert HTTP/1.1" 303 660 "-" "python-requests/2.12.4"
10.10.10.10 - - [25/Jun/2016:05:14:08 +0000] "GET /58b7fad8eb8057c167ab13f5/annoyed/bomb/uso-v7.html#stroke HTTP/1.1" 402 1175 "-" "python-requests/2.12.4"
192.168.100.23 - - [25/Jun/2016:05:14:10 +0000] "GET /58b7fad8eb8057c167ab1400/__2016__2016/bomb/fedora.html HTTP/1.1" 205 1967 "-" "python-requests/2.12.4"
1.2.3.4 - - [25/Jun/2016:05:14:13 +0000] "GET /note-book/58b7fa50eb8057c167aae935/first-committee-of-year/fedora.html HTTP/1.1" 202 934 "-" "python-requests/2.12.4"
8.8.8.8 - - [25/Jun/2016:05:14:14 +0000] "GET /slim_/58b7fa50eb8057c167aae93c/bizarre/ubuntu-gnome.html?owe=mind HTTP/1.1" 204 862 "-" "python-requests/2.12.4"
8.8.8.8 - - [25/Jun/2016:05:14:15 +0000] "GET /son/slim_/bizarre/kubuntu.html?fluffy=mindless HTTP/1.1" 201 986 "-" "python-requests/2.12.4"
1.2.3.4 - - [25/Jun/2016:05:14:15 +0000] "GET /glue/march/son/kubuntu.html HTTP/1.1" 405 748 "-" "python-requests/2.12.4"
10.10.10.10 - - [25/Jun/2016:05:14:18 +0000] "GET /glue/march/son/kubuntu.html HTTP/1.1" 305 1229 "-" "python-requests/2.12.4"
172.24.60.30 - - [25/Jun/2016:05:14:19 +0000] "GET /58b7fad8eb8057c167ab1400/__2016__2016/bomb/fedora.html?sudden=window HTTP/1.1" 204 1818 "-" "python-requests/2.12.4"
1.2.3.4 - - [25/Jun/2016:05:14:20 +0000] "GET /bomb/bizarre/-__factory__-/rl-v5.html HTTP/1.1" 500 1114 "-" "python-requests/2.12.4"
172.16.35.10 - - [25/Jun/2016:05:14:20 +0000] "GET /-__factory__-/58b7fa50eb8057c167aae942/spiteful/rhel.html HTTP/1.1" 201 1430 "-" "python-requests/2.12.4"
8.8.8.8 - - [25/Jun/2016:05:14:20 +0000] "GET /glue/march/son/kubuntu.html HTTP/1.1" 200 868 "-" "python-requests/2.12.4"
192.168.100.23 - - [25/Jun/2016:05:14:23 +0000] "GET /58b7fad8eb8057c167ab1400/__2016__2016/bomb/fedora.html HTTP/1.1" 202 1995 "-" "python-requests/2.12.4"
1.2.3.4 - - [25/Jun/2016:05:14:23 +0000] "GET /annoyed/58b7fa50eb8057c167aae93c/bomb/fedora.html?friendly=recondite HTTP/1.1" 203 1649 "-" "python-requests/2.12.4"
172.24.60.30 - - [25/Jun/2016:05:14:23 +0000] "GET /slim_/58b7fa50eb8057c167aae93c/bizarre/ubuntu-gnome.html HTTP/1.1" 204 1914 "-" "python-requests/2.12.4"
192.168.100.23 - - [25/Jun/2016:05:14:26 +0000] "GET /bomb/bizarre/-__factory__-/rl-v5.html HTTP/1.1" 202 1160 "-" "python-requests/2.12.4"
10.10.10.10 - - [25/Jun/2016:05:14:26 +0000] "GET /bomb/bizarre/-__factory__-/rl-v5.html?friendly=mind HTTP/1.1" 304 1386 "-" "python-requests/2.12.4"
172.24.60.30 - - [25/Jun/2016:05:14:28 +0000] "GET /bomb/bizarre/-__factory__-/rl-v5.html HTTP/1.1" 305 979 "-" "python-requests/2.12.4"
8.8.8.8 - - [25/Jun/2016:05:14:31 +0000] "GET /58b7fad8eb8057c167ab1400/__2016__2016/bomb/fedora.html?fluffy=trip HTTP/1.1" 201 1771 "-" "python-requests/2.12.4"
1.2.3.4 - - [25/Jun/2016:05:14:34 +0000] "GET /note-book/58b7fa50eb8057c167aae935/first-committee-of-year/fedora.html HTTP/1.1" 202 636 "-" "python-requests/2.12.4"
172.24.60.30 - - [25/Jun/2016:05:14:36 +0000] "GET /son/slim_/bizarre/kubuntu.html HTTP/1.1" 205 1531 "-" "python-requests/2.12.4"
1.2.3.4 - - [25/Jun/2016:05:14:39 +0000] "GET /bomb/bizarre/-__factory__-/rl-v5.html HTTP/1.1" 501 1644 "-" "python-requests/2.12.4"
172.24.60.30 - - [25/Jun/2016:05:14:40 +0000] "GET /bomb/bizarre/-__factory__-/rl-v5.html#post HTTP/1.1" 401 871 "-" "python-requests/2.12.4"
8.8.8.8 - - [25/Jun/2016:05:14:43 +0000] "GET /quiet/cagey/58b7fa50eb8057c167aae935/uso-v7.html HTTP/1.1" 405 638 "-" "python-requests/2.12.4"
172.24.60.30 - - [25/Jun/2016:05:14:44 +0000] "GET /bomb/bizarre/-__factory__-/rl-v5.html HTTP/1.1" 502 1670 "-" "python-requests/2.12.4"
172.24.60.30 - - [25/Jun/2016:05:14:47 +0000] "GET /quiet/cagey/58b7fa50eb8057c167aae935/uso-v7.html HTTP/1.1" 205 1323 "-" "python-requests/2.12.4"
10.10.10.10 - - [25/Jun/2016:05:14:48 +0000] "GET /58b7fad8eb8057c167ab13f5/annoyed/bomb/uso-v7.html?giraffe=shaggy HTTP/1.1" 205 1836 "-" "python-requests/2.12.4"
192.168.100.23 - - [25/Jun/2016:05:14:50 +0000] "GET /slim_/58b7fa50eb8057c167aae93c/bizarre/ubuntu-gnome.html#modern HTTP/1.1" 202 797 "-" "python-requests/2.12.4"
8.8.8.8 - - [25/Jun/2016:05:14:50 +0000] "GET /slim_/58b7fa50eb8057c167aae93c/bizarre/ubuntu-gnome.html HTTP/1.1" 201 1567 "-" "python-requests/2.12.4"
