172.24.60.30 - - [25/Jun/2016:04:01:55 +0000] "GET /58b7fad8eb8057c167ab1400/__2016__2016/bomb/fedora.html HTTP/1.1" 401 602 "-" "python-requests/2.12.4"
192.168.100.23 - - [25/Jun/2016:04:01:58 +0000] "GET /son/slim_/bizarre/kubuntu.html HTTP/1.1" 404 1642 "-" "python-requests/2.12.4"
1.2.3.4 - - [25/Jun/2016:04:02:00 +0000] "GET /58b7fad8eb8057c167ab1400/__2016__2016/bomb/fedora.html HTTP/1.1" 203 592 "-" "python-requests/2.12.4"
172.16.35.10 - - [25/Jun/2016:04:02:01 +0000] "GET /58b7fad8eb8057c167ab13f5/annoyed/bomb/uso-v7.html?tasty=van HTTP/1.1" 502 1558 "-" "python-requests/2.12.4"
172.24.60.30 - - [25/Jun/2016:04:02:02 +0000] "GET /annoyed/58b7fa50eb8057c167aae93c/bomb/fedora.html HTTP/1.1" 301 1660 "-" "python-requests/2.12.4"
8.8.8.8 - - [25/Jun/2016:04:02:03 +0000] "GET /annoyed/58b7fa50eb8057c167aae93c/bomb/fedora.html HTTP/1.1" 403 1541 "-" "python-requests/2.12.4"
1.2.3.4 - - [25/Jun/2016:04:02:04 +0000] "GET /slim_/58b7fa50eb8057c167aae93c/bizarre/ubuntu-gnome.html#abaft HTTP/1.1" 200 748 "-" "python-requests/2.12.4"
192.168.100.23 - - [25/Jun/2016:04:02:06 +0000] "GET /slim_/58b7fa50eb8057c167aae93c/bizarre/ubuntu-gnome.html?sudden=shaggy HTTP/1.1" 205 766 "-" "python-requests/2.12.4"
8.8.8.8 - - [25/Jun/2016:04:02:06 +0000] "GET /bomb/bizarre/-__factory__-/rl-v5.html HTTP/1.1" 504 1460 "-" "python-requests/2.12.4"
1.2.3.4 - - [25/Jun/2016:04:02:07 +0000] "GET /annoyed/58b7fa50eb8057c167aae93c/bomb/fedora.html HTTP/1.1" 305 1659 "-" "python-requests/2.12.4"
8.8.8.8 - - [25/Jun/2016:04:02:08 +0000] "GET /58b7fad8eb8057c167ab1400/__2016__2016/bomb/fedora.html HTTP/1.1" 200 789 "-" "python-requests/2.12.4"
192.168.100.23 - - [25/Jun/2016:04:02:10 +0000] "GET /annoyed/58b7fa50eb8057c167aae93c/bomb/fedora.html?trip=trip HTTP/1.1" 201 1315 "-" "python-requests/2.12.4"
192.168.100.23 - - [25/Jun/2016:04:02:11 +0000] "GET /note-book/58b7fa50eb8057c167aae935/first-committee-of-year/fedora.html HTTP/1.1" 504 1672 "-" "python-requests/2.12.4"
8.8.8.8 - - [25/Jun/2016:04:02:11 +0000] "GET /-__factory__-/58b7fa50eb8057c167aae942/spiteful/rhel.html#anxious HTTP/1.1" 200 1751 "-" "python-requests/2.12.4"
1.2.3.4 - - [25/Jun/2016:04:02:14 +0000] "GET /annoyed/58b7fa50eb8057c167aae93c/bomb/fedora.html HTTP/1.1" 200 1713 "-" "python-requests/2.12.4"
8.8.8.8 - - [25/Jun/2016:04:02:16 +0000] "GET /glue/march/son/kubuntu.html HTTP/1.1" 202 1516 "-" "python-requests/2.12.4"
1.2.3.4 - - [25/Jun/2016:04:02:18 +0000] "GET /58b7fad8eb8057c167ab13f5/annoyed/bomb/uso-v7.html HTTP/1.1" 203 967 "-" "python-requests/2.12.4"
192.168.100.23 - - [25/Jun/2016:04:02:18 +0000] "GET /son/slim_/bizarre/kubuntu.html HTTP/1.1" 401 1848 "-" "python-requests/2.12.4"
172.24.60.30 - - [25/Jun/2016:04:02:19 +0000] "GET /-__factory__-/58b7fa50eb8057c167aae942/spiteful/rhel.html?quack=shaggy#immense HTTP/1.1" 202 1545 "-" "python-requests/2.12.4"
192.168.100.23 - - [25/Jun/2016:04:02:19 +0000] "GET /son/slim_/bizarre/kubuntu.html?permissible=furniture HTTP/1.1" 204 1643 "-" "python-requests/2.12.4"
10.10.10.10 - - [25/Jun/2016:04:02:22 +0000] "GET /son/slim_/bizarre/kubuntu.html#wish HTTP/1.1" 200 981 "-" "python-requests/2.12.4"
172.16.35.10 - - [25/Jun/2016:04:02:23 +0000] "GET /son/slim_/bizarre/kubuntu.html HTTP/1.1" 501 1449 "-" "python-requests/2.12.4"
1.2.3.4 - - [25/Jun/2016:04:02:24 +0000] "GET /glue/march/son/kubuntu.html HTTP/1.1" 304 1887 "-" "python-requests/2.12.4"
172.24.60.30 - - [25/Jun/2016:04:02:26 +0000] "GET /note-book/58b7fa50eb8057c167aae935/first-committee-of-year/fedora.html?friendly=shaggy HTTP/1.1" 202 1043 "-" "python-requests/2.12.4"
172.16.35.10 - - [25/Jun/2016:04:02:27 +0000] "GET /son/slim_/bizarre/kubuntu.html HTTP/1.1" 305 1853 "-" "python-requests/2.12.4"
10.10.10.10 - - [25/Jun/2016:04:02:30 +0000] "GET /annoyed/58b7fa50eb8057c167aae93c/bomb/fedora.html HTTP/1.1" 202 1890 "-" "python-requests/2.12.4"
192.168.100.23 - - [25/Jun/2016:04:02:31 +0000] "GET /-__factory__-/58b7fa50eb8057c167aae942/spiteful/rhel.html HTTP/1.1" 205 1467 "-" "python-requests/2.12.4"
192.168.100.23 - - [25/Jun/2016:04:02:31 +0000] "GET /slim_/58b7fa50eb8057c167aae93c/bizarre/ubuntu-gnome.html HTTP/1.1" 503 1545 "-" "python-requests/2.12.4"
1.2.3.4 - - [25/Jun/2016:04:02:33 +0000] "GET /son/slim_/bizarre/kubuntu.html HTTP/1.1" 303 855 "-" "python-requests/2.12.4"
172.16.35.10 - - [25/Jun/2016:04:02:36 +0000] "GET /58b7fad8eb8057c167ab13f5/annoyed/bomb/uso-v7.html HTTP/1.1" 201 1005 "-" "python-requests/2.12.4"
8.8.8.8 - - [25/Jun/2016:04:02:39 +0000] "GET /annoyed/58b7fa50eb8057c167aae93c/bomb/fedora.html HTTP/1.1" 203 1631 "-" "python-requests/2.12.4"
8.8.8.8 - - [25/Jun/2016:04:02:42 +0000] "GET /58b7fad8eb8057c167ab1400/__2016__2016/bomb/fedora.html HTTP/1.1" 201 747 "-" "python-requests/2.12.4"
8.8.8.8 - - [25/Jun/2016:04:02:42 +0000] "GET /quiet/cagey/58b7fa50eb8057c167aae935/uso-v7.html HTTP/1.1" 205 843 "-" "python-requests/2.12.4"
172.24.60.30 - - [25/Jun/2016:04:02:45 +0000] "GET /quiet/cagey/58b7fa50eb8057c167aae935/uso-v7.html HTTP/1.1" 201 1996 "-" "python-requests/2.12.4"
1.2.3.4 - - [25/Jun/2016:04:02:48 +0000] "GET /slim_/58b7fa50eb8057c167aae93c/bizarre/ubuntu-gnome.html HTTP/1.1" 204 1060 "-" "python-requests/2.12.4"
1.2.3.4 - - [25/Jun/2016:04:02:48 +0000] "GET /58b7fad8eb8057c167ab13f5/annoyed/bomb/uso-v7.html?suggest=mindless HTTP/1.1" 205 1877 "-" "python-requests/2.12.4"
172.24.60.30 - - [25/Jun/2016:04:02:50 +0000] "GET /note-book/58b7fa50eb8057c167aae935/first-committee-of-year/fedora.html HTTP/1.1" 503 1475 "-" "python-requests/2.12.4"
8.8.8.8 - - [25/Jun/2016:04:02:50 +0000] "GET /annoyed/58b7fa50eb8057c167aae93c/bomb/fedora.html HTTP/1.1" 503 1891 "-" "python-requests/2.12.4"
10.10.10.10 - - [25/Jun/2016:04:02:52 +0000] "GET /son/slim_/bizarre/kubuntu.html HTTP/1.1" 202 1233 "-" "python-requests/2.12.4"
172.16.35.10 - - [25/Jun/2016:04:02:54 +0000] "GET /son/slim_/bizarre/kubuntu.html#modern HTTP/1.1" 202 1393 "-" "python-requests/2.12.4"
8.8.8.8 - - [25/Jun/2016:04:02:54 +0000] "GET /glue/march/son/kubuntu.html?friendly=steer HTTP/1.1" 500 923 "-" "python-requests/2.12.4"
8.8.8.8 - - [25/Jun/2016:04:02:56 +0000] "GET /58b7fad8eb8057c167ab1400/__2016__2016/bomb/fedora.html HTTP/1.1" 203 1838 "-" "python-requests/2.12.4"
192.168.100.23 - - [25/Jun/2016:04:02:57 +0000] "GET /glue/march/son/kubuntu.html HTTP/1.1" 401 1766 "-" "python-requests/2.12.4"
10.10.10.10 - - [25/Jun/2016:04:03:00 +0000] "GET /-__factory__-/58b7fa50eb8057c167aae942/spiteful/rhel.html HTTP/1.1" 503 609 "-" "python-requests/2.12.4"
10.10.10.10 - - [25/Jun/2016:04:03:01 +0000] "GET /58b7fad8eb8057c167ab1400/__2016__2016/bomb/fedora.html HTTP/1.1" 502 626 "-" "python-requests/2.12.4"
8.8.8.8 - - [25/Jun/2016:04:03:02 +0000] "GET /-__factory__-/58b7fa50eb8057c167aae942/spiteful/rhel.html HTTP/1.1" 300 1980 "-" "python-requests/2.12.4"
1.2.3.4 - - [25/Jun/2016:04:03:05 +0000] "GET /-__factory__-/58b7fa50eb8057c167aae942/spiteful/rhel.html#dramatic HTTP/1.1" 303 1947 "-" "python-requests/2.12.4"
10.10.10.10 - - [25/Jun/2016:04:03:07 +0000] "GET /quiet/cagey/58b7fa50eb8057c167aae935/uso-v7.html?trip=husky HTTP/1.1" 405 1491 "-" "python-requests/2.12.4"
192.168.100.23 - - [25/Jun/2016:04:03:08 +0000] "GET /slim_/58b7fa50eb8057c167aae93c/bizarre/ubuntu-gnome.html HTTP/1.1" 201 1200 "-" "python-requests/2.12.4"
1.2.3.4 - - [25/Jun/2016:04:03:08 +0000] "GET /slim_/58b7fa50eb8057c167aae93c/bizarre/ubuntu-gnome.html HTTP/1.1" 200 929 "-" "python-requests/2.12.4"
172.24.60.30 - - [25/Jun/2016:04:03:09 +0000] "GET /quiet/cagey/58b7fa50eb8057c167aae935/uso-v7.html HTTP/1.1" 201 585 "-" "python-requests/2.12.4"
192.168.100.23 - - [25/Jun/2016:04:03:11 +0000] "GET /bomb/bizarre/-__factory__-/rl-v5.html HTTP/1.1" 301 1645 "-" "python-requests/2.12.4"
192.168.100.23 - - [25/Jun/2016:04:03:13 +0000] "GET /58b7fad8eb8057c167ab1400/__2016__2016/bomb/fedora.html HTTP/1.1" 505 1311 "-" "python-requests/2.12.4"
10.10.10.10 - - [25/Jun/2016:04:03:13 +0000] "GET /58b7fad8eb8057c167ab1400/__2016__2016/bomb/fedora.html?fluffy=milk HTTP/1.1" 205 1228 "-" "python-requests/2.12.4"
172.16.35.10 - - [25/Jun/2016:04:03:14 +0000] "GET /quiet/cagey/58b7fa50eb8057c167aae935/uso-v7.html HTTP/1.1" 302 638 "-" "python-requests/2.12.4"
1.2.3.4 - - [25/Jun/2016:04:03:16 +0000] "GET /58b7fad8eb8057c167ab13f5/annoyed/bomb/uso-v7.html HTTP/1.1" 405 1355 "-" "python-requests/2.12.4"
1.2.3.4 - - [25/Jun/2016:04:03:19 +0000] "GET /58b7fad8eb8057c167ab1400/__2016__2016/bomb/fedora.html HTTP/1.1" 203 508 "-" "python-requests/2.12.4"
172.24.60.30 - - [25/Jun/2016:04:03:20 +0000] "GET /bomb/bizarre/-__factory__-/rl-v5.html HTTP/1.1" 405 596 "-" "python-requests/2.12.4"
172.24.60.30 - - [25/Jun/2016:04:03:22 +0000] "GET /slim_/58b7fa50eb8057c167aae93c/bizarre/ubuntu-gnome.html HTTP/1.1" 203 1284 "-" "python-requests/2.12.4"
192.168.100.23 - - [25/Jun/2016:04:03:24 +0000] "GET /note-book/58b7fa50eb8057c167aae935/first-committee-of-year/fedora.html HTTP/1.1" 502 1711 "-" "python-requests/2.12.4"
1.2.3.4 - - [25/Jun/2016:04:03:24 +0000] "GET /58b7fad8eb8057c167ab13f5/annoyed/bomb/uso-v7.html?dry=recondite HTTP/1.1" 202 1693 "-" "python-requests/2.12.4"
172.16.35.10 - - [25/Jun/2016:04:03:26 +0000] "GET /note-book/58b7fa50eb8057c167aae935/first-committee-of-year/fedora.html HTTP/1.1" 203 704 "-" "python-requests/2.12.4"
192.168.100.23 - - [25/Jun/2016:04:03:26 +0000] "GET /58b7fad8eb8057c167ab13f5/annoyed/bomb/uso-v7.html HTTP/1.1" 204 1645 "-" "python-requests/2.12.4"
192.168.100.23 - - [25/Jun/2016:04:03:26 +0000] "GET /son/slim_/bizarre/kubuntu.html HTTP/1.1" 200 1248 "-" "python-requests/2.12.4"
10.10.10.10 - - [25/Jun/2016:04:03:27 +0000] "GET /son/slim_/bizarre/kubuntu.html HTTP/1.1" 200 1470 "-" "python-requests/2.12.4"
8.8.8.8 - - [25/Jun/2016:04:03:30 +0000] "GET /58b7fad8eb8057c167ab13f5/annoyed/bomb/uso-v7.html?trip=reduce HTTP/1.1" 400 1524 "-" "python-requests/2.12.4"
10.10.10.10 - - [25/Jun/2016:04:03:30 +0000] "GET /58b7fad8eb8057c167ab13f5/annoyed/bomb/uso-v7.html?trip=bounce#bashful HTTP/1.1" 205 1071 "-" "python-requests/2.12.4"
10.10.10.10 - - [25/Jun/2016:04:03:32 +0000] "GET /slim_/58b7fa50eb8057c167aae93c/bizarre/ubuntu-gnome.html HTTP/1.1" 205 1413 "-" "python-requests/2.12.4"
1.2.3.4 - - [25/Jun/2016:04:03:33 +0000] "GET /-__factory__-/58b7fa50eb8057c167aae942/spiteful/rhel.html HTTP/1.1" 205 1803 "-" "python-requests/2.12.4"
172.24.60.30 - - [25/Jun/2016:04:03:33 +0000] "GET /glue/march/son/kubuntu.html HTTP/1.1" 205 1235 "-" "python-requests/2.12.4"
1.2.3.4 - - [25/Jun/2016:04:03:33 +0000] "GET /annoyed/58b7fa50eb8057c167aae93c/bomb/fedora.html HTTP/1.1" 204 946 "-" "python-requests/2.12.4"
8.8.8.8 - - [25/Jun/2016:04:03:33 +0000] "GET /-__factory__-/58b7fa50eb8057c167aae942/spiteful/rhel.html HTTP/1.1" 305 729 "-" "python-requests/2.12.4"
172.24.60.30 - - [25/Jun/2016:04:03:36 +0000] "GET /bomb/bizarre/-__factory__-/rl-v5.html HTTP/1.1" 400 973 "-" "python-requests/2.12.4"
8.8.8.8 - - [25/Jun/2016:04:03:37 +0000] "GET /note-book/58b7fa50eb8057c167aae935/first-committee-of-year/fedora.html HTTP/1.1" 200 1930 "-" "python-requests/2.12.4"
1.2.3.4 - - [25/Jun/2016:04:03:37 +0000] "GET /58b7fad8eb8057c167ab1400/__2016__2016/bomb/fedora.html#monkey HTTP/1.1" 204 1033 "-" "python-requests/2.12.4"
10.10.10.10 - - [25/Jun/2016:04:03:38 +0000] "GET /-__factory__-/58b7fa50eb8057c167aae942/spiteful/rhel.html#anxious HTTP/1.1" 204 1736 "-" "python-requests/2.12.4"
172.24.60.30 - - [25/Jun/2016:04:03:39 +0000] "GET /-__factory__-/58b7fa50eb8057c167aae942/spiteful/rhel.html?clip=trip HTTP/1.1" 203 1801 "-" "python-requests/2.12.4"
192.168.100.23 - - [25/Jun/2016:04:03:39 +0000] "GET /note-book/58b7fa50eb8057c167aae935/first-committee-of-year/fedora.html HTTP/1.1" 204 838 "-" "python-requests/2.12.4"
172.24.60.30 - - [25/Jun/2016:04:03:42 +0000] "GET /son/slim_/bizarre/kubuntu.html HTTP/1.1" 402 1615 "-" "python-requests/2.12.4"
1.2.3.4 - - [25/Jun/2016:04:03:42 +0000] "GET /annoyed/58b7fa50eb8057c167aae93c/bomb/fedora.html HTTP/1.1" 500 970 "-" "python-requests/2.12.4"
172.24.60.30 - - [25/Jun/2016:04:03:42 +0000] "GET /glue/march/son/kubuntu.html HTTP/1.1" 302 1221 "-" "python-requests/2.12.4"
192.168.100.23 - - [25/Jun/2016:04:03:45 +0000] "GET /glue/march/son/kubuntu.html HTTP/1.1" 401 1141 "-" "python-requests/2.12.4"
8.8.8.8 - - [25/Jun/2016:04:03:45 +0000] "GET /58b7fad8eb8057c167ab13f5/annoyed/bomb/uso-v7.html HTTP/1.1" 200 1355 "-" "python-requests/2.12.4"
172.16.35.10 - - [25/Jun/2016:04:03:48 +0000] "GET /bomb/bizarre/-__factory__-/rl-v5.html?volatile=milk HTTP/1.1" 202 746 "-" "python-requests/2.12.4"
192.168.100.23 - - [25/Jun/2016:04:03:49 +0000] "GET /slim_/58b7fa50eb8057c167aae93c/bizarre/ubuntu-gnome.html HTTP/1.1" 400 774 "-" "python-requests/2.12.4"
1.2.3.4 - - [25/Jun/2016:04:03:49 +0000] "GET /bomb/bizarre/-__factory__-/rl-v5.html?clip=shaggy HTTP/1.1" 204 862 "-" "python-requests/2.12.4"
8.8.8.8 - - [25/Jun/2016:04:03:52 +0000] "GET /slim_/58b7fa50eb8057c167aae93c/bizarre/ubuntu-gnome.html HTTP/1.1" 202 965 "-" "python-requests/2.12.4"
192.168.100.23 - - [25/Jun/2016:04:03:53 +0000] "GET /bomb/bizarre/-__factory__-/rl-v5.html HTTP/1.1" 301 708 "-" "python-requests/2.12.4"
10.10.10.10 - - [25/Jun/2016:04:03:54 +0000] "GET /-__factory__-/58b7fa50eb8057c167aae942/spiteful/rhel.html?reason=steer HTTP/1.1" 502 1791 "-" "python-requests/2.12.4"
172.16.35.10 - - [25/Jun/2016:04:03:54 +0000] "GET /-__factory__-/58b7fa50eb8057c167aae942/spiteful/rhel.html HTTP/1.1" 203 610 "-" "python-requests/2.12.4"
172.24.60.30 - - [25/Jun/2016:04:03:54 +0000] "GET /-__factory__-/58b7fa50eb8057c167aae942/spiteful/rhel.html HTTP/1.1" 200 948 "-" "python-requests/2.12.4"
1.2.3.4 - - [25/Jun/2016:04:03:55 +0000] "GET /quiet/cagey/58b7fa50eb8057c167aae935/uso-v7.html HTTP/1.1" 202 779 "-" "python-requests/2.12.4"
192.168.100.23 - - [25/Jun/2016:04:03:58 +0000] "GET /note-book/58b7fa50eb8057c167aae935/first-committee-of-year/fedora.html#immense HTTP/1.1" 401 1426 "-" "python-requests/2.12.4"
192.168.100.23 - - [25/Jun/2016:04:03:59 +0000] "GET /bomb/bizarre/-__factory__-/rl-v5.html HTTP/1.1" 405 1125 "-" "python-requests/2.12.4"
192.168.100.23 - - [25/Jun/2016:04:03:59 +0000] "GET /annoyed/58b7fa50eb8057c167aae93c/bomb/fedora.html?burst=bounce#immense HTTP/1.1" 201 1893 "-" "python-requests/2.12.4"
1.2.3.4 - - [25/Jun/2016:04:04:00 +0000] "GET /slim_/58b7fa50eb8057c167aae93c/bizarre/ubuntu-gnome.html HTTP/1.1" 200 635 "-" "python-requests/2.12.4"
192.168.100.23 - - [25/Jun/2016:04:04:02 +0000] "GET /58b7fad8eb8057c167ab1400/__2016__2016/bomb/fedora.html HTTP/1.1" 204 1778 "-" "python-requests/2.12.4"
8.8.8.8 - - [25/Jun/2016:04:04:05 +0000] "GET /annoyed/58b7fa50eb8057c167aae93c/bomb/fedora.html HTTP/1.1" 201 678 "-" "python-requests/2.12.4"
172.24.60.30 - - [25/Jun/2016:04:04:05 +0000] "GET /slim_/58b7fa50eb8057c167aae93c/bizarre/ubuntu-gnome.html HTTP/1.1" 201 822 "-" "python-requests/2.12.4"
8.8.8.8 - - [25/Jun/2016:04:04:06 +0000] "GET /glue/march/son/kubuntu.html HTTP/1.1" 400 1319 "-" "python-requests/2.12.4"
1.2.3.4 - - [25/Jun/2016:04:04:08 +0000] "GET /son/slim_/bizarre/kubuntu.html HTTP/1.1" 503 1404 "-" "python-requests/2.12.4"
8.8.8.8 - - [25/Jun/2016:04:04:11 +0000] "GET /annoyed/58b7fa50eb8057c167aae93c/bomb/fedora.html HTTP/1.1" 201 1924 "-" "python-requests/2.12.4"
192.168.100.23 - - [25/Jun/2016:04:04:11 +0000] "GET /son/slim_/bizarre/kubuntu.html#colour HTTP/1.1" 203 1525 "-" "python-requests/2.12.4"
192.168.100.23 - - [25/Jun/2016:04:04:12 +0000] "GET /glue/march/son/kubuntu.html HTTP/1.1" 505 977 "-" "python-requests/2.12.4"
172.24.60.30 - - [25/Jun/2016:04:04:15 +0000] "GET /son/slim_/bizarre/kubuntu.html HTTP/1.1" 200 745 "-" "python-requests/2.12.4"
1.2.3.4 - - [25/Jun/2016:04:04:18 +0000] "GET /glue/march/son/kubuntu.html?tasty=van HTTP/1.1" 205 1447 "-" "python-requests/2.12.4"
192.168.100.23 - - [25/Jun/2016:04:04:20 +0000] "GET /-__factory__-/58b7fa50eb8057c167aae942/spiteful/rhel.html HTTP/1.1" 203 526 "-" "python-requests/2.12.4"
1.2.3.4 - - [25/Jun/2016:04:04:23 +0000] "GET /annoyed/58b7fa50eb8057c167aae93c/bomb/fedora.html HTTP/1.1" 203 847 "-" "python-requests/2.12.4"
172.24.60.30 - - [25/Jun/2016:04:04:24 +0000] "GET /slim_/58b7fa50eb8057c167aae93c/bizarre/ubuntu-gnome.html?suggest=divide HTTP/1.1" 302 663 "-" "python-requests/2.12.4"
172.24.60.30 - - [25/Jun/2016:04:04:26 +0000] "GET /58b7fad8eb8057c167ab13f5/annoyed/bomb/uso-v7.html HTTP/1.1" 304 1202 "-" "python-requests/2.12.4"
10.10.10.10 - - [25/Jun/2016:04:04:27 +0000] "GET /annoyed/58b7fa50eb8057c167aae93c/bomb/fedora.html HTTP/1.1" 201 1566 "-" "python-requests/2.12.4"
172.16.35.10 - - [25/Jun/2016:04:04:27 +0000] "GET /-__factory__-/58b7fa50eb8057c167aae942/spiteful/rhel.html HTTP/1.1" 305 1141 "-" "python-requests/2.12.4"
8.8.8.8 - - [25/Jun/2016:04:04:28 +0000] "GET /glue/march/son/kubuntu.html HTTP/1.1" 201 806 "-" "python-requests/2.12.4"
172.16.35.10 - - [25/Jun/2016:04:04:30 +0000] "GET /quiet/cagey/58b7fa50eb8057c167aae935/uso-v7.html HTTP/1.1" 502 1631 "-" "python-requests/2.12.4"
172.24.60.30 - - [25/Jun/2016:04:04:31 +0000] "GET /quiet/cagey/58b7fa50eb8057c167aae935/uso-v7.html#welcome HTTP/1.1" 501 794 "-" "python-requests/2.12.4"
10.10.10.10 - - [25/Jun/2016:04:04:32 +0000] "GET /bomb/bizarre/-__factory__-/rl-v5.html HTTP/1.1" 300 680 "-" "python-requests/2.12.4"
172.24.60.30 - - [25/Jun/2016:04:04:32 +0000] "GET /58b7fad8eb8057c167ab1400/__2016__2016/bomb/fedora.html?fluffy=truthful HTTP/1.1" 501 542 "-" "python-requests/2.12.4"
10.10.10.10 - - [25/Jun/2016:04:04:32 +0000] "GET /58b7fad8eb8057c167ab1400/__2016__2016/bomb/fedora.html HTTP/1.1" 502 1640 "-" "python-requests/2.12.4"
172.16.35.10 - - [25/Jun/2016:04:04:32 +0000] "GET /58b7fad8eb8057c167ab13f5/annoyed/bomb/uso-v7.html HTTP/1.1" 202 526 "-" "python-requests/2.12.4"
172.16.35.10 - - [25/Jun/2016:04:04:33 +0000] "GET /slim_/58b7fa50eb8057c167aae93c/bizarre/ubuntu-gnome.html HTTP/1.1" 200 789 "-" "python-requests/2.12.4"
172.24.60.30 - - [25/Jun/2016:04:04:35 +0000] "GET /bomb/bizarre/-__factory__-/rl-v5.html HTTP/1.1" 200 1077 "-" "python-requests/2.12.4"
8.8.8.8 - - [25/Jun/2016:04:04:35 +0000] "GET /annoyed/58b7fa50eb8057c167aae93c/bomb/fedora.html?thoughtful=panicky HTTP/1.1" 400 1469 "-" "python-requests/2.12.4"
8.8.8.8 - - [25/Jun/2016:04:04:36 +0000] "GET /58b7fad8eb8057c167ab1400/__2016__2016/bomb/fedora.html HTTP/1.1" 204 1809 "-" "python-requests/2.12.4"
192.168.100.23 - - [25/Jun/2016:04:04:38 +0000] "GET /note-book/58b7fa50eb8057c167aae935/first-committee-of-year/fedora.html HTTP/1.1" 404 738 "-" "python-requests/2.12.4"
172.24.60.30 - - [25/Jun/2016:04:04:40 +0000] "GET /annoyed/58b7fa50eb8057c167aae93c/bomb/fedora.html HTTP/1.1" 201 740 "-" "python-requests/2.12.4"
172.16.35.10 - - [25/Jun/2016:04:04:41 +0000] "GET /note-book/58b7fa50eb8057c167aae935/first-committee-of-year/fedora.html?show=divide#grateful HTTP/1.1" 200 1125 "-" "python-requests/2.12.4"
1.2.3.4 - - [25/Jun/2016:04:04:42 +0000] "GET /glue/march/son/kubuntu.html HTTP/1.1" 304 1309 "-" "python-requests/2.12.4"
1.2.3.4 - - [25/Jun/2016:04:04:43 +0000] "GET /bomb/bizarre/-__factory__-/rl-v5.html#bashful HTTP/1.1" 200 739 "-" "python-requests/2.12.4"
8.8.8.8 - - [25/Jun/2016:04:04:46 +0000] "GET /annoyed/58b7fa50eb8057c167aae93c/bomb/fedora.html#colour HTTP/1.1" 203 1535 "-" "python-requests/2.12.4"
8.8.8.8 - - [25/Jun/2016:04:04:46 +0000] "GET /-__factory__-/58b7fa50eb8057c167aae942/spiteful/rhel.html HTTP/1.1" 204 1837 "-" "python-requests/2.12.4"
172.24.60.30 - - [25/Jun/2016:04:04:47 +0000] "GET /58b7fad8eb8057c167ab1400/__2016__2016/bomb/fedora.html?owe=mind HTTP/1.1" 205 1206 "-" "python-requests/2.12.4"
172.16.35.10 - - [25/Jun/2016:04:04:50 +0000] "GET /annoyed/58b7fa50eb8057c167aae93c/bomb/fedora.html HTTP/1.1" 305 1986 "-" "python-requests/2.12.4"
192.168.100.23 - - [25/Jun/2016:04:04:52 +0000] "GET /glue/march/son/kubuntu.html HTTP/1.1" 201 753 "-" "python-requests/2.12.4"
172.24.60.30 - - [25/Jun/2016:04:04:52 +0000] "GET /quiet/cagey/58b7fa50eb8057c167aae935/uso-v7.html HTTP/1.1" 304 1026 "-" "python-requests/2.12.4"
192.168.100.23 - - [25/Jun/2016:04:04:54 +0000] "GET /quiet/cagey/58b7fa50eb8057c167aae935/uso-v7.html HTTP/1.1" 301 823 "-" "python-requests/2.12.4"
10.10.10.10 - - [25/Jun/2016:04:04:54 +0000] "GET /glue/march/son/kubuntu.html?giraffe=trip HTTP/1.1" 301 1608 "-" "python-requests/2.12.4"
172.24.60.30 - - [25/Jun/2016:04:04:55 +0000] "GET /glue/march/son/kubuntu.html HTTP/1.1" 203 922 "-" "python-requests/2.12.4"
192.168.100.23 - - [25/Jun/2016:04:04:55 +0000] "GET /58b7fad8eb8057c167ab13f5/annoyed/bomb/uso-v7.html HTTP/1.1" 302 1560 "-" "python-requests/2.12.4"
172.24.60.30 - - [25/Jun/2016:04:04:56 +0000] "GET /quiet/cagey/58b7fa50eb8057c167aae935/uso-v7.html HTTP/1.1" 202 1771 "-" "python-requests/2.12.4"
172.24.60.30 - - [25/Jun/2016:04:04:56 +0000] "GET /bomb/bizarre/-__factory__-/rl-v5.html#immense HTTP/1.1" 200 1151 "-" "python-requests/2.12.4"
8.8.8.8 - - [25/Jun/2016:04:04:59 +0000] "GET /note-book/58b7fa50eb8057c167aae935/first-committee-of-year/fedora.html HTTP/1.1" 204 1832 "-" "python-requests/2.12.4"
172.16.35.10 - - [25/Jun/2016:04:05:01 +0000] "GET /slim_/58b7fa50eb8057c167aae93c/bizarre/ubuntu-gnome.html HTTP/1.1" 504 818 "-" "python-requests/2.12.4"
172.16.35.10 - - [25/Jun/2016:04:05:02 +0000] "GET /quiet/cagey/58b7fa50eb8057c167aae935/uso-v7.html#stroke HTTP/1.1" 404 878 "-" "python-requests/2.12.4"
8.8.8.8 - - [25/Jun/2016:04:05:03 +0000] "GET /note-book/58b7fa50eb8057c167aae935/first-committee-of-year/fedora.html?suggest=steer HTTP/1.1" 203 1978 "-" "python-requests/2.12.4"
192.168.100.23 - - [25/Jun/2016:04:05:03 +0000] "GET /58b7fad8eb8057c167ab13f5/annoyed/bomb/uso-v7.html HTTP/1.1" 201 1925 "-" "python-requests/2.12.4"
192.168.100.23 - - [25/Jun/2016:04:05:04 +0000] "GET /annoyed/58b7fa50eb8057c167aae93c/bomb/fedora.html#anxious HTTP/1.1" 204 1030 "-" "python-requests/2.12.4"
172.16.35.10 - - [25/Jun/2016:04:05:05 +0000] "GET /58b7fad8eb8057c167ab13f5/annoyed/bomb/uso-v7.html HTTP/1.1" 201 1966 "-" "python-requests/2.12.4"
1.2.3.4 - - [25/Jun/2016:04:05:08 +0000] "GET /note-book/58b7fa50eb8057c167aae935/first-committee-of-year/fedora.html HTTP/1.1" 402 1507 "-" "python-requests/2.12.4"
172.24.60.30 - - [25/Jun/2016:04:05:10 +0000] "GET /glue/march/son/kubuntu.html HTTP/1.1" 202 1396 "-" "python-requests/2.12.4"
10.10.10.10 - - [25/Jun/2016:04:05:12 +0000] "GET /note-book/58b7fa50eb8057c167aae935/first-committee-of-year/fedora.html?suggest=truthful HTTP/1.1" 501 1859 "-" "python-requests/2.12.4"
192.168.100.23 - - [25/Jun/2016:04:05:12 +0000] "GET /annoyed/58b7fa50eb8057c167aae93c/bomb/fedora.html HTTP/1.1" 400 743 "-" "python-requests/2.12.4"
172.24.60.30 - - [25/Jun/2016:04:05:12 +0000] "GET /son/slim_/bizarre/kubuntu.html?locket=teeny HTTP/1.1" 203 1648 "-" "python-requests/2.12.4"
1.2.3.4 - - [25/Jun/2016:04:05:13 +0000] "GET /quiet/cagey/58b7fa50eb8057c167aae935/uso-v7.html HTTP/1.1" 205 1956 "-" "python-requests/2.12.4"
192.168.100.23 - - [25/Jun/2016:04:05:15 +0000] "GET /quiet/cagey/58b7fa50eb8057c167aae935/uso-v7.html?volatile=van HTTP/1.1" 201 1679 "-" "python-requests/2.12.4"
8.8.8.8 - - [25/Jun/2016:04:05:17 +0000] "GET /note-book/58b7fa50eb8057c167aae935/first-committee-of-year/fedora.html#modern HTTP/1.1" 204 1887 "-" "python-requests/2.12.4"
10.10.10.10 - - [25/Jun/2016:04:05:20 +0000] "GET /58b7fad8eb8057c167ab13f5/annoyed/bomb/uso-v7.html?drink=bounce HTTP/1.1" 202 629 "-" "python-requests/2.12.4"
10.10.10.10 - - [25/Jun/2016:04:05:20 +0000] "GET /58b7fad8eb8057c167ab13f5/annoyed/bomb/uso-v7.html HTTP/1.1" 400 902 "-" "python-requests/2.12.4"
1.2.3.4 - - [25/Jun/2016:04:05:22 +0000] "GET /bomb/bizarre/-__factory__-/rl-v5.html?reason=mind HTTP/1.1" 202 1376 "-" "python-requests/2.12.4"
192.168.100.23 - - [25/Jun/2016:04:05:24 +0000] "GET /son/slim_/bizarre/kubuntu.html#wish HTTP/1.1" 204 1749 "-" "python-requests/2.12.4"
172.16.35.10 - - [25/Jun/2016:04:05:24 +0000] "GET /note-book/58b7fa50eb8057c167aae935/first-committee-of-year/fedora.html HTTP/1.1" 401 1842 "-" "python-requests/2.12.4"
1.2.3.4 - - [25/Jun/2016:04:05:26 +0000] "GET /58b7fad8eb8057c167ab1400/__2016__2016/bomb/fedora.html HTTP/1.1" 504 1114 "-" "python-requests/2.12.4"
8.8.8.8 - - [25/Jun/2016:04:05:28 +0000] "GET /glue/march/son/kubuntu.html HTTP/1.1" 503 1096 "-" "python-requests/2.12.4"
8.8.8.8 - - [25/Jun/2016:04:05:29 +0000] "GET /bomb/bizarre/-__factory__-/rl-v5.html?burst=window HTTP/1.1" 503 1355 "-" "python-requests/2.12.4"
8.8.8.8 - - [25/Jun/2016:04:05:31 +0000] "GET /quiet/cagey/58b7fa50eb8057c167aae935/uso-v7.html HTTP/1.1" 205 1853 "-" "python-requests/2.12.4"
1.2.3.4 - - [25/Jun/2016:04:05:33 +0000] "GET /glue/march/son/kubuntu.html HTTP/1.1" 204 523 "-" "python-requests/2.12.4"
8.8.8.8 - - [25/Jun/2016:04:05:36 +0000] "GET /58b7fad8eb8057c167ab1400/__2016__2016/bomb/fedora.html HTTP/1.1" 204 803 "-" "python-requests/2.12.4"
10.10.10.10 - - [25/Jun/2016:04:05:36 +0000] "GET /glue/march/son/kubuntu.html?reason=milk HTTP/1.1" 300 1596 "-" "python-requests/2.12.4"
8.8.8.8 - - [25/Jun/2016:04:05:36 +0000] "GET /son/slim_/bizarre/kubuntu.html HTTP/1.1" 201 966 "-" "python-requests/2.12.4"
172.24.60.30 - - [25/Jun/2016:04:05:37 +0000] "GET /-__factory__-/58b7fa50eb8057c167aae942/spiteful/rhel.html?dry=milk HTTP/1.1" 404 1052 "-" "python-requests/2.12.4"
192.168.100.23 - - [25/Jun/2016:04:05:40 +0000] "GET /58b7fad8eb8057c167ab1400/__2016__2016/bomb/fedora.html?show=furniture HTTP/1.1" 404 1566 "-" "python-requests/2.12.4"
192.168.100.23 - - [25/Jun/2016:04:05:42 +0000] "GET /glue/march/son/kubuntu.html?reason=fact HTTP/1.1" 201 1028 "-" "python-requests/2.12.4"
172.24.60.30 - - [25/Jun/2016:04:05:45 +0000] "GET /glue/march/son/kubuntu.html?dry=undesirable HTTP/1.1" 201 1192 "-" "python-requests/2.12.4"
1.2.3.4 - - [25/Jun/2016:04:05:45 +0000] "GET /-__factory__-/58b7fa50eb8057c167aae942/spiteful/rhel.html#water HTTP/1.1" 203 1300 "-" "python-requests/2.12.4"
1.2.3.4 - - [25/Jun/2016:04:05:46 +0000] "GET /note-book/58b7fa50eb8057c167aae935/first-committee-of-year/fedora.html HTTP/1.1" 304 710 "-" "python-requests/2.12.4"
192.168.100.23 - - [25/Jun/2016:04:05:49 +0000] "GET /-__factory__-/58b7fa50eb8057c167aae942/spiteful/rhel.html?drink=steer HTTP/1.1" 500 848 "-" "python-requests/2.12.4"
1.2.3.4 - - [25/Jun/2016:04:05:51 +0000] "GET /glue/march/son/kubuntu.html HTTP/1.1" 503 1677 "-" "python-requests/2.12.4"
1.2.3.4 - - [25/Jun/2016:04:05:51 +0000] "GET /son/slim_/bizarre/kubuntu.html?burst=steer HTTP/1.1" 302 1309 "-" "python-requests/2.12.4"
1.2.3.4 - - [25/Jun/2016:04:05:51 +0000] "GET /quiet/cagey/58b7fa50eb8057c167aae935/uso-v7.html HTTP/1.1" 404 693 "-" "python-requests/2.12.4"
192.168.100.23 - - [25/Jun/2016:04:05:51 +0000] "GET /annoyed/58b7fa50eb8057c167aae93c/bomb/fedora.html#monkey HTTP/1.1" 402 996 "-" "python-requests/2.12.4"
1.2.3.4 - - [25/Jun/2016:04:05:52 +0000] "GET /annoyed/58b7fa50eb8057c167aae93c/bomb/fedora.html HTTP/1.1" 202 1537 "-" "python-requests/2.12.4"
172.16.35.10 - - [25/Jun/2016:04:05:53 +0000] "GET /quiet/cagey/58b7fa50eb8057c167aae935/uso-v7.html?friendly=shaggy HTTP/1.1" 204 1016 "-" "python-requests/2.12.4"
10.10.10.10 - - [25/Jun/2016:04:05:55 +0000] "GET /-__factory__-/58b7fa50eb8057c167aae942/spiteful/rhel.html HTTP/1.1" 305 609 "-" "python-requests/2.12.4"
172.16.35.10 - - [25/Jun/2016:04:05:56 +0000] "GET /glue/march/son/kubuntu.html#close HTTP/1.1" 403 1567 "-" "python-requests/2.12.4"
1.2.3.4 - - [25/Jun/2016:04:05:56 +0000] "GET /58b7fad8eb8057c167ab13f5/annoyed/bomb/uso-v7.html HTTP/1.1" 205 1708 "-" "python-requests/2.12.4"
1.2.3.4 - - [25/Jun/2016:04:05:59 +0000] "GET /son/slim_/bizarre/kubuntu.html HTTP/1.1" 204 1922 "-" "python-requests/2.12.4"
192.168.100.23 - - [25/Jun/2016:04:05:59 +0000] "GET /-__factory__-/58b7fa50eb8057c167aae942/spiteful/rhel.html HTTP/1.1" 200 1617 "-" "python-requests/2.12.4"
10.10.10.10 - - [25/Jun/2016:04:06:01 +0000] "GET /58b7fad8eb8057c167ab13f5/annoyed/bomb/uso-v7.html HTTP/1.1" 203 616 "-" "python-requests/2.12.4"
1.2.3.4 - - [25/Jun/2016:04:06:02 +0000] "GET /58b7fad8eb8057c167ab13f5/annoyed/bomb/uso-v7.html HTTP/1.1" 205 1877 "-" "python-requests/2.12.4"
172.16.35.10 - - [25/Jun/2016:04:06:02 +0000] "GET /bomb/bizarre/-__factory__-/rl-v5.html HTTP/1.1" 204 1099 "-" "python-requests/2.12.4"
172.16.35.10 - - [25/Jun/2016:04:06:05 +0000] "GET /son/slim_/bizarre/kubuntu.html?thoughtful=panicky#abaft HTTP/1.1" 502 677 "-" "python-requests/2.12.4"
192.168.100.23 - - [25/Jun/2016:04:06:07 +0000] "GET /slim_/58b7fa50eb8057c167aae93c/bizarre/ubuntu-gnome.html#awesome HTTP/1.1" 204 1244 "-" "python-requests/2.12.4"
172.24.60.30 - - [25/Jun/2016:04:06:10 +0000] "GET /58b7fad8eb8057c167ab1400/__2016__2016/bomb/fedora.html HTTP/1.1" 205 990 "-" "python-requests/2.12.4"
172.16.35.10 - - [25/Jun/2016:04:06:11 +0000] "GET /slim_/58b7fa50eb8057c167aae93c/bizarre/ubuntu-gnome.html HTTP/1.1" 401 1614 "-" "python-requests/2.12.4"
192.168.100.23 - - [25/Jun/2016:04:06:14 +0000] "GET /bomb/bizarre/-__factory__-/rl-v5.html HTTP/1.1" 205 1777 "-" "python-requests/2.12.4"
8.8.8.8 - - [25/Jun/2016:04:06:16 +0000] "GET /note-book/58b7fa50eb8057c167aae935/first-committee-of-year/fedora.html HTTP/1.1" 504 669 "-" "python-requests/2.12.4"
8.8.8.8 - - [25/Jun/2016:04:06:17 +0000] "GET /bomb/bizarre/-__factory__-/rl-v5.html?friendly=truthful HTTP/1.1" 202 1633 "-" "python-requests/2.12.4"
8.8.8.8 - - [25/Jun/2016:04:06:19 +0000] "GET /note-book/58b7fa50eb8057c167aae935/first-committee-of-year/fedora.html?sudden=furniture HTTP/1.1" 202 1608 "-" "python-requests/2.12.4"
172.16.35.10 - - [25/Jun/2016:04:06:20 +0000] "GET /note-book/58b7fa50eb8057c167aae935/first-committee-of-year/fedora.html HTTP/1.1" 203 1719 "-" "python-requests/2.12.4"
192.168.100.23 - - [25/Jun/2016:04:06:21 +0000] "GET /glue/march/son/kubuntu.html HTTP/1.1" 200 1943 "-" "python-requests/2.12.4"
172.24.60.30 - - [25/Jun/2016:04:06:24 +0000] "GET /son/slim_/bizarre/kubuntu.html?thoughtful=husky HTTP/1.1" 503 996 "-" "python-requests/2.12.4"
172.24.60.30 - - [25/Jun/2016:04:06:27 +0000] "GET /son/slim_/bizarre/kubuntu.html HTTP/1.1" 203 589 "-" "python-requests/2.12.4"
1.2.3.4 - - [25/Jun/2016:04:06:28 +0000] "GET /note-book/58b7fa50eb8057c167aae935/first-committee-of-year/fedora.html#anxious HTTP/1.1" 200 690 "-" "python-requests/2.12.4"
10.10.10.10 - - [25/Jun/2016:04:06:31 +0000] "GET /note-book/58b7fa50eb8057c167aae935/first-committee-of-year/fedora.html#awesome HTTP/1.1" 200 944 "-" "python-requests/2.12.4"
172.16.35.10 - - [25/Jun/2016:04:06:31 +0000] "GET /quiet/cagey/58b7fa50eb8057c167aae935/uso-v7.html HTTP/1.1" 303 747 "-" "python-requests/2.12.4"
10.10.10.10 - - [25/Jun/2016:04:06:34 +0000] "GET /58b7fad8eb8057c167ab13f5/annoyed/bomb/uso-v7.html?drink=divide HTTP/1.1" 203 1150 "-" "python-requests/2.12.4"
10.10.10.10 - - [25/Jun/2016:04:06:36 +0000] "GET /glue/march/son/kubuntu.html HTTP/1.1" 305 1799 "-" "python-requests/2.12.4"
1.2.3.4 - - [25/Jun/2016:04:06:37 +0000] "GET /58b7fad8eb8057c167ab13f5/annoyed/bomb/uso-v7.html?locket=furniture HTTP/1.1" 300 862 "-" "python-requests/2.12.4"
1.2.3.4 - - [25/Jun/2016:04:06:39 +0000] "GET /58b7fad8eb8057c167ab13f5/annoyed/bomb/uso-v7.html?show=window HTTP/1.1" 202 582 "-" "python-requests/2.12.4"
192.168.100.23 - - [25/Jun/2016:04:06:39 +0000] "GET /son/slim_/bizarre/kubuntu.html HTTP/1.1" 203 1252 "-" "python-requests/2.12.4"
1.2.3.4 - - [25/Jun/2016:04:06:39 +0000] "GET /note-book/58b7fa50eb8057c167aae935/first-committee-of-year/fedora.html?owe=husky HTTP/1.1" 404 682 "-" "python-requests/2.12.4"
8.8.8.8 - - [25/Jun/2016:04:06:40 +0000] "GET /note-book/58b7fa50eb8057c167aae935/first-committee-of-year/fedora.html#water HTTP/1.1" 203 633 "-" "python-requests/2.12.4"
172.24.60.30 - - [25/Jun/2016:04:06:43 +0000] "GET /-__factory__-/58b7fa50eb8057c167aae942/spiteful/rhel.html?sudden=recondite HTTP/1.1" 200 733 "-" "python-requests/2.12.4"
10.10.10.10 - - [25/Jun/2016:04:06:46 +0000] "GET /glue/march/son/kubuntu.html HTTP/1.1" 204 1367 "-" "python-requests/2.12.4"
10.10.10.10 - - [25/Jun/2016:04:06:48 +0000] "GET /quiet/cagey/58b7fa50eb8057c167aae935/uso-v7.html HTTP/1.1" 205 1791 "-" "python-requests/2.12.4"
8.8.8.8 - - [25/Jun/2016:04:06:51 +0000] "GET /slim_/58b7fa50eb8057c167aae93c/bizarre/ubuntu-gnome.html HTTP/1.1" 200 1681 "-" "python-requests/2.12.4"
10.10.10.10 - - [25/Jun/2016:04:06:53 +0000] "GET /quiet/cagey/58b7fa50eb8057c167aae935/uso-v7.html HTTP/1.1" 201 1327 "-" "python-requests/2.12.4"
1.2.3.4 - - [25/Jun/2016:04:06:56 +0000] "GET /-__factory__-/58b7fa50eb8057c167aae942/spiteful/rhel.html?locket=milk HTTP/1.1" 500 1968 "-" "python-requests/2.12.4"
192.168.100.23 - - [25/Jun/2016:04:06:59 +0000] "GET /bomb/bizarre/-__factory__-/rl-v5.html HTTP/1.1" 203 1226 "-" "python-requests/2.12.4"
172.24.60.30 - - [25/Jun/2016:04:06:59 +0000] "GET /quiet/cagey/58b7fa50eb8057c167aae935/uso-v7.html?thoughtful=reduce HTTP/1.1" 200 1750 "-" "python-requests/2.12.4"
172.24.60.30 - - [25/Jun/2016:04:06:59 +0000] "GET /quiet/cagey/58b7fa50eb8057c167aae935/uso-v7.html#anxious HTTP/1.1" 200 788 "-" "python-requests/2.12.4"
1.2.3.4 - - [25/Jun/2016:04:07:01 +0000] "GET /glue/march/son/kubuntu.html HTTP/1.1" 300 1523 "-" "python-requests/2.12.4"
1.2.3.4 - - [25/Jun/2016:04:07:01 +0000] "GET /-__factory__-/58b7fa50eb8057c167aae942/spiteful/rhel.html HTTP/1.1" 204 696 "-" "python-requests/2.12.4"
192.168.100.23 - - [25/Jun/2016:04:07:02 +0000] "GET /58b7fad8eb8057c167ab13f5/annoyed/bomb/uso-v7.html HTTP/1.1" 504 1011 "-" "python-requests/2.12.4"
172.24.60.30 - - [25/Jun/2016:04:07:03 +0000] "GET /slim_/58b7fa50eb8057c167aae93c/bizarre/ubuntu-gnome.html#grateful HTTP/1.1" 300 1858 "-" "python-requests/2.12.4"
192.168.100.23 - - [25/Jun/2016:04:07:04 +0000] "GET /glue/march/son/kubuntu.html HTTP/1.1" 501 1868 "-" "python-requests/2.12.4"
10.10.10.10 - - [25/Jun/2016:04:07:06 +0000] "GET /glue/march/son/kubuntu.html#monkey HTTP/1.1" 201 1377 "-" "python-requests/2.12.4"
8.8.8.8 - - [25/Jun/2016:04:07:06 +0000] "GET /son/slim_/bizarre/kubuntu.html HTTP/1.1" 402 1432 "-" "python-requests/2.12.4"
10.10.10.10 - - [25/Jun/2016:04:07:08 +0000] "GET /note-book/58b7fa50eb8057c167aae935/first-committee-of-year/fedora.html#minor HTTP/1.1" 303 1078 "-" "python-requests/2.12.4"
192.168.100.23 - - [25/Jun/2016:04:07:09 +0000] "GET /son/slim_/bizarre/kubuntu.html HTTP/1.1" 204 1507 "-" "python-requests/2.12.4"
172.24.60.30 - - [25/Jun/2016:04:07:12 +0000] "GET /quiet/cagey/58b7fa50eb8057c167aae935/uso-v7.html HTTP/1.1" 400 1574 "-" "python-requests/2.12.4"
172.24.60.30 - - [25/Jun/2016:04:07:13 +0000] "GET /bomb/bizarre/-__factory__-/rl-v5.html#stroke HTTP/1.1" 203 973 "-" "python-requests/2.12.4"
172.16.35.10 - - [25/Jun/2016:04:07:14 +0000] "GET /son/slim_/bizarre/kubuntu.html HTTP/1.1" 201 1619 "-" "python-requests/2.12.4"
1.2.3.4 - - [25/Jun/2016:04:07:16 +0000] "GET /slim_/58b7fa50eb8057c167aae93c/bizarre/ubuntu-gnome.html?dry=mind HTTP/1.1" 404 808 "-" "python-requests/2.12.4"
172.16.35.10 - - [25/Jun/2016:04:07:19 +0000] "GET /quiet/cagey/58b7fa50eb8057c167aae935/uso-v7.html HTTP/1.1" 303 1527 "-" "python-requests/2.12.4"
172.16.35.10 - - [25/Jun/2016:04:07:20 +0000] "GET /slim_/58b7fa50eb8057c167aae93c/bizarre/ubuntu-gnome.html?permissible=van HTTP/1.1" 204 1554 "-" "python-requests/2.12.4"
8.8.8.8 - - [25/Jun/2016:04:07:23 +0000] "GET /note-book/58b7fa50eb8057c167aae935/first-committee-of-year/fedora.html HTTP/1.1" 401 1148 "-" "python-requests/2.12.4"
172.16.35.10 - - [25/Jun/2016:04:07:25 +0000] "GET /58b7fad8eb8057c167ab13f5/annoyed/bomb/uso-v7.html#colour HTTP/1.1" 304 1870 "-" "python-requests/2.12.4"
8.8.8.8 - - [25/Jun/2016:04:07:25 +0000] "GET /58b7fad8eb8057c167ab13f5/annoyed/bomb/uso-v7.html HTTP/1.1" 202 1547 "-" "python-requests/2.12.4"
172.24.60.30 - - [25/Jun/2016:04:07:25 +0000] "GET /-__factory__-/58b7fa50eb8057c167aae942/spiteful/rhel.html?giraffe=mind HTTP/1.1" 305 505 "-" "python-requests/2.12.4"
172.16.35.10 - - [25/Jun/2016:04:07:25 +0000] "GET /son/slim_/bizarre/kubuntu.html HTTP/1.1" 202 731 "-" "python-requests/2.12.4"
192.168.100.23 - - [25/Jun/2016:04:07:26 +0000] "GET /58b7fad8eb8057c167ab13f5/annoyed/bomb/uso-v7.html?fine=teeny#water HTTP/1.1" 205 1183 "-" "python-requests/2.12.4"
1.2.3.4 - - [25/Jun/2016:04:07:29 +0000] "GET /annoyed/58b7fa50eb8057c167aae93c/bomb/fedora.html#colour HTTP/1.1" 404 1756 "-" "python-requests/2.12.4"
172.24.60.30 - - [25/Jun/2016:04:07:29 +0000] "GET /58b7fad8eb8057c167ab1400/__2016__2016/bomb/fedora.html HTTP/1.1" 201 1434 "-" "python-requests/2.12.4"
172.16.35.10 - - [25/Jun/2016:04:07:31 +0000] "GET /son/slim_/bizarre/kubuntu.html HTTP/1.1" 200 815 "-" "python-requests/2.12.4"
172.24.60.30 - - [25/Jun/2016:04:07:32 +0000] "GET /bomb/bizarre/-__factory__-/rl-v5.html?trip=teeny#immense HTTP/1.1" 204 1701 "-" "python-requests/2.12.4"
192.168.100.23 - - [25/Jun/2016:04:07:33 +0000] "GET /glue/march/son/kubuntu.html HTTP/1.1" 204 612 "-" "python-requests/2.12.4"
10.10.10.10 - - [25/Jun/2016:04:07:36 +0000] "GET /quiet/cagey/58b7fa50eb8057c167aae935/uso-v7.html HTTP/1.1" 203 742 "-" "python-requests/2.12.4"
8.8.8.8 - - [25/Jun/2016:04:07:37 +0000] "GET /slim_/58b7fa50eb8057c167aae93c/bizarre/ubuntu-gnome.html?suggest=reduce HTTP/1.1" 305 548 "-" "python-requests/2.12.4"
8.8.8.8 - - [25/Jun/2016:04:07:39 +0000] "GET /note-book/58b7fa50eb8057c167aae935/first-committee-of-year/fedora.html HTTP/1.1" 402 1513 "-" "python-requests/2.12.4"
172.16.35.10 - - [25/Jun/2016:04:07:41 +0000] "GET /quiet/cagey/58b7fa50eb8057c167aae935/uso-v7.html HTTP/1.1" 203 872 "-" "python-requests/2.12.4"
172.16.35.10 - - [25/Jun/2016:04:07:43 +0000] "GET /58b7fad8eb8057c167ab1400/__2016__2016/bomb/fedora.html HTTP/1.1" 204 883 "-" "python-requests/2.12.4"
10.10.10.10 - - [25/Jun/2016:04:07:45 +0000] "GET /58b7fad8eb8057c167ab1400/__2016__2016/bomb/fedora.html HTTP/1.1" 204 1316 "-" "python-requests/2.12.4"
8.8.8.8 - - [25/Jun/2016:04:07:46 +0000] "GET /note-book/58b7fa50eb8057c167aae935/first-committee-of-year/fedora.html HTTP/1.1" 205 1648 "-" "python-requests/2.12.4"
8.8.8.8 - - [25/Jun/2016:04:07:47 +0000] "GET /-__factory__-/58b7fa50eb8057c167aae942/spiteful/rhel.html HTTP/1.1" 204 1148 "-" "python-requests/2.12.4"
192.168.100.23 - - [25/Jun/2016:04:07:50 +0000] "GET /son/slim_/bizarre/kubuntu.html HTTP/1.1" 503 1016 "-" "python-requests/2.12.4"
1.2.3.4 - - [25/Jun/2016:04:07:51 +0000] "GET /bomb/bizarre/-__factory__-/rl-v5.html HTTP/1.1" 404 1937 "-" "python-requests/2.12.4"
10.10.10.10 - - [25/Jun/2016:04:07:51 +0000] "GET /slim_/58b7fa50eb8057c167aae93c/bizarre/ubuntu-gnome.html#welcome HTTP/1.1" 204 1349 "-" "python-requests/2.12.4"
192.168.100.23 - - [25/Jun/2016:04:07:54 +0000] "GET /son/slim_/bizarre/kubuntu.html HTTP/1.1" 305 1885 "-" "python-requests/2.12.4"
172.24.60.30 - - [25/Jun/2016:04:07:54 +0000] "GET /glue/march/son/kubuntu.html HTTP/1.1" 201 886 "-" "python-requests/2.12.4"
172.24.60.30 - - [25/Jun/2016:04:07:56 +0000] "GET /slim_/58b7fa50eb8057c167aae93c/bizarre/ubuntu-gnome.html HTTP/1.1" 205 1918 "-" "python-requests/2.12.4"
172.24.60.30 - - [25/Jun/2016:04:07:58 +0000] "GET /slim_/58b7fa50eb8057c167aae93c/bizarre/ubuntu-gnome.html HTTP/1.1" 305 1801 "-" "python-requests/2.12.4"
192.168.100.23 - - [25/Jun/2016:04:08:01 +0000] "GET /note-book/58b7fa50eb8057c167aae935/first-committee-of-year/fedora.html HTTP/1.1" 205 1416 "-" "python-requests/2.12.4"
172.24.60.30 - - [25/Jun/2016:04:08:01 +0000] "GET /slim_/58b7fa50eb8057c167aae93c/bizarre/ubuntu-gnome.html?permissible=milk#bashful HTTP/1.1" 500 1068 "-" "python-requests/2.12.4"
1.2.3.4 - - [25/Jun/2016:04:08:03 +0000] "GET /glue/march/son/kubuntu.html?thoughtful=shaggy HTTP/1.1" 205 1555 "-" "python-requests/2.12.4"
8.8.8.8 - - [25/Jun/2016:04:08:03 +0000] "GET /glue/march/son/kubuntu.html HTTP/1.1" 203 734 "-" "python-requests/2.12.4"
172.16.35.10 - - [25/Jun/2016:04:08:04 +0000] "GET /bomb/bizarre/-__factory__-/rl-v5.html HTTP/1.1" 201 1292 "-" "python-requests/2.12.4"
10.10.10.10 - - [25/Jun/2016:04:08:04 +0000] "GET /glue/march/son/kubuntu.html?drink=furniture HTTP/1.1" 404 1390 "-" "python-requests/2.12.4"
8.8.8.8 - - [25/Jun/2016:04:08:07 +0000] "GET /note-book/58b7fa50eb8057c167aae935/first-committee-of-year/fedora.html HTTP/1.1" 203 1987 "-" "python-requests/2.12.4"
172.16.35.10 - - [25/Jun/2016:04:08:08 +0000] "GET /annoyed/58b7fa50eb8057c167aae93c/bomb/fedora.html HTTP/1.1" 200 832 "-" "python-requests/2.12.4"
172.24.60.30 - - [25/Jun/2016:04:08:09 +0000] "GET /58b7fad8eb8057c167ab1400/__2016__2016/bomb/fedora.html HTTP/1.1" 504 1473 "-" "python-requests/2.12.4"
10.10.10.10 - - [25/Jun/2016:04:08:12 +0000] "GET /quiet/cagey/58b7fa50eb8057c167aae935/uso-v7.html HTTP/1.1" 205 1610 "-" "python-requests/2.12.4"
172.24.60.30 - - [25/Jun/2016:04:08:15 +0000] "GET /58b7fad8eb8057c167ab13f5/annoyed/bomb/uso-v7.html HTTP/1.1" 202 576 "-" "python-requests/2.12.4"
172.16.35.10 - - [25/Jun/2016:04:08:15 +0000] "GET /quiet/cagey/58b7fa50eb8057c167aae935/uso-v7.html HTTP/1.1" 200 1496 "-" "python-requests/2.12.4"
1.2.3.4 - - [25/Jun/2016:04:08:17 +0000] "GET /note-book/58b7fa50eb8057c167aae935/first-committee-of-year/fedora.html?fluffy=van HTTP/1.1" 203 1952 "-" "python-requests/2.12.4"
1.2.3.4 - - [25/Jun/2016:04:08:18 +0000] "GET /bomb/bizarre/-__factory__-/rl-v5.html#monkey HTTP/1.1" 205 881 "-" "python-requests/2.12.4"
8.8.8.8 - - [25/Jun/2016:04:08:18 +0000] "GET /58b7fad8eb8057c167ab1400/__2016__2016/bomb/fedora.html HTTP/1.1" 204 1185 "-" "python-requests/2.12.4"
192.168.100.23 - - [25/Jun/2016:04:08:20 +0000] "GET /glue/march/son/kubuntu.html HTTP/1.1" 302 1621 "-" "python-requests/2.12.4"
172.24.60.30 - - [25/Jun/2016:04:08:21 +0000] "GET /son/slim_/bizarre/kubuntu.html HTTP/1.1" 403 961 "-" "python-requests/2.12.4"
172.16.35.10 - - [25/Jun/2016:04:08:22 +0000] "GET /note-book/58b7fa50eb8057c167aae935/first-committee-of-year/fedora.html#wish HTTP/1.1" 203 584 "-" "python-requests/2.12.4"
172.16.35.10 - - [25/Jun/2016:04:08:25 +0000] "GET /quiet/cagey/58b7fa50eb8057c167aae935/uso-v7.html HTTP/1.1" 203 1056 "-" "python-requests/2.12.4"
10.10.10.10 - - [25/Jun/2016:04:08:27 +0000] "GET /58b7fad8eb8057c167ab1400/__2016__2016/bomb/fedora.html#abaft HTTP/1.1" 205 836 "-" "python-requests/2.12.4"
10.10.10.10 - - [25/Jun/2016:04:08:27 +0000] "GET /slim_/58b7fa50eb8057c167aae93c/bizarre/ubuntu-gnome.html HTTP/1.1" 203 1218 "-" "python-requests/2.12.4"
172.16.35.10 - - [25/Jun/2016:04:08:30 +0000] "GET /slim_/58b7fa50eb8057c167aae93c/bizarre/ubuntu-gnome.html?sudden=alert HTTP/1.1" 201 946 "-" "python-requests/2.12.4"
10.10.10.10 - - [25/Jun/2016:04:08:31 +0000] "GET /bomb/bizarre/-__factory__-/rl-v5.html HTTP/1.1" 303 783 "-" "python-requests/2.12.4"
192.168.100.23 - - [25/Jun/2016:04:08:33 +0000] "GET /annoyed/58b7fa50eb8057c167aae93c/bomb/fedora.html#awesome HTTP/1.1" 405 1013 "-" "python-requests/2.12.4"
1.2.3.4 - - [25/Jun/2016:04:08:33 +0000] "GET /annoyed/58b7fa50eb8057c167aae93c/bomb/fedora.html?reason=fact HTTP/1.1" 203 1688 "-" "python-requests/2.12.4"
192.168.100.23 - - [25/Jun/2016:04:08:34 +0000] "GET /glue/march/son/kubuntu.html HTTP/1.1" 202 1057 "-" "python-requests/2.12.4"
192.168.100.23 - - [25/Jun/2016:04:08:36 +0000] "GET /slim_/58b7fa50eb8057c167aae93c/bizarre/ubuntu-gnome.html#ignorant HTTP/1.1" 400 637 "-" "python-requests/2.12.4"
192.168.100.23 - - [25/Jun/2016:04:08:39 +0000] "GET /slim_/58b7fa50eb8057c167aae93c/bizarre/ubuntu-gnome.html HTTP/1.1" 504 879 "-" "python-requests/2.12.4"
10.10.10.10 - - [25/Jun/2016:04:08:39 +0000] "GET /bomb/bizarre/-__factory__-/rl-v5.html HTTP/1.1" 300 941 "-" "python-requests/2.12.4"
172.16.35.10 - - [25/Jun/2016:04:08:40 +0000] "GET /58b7fad8eb8057c167ab13f5/annoyed/bomb/uso-v7.html HTTP/1.1" 201 748 "-" "python-requests/2.12.4"
1.2.3.4 - - [25/Jun/2016:04:08:42 +0000] "GET /quiet/cagey/58b7fa50eb8057c167aae935/uso-v7.html HTTP/1.1" 200 1646 "-" "python-requests/2.12.4"
172.16.35.10 - - [25/Jun/2016:04:08:45 +0000] "GET /annoyed/58b7fa50eb8057c167aae93c/bomb/fedora.html HTTP/1.1" 201 1091 "-" "python-requests/2.12.4"
1.2.3.4 - - [25/Jun/2016:04:08:47 +0000] "GET /bomb/bizarre/-__factory__-/rl-v5.html HTTP/1.1" 200 1626 "-" "python-requests/2.12.4"
10.10.10.10 - - [25/Jun/2016:04:08:47 +0000] "GET /58b7fad8eb8057c167ab13f5/annoyed/bomb/uso-v7.html HTTP/1.1" 204 1561 "-" "python-requests/2.12.4"
10.10.10.10 - - [25/Jun/2016:04:08:48 +0000] "GET /quiet/cagey/58b7fa50eb8057c167aae935/uso-v7.html HTTP/1.1" 502 1710 "-" "python-requests/2.12.4"
192.168.100.23 - - [25/Jun/2016:04:08:48 +0000] "GET /58b7fad8eb8057c167ab1400/__2016__2016/bomb/fedora.html?volatile=recondite HTTP/1.1" 200 685 "-" "python-requests/2.12.4"
172.16.35.10 - - [25/Jun/2016:04:08:49 +0000] "GET /bomb/bizarre/-__factory__-/rl-v5.html HTTP/1.1" 204 1555 "-" "python-requests/2.12.4"
192.168.100.23 - - [25/Jun/2016:04:08:51 +0000] "GET /annoyed/58b7fa50eb8057c167aae93c/bomb/fedora.html HTTP/1.1" 203 547 "-" "python-requests/2.12.4"
8.8.8.8 - - [25/Jun/2016:04:08:52 +0000] "GET /bomb/bizarre/-__factory__-/rl-v5.html HTTP/1.1" 403 1616 "-" "python-requests/2.12.4"
172.16.35.10 - - [25/Jun/2016:04:08:53 +0000] "GET /son/slim_/bizarre/kubuntu.html HTTP/1.1" 205 714 "-" "python-requests/2.12.4"
192.168.100.23 - - [25/Jun/2016:04:08:53 +0000] "GET /58b7fad8eb8057c167ab1400/__2016__2016/bomb/fedora.html#stroke HTTP/1.1" 200 1748 "-" "python-requests/2.12.4"
172.24.60.30 - - [25/Jun/2016:04:08:54 +0000] "GET /annoyed/58b7fa50eb8057c167aae93c/bomb/fedora.html?fine=teeny HTTP/1.1" 200 977 "-" "python-requests/2.12.4"
8.8.8.8 - - [25/Jun/2016:04:08:54 +0000] "GET /son/slim_/bizarre/kubuntu.html#ignorant HTTP/1.1" 202 1241 "-" "python-requests/2.12.4"
172.16.35.10 - - [25/Jun/2016:04:08:55 +0000] "GET /58b7fad8eb8057c167ab13f5/annoyed/bomb/uso-v7.html HTTP/1.1" 505 1867 "-" "python-requests/2.12.4"
192.168.100.23 - - [25/Jun/2016:04:08:57 +0000] "GET /58b7fad8eb8057c167ab13f5/annoyed/bomb/uso-v7.html HTTP/1.1" 204 1402 "-" "python-requests/2.12.4"
192.168.100.23 - - [25/Jun/2016:04:08:59 +0000] "GET /glue/march/son/kubuntu.html HTTP/1.1" 205 667 "-" "python-requests/2.12.4"
8.8.8.8 - - [25/Jun/2016:04:09:00 +0000] "GET /annoyed/58b7fa50eb8057c167aae93c/bomb/fedora.html?thoughtful=panicky HTTP/1.1" 204 1683 "-" "python-requests/2.12.4"
172.16.35.10 - - [25/Jun/2016:04:09:02 +0000] "GET /note-book/58b7fa50eb8057c167aae935/first-committee-of-year/fedora.html?clip=milk#dramatic HTTP/1.1" 400 890 "-" "python-requests/2.12.4"
172.24.60.30 - - [25/Jun/2016:04:09:02 +0000] "GET /annoyed/58b7fa50eb8057c167aae93c/bomb/fedora.html HTTP/1.1" 200 1092 "-" "python-requests/2.12.4"
10.10.10.10 - - [25/Jun/2016:04:09:05 +0000] "GET /slim_/58b7fa50eb8057c167aae93c/bizarre/ubuntu-gnome.html HTTP/1.1" 205 1684 "-" "python-requests/2.12.4"
192.168.100.23 - - [25/Jun/2016:04:09:05 +0000] "GET /bomb/bizarre/-__factory__-/rl-v5.html HTTP/1.1" 403 1389 "-" "python-requests/2.12.4"
8.8.8.8 - - [25/Jun/2016:04:09:05 +0000] "GET /58b7fad8eb8057c167ab1400/__2016__2016/bomb/fedora.html HTTP/1.1" 203 1277 "-" "python-requests/2.12.4"
10.10.10.10 - - [25/Jun/2016:04:09:05 +0000] "GET /glue/march/son/kubuntu.html HTTP/1.1" 200 1978 "-" "python-requests/2.12.4"
192.168.100.23 - - [25/Jun/2016:04:09:08 +0000] "GET /annoyed/58b7fa50eb8057c167aae93c/bomb/fedora.html#awesome HTTP/1.1" 201 692 "-" "python-requests/2.12.4"
10.10.10.10 - - [25/Jun/2016:04:09:08 +0000] "GET /son/slim_/bizarre/kubuntu.html HTTP/1.1" 202 1964 "-" "python-requests/2.12.4"
172.24.60.30 - - [25/Jun/2016:04:09:10 +0000] "GET /son/slim_/bizarre/kubuntu.html#bashful HTTP/1.1" 501 953 "-" "python-requests/2.12.4"
192.168.100.23 - - [25/Jun/2016:04:09:10 +0000] "GET /son/slim_/bizarre/kubuntu.html HTTP/1.1" 304 1633 "-" "python-requests/2.12.4"
172.16.35.10 - - [25/Jun/2016:04:09:12 +0000] "GET /glue/march/son/kubuntu.html HTTP/1.1" 305 652 "-" "python-requests/2.12.4"
192.168.100.23 - - [25/Jun/2016:04:09:12 +0000] "GET /note-book/58b7fa50eb8057c167aae935/first-committee-of-year/fedora.html HTTP/1.1" 201 1273 "-" "python-requests/2.12.4"
10.10.10.10 - - [25/Jun/2016:04:09:14 +0000] "GET /bomb/bizarre/-__factory__-/rl-v5.html?drink=recondite#immense HTTP/1.1" 203 1062 "-" "python-requests/2.12.4"
192.168.100.23 - - [25/Jun/2016:04:09:14 +0000] "GET /-__factory__-/58b7fa50eb8057c167aae942/spiteful/rhel.html?fluffy=fact#colour HTTP/1.1" 305 1115 "-" "python-requests/2.12.4"
192.168.100.23 - - [25/Jun/2016:04:09:14 +0000] "GET /58b7fad8eb8057c167ab13f5/annoyed/bomb/uso-v7.html HTTP/1.1" 200 1645 "-" "python-requests/2.12.4"
8.8.8.8 - - [25/Jun/2016:04:09:14 +0000] "GET /glue/march/son/kubuntu.html?suggest=trip HTTP/1.1" 203 1930 "-" "python-requests/2.12.4"
172.24.60.30 - - [25/Jun/2016:04:09:14 +0000] "GET /-__factory__-/58b7fa50eb8057c167aae942/spiteful/rhel.html HTTP/1.1" 202 1991 "-" "python-requests/2.12.4"
192.168.100.23 - - [25/Jun/2016:04:09:14 +0000] "GET /glue/march/son/kubuntu.html HTTP/1.1" 203 504 "-" "python-requests/2.12.4"
8.8.8.8 - - [25/Jun/2016:04:09:15 +0000] "GET /58b7fad8eb8057c167ab13f5/annoyed/bomb/uso-v7.html HTTP/1.1" 204 638 "-" "python-requests/2.12.4"
10.10.10.10 - - [25/Jun/2016:04:09:18 +0000] "GET /annoyed/58b7fa50eb8057c167aae93c/bomb/fedora.html#wish HTTP/1.1" 205 598 "-" "python-requests/2.12.4"
172.24.60.30 - - [25/Jun/2016:04:09:19 +0000] "GET /note-book/58b7fa50eb8057c167aae935/first-committee-of-year/fedora.html HTTP/1.1" 203 1763 "-" "python-requests/2.12.4"
192.168.100.23 - - [25/Jun/2016:04:09:20 +0000] "GET /glue/march/son/kubuntu.html#anxious HTTP/1.1" 205 1323 "-" "python-requests/2.12.4"
172.24.60.30 - - [25/Jun/2016:04:09:23 +0000] "GET /glue/march/son/kubuntu.html?fine=van HTTP/1.1" 401 1016 "-" "python-requests/2.12.4"
192.168.100.23 - - [25/Jun/2016:04:09:24 +0000] "GET /58b7fad8eb8057c167ab1400/__2016__2016/bomb/fedora.html HTTP/1.1" 503 1584 "-" "python-requests/2.12.4"
