172.16.35.10 - - [24/Nov/2015:19:00:35 +0000] "GET /son/slim_/58b7fa50eb8057c167aae942/uso-v7.html#abaft HTTP/1.1" 304 738 "-" "python-requests/2.12.4"
192.168.100.23 - - [24/Nov/2015:19:01:00 +0000] "GET /quiet/58b7fa50eb8057c167aae935/hair/fedora.html HTTP/1.1" 201 717 "-" "python-requests/2.12.4"
192.168.100.23 - - [24/Nov/2015:19:01:21 +0000] "GET /quiet/58b7fa50eb8057c167aae935/hair/fedora.html#bashful HTTP/1.1" 303 956 "-" "python-requests/2.12.4"
172.16.35.10 - - [24/Nov/2015:19:01:48 +0000] "GET /58b7fad8eb8057c167ab1400/first-committee-of-year/ball/rl-v5.html HTTP/1.1" 201 579 "-" "python-requests/2.12.4"
8.8.8.8 - - [24/Nov/2015:19:02:11 +0000] "GET /quiet/58b7fa50eb8057c167aae935/hair/fedora.html?fine=alert HTTP/1.1" 203 926 "-" "python-requests/2.12.4"
192.168.100.23 - - [24/Nov/2015:19:02:21 +0000] "GET /glue/-__factory__-/bomb/kubuntu.html HTTP/1.1" 405 1029 "-" "python-requests/2.12.4"
10.10.10.10 - - [24/Nov/2015:19:02:39 +0000] "GET /hair/slim_/58b7fad8eb8057c167ab13f5/linux-mint.html HTTP/1.1" 500 1344 "-" "python-requests/2.12.4"
8.8.8.8 - - [24/Nov/2015:19:02:43 +0000] "GET /__voiceless__/58b7fad8eb8057c167ab1400/58b7fad8eb8057c167ab1400/ubuntu.html HTTP/1.1" 305 1877 "-" "python-requests/2.12.4"
1.2.3.4 - - [24/Nov/2015:19:03:12 +0000] "GET /glue/-__factory__-/bomb/kubuntu.html HTTP/1.1" 404 968 "-" "python-requests/2.12.4"
172.24.60.30 - - [24/Nov/2015:19:03:23 +0000] "GET /annoyed/58b7fad8eb8057c167ab13fb/march/uso-v7.html HTTP/1.1" 204 989 "-" "python-requests/2.12.4"
192.168.100.23 - - [24/Nov/2015:19:03:29 +0000] "GET /bomb/spiteful/slim_/kubuntu.html#colour HTTP/1.1" 200 1329 "-" "python-requests/2.12.4"
192.168.100.23 - - [24/Nov/2015:19:03:30 +0000] "GET /annoyed/58b7fad8eb8057c167ab13fb/march/uso-v7.html HTTP/1.1" 205 532 "-" "python-requests/2.12.4"
172.16.35.10 - - [24/Nov/2015:19:03:49 +0000] "GET /58b7fad8eb8057c167ab1400/first-committee-of-year/ball/rl-v5.html HTTP/1.1" 202 1778 "-" "python-requests/2.12.4"
1.2.3.4 - - [24/Nov/2015:19:04:09 +0000] "GET /glue/-__factory__-/bomb/kubuntu.html HTTP/1.1" 204 1003 "-" "python-requests/2.12.4"
172.24.60.30 - - [24/Nov/2015:19:04:34 +0000] "GET /bomb/spiteful/slim_/kubuntu.html HTTP/1.1" 205 1435 "-" "python-requests/2.12.4"
1.2.3.4 - - [24/Nov/2015:19:04:41 +0000] "GET /hair/slim_/58b7fad8eb8057c167ab13f5/linux-mint.html HTTP/1.1" 500 1266 "-" "python-requests/2.12.4"
10.10.10.10 - - [24/Nov/2015:19:04:50 +0000] "GET /glue/-__factory__-/bomb/kubuntu.html HTTP/1.1" 203 863 "-" "python-requests/2.12.4"
8.8.8.8 - - [24/Nov/2015:19:05:15 +0000] "GET /__voiceless__/58b7fad8eb8057c167ab1400/58b7fad8eb8057c167ab1400/ubuntu.html#abaft HTTP/1.1" 201 980 "-" "python-requests/2.12.4"
1.2.3.4 - - [24/Nov/2015:19:05:31 +0000] "GET /bomb/spiteful/slim_/kubuntu.html?burst=undesirable HTTP/1.1" 201 1979 "-" "python-requests/2.12.4"
172.24.60.30 - - [24/Nov/2015:19:05:55 +0000] "GET /annoyed/58b7fad8eb8057c167ab13fb/march/uso-v7.html#colour HTTP/1.1" 201 1190 "-" "python-requests/2.12.4"
172.24.60.30 - - [24/Nov/2015:19:06:22 +0000] "GET /bomb/spiteful/slim_/kubuntu.html HTTP/1.1" 404 648 "-" "python-requests/2.12.4"
1.2.3.4 - - [24/Nov/2015:19:06:40 +0000] "GET /son/slim_/58b7fa50eb8057c167aae942/uso-v7.html#grateful HTTP/1.1" 200 1215 "-" "python-requests/2.12.4"
1.2.3.4 - - [24/Nov/2015:19:06:50 +0000] "GET /bomb/spiteful/slim_/kubuntu.html?trip=shaggy HTTP/1.1" 503 1509 "-" "python-requests/2.12.4"
192.168.100.23 - - [24/Nov/2015:19:07:12 +0000] "GET /hair/slim_/58b7fad8eb8057c167ab13f5/linux-mint.html HTTP/1.1" 405 1701 "-" "python-requests/2.12.4"
8.8.8.8 - - [24/Nov/2015:19:07:17 +0000] "GET /58b7fad8eb8057c167ab1400/first-committee-of-year/ball/rl-v5.html HTTP/1.1" 205 927 "-" "python-requests/2.12.4"
8.8.8.8 - - [24/Nov/2015:19:07:30 +0000] "GET /glue/-__factory__-/bomb/kubuntu.html#immense HTTP/1.1" 202 607 "-" "python-requests/2.12.4"
10.10.10.10 - - [24/Nov/2015:19:07:51 +0000] "GET /__voiceless__/58b7fad8eb8057c167ab1400/58b7fad8eb8057c167ab1400/ubuntu.html HTTP/1.1" 203 723 "-" "python-requests/2.12.4"
172.24.60.30 - - [24/Nov/2015:19:08:15 +0000] "GET /-__factory__-/slim_/spiteful/kali.html#awesome HTTP/1.1" 201 1427 "-" "python-requests/2.12.4"
8.8.8.8 - - [24/Nov/2015:19:08:34 +0000] "GET /bomb/spiteful/slim_/kubuntu.html HTTP/1.1" 205 1856 "-" "python-requests/2.12.4"
1.2.3.4 - - [24/Nov/2015:19:08:43 +0000] "GET /glue/-__factory__-/bomb/kubuntu.html HTTP/1.1" 205 1193 "-" "python-requests/2.12.4"
8.8.8.8 - - [24/Nov/2015:19:08:58 +0000] "GET /-__factory__-/slim_/spiteful/kali.html HTTP/1.1" 204 1124 "-" "python-requests/2.12.4"
172.24.60.30 - - [24/Nov/2015:19:09:02 +0000] "GET /quiet/annoyed/cagey/rl-v5.html HTTP/1.1" 205 1843 "-" "python-requests/2.12.4"
10.10.10.10 - - [24/Nov/2015:19:09:15 +0000] "GET /hair/slim_/58b7fad8eb8057c167ab13f5/linux-mint.html HTTP/1.1" 403 1161 "-" "python-requests/2.12.4"
10.10.10.10 - - [24/Nov/2015:19:09:24 +0000] "GET /-__factory__-/slim_/spiteful/kali.html HTTP/1.1" 205 1670 "-" "python-requests/2.12.4"
172.24.60.30 - - [24/Nov/2015:19:09:32 +0000] "GET /quiet/annoyed/cagey/rl-v5.html HTTP/1.1" 200 1798 "-" "python-requests/2.12.4"
8.8.8.8 - - [24/Nov/2015:19:09:42 +0000] "GET /quiet/annoyed/cagey/rl-v5.html?quack=furniture HTTP/1.1" 404 782 "-" "python-requests/2.12.4"
1.2.3.4 - - [24/Nov/2015:19:09:48 +0000] "GET /annoyed/58b7fad8eb8057c167ab13fb/march/uso-v7.html?giraffe=van HTTP/1.1" 205 1893 "-" "python-requests/2.12.4"
8.8.8.8 - - [24/Nov/2015:19:09:56 +0000] "GET /bomb/spiteful/slim_/kubuntu.html HTTP/1.1" 500 641 "-" "python-requests/2.12.4"
172.24.60.30 - - [24/Nov/2015:19:10:19 +0000] "GET /hair/slim_/58b7fad8eb8057c167ab13f5/linux-mint.html HTTP/1.1" 503 1014 "-" "python-requests/2.12.4"
10.10.10.10 - - [24/Nov/2015:19:10:23 +0000] "GET /-__factory__-/slim_/spiteful/kali.html?permissible=husky HTTP/1.1" 202 754 "-" "python-requests/2.12.4"
10.10.10.10 - - [24/Nov/2015:19:10:37 +0000] "GET /quiet/58b7fa50eb8057c167aae935/hair/fedora.html HTTP/1.1" 203 660 "-" "python-requests/2.12.4"
172.24.60.30 - - [24/Nov/2015:19:10:39 +0000] "GET /bomb/spiteful/slim_/kubuntu.html HTTP/1.1" 202 707 "-" "python-requests/2.12.4"
1.2.3.4 - - [24/Nov/2015:19:10:46 +0000] "GET /quiet/58b7fa50eb8057c167aae935/hair/fedora.html HTTP/1.1" 203 965 "-" "python-requests/2.12.4"
172.16.35.10 - - [24/Nov/2015:19:10:49 +0000] "GET /quiet/58b7fa50eb8057c167aae935/hair/fedora.html HTTP/1.1" 302 1263 "-" "python-requests/2.12.4"
10.10.10.10 - - [24/Nov/2015:19:10:52 +0000] "GET /-__factory__-/slim_/spiteful/kali.html#stroke HTTP/1.1" 405 1576 "-" "python-requests/2.12.4"
192.168.100.23 - - [24/Nov/2015:19:11:14 +0000] "GET /-__factory__-/slim_/spiteful/kali.html HTTP/1.1" 203 775 "-" "python-requests/2.12.4"
1.2.3.4 - - [24/Nov/2015:19:11:34 +0000] "GET /bomb/spiteful/slim_/kubuntu.html#post HTTP/1.1" 404 1497 "-" "python-requests/2.12.4"
172.16.35.10 - - [24/Nov/2015:19:11:44 +0000] "GET /annoyed/58b7fad8eb8057c167ab13fb/march/uso-v7.html HTTP/1.1" 200 1771 "-" "python-requests/2.12.4"
172.16.35.10 - - [24/Nov/2015:19:11:56 +0000] "GET /hair/slim_/58b7fad8eb8057c167ab13f5/linux-mint.html HTTP/1.1" 504 1021 "-" "python-requests/2.12.4"
1.2.3.4 - - [24/Nov/2015:19:12:08 +0000] "GET /hair/slim_/58b7fad8eb8057c167ab13f5/linux-mint.html HTTP/1.1" 202 1002 "-" "python-requests/2.12.4"
1.2.3.4 - - [24/Nov/2015:19:12:29 +0000] "GET /hair/slim_/58b7fad8eb8057c167ab13f5/linux-mint.html HTTP/1.1" 203 775 "-" "python-requests/2.12.4"
192.168.100.23 - - [24/Nov/2015:19:12:43 +0000] "GET /__voiceless__/58b7fad8eb8057c167ab1400/58b7fad8eb8057c167ab1400/ubuntu.html HTTP/1.1" 205 665 "-" "python-requests/2.12.4"
8.8.8.8 - - [24/Nov/2015:19:12:52 +0000] "GET /__voiceless__/58b7fad8eb8057c167ab1400/58b7fad8eb8057c167ab1400/ubuntu.html HTTP/1.1" 300 825 "-" "python-requests/2.12.4"
192.168.100.23 - - [24/Nov/2015:19:13:02 +0000] "GET /annoyed/58b7fad8eb8057c167ab13fb/march/uso-v7.html HTTP/1.1" 200 1039 "-" "python-requests/2.12.4"
172.24.60.30 - - [24/Nov/2015:19:13:07 +0000] "GET /quiet/annoyed/cagey/rl-v5.html HTTP/1.1" 202 578 "-" "python-requests/2.12.4"
1.2.3.4 - - [24/Nov/2015:19:13:20 +0000] "GET /bomb/spiteful/slim_/kubuntu.html?burst=trip HTTP/1.1" 301 1754 "-" "python-requests/2.12.4"
1.2.3.4 - - [24/Nov/2015:19:13:28 +0000] "GET /__voiceless__/58b7fad8eb8057c167ab1400/58b7fad8eb8057c167ab1400/ubuntu.html?reason=steer#immense HTTP/1.1" 202 1241 "-" "python-requests/2.12.4"
10.10.10.10 - - [24/Nov/2015:19:13:34 +0000] "GET /quiet/58b7fa50eb8057c167aae935/hair/fedora.html?permissible=mindless HTTP/1.1" 202 1426 "-" "python-requests/2.12.4"
172.24.60.30 - - [24/Nov/2015:19:13:56 +0000] "GET /quiet/58b7fa50eb8057c167aae935/hair/fedora.html HTTP/1.1" 404 909 "-" "python-requests/2.12.4"
172.16.35.10 - - [24/Nov/2015:19:14:06 +0000] "GET /quiet/annoyed/cagey/rl-v5.html HTTP/1.1" 200 595 "-" "python-requests/2.12.4"
192.168.100.23 - - [24/Nov/2015:19:14:19 +0000] "GET /58b7fad8eb8057c167ab1400/first-committee-of-year/ball/rl-v5.html?giraffe=trip HTTP/1.1" 201 1125 "-" "python-requests/2.12.4"
8.8.8.8 - - [24/Nov/2015:19:14:28 +0000] "GET /__voiceless__/58b7fad8eb8057c167ab1400/58b7fad8eb8057c167ab1400/ubuntu.html?trip=fact HTTP/1.1" 503 802 "-" "python-requests/2.12.4"
8.8.8.8 - - [24/Nov/2015:19:14:53 +0000] "GET /bomb/spiteful/slim_/kubuntu.html?fluffy=window HTTP/1.1" 404 865 "-" "python-requests/2.12.4"
1.2.3.4 - - [24/Nov/2015:19:15:14 +0000] "GET /glue/-__factory__-/bomb/kubuntu.html?fluffy=reduce#wish HTTP/1.1" 204 1418 "-" "python-requests/2.12.4"
10.10.10.10 - - [24/Nov/2015:19:15:19 +0000] "GET /bomb/spiteful/slim_/kubuntu.html HTTP/1.1" 303 542 "-" "python-requests/2.12.4"
192.168.100.23 - - [24/Nov/2015:19:15:49 +0000] "GET /annoyed/58b7fad8eb8057c167ab13fb/march/uso-v7.html HTTP/1.1" 200 890 "-" "python-requests/2.12.4"
1.2.3.4 - - [24/Nov/2015:19:15:51 +0000] "GET /-__factory__-/slim_/spiteful/kali.html?fine=shaggy HTTP/1.1" 202 1110 "-" "python-requests/2.12.4"
172.16.35.10 - - [24/Nov/2015:19:16:08 +0000] "GET /-__factory__-/slim_/spiteful/kali.html HTTP/1.1" 505 1818 "-" "python-requests/2.12.4"
1.2.3.4 - - [24/Nov/2015:19:16:16 +0000] "GET /hair/slim_/58b7fad8eb8057c167ab13f5/linux-mint.html?volatile=undesirable HTTP/1.1" 504 1049 "-" "python-requests/2.12.4"
192.168.100.23 - - [24/Nov/2015:19:16:36 +0000] "GET /glue/-__factory__-/bomb/kubuntu.html#water HTTP/1.1" 201 1624 "-" "python-requests/2.12.4"
1.2.3.4 - - [24/Nov/2015:19:16:52 +0000] "GET /quiet/58b7fa50eb8057c167aae935/hair/fedora.html HTTP/1.1" 204 1270 "-" "python-requests/2.12.4"
8.8.8.8 - - [24/Nov/2015:19:16:57 +0000] "GET /-__factory__-/slim_/spiteful/kali.html HTTP/1.1" 302 507 "-" "python-requests/2.12.4"
10.10.10.10 - - [24/Nov/2015:19:17:23 +0000] "GET /glue/-__factory__-/bomb/kubuntu.html HTTP/1.1" 301 1540 "-" "python-requests/2.12.4"
8.8.8.8 - - [24/Nov/2015:19:17:23 +0000] "GET /bomb/spiteful/slim_/kubuntu.html#water HTTP/1.1" 202 1807 "-" "python-requests/2.12.4"
172.24.60.30 - - [24/Nov/2015:19:17:36 +0000] "GET /annoyed/58b7fad8eb8057c167ab13fb/march/uso-v7.html HTTP/1.1" 203 1163 "-" "python-requests/2.12.4"
172.16.35.10 - - [24/Nov/2015:19:17:44 +0000] "GET /son/slim_/58b7fa50eb8057c167aae942/uso-v7.html#route HTTP/1.1" 204 1570 "-" "python-requests/2.12.4"
10.10.10.10 - - [24/Nov/2015:19:18:14 +0000] "GET /quiet/58b7fa50eb8057c167aae935/hair/fedora.html HTTP/1.1" 201 1712 "-" "python-requests/2.12.4"
1.2.3.4 - - [24/Nov/2015:19:18:43 +0000] "GET /glue/-__factory__-/bomb/kubuntu.html HTTP/1.1" 301 1870 "-" "python-requests/2.12.4"
10.10.10.10 - - [24/Nov/2015:19:19:00 +0000] "GET /-__factory__-/slim_/spiteful/kali.html HTTP/1.1" 204 1120 "-" "python-requests/2.12.4"
172.24.60.30 - - [24/Nov/2015:19:19:29 +0000] "GET /58b7fad8eb8057c167ab1400/first-committee-of-year/ball/rl-v5.html HTTP/1.1" 201 614 "-" "python-requests/2.12.4"
8.8.8.8 - - [24/Nov/2015:19:19:35 +0000] "GET /bomb/spiteful/slim_/kubuntu.html HTTP/1.1" 205 557 "-" "python-requests/2.12.4"
172.16.35.10 - - [24/Nov/2015:19:19:59 +0000] "GET /bomb/spiteful/slim_/kubuntu.html#grateful HTTP/1.1" 205 693 "-" "python-requests/2.12.4"
192.168.100.23 - - [24/Nov/2015:19:20:19 +0000] "GET /quiet/annoyed/cagey/rl-v5.html HTTP/1.1" 300 1463 "-" "python-requests/2.12.4"
192.168.100.23 - - [24/Nov/2015:19:20:42 +0000] "GET /quiet/annoyed/cagey/rl-v5.html HTTP/1.1" 200 931 "-" "python-requests/2.12.4"
1.2.3.4 - - [24/Nov/2015:19:20:49 +0000] "GET /quiet/annoyed/cagey/rl-v5.html HTTP/1.1" 205 595 "-" "python-requests/2.12.4"
192.168.100.23 - - [24/Nov/2015:19:20:51 +0000] "GET /-__factory__-/slim_/spiteful/kali.html HTTP/1.1" 205 514 "-" "python-requests/2.12.4"
10.10.10.10 - - [24/Nov/2015:19:21:18 +0000] "GET /quiet/58b7fa50eb8057c167aae935/hair/fedora.html HTTP/1.1" 201 1539 "-" "python-requests/2.12.4"
8.8.8.8 - - [24/Nov/2015:19:21:40 +0000] "GET /58b7fad8eb8057c167ab1400/first-committee-of-year/ball/rl-v5.html?sudden=recondite HTTP/1.1" 201 1607 "-" "python-requests/2.12.4"
192.168.100.23 - - [24/Nov/2015:19:21:51 +0000] "GET /bomb/spiteful/slim_/kubuntu.html HTTP/1.1" 205 1844 "-" "python-requests/2.12.4"
172.24.60.30 - - [24/Nov/2015:19:22:04 +0000] "GET /quiet/58b7fa50eb8057c167aae935/hair/fedora.html HTTP/1.1" 203 651 "-" "python-requests/2.12.4"
10.10.10.10 - - [24/Nov/2015:19:22:12 +0000] "GET /__voiceless__/58b7fad8eb8057c167ab1400/58b7fad8eb8057c167ab1400/ubuntu.html HTTP/1.1" 303 619 "-" "python-requests/2.12.4"
172.24.60.30 - - [24/Nov/2015:19:22:39 +0000] "GET /quiet/58b7fa50eb8057c167aae935/hair/fedora.html HTTP/1.1" 205 1987 "-" "python-requests/2.12.4"
192.168.100.23 - - [24/Nov/2015:19:23:08 +0000] "GET /hair/slim_/58b7fad8eb8057c167ab13f5/linux-mint.html?permissible=window HTTP/1.1" 504 1440 "-" "python-requests/2.12.4"
172.16.35.10 - - [24/Nov/2015:19:23:29 +0000] "GET /58b7fad8eb8057c167ab1400/first-committee-of-year/ball/rl-v5.html#modern HTTP/1.1" 204 1846 "-" "python-requests/2.12.4"
8.8.8.8 - - [24/Nov/2015:19:23:55 +0000] "GET /quiet/58b7fa50eb8057c167aae935/hair/fedora.html HTTP/1.1" 201 1001 "-" "python-requests/2.12.4"
172.24.60.30 - - [24/Nov/2015:19:24:23 +0000] "GET /-__factory__-/slim_/spiteful/kali.html?fine=divide HTTP/1.1" 401 1354 "-" "python-requests/2.12.4"
1.2.3.4 - - [24/Nov/2015:19:24:46 +0000] "GET /son/slim_/58b7fa50eb8057c167aae942/uso-v7.html HTTP/1.1" 204 616 "-" "python-requests/2.12.4"
172.24.60.30 - - [24/Nov/2015:19:24:59 +0000] "GET /-__factory__-/slim_/spiteful/kali.html?friendly=recondite HTTP/1.1" 402 915 "-" "python-requests/2.12.4"
172.16.35.10 - - [24/Nov/2015:19:25:02 +0000] "GET /-__factory__-/slim_/spiteful/kali.html HTTP/1.1" 204 510 "-" "python-requests/2.12.4"
192.168.100.23 - - [24/Nov/2015:19:25:02 +0000] "GET /quiet/58b7fa50eb8057c167aae935/hair/fedora.html?fine=trip HTTP/1.1" 402 666 "-" "python-requests/2.12.4"
10.10.10.10 - - [24/Nov/2015:19:25:08 +0000] "GET /-__factory__-/slim_/spiteful/kali.html HTTP/1.1" 403 1688 "-" "python-requests/2.12.4"
172.24.60.30 - - [24/Nov/2015:19:25:30 +0000] "GET /bomb/spiteful/slim_/kubuntu.html HTTP/1.1" 205 923 "-" "python-requests/2.12.4"
172.16.35.10 - - [24/Nov/2015:19:25:51 +0000] "GET /annoyed/58b7fad8eb8057c167ab13fb/march/uso-v7.html#grateful HTTP/1.1" 205 1742 "-" "python-requests/2.12.4"
1.2.3.4 - - [24/Nov/2015:19:26:14 +0000] "GET /quiet/annoyed/cagey/rl-v5.html#welcome HTTP/1.1" 500 918 "-" "python-requests/2.12.4"
8.8.8.8 - - [24/Nov/2015:19:26:41 +0000] "GET /quiet/58b7fa50eb8057c167aae935/hair/fedora.html HTTP/1.1" 204 1305 "-" "python-requests/2.12.4"
192.168.100.23 - - [24/Nov/2015:19:27:10 +0000] "GET /hair/slim_/58b7fad8eb8057c167ab13f5/linux-mint.html HTTP/1.1" 503 1758 "-" "python-requests/2.12.4"
172.16.35.10 - - [24/Nov/2015:19:27:20 +0000] "GET /58b7fad8eb8057c167ab1400/first-committee-of-year/ball/rl-v5.html HTTP/1.1" 405 1225 "-" "python-requests/2.12.4"
8.8.8.8 - - [24/Nov/2015:19:27:24 +0000] "GET /hair/slim_/58b7fad8eb8057c167ab13f5/linux-mint.html HTTP/1.1" 401 1468 "-" "python-requests/2.12.4"
192.168.100.23 - - [24/Nov/2015:19:27:28 +0000] "GET /__voiceless__/58b7fad8eb8057c167ab1400/58b7fad8eb8057c167ab1400/ubuntu.html HTTP/1.1" 205 1025 "-" "python-requests/2.12.4"
1.2.3.4 - - [24/Nov/2015:19:27:56 +0000] "GET /58b7fad8eb8057c167ab1400/first-committee-of-year/ball/rl-v5.html HTTP/1.1" 200 2000 "-" "python-requests/2.12.4"
172.16.35.10 - - [24/Nov/2015:19:28:11 +0000] "GET /son/slim_/58b7fa50eb8057c167aae942/uso-v7.html?friendly=van HTTP/1.1" 503 1158 "-" "python-requests/2.12.4"
10.10.10.10 - - [24/Nov/2015:19:28:26 +0000] "GET /annoyed/58b7fad8eb8057c167ab13fb/march/uso-v7.html HTTP/1.1" 301 617 "-" "python-requests/2.12.4"
172.24.60.30 - - [24/Nov/2015:19:28:47 +0000] "GET /bomb/spiteful/slim_/kubuntu.html?friendly=steer HTTP/1.1" 201 1924 "-" "python-requests/2.12.4"
192.168.100.23 - - [24/Nov/2015:19:28:52 +0000] "GET /58b7fad8eb8057c167ab1400/first-committee-of-year/ball/rl-v5.html HTTP/1.1" 503 767 "-" "python-requests/2.12.4"
172.16.35.10 - - [24/Nov/2015:19:29:20 +0000] "GET /glue/-__factory__-/bomb/kubuntu.html HTTP/1.1" 404 1600 "-" "python-requests/2.12.4"
172.24.60.30 - - [24/Nov/2015:19:29:27 +0000] "GET /quiet/annoyed/cagey/rl-v5.html?quack=bounce HTTP/1.1" 300 1910 "-" "python-requests/2.12.4"
10.10.10.10 - - [24/Nov/2015:19:29:45 +0000] "GET /quiet/annoyed/cagey/rl-v5.html HTTP/1.1" 203 1817 "-" "python-requests/2.12.4"
8.8.8.8 - - [24/Nov/2015:19:30:09 +0000] "GET /bomb/spiteful/slim_/kubuntu.html HTTP/1.1" 205 1076 "-" "python-requests/2.12.4"
192.168.100.23 - - [24/Nov/2015:19:30:26 +0000] "GET /58b7fad8eb8057c167ab1400/first-committee-of-year/ball/rl-v5.html HTTP/1.1" 201 502 "-" "python-requests/2.12.4"
172.24.60.30 - - [24/Nov/2015:19:30:26 +0000] "GET /__voiceless__/58b7fad8eb8057c167ab1400/58b7fad8eb8057c167ab1400/ubuntu.html HTTP/1.1" 204 1841 "-" "python-requests/2.12.4"
8.8.8.8 - - [24/Nov/2015:19:30:33 +0000] "GET /hair/slim_/58b7fad8eb8057c167ab13f5/linux-mint.html#monkey HTTP/1.1" 402 1888 "-" "python-requests/2.12.4"
172.16.35.10 - - [24/Nov/2015:19:31:01 +0000] "GET /hair/slim_/58b7fad8eb8057c167ab13f5/linux-mint.html HTTP/1.1" 200 735 "-" "python-requests/2.12.4"
172.24.60.30 - - [24/Nov/2015:19:31:26 +0000] "GET /quiet/annoyed/cagey/rl-v5.html HTTP/1.1" 204 1710 "-" "python-requests/2.12.4"
8.8.8.8 - - [24/Nov/2015:19:31:35 +0000] "GET /-__factory__-/slim_/spiteful/kali.html HTTP/1.1" 202 1672 "-" "python-requests/2.12.4"
172.24.60.30 - - [24/Nov/2015:19:31:41 +0000] "GET /bomb/spiteful/slim_/kubuntu.html#awesome HTTP/1.1" 204 722 "-" "python-requests/2.12.4"
1.2.3.4 - - [24/Nov/2015:19:31:48 +0000] "GET /-__factory__-/slim_/spiteful/kali.html HTTP/1.1" 201 1459 "-" "python-requests/2.12.4"
192.168.100.23 - - [24/Nov/2015:19:32:16 +0000] "GET /glue/-__factory__-/bomb/kubuntu.html HTTP/1.1" 205 1706 "-" "python-requests/2.12.4"
8.8.8.8 - - [24/Nov/2015:19:32:22 +0000] "GET /glue/-__factory__-/bomb/kubuntu.html HTTP/1.1" 202 1803 "-" "python-requests/2.12.4"
172.16.35.10 - - [24/Nov/2015:19:32:34 +0000] "GET /son/slim_/58b7fa50eb8057c167aae942/uso-v7.html#immense HTTP/1.1" 405 1786 "-" "python-requests/2.12.4"
172.16.35.10 - - [24/Nov/2015:19:32:58 +0000] "GET /hair/slim_/58b7fad8eb8057c167ab13f5/linux-mint.html HTTP/1.1" 405 1913 "-" "python-requests/2.12.4"
192.168.100.23 - - [24/Nov/2015:19:33:01 +0000] "GET /quiet/58b7fa50eb8057c167aae935/hair/fedora.html HTTP/1.1" 202 1052 "-" "python-requests/2.12.4"
1.2.3.4 - - [24/Nov/2015:19:33:02 +0000] "GET /quiet/annoyed/cagey/rl-v5.html HTTP/1.1" 203 1706 "-" "python-requests/2.12.4"
8.8.8.8 - - [24/Nov/2015:19:33:06 +0000] "GET /__voiceless__/58b7fad8eb8057c167ab1400/58b7fad8eb8057c167ab1400/ubuntu.html?clip=recondite HTTP/1.1" 203 1679 "-" "python-requests/2.12.4"
172.24.60.30 - - [24/Nov/2015:19:33:35 +0000] "GET /58b7fad8eb8057c167ab1400/first-committee-of-year/ball/rl-v5.html HTTP/1.1" 200 1298 "-" "python-requests/2.12.4"
10.10.10.10 - - [24/Nov/2015:19:33:40 +0000] "GET /58b7fad8eb8057c167ab1400/first-committee-of-year/ball/rl-v5.html HTTP/1.1" 201 1769 "-" "python-requests/2.12.4"
192.168.100.23 - - [24/Nov/2015:19:33:55 +0000] "GET /-__factory__-/slim_/spiteful/kali.html HTTP/1.1" 204 526 "-" "python-requests/2.12.4"
172.24.60.30 - - [24/Nov/2015:19:34:13 +0000] "GET /annoyed/58b7fad8eb8057c167ab13fb/march/uso-v7.html HTTP/1.1" 201 1340 "-" "python-requests/2.12.4"
8.8.8.8 - - [24/Nov/2015:19:34:24 +0000] "GET /quiet/58b7fa50eb8057c167aae935/hair/fedora.html HTTP/1.1" 405 1968 "-" "python-requests/2.12.4"
8.8.8.8 - - [24/Nov/2015:19:34:30 +0000] "GET /hair/slim_/58b7fad8eb8057c167ab13f5/linux-mint.html?show=furniture HTTP/1.1" 204 641 "-" "python-requests/2.12.4"
8.8.8.8 - - [24/Nov/2015:19:34:52 +0000] "GET /__voiceless__/58b7fad8eb8057c167ab1400/58b7fad8eb8057c167ab1400/ubuntu.html?burst=divide HTTP/1.1" 203 558 "-" "python-requests/2.12.4"
8.8.8.8 - - [24/Nov/2015:19:35:06 +0000] "GET /son/slim_/58b7fa50eb8057c167aae942/uso-v7.html#minor HTTP/1.1" 204 1583 "-" "python-requests/2.12.4"
172.16.35.10 - - [24/Nov/2015:19:35:14 +0000] "GET /son/slim_/58b7fa50eb8057c167aae942/uso-v7.html HTTP/1.1" 503 631 "-" "python-requests/2.12.4"
192.168.100.23 - - [24/Nov/2015:19:35:14 +0000] "GET /glue/-__factory__-/bomb/kubuntu.html HTTP/1.1" 204 1327 "-" "python-requests/2.12.4"
1.2.3.4 - - [24/Nov/2015:19:35:27 +0000] "GET /58b7fad8eb8057c167ab1400/first-committee-of-year/ball/rl-v5.html HTTP/1.1" 202 746 "-" "python-requests/2.12.4"
8.8.8.8 - - [24/Nov/2015:19:35:57 +0000] "GET /son/slim_/58b7fa50eb8057c167aae942/uso-v7.html HTTP/1.1" 204 854 "-" "python-requests/2.12.4"
172.16.35.10 - - [24/Nov/2015:19:36:14 +0000] "GET /hair/slim_/58b7fad8eb8057c167ab13f5/linux-mint.html#route HTTP/1.1" 404 1237 "-" "python-requests/2.12.4"
8.8.8.8 - - [24/Nov/2015:19:36:33 +0000] "GET /-__factory__-/slim_/spiteful/kali.html HTTP/1.1" 204 1641 "-" "python-requests/2.12.4"
172.16.35.10 - - [24/Nov/2015:19:36:49 +0000] "GET /glue/-__factory__-/bomb/kubuntu.html?suggest=steer HTTP/1.1" 201 1854 "-" "python-requests/2.12.4"
8.8.8.8 - - [24/Nov/2015:19:37:10 +0000] "GET /58b7fad8eb8057c167ab1400/first-committee-of-year/ball/rl-v5.html HTTP/1.1" 205 1691 "-" "python-requests/2.12.4"
192.168.100.23 - - [24/Nov/2015:19:37:34 +0000] "GET /annoyed/58b7fad8eb8057c167ab13fb/march/uso-v7.html HTTP/1.1" 203 1864 "-" "python-requests/2.12.4"
8.8.8.8 - - [24/Nov/2015:19:37:58 +0000] "GET /__voiceless__/58b7fad8eb8057c167ab1400/58b7fad8eb8057c167ab1400/ubuntu.html#immense HTTP/1.1" 505 1195 "-" "python-requests/2.12.4"
8.8.8.8 - - [24/Nov/2015:19:38:10 +0000] "GET /__voiceless__/58b7fad8eb8057c167ab1400/58b7fad8eb8057c167ab1400/ubuntu.html HTTP/1.1" 204 1480 "-" "python-requests/2.12.4"
8.8.8.8 - - [24/Nov/2015:19:38:20 +0000] "GET /son/slim_/58b7fa50eb8057c167aae942/uso-v7.html?locket=van HTTP/1.1" 503 832 "-" "python-requests/2.12.4"
172.16.35.10 - - [24/Nov/2015:19:38:33 +0000] "GET /annoyed/58b7fad8eb8057c167ab13fb/march/uso-v7.html HTTP/1.1" 202 1573 "-" "python-requests/2.12.4"
172.24.60.30 - - [24/Nov/2015:19:38:55 +0000] "GET /bomb/spiteful/slim_/kubuntu.html HTTP/1.1" 404 649 "-" "python-requests/2.12.4"
1.2.3.4 - - [24/Nov/2015:19:39:14 +0000] "GET /glue/-__factory__-/bomb/kubuntu.html HTTP/1.1" 203 1030 "-" "python-requests/2.12.4"
8.8.8.8 - - [24/Nov/2015:19:39:35 +0000] "GET /glue/-__factory__-/bomb/kubuntu.html HTTP/1.1" 501 1831 "-" "python-requests/2.12.4"
8.8.8.8 - - [24/Nov/2015:19:39:59 +0000] "GET /annoyed/58b7fad8eb8057c167ab13fb/march/uso-v7.html?drink=trip HTTP/1.1" 202 761 "-" "python-requests/2.12.4"
172.16.35.10 - - [24/Nov/2015:19:40:07 +0000] "GET /quiet/annoyed/cagey/rl-v5.html HTTP/1.1" 204 1013 "-" "python-requests/2.12.4"
8.8.8.8 - - [24/Nov/2015:19:40:15 +0000] "GET /quiet/58b7fa50eb8057c167aae935/hair/fedora.html?fluffy=trip HTTP/1.1" 205 1004 "-" "python-requests/2.12.4"
172.16.35.10 - - [24/Nov/2015:19:40:33 +0000] "GET /quiet/58b7fa50eb8057c167aae935/hair/fedora.html?tasty=mindless HTTP/1.1" 204 806 "-" "python-requests/2.12.4"
8.8.8.8 - - [24/Nov/2015:19:40:50 +0000] "GET /quiet/58b7fa50eb8057c167aae935/hair/fedora.html HTTP/1.1" 202 603 "-" "python-requests/2.12.4"
172.24.60.30 - - [24/Nov/2015:19:41:14 +0000] "GET /__voiceless__/58b7fad8eb8057c167ab1400/58b7fad8eb8057c167ab1400/ubuntu.html HTTP/1.1" 200 1048 "-" "python-requests/2.12.4"
1.2.3.4 - - [24/Nov/2015:19:41:21 +0000] "GET /-__factory__-/slim_/spiteful/kali.html HTTP/1.1" 200 1406 "-" "python-requests/2.12.4"
10.10.10.10 - - [24/Nov/2015:19:41:31 +0000] "GET /son/slim_/58b7fa50eb8057c167aae942/uso-v7.html?reason=panicky#stroke HTTP/1.1" 303 1502 "-" "python-requests/2.12.4"
10.10.10.10 - - [24/Nov/2015:19:41:53 +0000] "GET /annoyed/58b7fad8eb8057c167ab13fb/march/uso-v7.html#dramatic HTTP/1.1" 500 1273 "-" "python-requests/2.12.4"
8.8.8.8 - - [24/Nov/2015:19:42:10 +0000] "GET /hair/slim_/58b7fad8eb8057c167ab13f5/linux-mint.html#welcome HTTP/1.1" 202 1411 "-" "python-requests/2.12.4"
172.16.35.10 - - [24/Nov/2015:19:42:36 +0000] "GET /annoyed/58b7fad8eb8057c167ab13fb/march/uso-v7.html#grateful HTTP/1.1" 303 1315 "-" "python-requests/2.12.4"
8.8.8.8 - - [24/Nov/2015:19:43:06 +0000] "GET /hair/slim_/58b7fad8eb8057c167ab13f5/linux-mint.html HTTP/1.1" 402 714 "-" "python-requests/2.12.4"
1.2.3.4 - - [24/Nov/2015:19:43:18 +0000] "GET /__voiceless__/58b7fad8eb8057c167ab1400/58b7fad8eb8057c167ab1400/ubuntu.html#monkey HTTP/1.1" 305 1333 "-" "python-requests/2.12.4"
192.168.100.23 - - [24/Nov/2015:19:43:24 +0000] "GET /annoyed/58b7fad8eb8057c167ab13fb/march/uso-v7.html HTTP/1.1" 204 1945 "-" "python-requests/2.12.4"
1.2.3.4 - - [24/Nov/2015:19:43:31 +0000] "GET /hair/slim_/58b7fad8eb8057c167ab13f5/linux-mint.html HTTP/1.1" 200 1376 "-" "python-requests/2.12.4"
8.8.8.8 - - [24/Nov/2015:19:43:55 +0000] "GET /quiet/annoyed/cagey/rl-v5.html HTTP/1.1" 400 1894 "-" "python-requests/2.12.4"
172.24.60.30 - - [24/Nov/2015:19:44:01 +0000] "GET /glue/-__factory__-/bomb/kubuntu.html?fine=undesirable HTTP/1.1" 205 1853 "-" "python-requests/2.12.4"
192.168.100.23 - - [24/Nov/2015:19:44:15 +0000] "GET /__voiceless__/58b7fad8eb8057c167ab1400/58b7fad8eb8057c167ab1400/ubuntu.html HTTP/1.1" 203 1599 "-" "python-requests/2.12.4"
1.2.3.4 - - [24/Nov/2015:19:44:32 +0000] "GET /-__factory__-/slim_/spiteful/kali.html HTTP/1.1" 301 1801 "-" "python-requests/2.12.4"
1.2.3.4 - - [24/Nov/2015:19:44:41 +0000] "GET /bomb/spiteful/slim_/kubuntu.html?reason=teeny#ignorant HTTP/1.1" 400 1483 "-" "python-requests/2.12.4"
8.8.8.8 - - [24/Nov/2015:19:44:53 +0000] "GET /bomb/spiteful/slim_/kubuntu.html HTTP/1.1" 401 1198 "-" "python-requests/2.12.4"
192.168.100.23 - - [24/Nov/2015:19:45:00 +0000] "GET /annoyed/58b7fad8eb8057c167ab13fb/march/uso-v7.html HTTP/1.1" 404 961 "-" "python-requests/2.12.4"
172.16.35.10 - - [24/Nov/2015:19:45:26 +0000] "GET /quiet/annoyed/cagey/rl-v5.html#post HTTP/1.1" 200 939 "-" "python-requests/2.12.4"
172.24.60.30 - - [24/Nov/2015:19:45:41 +0000] "GET /quiet/58b7fa50eb8057c167aae935/hair/fedora.html HTTP/1.1" 202 1581 "-" "python-requests/2.12.4"
1.2.3.4 - - [24/Nov/2015:19:46:02 +0000] "GET /-__factory__-/slim_/spiteful/kali.html?friendly=recondite HTTP/1.1" 503 943 "-" "python-requests/2.12.4"
10.10.10.10 - - [24/Nov/2015:19:46:23 +0000] "GET /-__factory__-/slim_/spiteful/kali.html HTTP/1.1" 201 1079 "-" "python-requests/2.12.4"
10.10.10.10 - - [24/Nov/2015:19:46:25 +0000] "GET /__voiceless__/58b7fad8eb8057c167ab1400/58b7fad8eb8057c167ab1400/ubuntu.html HTTP/1.1" 200 1234 "-" "python-requests/2.12.4"
10.10.10.10 - - [24/Nov/2015:19:46:53 +0000] "GET /-__factory__-/slim_/spiteful/kali.html HTTP/1.1" 202 817 "-" "python-requests/2.12.4"
192.168.100.23 - - [24/Nov/2015:19:47:09 +0000] "GET /son/slim_/58b7fa50eb8057c167aae942/uso-v7.html HTTP/1.1" 204 671 "-" "python-requests/2.12.4"
172.24.60.30 - - [24/Nov/2015:19:47:29 +0000] "GET /__voiceless__/58b7fad8eb8057c167ab1400/58b7fad8eb8057c167ab1400/ubuntu.html#ignorant HTTP/1.1" 401 1562 "-" "python-requests/2.12.4"
8.8.8.8 - - [24/Nov/2015:19:47:53 +0000] "GET /quiet/58b7fa50eb8057c167aae935/hair/fedora.html HTTP/1.1" 203 1304 "-" "python-requests/2.12.4"
1.2.3.4 - - [24/Nov/2015:19:47:53 +0000] "GET /__voiceless__/58b7fad8eb8057c167ab1400/58b7fad8eb8057c167ab1400/ubuntu.html HTTP/1.1" 203 1594 "-" "python-requests/2.12.4"
8.8.8.8 - - [24/Nov/2015:19:48:16 +0000] "GET /quiet/annoyed/cagey/rl-v5.html HTTP/1.1" 204 1761 "-" "python-requests/2.12.4"
192.168.100.23 - - [24/Nov/2015:19:48:26 +0000] "GET /glue/-__factory__-/bomb/kubuntu.html HTTP/1.1" 202 1929 "-" "python-requests/2.12.4"
1.2.3.4 - - [24/Nov/2015:19:48:54 +0000] "GET /58b7fad8eb8057c167ab1400/first-committee-of-year/ball/rl-v5.html HTTP/1.1" 203 819 "-" "python-requests/2.12.4"
192.168.100.23 - - [24/Nov/2015:19:48:57 +0000] "GET /glue/-__factory__-/bomb/kubuntu.html HTTP/1.1" 400 642 "-" "python-requests/2.12.4"
192.168.100.23 - - [24/Nov/2015:19:49:21 +0000] "GET /quiet/annoyed/cagey/rl-v5.html?giraffe=reduce#ignorant HTTP/1.1" 201 1878 "-" "python-requests/2.12.4"
172.24.60.30 - - [24/Nov/2015:19:49:35 +0000] "GET /glue/-__factory__-/bomb/kubuntu.html HTTP/1.1" 201 1403 "-" "python-requests/2.12.4"
8.8.8.8 - - [24/Nov/2015:19:49:39 +0000] "GET /__voiceless__/58b7fad8eb8057c167ab1400/58b7fad8eb8057c167ab1400/ubuntu.html HTTP/1.1" 301 589 "-" "python-requests/2.12.4"
10.10.10.10 - - [24/Nov/2015:19:49:54 +0000] "GET /quiet/58b7fa50eb8057c167aae935/hair/fedora.html HTTP/1.1" 200 612 "-" "python-requests/2.12.4"
8.8.8.8 - - [24/Nov/2015:19:50:07 +0000] "GET /hair/slim_/58b7fad8eb8057c167ab13f5/linux-mint.html HTTP/1.1" 201 573 "-" "python-requests/2.12.4"
1.2.3.4 - - [24/Nov/2015:19:50:15 +0000] "GET /__voiceless__/58b7fad8eb8057c167ab1400/58b7fad8eb8057c167ab1400/ubuntu.html HTTP/1.1" 302 966 "-" "python-requests/2.12.4"
1.2.3.4 - - [24/Nov/2015:19:50:18 +0000] "GET /quiet/annoyed/cagey/rl-v5.html HTTP/1.1" 203 1219 "-" "python-requests/2.12.4"
8.8.8.8 - - [24/Nov/2015:19:50:44 +0000] "GET /bomb/spiteful/slim_/kubuntu.html HTTP/1.1" 405 1189 "-" "python-requests/2.12.4"
192.168.100.23 - - [24/Nov/2015:19:50:56 +0000] "GET /annoyed/58b7fad8eb8057c167ab13fb/march/uso-v7.html HTTP/1.1" 500 1975 "-" "python-requests/2.12.4"
172.24.60.30 - - [24/Nov/2015:19:51:15 +0000] "GET /-__factory__-/slim_/spiteful/kali.html HTTP/1.1" 403 1315 "-" "python-requests/2.12.4"
10.10.10.10 - - [24/Nov/2015:19:51:27 +0000] "GET /son/slim_/58b7fa50eb8057c167aae942/uso-v7.html HTTP/1.1" 300 1189 "-" "python-requests/2.12.4"
172.24.60.30 - - [24/Nov/2015:19:51:55 +0000] "GET /son/slim_/58b7fa50eb8057c167aae942/uso-v7.html HTTP/1.1" 203 507 "-" "python-requests/2.12.4"
192.168.100.23 - - [24/Nov/2015:19:52:21 +0000] "GET /bomb/spiteful/slim_/kubuntu.html?giraffe=trip#awesome HTTP/1.1" 203 1340 "-" "python-requests/2.12.4"
8.8.8.8 - - [24/Nov/2015:19:52:28 +0000] "GET /bomb/spiteful/slim_/kubuntu.html#post HTTP/1.1" 203 1930 "-" "python-requests/2.12.4"
10.10.10.10 - - [24/Nov/2015:19:52:42 +0000] "GET /__voiceless__/58b7fad8eb8057c167ab1400/58b7fad8eb8057c167ab1400/ubuntu.html HTTP/1.1" 502 1657 "-" "python-requests/2.12.4"
1.2.3.4 - - [24/Nov/2015:19:52:51 +0000] "GET /hair/slim_/58b7fad8eb8057c167ab13f5/linux-mint.html HTTP/1.1" 404 1441 "-" "python-requests/2.12.4"
172.24.60.30 - - [24/Nov/2015:19:53:13 +0000] "GET /hair/slim_/58b7fad8eb8057c167ab13f5/linux-mint.html#route HTTP/1.1" 201 1296 "-" "python-requests/2.12.4"
172.16.35.10 - - [24/Nov/2015:19:53:40 +0000] "GET /__voiceless__/58b7fad8eb8057c167ab1400/58b7fad8eb8057c167ab1400/ubuntu.html HTTP/1.1" 401 597 "-" "python-requests/2.12.4"
192.168.100.23 - - [24/Nov/2015:19:54:01 +0000] "GET /quiet/annoyed/cagey/rl-v5.html#ignorant HTTP/1.1" 205 1959 "-" "python-requests/2.12.4"
8.8.8.8 - - [24/Nov/2015:19:54:07 +0000] "GET /58b7fad8eb8057c167ab1400/first-committee-of-year/ball/rl-v5.html HTTP/1.1" 203 734 "-" "python-requests/2.12.4"
10.10.10.10 - - [24/Nov/2015:19:54:33 +0000] "GET /58b7fad8eb8057c167ab1400/first-committee-of-year/ball/rl-v5.html HTTP/1.1" 202 963 "-" "python-requests/2.12.4"
172.16.35.10 - - [24/Nov/2015:19:54:45 +0000] "GET /58b7fad8eb8057c167ab1400/first-committee-of-year/ball/rl-v5.html#modern HTTP/1.1" 200 1806 "-" "python-requests/2.12.4"
8.8.8.8 - - [24/Nov/2015:19:54:50 +0000] "GET /glue/-__factory__-/bomb/kubuntu.html HTTP/1.1" 402 603 "-" "python-requests/2.12.4"
192.168.100.23 - - [24/Nov/2015:19:55:04 +0000] "GET /glue/-__factory__-/bomb/kubuntu.html#ignorant HTTP/1.1" 205 1727 "-" "python-requests/2.12.4"
192.168.100.23 - - [24/Nov/2015:19:55:16 +0000] "GET /quiet/annoyed/cagey/rl-v5.html HTTP/1.1" 200 1378 "-" "python-requests/2.12.4"
1.2.3.4 - - [24/Nov/2015:19:55:23 +0000] "GET /annoyed/58b7fad8eb8057c167ab13fb/march/uso-v7.html HTTP/1.1" 301 1598 "-" "python-requests/2.12.4"
192.168.100.23 - - [24/Nov/2015:19:55:42 +0000] "GET /quiet/annoyed/cagey/rl-v5.html HTTP/1.1" 205 1348 "-" "python-requests/2.12.4"
192.168.100.23 - - [24/Nov/2015:19:55:52 +0000] "GET /glue/-__factory__-/bomb/kubuntu.html?thoughtful=reduce HTTP/1.1" 500 909 "-" "python-requests/2.12.4"
1.2.3.4 - - [24/Nov/2015:19:56:11 +0000] "GET /quiet/58b7fa50eb8057c167aae935/hair/fedora.html?fluffy=window#close HTTP/1.1" 500 740 "-" "python-requests/2.12.4"
8.8.8.8 - - [24/Nov/2015:19:56:35 +0000] "GET /glue/-__factory__-/bomb/kubuntu.html HTTP/1.1" 400 580 "-" "python-requests/2.12.4"
192.168.100.23 - - [24/Nov/2015:19:56:38 +0000] "GET /-__factory__-/slim_/spiteful/kali.html HTTP/1.1" 203 949 "-" "python-requests/2.12.4"
172.24.60.30 - - [24/Nov/2015:19:56:58 +0000] "GET /quiet/58b7fa50eb8057c167aae935/hair/fedora.html HTTP/1.1" 204 1408 "-" "python-requests/2.12.4"
172.24.60.30 - - [24/Nov/2015:19:57:24 +0000] "GET /-__factory__-/slim_/spiteful/kali.html HTTP/1.1" 502 1297 "-" "python-requests/2.12.4"
172.16.35.10 - - [24/Nov/2015:19:57:43 +0000] "GET /hair/slim_/58b7fad8eb8057c167ab13f5/linux-mint.html HTTP/1.1" 202 819 "-" "python-requests/2.12.4"
172.24.60.30 - - [24/Nov/2015:19:58:07 +0000] "GET /annoyed/58b7fad8eb8057c167ab13fb/march/uso-v7.html HTTP/1.1" 204 1611 "-" "python-requests/2.12.4"
8.8.8.8 - - [24/Nov/2015:19:58:09 +0000] "GET /glue/-__factory__-/bomb/kubuntu.html HTTP/1.1" 201 1679 "-" "python-requests/2.12.4"
172.16.35.10 - - [24/Nov/2015:19:58:21 +0000] "GET /annoyed/58b7fad8eb8057c167ab13fb/march/uso-v7.html HTTP/1.1" 204 1365 "-" "python-requests/2.12.4"
1.2.3.4 - - [24/Nov/2015:19:58:21 +0000] "GET /-__factory__-/slim_/spiteful/kali.html#modern HTTP/1.1" 201 1863 "-" "python-requests/2.12.4"
172.16.35.10 - - [24/Nov/2015:19:58:43 +0000] "GET /58b7fad8eb8057c167ab1400/first-committee-of-year/ball/rl-v5.html HTTP/1.1" 204 924 "-" "python-requests/2.12.4"
10.10.10.10 - - [24/Nov/2015:19:59:00 +0000] "GET /__voiceless__/58b7fad8eb8057c167ab1400/58b7fad8eb8057c167ab1400/ubuntu.html HTTP/1.1" 401 620 "-" "python-requests/2.12.4"
10.10.10.10 - - [24/Nov/2015:19:59:11 +0000] "GET /-__factory__-/slim_/spiteful/kali.html HTTP/1.1" 205 1515 "-" "python-requests/2.12.4"
172.16.35.10 - - [24/Nov/2015:19:59:24 +0000] "GET /quiet/annoyed/cagey/rl-v5.html HTTP/1.1" 200 1343 "-" "python-requests/2.12.4"
8.8.8.8 - - [24/Nov/2015:19:59:33 +0000] "GET /quiet/annoyed/cagey/rl-v5.html?friendly=fact HTTP/1.1" 402 1410 "-" "python-requests/2.12.4"
8.8.8.8 - - [24/Nov/2015:19:59:55 +0000] "GET /-__factory__-/slim_/spiteful/kali.html?reason=shaggy HTTP/1.1" 502 713 "-" "python-requests/2.12.4"
192.168.100.23 - - [24/Nov/2015:20:00:18 +0000] "GET /quiet/annoyed/cagey/rl-v5.html HTTP/1.1" 205 1860 "-" "python-requests/2.12.4"
8.8.8.8 - - [24/Nov/2015:20:00:34 +0000] "GET /quiet/annoyed/cagey/rl-v5.html#grateful HTTP/1.1" 204 580 "-" "python-requests/2.12.4"
1.2.3.4 - - [24/Nov/2015:20:00:37 +0000] "GET /bomb/spiteful/slim_/kubuntu.html HTTP/1.1" 503 755 "-" "python-requests/2.12.4"
172.24.60.30 - - [24/Nov/2015:20:00:51 +0000] "GET /glue/-__factory__-/bomb/kubuntu.html HTTP/1.1" 403 711 "-" "python-requests/2.12.4"
10.10.10.10 - - [24/Nov/2015:20:01:00 +0000] "GET /quiet/58b7fa50eb8057c167aae935/hair/fedora.html HTTP/1.1" 201 709 "-" "python-requests/2.12.4"
192.168.100.23 - - [24/Nov/2015:20:01:12 +0000] "GET /58b7fad8eb8057c167ab1400/first-committee-of-year/ball/rl-v5.html HTTP/1.1" 500 1878 "-" "python-requests/2.12.4"
172.16.35.10 - - [24/Nov/2015:20:01:25 +0000] "GET /-__factory__-/slim_/spiteful/kali.html HTTP/1.1" 303 718 "-" "python-requests/2.12.4"
172.16.35.10 - - [24/Nov/2015:20:01:46 +0000] "GET /58b7fad8eb8057c167ab1400/first-committee-of-year/ball/rl-v5.html HTTP/1.1" 203 780 "-" "python-requests/2.12.4"
172.24.60.30 - - [24/Nov/2015:20:01:49 +0000] "GET /annoyed/58b7fad8eb8057c167ab13fb/march/uso-v7.html HTTP/1.1" 303 710 "-" "python-requests/2.12.4"
8.8.8.8 - - [24/Nov/2015:20:02:01 +0000] "GET /-__factory__-/slim_/spiteful/kali.html#abaft HTTP/1.1" 305 879 "-" "python-requests/2.12.4"
192.168.100.23 - - [24/Nov/2015:20:02:23 +0000] "GET /quiet/annoyed/cagey/rl-v5.html HTTP/1.1" 204 1976 "-" "python-requests/2.12.4"
8.8.8.8 - - [24/Nov/2015:20:02:51 +0000] "GET /quiet/58b7fa50eb8057c167aae935/hair/fedora.html HTTP/1.1" 200 1103 "-" "python-requests/2.12.4"
172.24.60.30 - - [24/Nov/2015:20:03:03 +0000] "GET /bomb/spiteful/slim_/kubuntu.html#anxious HTTP/1.1" 404 1955 "-" "python-requests/2.12.4"
172.24.60.30 - - [24/Nov/2015:20:03:31 +0000] "GET /quiet/annoyed/cagey/rl-v5.html HTTP/1.1" 205 675 "-" "python-requests/2.12.4"
172.16.35.10 - - [24/Nov/2015:20:03:44 +0000] "GET /quiet/annoyed/cagey/rl-v5.html#welcome HTTP/1.1" 403 813 "-" "python-requests/2.12.4"
172.24.60.30 - - [24/Nov/2015:20:03:51 +0000] "GET /58b7fad8eb8057c167ab1400/first-committee-of-year/ball/rl-v5.html HTTP/1.1" 303 966 "-" "python-requests/2.12.4"
1.2.3.4 - - [24/Nov/2015:20:04:09 +0000] "GET /son/slim_/58b7fa50eb8057c167aae942/uso-v7.html?fine=truthful HTTP/1.1" 200 1060 "-" "python-requests/2.12.4"
192.168.100.23 - - [24/Nov/2015:20:04:38 +0000] "GET /quiet/annoyed/cagey/rl-v5.html#minor HTTP/1.1" 302 1655 "-" "python-requests/2.12.4"
192.168.100.23 - - [24/Nov/2015:20:04:43 +0000] "GET /son/slim_/58b7fa50eb8057c167aae942/uso-v7.html HTTP/1.1" 303 1653 "-" "python-requests/2.12.4"
1.2.3.4 - - [24/Nov/2015:20:05:10 +0000] "GET /hair/slim_/58b7fad8eb8057c167ab13f5/linux-mint.html HTTP/1.1" 503 1961 "-" "python-requests/2.12.4"
8.8.8.8 - - [24/Nov/2015:20:05:27 +0000] "GET /58b7fad8eb8057c167ab1400/first-committee-of-year/ball/rl-v5.html?trip=window HTTP/1.1" 303 1493 "-" "python-requests/2.12.4"
172.24.60.30 - - [24/Nov/2015:20:05:55 +0000] "GET /hair/slim_/58b7fad8eb8057c167ab13f5/linux-mint.html#wish HTTP/1.1" 202 1201 "-" "python-requests/2.12.4"
172.16.35.10 - - [24/Nov/2015:20:05:57 +0000] "GET /bomb/spiteful/slim_/kubuntu.html HTTP/1.1" 201 965 "-" "python-requests/2.12.4"
10.10.10.10 - - [24/Nov/2015:20:06:25 +0000] "GET /hair/slim_/58b7fad8eb8057c167ab13f5/linux-mint.html HTTP/1.1" 203 1740 "-" "python-requests/2.12.4"
1.2.3.4 - - [24/Nov/2015:20:06:39 +0000] "GET /bomb/spiteful/slim_/kubuntu.html#anxious HTTP/1.1" 301 1098 "-" "python-requests/2.12.4"
1.2.3.4 - - [24/Nov/2015:20:06:45 +0000] "GET /bomb/spiteful/slim_/kubuntu.html#colour HTTP/1.1" 204 546 "-" "python-requests/2.12.4"
172.16.35.10 - - [24/Nov/2015:20:06:48 +0000] "GET /son/slim_/58b7fa50eb8057c167aae942/uso-v7.html HTTP/1.1" 200 1608 "-" "python-requests/2.12.4"
8.8.8.8 - - [24/Nov/2015:20:07:10 +0000] "GET /annoyed/58b7fad8eb8057c167ab13fb/march/uso-v7.html HTTP/1.1" 200 1174 "-" "python-requests/2.12.4"
172.24.60.30 - - [24/Nov/2015:20:07:36 +0000] "GET /quiet/58b7fa50eb8057c167aae935/hair/fedora.html HTTP/1.1" 203 1056 "-" "python-requests/2.12.4"
192.168.100.23 - - [24/Nov/2015:20:08:04 +0000] "GET /hair/slim_/58b7fad8eb8057c167ab13f5/linux-mint.html HTTP/1.1" 201 1234 "-" "python-requests/2.12.4"
1.2.3.4 - - [24/Nov/2015:20:08:14 +0000] "GET /quiet/58b7fa50eb8057c167aae935/hair/fedora.html?trip=fact HTTP/1.1" 503 625 "-" "python-requests/2.12.4"
192.168.100.23 - - [24/Nov/2015:20:08:23 +0000] "GET /quiet/annoyed/cagey/rl-v5.html HTTP/1.1" 200 656 "-" "python-requests/2.12.4"
172.16.35.10 - - [24/Nov/2015:20:08:24 +0000] "GET /58b7fad8eb8057c167ab1400/first-committee-of-year/ball/rl-v5.html?burst=fact HTTP/1.1" 202 1850 "-" "python-requests/2.12.4"
1.2.3.4 - - [24/Nov/2015:20:08:37 +0000] "GET /quiet/58b7fa50eb8057c167aae935/hair/fedora.html?sudden=trip#immense HTTP/1.1" 305 1543 "-" "python-requests/2.12.4"
10.10.10.10 - - [24/Nov/2015:20:08:43 +0000] "GET /son/slim_/58b7fa50eb8057c167aae942/uso-v7.html HTTP/1.1" 402 1516 "-" "python-requests/2.12.4"
172.24.60.30 - - [24/Nov/2015:20:08:49 +0000] "GET /annoyed/58b7fad8eb8057c167ab13fb/march/uso-v7.html HTTP/1.1" 300 1667 "-" "python-requests/2.12.4"
172.16.35.10 - - [24/Nov/2015:20:08:53 +0000] "GET /glue/-__factory__-/bomb/kubuntu.html HTTP/1.1" 204 932 "-" "python-requests/2.12.4"
8.8.8.8 - - [24/Nov/2015:20:09:19 +0000] "GET /58b7fad8eb8057c167ab1400/first-committee-of-year/ball/rl-v5.html HTTP/1.1" 405 1249 "-" "python-requests/2.12.4"
8.8.8.8 - - [24/Nov/2015:20:09:24 +0000] "GET /58b7fad8eb8057c167ab1400/first-committee-of-year/ball/rl-v5.html HTTP/1.1" 205 1689 "-" "python-requests/2.12.4"
1.2.3.4 - - [24/Nov/2015:20:09:24 +0000] "GET /hair/slim_/58b7fad8eb8057c167ab13f5/linux-mint.html HTTP/1.1" 205 1872 "-" "python-requests/2.12.4"
172.16.35.10 - - [24/Nov/2015:20:09:52 +0000] "GET /glue/-__factory__-/bomb/kubuntu.html?burst=fact HTTP/1.1" 201 1237 "-" "python-requests/2.12.4"
10.10.10.10 - - [24/Nov/2015:20:10:11 +0000] "GET /glue/-__factory__-/bomb/kubuntu.html HTTP/1.1" 303 1554 "-" "python-requests/2.12.4"
172.16.35.10 - - [24/Nov/2015:20:10:27 +0000] "GET /hair/slim_/58b7fad8eb8057c167ab13f5/linux-mint.html HTTP/1.1" 200 642 "-" "python-requests/2.12.4"
8.8.8.8 - - [24/Nov/2015:20:10:54 +0000] "GET /58b7fad8eb8057c167ab1400/first-committee-of-year/ball/rl-v5.html?drink=trip HTTP/1.1" 302 1952 "-" "python-requests/2.12.4"
192.168.100.23 - - [24/Nov/2015:20:11:16 +0000] "GET /-__factory__-/slim_/spiteful/kali.html HTTP/1.1" 202 815 "-" "python-requests/2.12.4"
10.10.10.10 - - [24/Nov/2015:20:11:29 +0000] "GET /quiet/annoyed/cagey/rl-v5.html?sudden=mindless HTTP/1.1" 201 863 "-" "python-requests/2.12.4"
192.168.100.23 - - [24/Nov/2015:20:11:29 +0000] "GET /bomb/spiteful/slim_/kubuntu.html HTTP/1.1" 500 1051 "-" "python-requests/2.12.4"
172.16.35.10 - - [24/Nov/2015:20:11:39 +0000] "GET /quiet/annoyed/cagey/rl-v5.html HTTP/1.1" 302 1230 "-" "python-requests/2.12.4"
172.16.35.10 - - [24/Nov/2015:20:11:57 +0000] "GET /__voiceless__/58b7fad8eb8057c167ab1400/58b7fad8eb8057c167ab1400/ubuntu.html?volatile=teeny HTTP/1.1" 201 1943 "-" "python-requests/2.12.4"
172.24.60.30 - - [24/Nov/2015:20:12:18 +0000] "GET /__voiceless__/58b7fad8eb8057c167ab1400/58b7fad8eb8057c167ab1400/ubuntu.html HTTP/1.1" 403 1209 "-" "python-requests/2.12.4"
192.168.100.23 - - [24/Nov/2015:20:12:24 +0000] "GET /bomb/spiteful/slim_/kubuntu.html HTTP/1.1" 404 1860 "-" "python-requests/2.12.4"
192.168.100.23 - - [24/Nov/2015:20:12:37 +0000] "GET /son/slim_/58b7fa50eb8057c167aae942/uso-v7.html HTTP/1.1" 200 1642 "-" "python-requests/2.12.4"
1.2.3.4 - - [24/Nov/2015:20:12:44 +0000] "GET /__voiceless__/58b7fad8eb8057c167ab1400/58b7fad8eb8057c167ab1400/ubuntu.html?volatile=recondite HTTP/1.1" 501 1286 "-" "python-requests/2.12.4"
192.168.100.23 - - [24/Nov/2015:20:12:44 +0000] "GET /58b7fad8eb8057c167ab1400/first-committee-of-year/ball/rl-v5.html?tasty=teeny HTTP/1.1" 400 1323 "-" "python-requests/2.12.4"
172.24.60.30 - - [24/Nov/2015:20:12:55 +0000] "GET /glue/-__factory__-/bomb/kubuntu.html HTTP/1.1" 204 1919 "-" "python-requests/2.12.4"
10.10.10.10 - - [24/Nov/2015:20:13:06 +0000] "GET /58b7fad8eb8057c167ab1400/first-committee-of-year/ball/rl-v5.html HTTP/1.1" 201 567 "-" "python-requests/2.12.4"
192.168.100.23 - - [24/Nov/2015:20:13:25 +0000] "GET /quiet/58b7fa50eb8057c167aae935/hair/fedora.html?permissible=reduce HTTP/1.1" 203 1063 "-" "python-requests/2.12.4"
1.2.3.4 - - [24/Nov/2015:20:13:45 +0000] "GET /__voiceless__/58b7fad8eb8057c167ab1400/58b7fad8eb8057c167ab1400/ubuntu.html HTTP/1.1" 303 865 "-" "python-requests/2.12.4"
192.168.100.23 - - [24/Nov/2015:20:13:57 +0000] "GET /quiet/annoyed/cagey/rl-v5.html?burst=truthful HTTP/1.1" 204 1221 "-" "python-requests/2.12.4"
172.16.35.10 - - [24/Nov/2015:20:14:13 +0000] "GET /58b7fad8eb8057c167ab1400/first-committee-of-year/ball/rl-v5.html HTTP/1.1" 202 1669 "-" "python-requests/2.12.4"
172.24.60.30 - - [24/Nov/2015:20:14:28 +0000] "GET /glue/-__factory__-/bomb/kubuntu.html?giraffe=husky HTTP/1.1" 202 838 "-" "python-requests/2.12.4"
1.2.3.4 - - [24/Nov/2015:20:14:30 +0000] "GET /annoyed/58b7fad8eb8057c167ab13fb/march/uso-v7.html HTTP/1.1" 205 1808 "-" "python-requests/2.12.4"
172.16.35.10 - - [24/Nov/2015:20:14:48 +0000] "GET /58b7fad8eb8057c167ab1400/first-committee-of-year/ball/rl-v5.html?permissible=van HTTP/1.1" 205 587 "-" "python-requests/2.12.4"
8.8.8.8 - - [24/Nov/2015:20:14:51 +0000] "GET /-__factory__-/slim_/spiteful/kali.html#anxious HTTP/1.1" 403 1118 "-" "python-requests/2.12.4"
10.10.10.10 - - [24/Nov/2015:20:15:04 +0000] "GET /58b7fad8eb8057c167ab1400/first-committee-of-year/ball/rl-v5.html?show=mindless HTTP/1.1" 203 765 "-" "python-requests/2.12.4"
10.10.10.10 - - [24/Nov/2015:20:15:32 +0000] "GET /quiet/annoyed/cagey/rl-v5.html#monkey HTTP/1.1" 202 861 "-" "python-requests/2.12.4"
172.24.60.30 - - [24/Nov/2015:20:15:48 +0000] "GET /annoyed/58b7fad8eb8057c167ab13fb/march/uso-v7.html HTTP/1.1" 203 1486 "-" "python-requests/2.12.4"
10.10.10.10 - - [24/Nov/2015:20:15:50 +0000] "GET /quiet/annoyed/cagey/rl-v5.html HTTP/1.1" 205 1362 "-" "python-requests/2.12.4"
1.2.3.4 - - [24/Nov/2015:20:16:13 +0000] "GET /bomb/spiteful/slim_/kubuntu.html HTTP/1.1" 200 1032 "-" "python-requests/2.12.4"
192.168.100.23 - - [24/Nov/2015:20:16:13 +0000] "GET /quiet/58b7fa50eb8057c167aae935/hair/fedora.html HTTP/1.1" 201 1366 "-" "python-requests/2.12.4"
10.10.10.10 - - [24/Nov/2015:20:16:43 +0000] "GET /__voiceless__/58b7fad8eb8057c167ab1400/58b7fad8eb8057c167ab1400/ubuntu.html?sudden=husky#colour HTTP/1.1" 205 1137 "-" "python-requests/2.12.4"
8.8.8.8 - - [24/Nov/2015:20:17:01 +0000] "GET /glue/-__factory__-/bomb/kubuntu.html HTTP/1.1" 202 1097 "-" "python-requests/2.12.4"
172.16.35.10 - - [24/Nov/2015:20:17:16 +0000] "GET /__voiceless__/58b7fad8eb8057c167ab1400/58b7fad8eb8057c167ab1400/ubuntu.html HTTP/1.1" 202 727 "-" "python-requests/2.12.4"
192.168.100.23 - - [24/Nov/2015:20:17:16 +0000] "GET /quiet/annoyed/cagey/rl-v5.html HTTP/1.1" 203 1526 "-" "python-requests/2.12.4"
10.10.10.10 - - [24/Nov/2015:20:17:19 +0000] "GET /son/slim_/58b7fa50eb8057c167aae942/uso-v7.html?giraffe=reduce HTTP/1.1" 204 939 "-" "python-requests/2.12.4"
172.24.60.30 - - [24/Nov/2015:20:17:49 +0000] "GET /bomb/spiteful/slim_/kubuntu.html HTTP/1.1" 302 785 "-" "python-requests/2.12.4"
1.2.3.4 - - [24/Nov/2015:20:17:52 +0000] "GET /quiet/annoyed/cagey/rl-v5.html HTTP/1.1" 303 1811 "-" "python-requests/2.12.4"
10.10.10.10 - - [24/Nov/2015:20:18:00 +0000] "GET /-__factory__-/slim_/spiteful/kali.html HTTP/1.1" 201 542 "-" "python-requests/2.12.4"
10.10.10.10 - - [24/Nov/2015:20:18:23 +0000] "GET /glue/-__factory__-/bomb/kubuntu.html HTTP/1.1" 204 913 "-" "python-requests/2.12.4"
10.10.10.10 - - [24/Nov/2015:20:18:39 +0000] "GET /hair/slim_/58b7fad8eb8057c167ab13f5/linux-mint.html HTTP/1.1" 204 1572 "-" "python-requests/2.12.4"
172.16.35.10 - - [24/Nov/2015:20:19:02 +0000] "GET /son/slim_/58b7fa50eb8057c167aae942/uso-v7.html?permissible=shaggy HTTP/1.1" 201 1241 "-" "python-requests/2.12.4"
172.16.35.10 - - [24/Nov/2015:20:19:26 +0000] "GET /hair/slim_/58b7fad8eb8057c167ab13f5/linux-mint.html#post HTTP/1.1" 202 1644 "-" "python-requests/2.12.4"
10.10.10.10 - - [24/Nov/2015:20:19:31 +0000] "GET /bomb/spiteful/slim_/kubuntu.html HTTP/1.1" 302 971 "-" "python-requests/2.12.4"
192.168.100.23 - - [24/Nov/2015:20:19:36 +0000] "GET /bomb/spiteful/slim_/kubuntu.html#colour HTTP/1.1" 302 1258 "-" "python-requests/2.12.4"
172.24.60.30 - - [24/Nov/2015:20:19:41 +0000] "GET /quiet/annoyed/cagey/rl-v5.html HTTP/1.1" 404 606 "-" "python-requests/2.12.4"
172.24.60.30 - - [24/Nov/2015:20:20:11 +0000] "GET /glue/-__factory__-/bomb/kubuntu.html?quack=van HTTP/1.1" 502 1766 "-" "python-requests/2.12.4"
1.2.3.4 - - [24/Nov/2015:20:20:36 +0000] "GET /glue/-__factory__-/bomb/kubuntu.html HTTP/1.1" 503 757 "-" "python-requests/2.12.4"
192.168.100.23 - - [24/Nov/2015:20:20:59 +0000] "GET /glue/-__factory__-/bomb/kubuntu.html HTTP/1.1" 203 580 "-" "python-requests/2.12.4"
8.8.8.8 - - [24/Nov/2015:20:21:17 +0000] "GET /son/slim_/58b7fa50eb8057c167aae942/uso-v7.html#anxious HTTP/1.1" 504 887 "-" "python-requests/2.12.4"
1.2.3.4 - - [24/Nov/2015:20:21:18 +0000] "GET /annoyed/58b7fad8eb8057c167ab13fb/march/uso-v7.html#minor HTTP/1.1" 501 1862 "-" "python-requests/2.12.4"
172.24.60.30 - - [24/Nov/2015:20:21:40 +0000] "GET /__voiceless__/58b7fad8eb8057c167ab1400/58b7fad8eb8057c167ab1400/ubuntu.html HTTP/1.1" 200 1173 "-" "python-requests/2.12.4"
172.24.60.30 - - [24/Nov/2015:20:22:04 +0000] "GET /-__factory__-/slim_/spiteful/kali.html HTTP/1.1" 405 787 "-" "python-requests/2.12.4"
8.8.8.8 - - [24/Nov/2015:20:22:34 +0000] "GET /glue/-__factory__-/bomb/kubuntu.html HTTP/1.1" 400 1483 "-" "python-requests/2.12.4"
192.168.100.23 - - [24/Nov/2015:20:22:43 +0000] "GET /glue/-__factory__-/bomb/kubuntu.html HTTP/1.1" 201 1193 "-" "python-requests/2.12.4"
8.8.8.8 - - [24/Nov/2015:20:22:45 +0000] "GET /quiet/annoyed/cagey/rl-v5.html HTTP/1.1" 202 1580 "-" "python-requests/2.12.4"
10.10.10.10 - - [24/Nov/2015:20:23:07 +0000] "GET /__voiceless__/58b7fad8eb8057c167ab1400/58b7fad8eb8057c167ab1400/ubuntu.html HTTP/1.1" 301 1728 "-" "python-requests/2.12.4"
10.10.10.10 - - [24/Nov/2015:20:23:24 +0000] "GET /-__factory__-/slim_/spiteful/kali.html HTTP/1.1" 203 1718 "-" "python-requests/2.12.4"
192.168.100.23 - - [24/Nov/2015:20:23:39 +0000] "GET /quiet/58b7fa50eb8057c167aae935/hair/fedora.html?dry=shaggy#bashful HTTP/1.1" 201 715 "-" "python-requests/2.12.4"
