172.24.60.30 - - [24/Nov/2015:09:11:29 +0000] "GET /glue/-__factory__-/bomb/kubuntu.html HTTP/1.1" 204 1662 "-" "python-requests/2.12.4"
8.8.8.8 - - [24/Nov/2015:09:11:35 +0000] "GET /quiet/58b7fa50eb8057c167aae935/hair/fedora.html?suggest=teeny HTTP/1.1" 205 1918 "-" "python-requests/2.12.4"
8.8.8.8 - - [24/Nov/2015:09:11:57 +0000] "GET /bomb/spiteful/slim_/kubuntu.html HTTP/1.1" 201 561 "-" "python-requests/2.12.4"
172.24.60.30 - - [24/Nov/2015:09:12:18 +0000] "GET /son/slim_/58b7fa50eb8057c167aae942/uso-v7.html HTTP/1.1" 203 1340 "-" "python-requests/2.12.4"
8.8.8.8 - - [24/Nov/2015:09:12:21 +0000] "GET /-__factory__-/slim_/spiteful/kali.html HTTP/1.1" 401 1446 "-" "python-requests/2.12.4"
10.10.10.10 - - [24/Nov/2015:09:12:26 +0000] "GET /glue/-__factory__-/bomb/kubuntu.html?tasty=van#awesome HTTP/1.1" 204 838 "-" "python-requests/2.12.4"
172.24.60.30 - - [24/Nov/2015:09:12:48 +0000] "GET /quiet/58b7fa50eb8057c167aae935/hair/fedora.html HTTP/1.1" 503 675 "-" "python-requests/2.12.4"
8.8.8.8 - - [24/Nov/2015:09:12:58 +0000] "GET /58b7fad8eb8057c167ab1400/first-committee-of-year/ball/rl-v5.html HTTP/1.1" 502 683 "-" "python-requests/2.12.4"
1.2.3.4 - - [24/Nov/2015:09:13:18 +0000] "GET /hair/slim_/58b7fad8eb8057c167ab13f5/linux-mint.html HTTP/1.1" 400 1332 "-" "python-requests/2.12.4"
172.16.35.10 - - [24/Nov/2015:09:13:28 +0000] "GET /58b7fad8eb8057c167ab1400/first-committee-of-year/ball/rl-v5.html HTTP/1.1" 201 1639 "-" "python-requests/2.12.4"
8.8.8.8 - - [24/Nov/2015:09:13:47 +0000] "GET /-__factory__-/slim_/spiteful/kali.html HTTP/1.1" 400 851 "-" "python-requests/2.12.4"
1.2.3.4 - - [24/Nov/2015:09:14:15 +0000] "GET /bomb/spiteful/slim_/kubuntu.html#immense HTTP/1.1" 504 1354 "-" "python-requests/2.12.4"
172.16.35.10 - - [24/Nov/2015:09:14:30 +0000] "GET /son/slim_/58b7fa50eb8057c167aae942/uso-v7.html#post HTTP/1.1" 501 582 "-" "python-requests/2.12.4"
1.2.3.4 - - [24/Nov/2015:09:14:45 +0000] "GET /quiet/annoyed/cagey/rl-v5.html#abaft HTTP/1.1" 403 697 "-" "python-requests/2.12.4"
1.2.3.4 - - [24/Nov/2015:09:14:51 +0000] "GET /quiet/58b7fa50eb8057c167aae935/hair/fedora.html HTTP/1.1" 201 1050 "-" "python-requests/2.12.4"
10.10.10.10 - - [24/Nov/2015:09:15:16 +0000] "GET /-__factory__-/slim_/spiteful/kali.html?locket=alert HTTP/1.1" 404 1665 "-" "python-requests/2.12.4"
192.168.100.23 - - [24/Nov/2015:09:15:45 +0000] "GET /-__factory__-/slim_/spiteful/kali.html HTTP/1.1" 205 994 "-" "python-requests/2.12.4"
172.24.60.30 - - [24/Nov/2015:09:16:13 +0000] "GET /quiet/58b7fa50eb8057c167aae935/hair/fedora.html HTTP/1.1" 400 548 "-" "python-requests/2.12.4"
8.8.8.8 - - [24/Nov/2015:09:16:15 +0000] "GET /quiet/annoyed/cagey/rl-v5.html HTTP/1.1" 404 930 "-" "python-requests/2.12.4"
1.2.3.4 - - [24/Nov/2015:09:16:36 +0000] "GET /quiet/annoyed/cagey/rl-v5.html#monkey HTTP/1.1" 201 991 "-" "python-requests/2.12.4"
172.16.35.10 - - [24/Nov/2015:09:16:36 +0000] "GET /__voiceless__/58b7fad8eb8057c167ab1400/58b7fad8eb8057c167ab1400/ubuntu.html?volatile=shaggy HTTP/1.1" 203 780 "-" "python-requests/2.12.4"
172.16.35.10 - - [24/Nov/2015:09:16:49 +0000] "GET /58b7fad8eb8057c167ab1400/first-committee-of-year/ball/rl-v5.html HTTP/1.1" 305 1997 "-" "python-requests/2.12.4"
10.10.10.10 - - [24/Nov/2015:09:16:59 +0000] "GET /son/slim_/58b7fa50eb8057c167aae942/uso-v7.html?show=fact#water HTTP/1.1" 402 1077 "-" "python-requests/2.12.4"
172.16.35.10 - - [24/Nov/2015:09:17:25 +0000] "GET /58b7fad8eb8057c167ab1400/first-committee-of-year/ball/rl-v5.html HTTP/1.1" 205 1749 "-" "python-requests/2.12.4"
192.168.100.23 - - [24/Nov/2015:09:17:52 +0000] "GET /glue/-__factory__-/bomb/kubuntu.html?clip=divide HTTP/1.1" 202 1757 "-" "python-requests/2.12.4"
172.16.35.10 - - [24/Nov/2015:09:17:54 +0000] "GET /annoyed/58b7fad8eb8057c167ab13fb/march/uso-v7.html HTTP/1.1" 404 1687 "-" "python-requests/2.12.4"
1.2.3.4 - - [24/Nov/2015:09:18:16 +0000] "GET /bomb/spiteful/slim_/kubuntu.html HTTP/1.1" 402 754 "-" "python-requests/2.12.4"
8.8.8.8 - - [24/Nov/2015:09:18:28 +0000] "GET /annoyed/58b7fad8eb8057c167ab13fb/march/uso-v7.html HTTP/1.1" 404 707 "-" "python-requests/2.12.4"
172.16.35.10 - - [24/Nov/2015:09:18:37 +0000] "GET /hair/slim_/58b7fad8eb8057c167ab13f5/linux-mint.html#stroke HTTP/1.1" 301 1299 "-" "python-requests/2.12.4"
172.24.60.30 - - [24/Nov/2015:09:18:54 +0000] "GET /hair/slim_/58b7fad8eb8057c167ab13f5/linux-mint.html HTTP/1.1" 204 1279 "-" "python-requests/2.12.4"
8.8.8.8 - - [24/Nov/2015:09:19:12 +0000] "GET /glue/-__factory__-/bomb/kubuntu.html HTTP/1.1" 200 858 "-" "python-requests/2.12.4"
172.16.35.10 - - [24/Nov/2015:09:19:17 +0000] "GET /-__factory__-/slim_/spiteful/kali.html HTTP/1.1" 201 906 "-" "python-requests/2.12.4"
10.10.10.10 - - [24/Nov/2015:09:19:43 +0000] "GET /-__factory__-/slim_/spiteful/kali.html HTTP/1.1" 503 1695 "-" "python-requests/2.12.4"
172.16.35.10 - - [24/Nov/2015:09:20:12 +0000] "GET /glue/-__factory__-/bomb/kubuntu.html HTTP/1.1" 201 1322 "-" "python-requests/2.12.4"
192.168.100.23 - - [24/Nov/2015:09:20:21 +0000] "GET /__voiceless__/58b7fad8eb8057c167ab1400/58b7fad8eb8057c167ab1400/ubuntu.html HTTP/1.1" 500 1679 "-" "python-requests/2.12.4"
1.2.3.4 - - [24/Nov/2015:09:20:46 +0000] "GET /son/slim_/58b7fa50eb8057c167aae942/uso-v7.html?drink=shaggy HTTP/1.1" 202 1336 "-" "python-requests/2.12.4"
172.16.35.10 - - [24/Nov/2015:09:20:53 +0000] "GET /bomb/spiteful/slim_/kubuntu.html HTTP/1.1" 203 855 "-" "python-requests/2.12.4"
192.168.100.23 - - [24/Nov/2015:09:21:08 +0000] "GET /quiet/annoyed/cagey/rl-v5.html HTTP/1.1" 501 1777 "-" "python-requests/2.12.4"
172.24.60.30 - - [24/Nov/2015:09:21:19 +0000] "GET /annoyed/58b7fad8eb8057c167ab13fb/march/uso-v7.html?permissible=alert HTTP/1.1" 200 1908 "-" "python-requests/2.12.4"
1.2.3.4 - - [24/Nov/2015:09:21:37 +0000] "GET /son/slim_/58b7fa50eb8057c167aae942/uso-v7.html HTTP/1.1" 502 1434 "-" "python-requests/2.12.4"
10.10.10.10 - - [24/Nov/2015:09:21:53 +0000] "GET /bomb/spiteful/slim_/kubuntu.html HTTP/1.1" 200 1884 "-" "python-requests/2.12.4"
10.10.10.10 - - [24/Nov/2015:09:22:04 +0000] "GET /hair/slim_/58b7fad8eb8057c167ab13f5/linux-mint.html HTTP/1.1" 303 576 "-" "python-requests/2.12.4"
8.8.8.8 - - [24/Nov/2015:09:22:22 +0000] "GET /son/slim_/58b7fa50eb8057c167aae942/uso-v7.html#immense HTTP/1.1" 304 1836 "-" "python-requests/2.12.4"
172.24.60.30 - - [24/Nov/2015:09:22:25 +0000] "GET /-__factory__-/slim_/spiteful/kali.html HTTP/1.1" 304 1585 "-" "python-requests/2.12.4"
1.2.3.4 - - [24/Nov/2015:09:22:36 +0000] "GET /bomb/spiteful/slim_/kubuntu.html#anxious HTTP/1.1" 204 1862 "-" "python-requests/2.12.4"
10.10.10.10 - - [24/Nov/2015:09:22:55 +0000] "GET /hair/slim_/58b7fad8eb8057c167ab13f5/linux-mint.html HTTP/1.1" 401 630 "-" "python-requests/2.12.4"
192.168.100.23 - - [24/Nov/2015:09:23:15 +0000] "GET /58b7fad8eb8057c167ab1400/first-committee-of-year/ball/rl-v5.html?reason=furniture HTTP/1.1" 200 1360 "-" "python-requests/2.12.4"
10.10.10.10 - - [24/Nov/2015:09:23:40 +0000] "GET /quiet/annoyed/cagey/rl-v5.html HTTP/1.1" 205 1589 "-" "python-requests/2.12.4"
172.16.35.10 - - [24/Nov/2015:09:24:10 +0000] "GET /bomb/spiteful/slim_/kubuntu.html HTTP/1.1" 403 510 "-" "python-requests/2.12.4"
172.24.60.30 - - [24/Nov/2015:09:24:19 +0000] "GET /bomb/spiteful/slim_/kubuntu.html#colour HTTP/1.1" 502 1391 "-" "python-requests/2.12.4"
172.16.35.10 - - [24/Nov/2015:09:24:38 +0000] "GET /quiet/58b7fa50eb8057c167aae935/hair/fedora.html?locket=undesirable HTTP/1.1" 201 1248 "-" "python-requests/2.12.4"
172.24.60.30 - - [24/Nov/2015:09:25:08 +0000] "GET /__voiceless__/58b7fad8eb8057c167ab1400/58b7fad8eb8057c167ab1400/ubuntu.html HTTP/1.1" 201 1604 "-" "python-requests/2.12.4"
172.16.35.10 - - [24/Nov/2015:09:25:21 +0000] "GET /-__factory__-/slim_/spiteful/kali.html?trip=shaggy#wish HTTP/1.1" 202 622 "-" "python-requests/2.12.4"
1.2.3.4 - - [24/Nov/2015:09:25:27 +0000] "GET /glue/-__factory__-/bomb/kubuntu.html HTTP/1.1" 502 1708 "-" "python-requests/2.12.4"
1.2.3.4 - - [24/Nov/2015:09:25:37 +0000] "GET /quiet/annoyed/cagey/rl-v5.html HTTP/1.1" 200 534 "-" "python-requests/2.12.4"
10.10.10.10 - - [24/Nov/2015:09:25:43 +0000] "GET /quiet/58b7fa50eb8057c167aae935/hair/fedora.html?drink=furniture HTTP/1.1" 200 1491 "-" "python-requests/2.12.4"
172.24.60.30 - - [24/Nov/2015:09:25:59 +0000] "GET /quiet/annoyed/cagey/rl-v5.html HTTP/1.1" 202 1517 "-" "python-requests/2.12.4"
8.8.8.8 - - [24/Nov/2015:09:26:13 +0000] "GET /glue/-__factory__-/bomb/kubuntu.html HTTP/1.1" 401 1367 "-" "python-requests/2.12.4"
1.2.3.4 - - [24/Nov/2015:09:26:13 +0000] "GET /58b7fad8eb8057c167ab1400/first-committee-of-year/ball/rl-v5.html HTTP/1.1" 200 1739 "-" "python-requests/2.12.4"
192.168.100.23 - - [24/Nov/2015:09:26:31 +0000] "GET /annoyed/58b7fad8eb8057c167ab13fb/march/uso-v7.html?quack=mind HTTP/1.1" 300 912 "-" "python-requests/2.12.4"
10.10.10.10 - - [24/Nov/2015:09:26:38 +0000] "GET /-__factory__-/slim_/spiteful/kali.html#water HTTP/1.1" 504 998 "-" "python-requests/2.12.4"
10.10.10.10 - - [24/Nov/2015:09:26:52 +0000] "GET /son/slim_/58b7fa50eb8057c167aae942/uso-v7.html HTTP/1.1" 204 1927 "-" "python-requests/2.12.4"
8.8.8.8 - - [24/Nov/2015:09:26:54 +0000] "GET /quiet/58b7fa50eb8057c167aae935/hair/fedora.html HTTP/1.1" 301 1052 "-" "python-requests/2.12.4"
8.8.8.8 - - [24/Nov/2015:09:27:02 +0000] "GET /annoyed/58b7fad8eb8057c167ab13fb/march/uso-v7.html?fluffy=panicky HTTP/1.1" 203 1124 "-" "python-requests/2.12.4"
1.2.3.4 - - [24/Nov/2015:09:27:09 +0000] "GET /annoyed/58b7fad8eb8057c167ab13fb/march/uso-v7.html HTTP/1.1" 501 1214 "-" "python-requests/2.12.4"
192.168.100.23 - - [24/Nov/2015:09:27:30 +0000] "GET /son/slim_/58b7fa50eb8057c167aae942/uso-v7.html?tasty=recondite HTTP/1.1" 203 841 "-" "python-requests/2.12.4"
8.8.8.8 - - [24/Nov/2015:09:27:52 +0000] "GET /-__factory__-/slim_/spiteful/kali.html?trip=window HTTP/1.1" 200 673 "-" "python-requests/2.12.4"
172.16.35.10 - - [24/Nov/2015:09:27:58 +0000] "GET /-__factory__-/slim_/spiteful/kali.html#anxious HTTP/1.1" 202 882 "-" "python-requests/2.12.4"
192.168.100.23 - - [24/Nov/2015:09:28:15 +0000] "GET /-__factory__-/slim_/spiteful/kali.html HTTP/1.1" 403 1626 "-" "python-requests/2.12.4"
172.24.60.30 - - [24/Nov/2015:09:28:36 +0000] "GET /glue/-__factory__-/bomb/kubuntu.html?fine=window HTTP/1.1" 503 749 "-" "python-requests/2.12.4"
1.2.3.4 - - [24/Nov/2015:09:29:02 +0000] "GET /quiet/annoyed/cagey/rl-v5.html?locket=shaggy#post HTTP/1.1" 304 1452 "-" "python-requests/2.12.4"
1.2.3.4 - - [24/Nov/2015:09:29:22 +0000] "GET /glue/-__factory__-/bomb/kubuntu.html HTTP/1.1" 205 1182 "-" "python-requests/2.12.4"
8.8.8.8 - - [24/Nov/2015:09:29:32 +0000] "GET /-__factory__-/slim_/spiteful/kali.html HTTP/1.1" 201 1204 "-" "python-requests/2.12.4"
10.10.10.10 - - [24/Nov/2015:09:29:57 +0000] "GET /__voiceless__/58b7fad8eb8057c167ab1400/58b7fad8eb8057c167ab1400/ubuntu.html HTTP/1.1" 201 1934 "-" "python-requests/2.12.4"
172.24.60.30 - - [24/Nov/2015:09:30:25 +0000] "GET /bomb/spiteful/slim_/kubuntu.html HTTP/1.1" 205 819 "-" "python-requests/2.12.4"
1.2.3.4 - - [24/Nov/2015:09:30:51 +0000] "GET /quiet/annoyed/cagey/rl-v5.html HTTP/1.1" 303 1648 "-" "python-requests/2.12.4"
1.2.3.4 - - [24/Nov/2015:09:31:17 +0000] "GET /annoyed/58b7fad8eb8057c167ab13fb/march/uso-v7.html HTTP/1.1" 205 1988 "-" "python-requests/2.12.4"
10.10.10.10 - - [24/Nov/2015:09:31:35 +0000] "GET /-__factory__-/slim_/spiteful/kali.html HTTP/1.1" 200 1051 "-" "python-requests/2.12.4"
8.8.8.8 - - [24/Nov/2015:09:31:36 +0000] "GET /58b7fad8eb8057c167ab1400/first-committee-of-year/ball/rl-v5.html HTTP/1.1" 205 1450 "-" "python-requests/2.12.4"
1.2.3.4 - - [24/Nov/2015:09:31:54 +0000] "GET /bomb/spiteful/slim_/kubuntu.html?drink=truthful HTTP/1.1" 201 1180 "-" "python-requests/2.12.4"
192.168.100.23 - - [24/Nov/2015:09:32:14 +0000] "GET /hair/slim_/58b7fad8eb8057c167ab13f5/linux-mint.html HTTP/1.1" 503 1976 "-" "python-requests/2.12.4"
1.2.3.4 - - [24/Nov/2015:09:32:29 +0000] "GET /bomb/spiteful/slim_/kubuntu.html HTTP/1.1" 204 1566 "-" "python-requests/2.12.4"
172.16.35.10 - - [24/Nov/2015:09:32:32 +0000] "GET /quiet/58b7fa50eb8057c167aae935/hair/fedora.html HTTP/1.1" 405 837 "-" "python-requests/2.12.4"
192.168.100.23 - - [24/Nov/2015:09:33:00 +0000] "GET /__voiceless__/58b7fad8eb8057c167ab1400/58b7fad8eb8057c167ab1400/ubuntu.html?tasty=truthful HTTP/1.1" 304 1100 "-" "python-requests/2.12.4"
172.24.60.30 - - [24/Nov/2015:09:33:08 +0000] "GET /__voiceless__/58b7fad8eb8057c167ab1400/58b7fad8eb8057c167ab1400/ubuntu.html HTTP/1.1" 204 1396 "-" "python-requests/2.12.4"
172.24.60.30 - - [24/Nov/2015:09:33:34 +0000] "GET /hair/slim_/58b7fad8eb8057c167ab13f5/linux-mint.html#awesome HTTP/1.1" 201 520 "-" "python-requests/2.12.4"
192.168.100.23 - - [24/Nov/2015:09:33:48 +0000] "GET /quiet/annoyed/cagey/rl-v5.html HTTP/1.1" 204 534 "-" "python-requests/2.12.4"
8.8.8.8 - - [24/Nov/2015:09:33:57 +0000] "GET /quiet/annoyed/cagey/rl-v5.html HTTP/1.1" 201 692 "-" "python-requests/2.12.4"
1.2.3.4 - - [24/Nov/2015:09:34:06 +0000] "GET /quiet/58b7fa50eb8057c167aae935/hair/fedora.html HTTP/1.1" 205 1654 "-" "python-requests/2.12.4"
8.8.8.8 - - [24/Nov/2015:09:34:14 +0000] "GET /glue/-__factory__-/bomb/kubuntu.html HTTP/1.1" 200 652 "-" "python-requests/2.12.4"
8.8.8.8 - - [24/Nov/2015:09:34:40 +0000] "GET /glue/-__factory__-/bomb/kubuntu.html HTTP/1.1" 305 1656 "-" "python-requests/2.12.4"
192.168.100.23 - - [24/Nov/2015:09:34:52 +0000] "GET /son/slim_/58b7fa50eb8057c167aae942/uso-v7.html HTTP/1.1" 500 1405 "-" "python-requests/2.12.4"
8.8.8.8 - - [24/Nov/2015:09:35:01 +0000] "GET /quiet/58b7fa50eb8057c167aae935/hair/fedora.html?quack=husky HTTP/1.1" 402 666 "-" "python-requests/2.12.4"
8.8.8.8 - - [24/Nov/2015:09:35:10 +0000] "GET /-__factory__-/slim_/spiteful/kali.html HTTP/1.1" 502 950 "-" "python-requests/2.12.4"
172.24.60.30 - - [24/Nov/2015:09:35:15 +0000] "GET /bomb/spiteful/slim_/kubuntu.html HTTP/1.1" 201 1363 "-" "python-requests/2.12.4"
192.168.100.23 - - [24/Nov/2015:09:35:43 +0000] "GET /bomb/spiteful/slim_/kubuntu.html#bashful HTTP/1.1" 205 1581 "-" "python-requests/2.12.4"
172.24.60.30 - - [24/Nov/2015:09:36:11 +0000] "GET /glue/-__factory__-/bomb/kubuntu.html HTTP/1.1" 302 1854 "-" "python-requests/2.12.4"
8.8.8.8 - - [24/Nov/2015:09:36:39 +0000] "GET /glue/-__factory__-/bomb/kubuntu.html HTTP/1.1" 204 1789 "-" "python-requests/2.12.4"
10.10.10.10 - - [24/Nov/2015:09:37:00 +0000] "GET /hair/slim_/58b7fad8eb8057c167ab13f5/linux-mint.html HTTP/1.1" 404 669 "-" "python-requests/2.12.4"
10.10.10.10 - - [24/Nov/2015:09:37:11 +0000] "GET /__voiceless__/58b7fad8eb8057c167ab1400/58b7fad8eb8057c167ab1400/ubuntu.html HTTP/1.1" 401 1137 "-" "python-requests/2.12.4"
1.2.3.4 - - [24/Nov/2015:09:37:14 +0000] "GET /hair/slim_/58b7fad8eb8057c167ab13f5/linux-mint.html HTTP/1.1" 202 1425 "-" "python-requests/2.12.4"
1.2.3.4 - - [24/Nov/2015:09:37:44 +0000] "GET /-__factory__-/slim_/spiteful/kali.html HTTP/1.1" 203 1690 "-" "python-requests/2.12.4"
192.168.100.23 - - [24/Nov/2015:09:37:52 +0000] "GET /-__factory__-/slim_/spiteful/kali.html HTTP/1.1" 202 1818 "-" "python-requests/2.12.4"
172.16.35.10 - - [24/Nov/2015:09:38:02 +0000] "GET /annoyed/58b7fad8eb8057c167ab13fb/march/uso-v7.html?dry=trip HTTP/1.1" 203 1594 "-" "python-requests/2.12.4"
1.2.3.4 - - [24/Nov/2015:09:38:23 +0000] "GET /quiet/annoyed/cagey/rl-v5.html#route HTTP/1.1" 205 1508 "-" "python-requests/2.12.4"
1.2.3.4 - - [24/Nov/2015:09:38:42 +0000] "GET /58b7fad8eb8057c167ab1400/first-committee-of-year/ball/rl-v5.html HTTP/1.1" 504 1431 "-" "python-requests/2.12.4"
172.16.35.10 - - [24/Nov/2015:09:39:04 +0000] "GET /58b7fad8eb8057c167ab1400/first-committee-of-year/ball/rl-v5.html HTTP/1.1" 500 953 "-" "python-requests/2.12.4"
172.16.35.10 - - [24/Nov/2015:09:39:22 +0000] "GET /annoyed/58b7fad8eb8057c167ab13fb/march/uso-v7.html HTTP/1.1" 502 1109 "-" "python-requests/2.12.4"
172.16.35.10 - - [24/Nov/2015:09:39:38 +0000] "GET /quiet/annoyed/cagey/rl-v5.html?dry=husky HTTP/1.1" 202 708 "-" "python-requests/2.12.4"
172.16.35.10 - - [24/Nov/2015:09:40:02 +0000] "GET /58b7fad8eb8057c167ab1400/first-committee-of-year/ball/rl-v5.html HTTP/1.1" 202 1869 "-" "python-requests/2.12.4"
8.8.8.8 - - [24/Nov/2015:09:40:09 +0000] "GET /son/slim_/58b7fa50eb8057c167aae942/uso-v7.html HTTP/1.1" 401 1490 "-" "python-requests/2.12.4"
172.16.35.10 - - [24/Nov/2015:09:40:22 +0000] "GET /bomb/spiteful/slim_/kubuntu.html HTTP/1.1" 500 1797 "-" "python-requests/2.12.4"
10.10.10.10 - - [24/Nov/2015:09:40:38 +0000] "GET /58b7fad8eb8057c167ab1400/first-committee-of-year/ball/rl-v5.html HTTP/1.1" 205 1036 "-" "python-requests/2.12.4"
172.24.60.30 - - [24/Nov/2015:09:41:00 +0000] "GET /son/slim_/58b7fa50eb8057c167aae942/uso-v7.html HTTP/1.1" 303 1811 "-" "python-requests/2.12.4"
172.16.35.10 - - [24/Nov/2015:09:41:24 +0000] "GET /quiet/58b7fa50eb8057c167aae935/hair/fedora.html HTTP/1.1" 400 837 "-" "python-requests/2.12.4"
192.168.100.23 - - [24/Nov/2015:09:41:45 +0000] "GET /quiet/annoyed/cagey/rl-v5.html?dry=fact HTTP/1.1" 300 768 "-" "python-requests/2.12.4"
1.2.3.4 - - [24/Nov/2015:09:41:45 +0000] "GET /58b7fad8eb8057c167ab1400/first-committee-of-year/ball/rl-v5.html HTTP/1.1" 201 1429 "-" "python-requests/2.12.4"
172.16.35.10 - - [24/Nov/2015:09:42:05 +0000] "GET /quiet/58b7fa50eb8057c167aae935/hair/fedora.html?fine=truthful HTTP/1.1" 302 1983 "-" "python-requests/2.12.4"
172.24.60.30 - - [24/Nov/2015:09:42:18 +0000] "GET /son/slim_/58b7fa50eb8057c167aae942/uso-v7.html HTTP/1.1" 500 1912 "-" "python-requests/2.12.4"
1.2.3.4 - - [24/Nov/2015:09:42:42 +0000] "GET /__voiceless__/58b7fad8eb8057c167ab1400/58b7fad8eb8057c167ab1400/ubuntu.html?suggest=van HTTP/1.1" 201 906 "-" "python-requests/2.12.4"
8.8.8.8 - - [24/Nov/2015:09:42:49 +0000] "GET /__voiceless__/58b7fad8eb8057c167ab1400/58b7fad8eb8057c167ab1400/ubuntu.html?sudden=husky HTTP/1.1" 202 668 "-" "python-requests/2.12.4"
192.168.100.23 - - [24/Nov/2015:09:42:56 +0000] "GET /son/slim_/58b7fa50eb8057c167aae942/uso-v7.html HTTP/1.1" 503 1908 "-" "python-requests/2.12.4"
192.168.100.23 - - [24/Nov/2015:09:43:17 +0000] "GET /annoyed/58b7fad8eb8057c167ab13fb/march/uso-v7.html HTTP/1.1" 201 1005 "-" "python-requests/2.12.4"
172.24.60.30 - - [24/Nov/2015:09:43:21 +0000] "GET /bomb/spiteful/slim_/kubuntu.html?clip=alert HTTP/1.1" 203 733 "-" "python-requests/2.12.4"
172.16.35.10 - - [24/Nov/2015:09:43:49 +0000] "GET /quiet/58b7fa50eb8057c167aae935/hair/fedora.html?show=steer HTTP/1.1" 204 1966 "-" "python-requests/2.12.4"
8.8.8.8 - - [24/Nov/2015:09:44:13 +0000] "GET /son/slim_/58b7fa50eb8057c167aae942/uso-v7.html HTTP/1.1" 504 1152 "-" "python-requests/2.12.4"
1.2.3.4 - - [24/Nov/2015:09:44:43 +0000] "GET /-__factory__-/slim_/spiteful/kali.html HTTP/1.1" 300 927 "-" "python-requests/2.12.4"
10.10.10.10 - - [24/Nov/2015:09:45:12 +0000] "GET /son/slim_/58b7fa50eb8057c167aae942/uso-v7.html HTTP/1.1" 205 1446 "-" "python-requests/2.12.4"
172.16.35.10 - - [24/Nov/2015:09:45:26 +0000] "GET /annoyed/58b7fad8eb8057c167ab13fb/march/uso-v7.html HTTP/1.1" 200 1105 "-" "python-requests/2.12.4"
10.10.10.10 - - [24/Nov/2015:09:45:52 +0000] "GET /58b7fad8eb8057c167ab1400/first-committee-of-year/ball/rl-v5.html?tasty=husky HTTP/1.1" 203 549 "-" "python-requests/2.12.4"
1.2.3.4 - - [24/Nov/2015:09:46:06 +0000] "GET /son/slim_/58b7fa50eb8057c167aae942/uso-v7.html HTTP/1.1" 301 1639 "-" "python-requests/2.12.4"
1.2.3.4 - - [24/Nov/2015:09:46:09 +0000] "GET /__voiceless__/58b7fad8eb8057c167ab1400/58b7fad8eb8057c167ab1400/ubuntu.html HTTP/1.1" 202 1351 "-" "python-requests/2.12.4"
172.24.60.30 - - [24/Nov/2015:09:46:18 +0000] "GET /annoyed/58b7fad8eb8057c167ab13fb/march/uso-v7.html?volatile=divide HTTP/1.1" 204 1368 "-" "python-requests/2.12.4"
1.2.3.4 - - [24/Nov/2015:09:46:45 +0000] "GET /-__factory__-/slim_/spiteful/kali.html?reason=truthful HTTP/1.1" 500 1306 "-" "python-requests/2.12.4"
192.168.100.23 - - [24/Nov/2015:09:46:45 +0000] "GET /glue/-__factory__-/bomb/kubuntu.html HTTP/1.1" 204 1412 "-" "python-requests/2.12.4"
172.16.35.10 - - [24/Nov/2015:09:47:09 +0000] "GET /hair/slim_/58b7fad8eb8057c167ab13f5/linux-mint.html HTTP/1.1" 202 1823 "-" "python-requests/2.12.4"
172.24.60.30 - - [24/Nov/2015:09:47:15 +0000] "GET /__voiceless__/58b7fad8eb8057c167ab1400/58b7fad8eb8057c167ab1400/ubuntu.html?permissible=divide HTTP/1.1" 303 1570 "-" "python-requests/2.12.4"
1.2.3.4 - - [24/Nov/2015:09:47:44 +0000] "GET /hair/slim_/58b7fad8eb8057c167ab13f5/linux-mint.html HTTP/1.1" 404 1558 "-" "python-requests/2.12.4"
8.8.8.8 - - [24/Nov/2015:09:47:58 +0000] "GET /son/slim_/58b7fa50eb8057c167aae942/uso-v7.html HTTP/1.1" 201 1566 "-" "python-requests/2.12.4"
172.24.60.30 - - [24/Nov/2015:09:47:58 +0000] "GET /-__factory__-/slim_/spiteful/kali.html HTTP/1.1" 203 1573 "-" "python-requests/2.12.4"
192.168.100.23 - - [24/Nov/2015:09:48:12 +0000] "GET /__voiceless__/58b7fad8eb8057c167ab1400/58b7fad8eb8057c167ab1400/ubuntu.html HTTP/1.1" 205 1068 "-" "python-requests/2.12.4"
1.2.3.4 - - [24/Nov/2015:09:48:38 +0000] "GET /annoyed/58b7fad8eb8057c167ab13fb/march/uso-v7.html?suggest=recondite HTTP/1.1" 500 1257 "-" "python-requests/2.12.4"
10.10.10.10 - - [24/Nov/2015:09:48:45 +0000] "GET /58b7fad8eb8057c167ab1400/first-committee-of-year/ball/rl-v5.html HTTP/1.1" 504 885 "-" "python-requests/2.12.4"
192.168.100.23 - - [24/Nov/2015:09:49:09 +0000] "GET /son/slim_/58b7fa50eb8057c167aae942/uso-v7.html#welcome HTTP/1.1" 203 1973 "-" "python-requests/2.12.4"
8.8.8.8 - - [24/Nov/2015:09:49:37 +0000] "GET /hair/slim_/58b7fad8eb8057c167ab13f5/linux-mint.html HTTP/1.1" 405 1850 "-" "python-requests/2.12.4"
10.10.10.10 - - [24/Nov/2015:09:49:43 +0000] "GET /58b7fad8eb8057c167ab1400/first-committee-of-year/ball/rl-v5.html HTTP/1.1" 204 952 "-" "python-requests/2.12.4"
172.24.60.30 - - [24/Nov/2015:09:49:55 +0000] "GET /quiet/annoyed/cagey/rl-v5.html HTTP/1.1" 203 1350 "-" "python-requests/2.12.4"
172.16.35.10 - - [24/Nov/2015:09:50:10 +0000] "GET /glue/-__factory__-/bomb/kubuntu.html?locket=teeny HTTP/1.1" 205 817 "-" "python-requests/2.12.4"
1.2.3.4 - - [24/Nov/2015:09:50:31 +0000] "GET /58b7fad8eb8057c167ab1400/first-committee-of-year/ball/rl-v5.html HTTP/1.1" 204 561 "-" "python-requests/2.12.4"
172.24.60.30 - - [24/Nov/2015:09:50:32 +0000] "GET /quiet/annoyed/cagey/rl-v5.html HTTP/1.1" 502 852 "-" "python-requests/2.12.4"
192.168.100.23 - - [24/Nov/2015:09:51:00 +0000] "GET /annoyed/58b7fad8eb8057c167ab13fb/march/uso-v7.html HTTP/1.1" 400 989 "-" "python-requests/2.12.4"
10.10.10.10 - - [24/Nov/2015:09:51:19 +0000] "GET /hair/slim_/58b7fad8eb8057c167ab13f5/linux-mint.html HTTP/1.1" 200 640 "-" "python-requests/2.12.4"
10.10.10.10 - - [24/Nov/2015:09:51:41 +0000] "GET /bomb/spiteful/slim_/kubuntu.html#welcome HTTP/1.1" 205 1355 "-" "python-requests/2.12.4"
1.2.3.4 - - [24/Nov/2015:09:51:55 +0000] "GET /-__factory__-/slim_/spiteful/kali.html?show=mind HTTP/1.1" 405 1557 "-" "python-requests/2.12.4"
1.2.3.4 - - [24/Nov/2015:09:52:11 +0000] "GET /__voiceless__/58b7fad8eb8057c167ab1400/58b7fad8eb8057c167ab1400/ubuntu.html HTTP/1.1" 204 1802 "-" "python-requests/2.12.4"
172.16.35.10 - - [24/Nov/2015:09:52:33 +0000] "GET /bomb/spiteful/slim_/kubuntu.html HTTP/1.1" 200 902 "-" "python-requests/2.12.4"
172.24.60.30 - - [24/Nov/2015:09:52:35 +0000] "GET /58b7fad8eb8057c167ab1400/first-committee-of-year/ball/rl-v5.html HTTP/1.1" 202 519 "-" "python-requests/2.12.4"
8.8.8.8 - - [24/Nov/2015:09:52:43 +0000] "GET /hair/slim_/58b7fad8eb8057c167ab13f5/linux-mint.html HTTP/1.1" 402 1297 "-" "python-requests/2.12.4"
8.8.8.8 - - [24/Nov/2015:09:53:10 +0000] "GET /-__factory__-/slim_/spiteful/kali.html?suggest=recondite HTTP/1.1" 304 1831 "-" "python-requests/2.12.4"
1.2.3.4 - - [24/Nov/2015:09:53:34 +0000] "GET /__voiceless__/58b7fad8eb8057c167ab1400/58b7fad8eb8057c167ab1400/ubuntu.html HTTP/1.1" 201 1060 "-" "python-requests/2.12.4"
172.24.60.30 - - [24/Nov/2015:09:54:01 +0000] "GET /quiet/58b7fa50eb8057c167aae935/hair/fedora.html HTTP/1.1" 204 1436 "-" "python-requests/2.12.4"
1.2.3.4 - - [24/Nov/2015:09:54:09 +0000] "GET /bomb/spiteful/slim_/kubuntu.html?trip=steer HTTP/1.1" 202 520 "-" "python-requests/2.12.4"
172.16.35.10 - - [24/Nov/2015:09:54:11 +0000] "GET /58b7fad8eb8057c167ab1400/first-committee-of-year/ball/rl-v5.html?reason=bounce#grateful HTTP/1.1" 302 1511 "-" "python-requests/2.12.4"
172.16.35.10 - - [24/Nov/2015:09:54:41 +0000] "GET /__voiceless__/58b7fad8eb8057c167ab1400/58b7fad8eb8057c167ab1400/ubuntu.html HTTP/1.1" 204 527 "-" "python-requests/2.12.4"
8.8.8.8 - - [24/Nov/2015:09:55:02 +0000] "GET /-__factory__-/slim_/spiteful/kali.html#ignorant HTTP/1.1" 204 1831 "-" "python-requests/2.12.4"
172.16.35.10 - - [24/Nov/2015:09:55:02 +0000] "GET /hair/slim_/58b7fad8eb8057c167ab13f5/linux-mint.html HTTP/1.1" 201 1071 "-" "python-requests/2.12.4"
10.10.10.10 - - [24/Nov/2015:09:55:07 +0000] "GET /hair/slim_/58b7fad8eb8057c167ab13f5/linux-mint.html?clip=milk HTTP/1.1" 304 1181 "-" "python-requests/2.12.4"
1.2.3.4 - - [24/Nov/2015:09:55:17 +0000] "GET /quiet/58b7fa50eb8057c167aae935/hair/fedora.html?sudden=teeny#dapper HTTP/1.1" 202 984 "-" "python-requests/2.12.4"
172.16.35.10 - - [24/Nov/2015:09:55:38 +0000] "GET /glue/-__factory__-/bomb/kubuntu.html HTTP/1.1" 202 1608 "-" "python-requests/2.12.4"
172.16.35.10 - - [24/Nov/2015:09:55:53 +0000] "GET /glue/-__factory__-/bomb/kubuntu.html?sudden=husky#dapper HTTP/1.1" 304 1323 "-" "python-requests/2.12.4"
1.2.3.4 - - [24/Nov/2015:09:56:16 +0000] "GET /quiet/58b7fa50eb8057c167aae935/hair/fedora.html HTTP/1.1" 202 1621 "-" "python-requests/2.12.4"
172.24.60.30 - - [24/Nov/2015:09:56:38 +0000] "GET /-__factory__-/slim_/spiteful/kali.html HTTP/1.1" 205 1229 "-" "python-requests/2.12.4"
172.16.35.10 - - [24/Nov/2015:09:57:06 +0000] "GET /hair/slim_/58b7fad8eb8057c167ab13f5/linux-mint.html HTTP/1.1" 505 560 "-" "python-requests/2.12.4"
192.168.100.23 - - [24/Nov/2015:09:57:26 +0000] "GET /__voiceless__/58b7fad8eb8057c167ab1400/58b7fad8eb8057c167ab1400/ubuntu.html#immense HTTP/1.1" 201 1624 "-" "python-requests/2.12.4"
1.2.3.4 - - [24/Nov/2015:09:57:34 +0000] "GET /-__factory__-/slim_/spiteful/kali.html HTTP/1.1" 203 1648 "-" "python-requests/2.12.4"
1.2.3.4 - - [24/Nov/2015:09:57:53 +0000] "GET /bomb/spiteful/slim_/kubuntu.html HTTP/1.1" 405 1995 "-" "python-requests/2.12.4"
192.168.100.23 - - [24/Nov/2015:09:57:56 +0000] "GET /__voiceless__/58b7fad8eb8057c167ab1400/58b7fad8eb8057c167ab1400/ubuntu.html HTTP/1.1" 400 1341 "-" "python-requests/2.12.4"
172.24.60.30 - - [24/Nov/2015:09:58:15 +0000] "GET /annoyed/58b7fad8eb8057c167ab13fb/march/uso-v7.html?fine=recondite HTTP/1.1" 402 982 "-" "python-requests/2.12.4"
192.168.100.23 - - [24/Nov/2015:09:58:38 +0000] "GET /bomb/spiteful/slim_/kubuntu.html#bashful HTTP/1.1" 203 632 "-" "python-requests/2.12.4"
10.10.10.10 - - [24/Nov/2015:09:58:45 +0000] "GET /58b7fad8eb8057c167ab1400/first-committee-of-year/ball/rl-v5.html#route HTTP/1.1" 403 1306 "-" "python-requests/2.12.4"
1.2.3.4 - - [24/Nov/2015:09:59:13 +0000] "GET /bomb/spiteful/slim_/kubuntu.html?reason=panicky HTTP/1.1" 204 1302 "-" "python-requests/2.12.4"
10.10.10.10 - - [24/Nov/2015:09:59:16 +0000] "GET /58b7fad8eb8057c167ab1400/first-committee-of-year/ball/rl-v5.html#modern HTTP/1.1" 202 1779 "-" "python-requests/2.12.4"
8.8.8.8 - - [24/Nov/2015:09:59:43 +0000] "GET /son/slim_/58b7fa50eb8057c167aae942/uso-v7.html HTTP/1.1" 500 1857 "-" "python-requests/2.12.4"
1.2.3.4 - - [24/Nov/2015:10:00:01 +0000] "GET /-__factory__-/slim_/spiteful/kali.html HTTP/1.1" 205 1694 "-" "python-requests/2.12.4"
172.16.35.10 - - [24/Nov/2015:10:00:18 +0000] "GET /quiet/58b7fa50eb8057c167aae935/hair/fedora.html HTTP/1.1" 204 1082 "-" "python-requests/2.12.4"
172.16.35.10 - - [24/Nov/2015:10:00:35 +0000] "GET /bomb/spiteful/slim_/kubuntu.html HTTP/1.1" 400 1894 "-" "python-requests/2.12.4"
10.10.10.10 - - [24/Nov/2015:10:00:51 +0000] "GET /__voiceless__/58b7fad8eb8057c167ab1400/58b7fad8eb8057c167ab1400/ubuntu.html HTTP/1.1" 201 1777 "-" "python-requests/2.12.4"
192.168.100.23 - - [24/Nov/2015:10:01:12 +0000] "GET /-__factory__-/slim_/spiteful/kali.html?burst=panicky HTTP/1.1" 203 1314 "-" "python-requests/2.12.4"
10.10.10.10 - - [24/Nov/2015:10:01:25 +0000] "GET /son/slim_/58b7fa50eb8057c167aae942/uso-v7.html?locket=mindless HTTP/1.1" 204 810 "-" "python-requests/2.12.4"
10.10.10.10 - - [24/Nov/2015:10:01:36 +0000] "GET /hair/slim_/58b7fad8eb8057c167ab13f5/linux-mint.html HTTP/1.1" 203 1813 "-" "python-requests/2.12.4"
10.10.10.10 - - [24/Nov/2015:10:01:55 +0000] "GET /son/slim_/58b7fa50eb8057c167aae942/uso-v7.html HTTP/1.1" 202 1515 "-" "python-requests/2.12.4"
10.10.10.10 - - [24/Nov/2015:10:02:09 +0000] "GET /glue/-__factory__-/bomb/kubuntu.html HTTP/1.1" 204 646 "-" "python-requests/2.12.4"
8.8.8.8 - - [24/Nov/2015:10:02:33 +0000] "GET /-__factory__-/slim_/spiteful/kali.html HTTP/1.1" 201 1861 "-" "python-requests/2.12.4"
10.10.10.10 - - [24/Nov/2015:10:02:47 +0000] "GET /bomb/spiteful/slim_/kubuntu.html HTTP/1.1" 205 834 "-" "python-requests/2.12.4"
10.10.10.10 - - [24/Nov/2015:10:02:48 +0000] "GET /-__factory__-/slim_/spiteful/kali.html HTTP/1.1" 400 567 "-" "python-requests/2.12.4"
8.8.8.8 - - [24/Nov/2015:10:02:52 +0000] "GET /glue/-__factory__-/bomb/kubuntu.html HTTP/1.1" 403 1721 "-" "python-requests/2.12.4"
172.16.35.10 - - [24/Nov/2015:10:03:06 +0000] "GET /quiet/58b7fa50eb8057c167aae935/hair/fedora.html HTTP/1.1" 400 1502 "-" "python-requests/2.12.4"
1.2.3.4 - - [24/Nov/2015:10:03:23 +0000] "GET /quiet/58b7fa50eb8057c167aae935/hair/fedora.html?giraffe=bounce HTTP/1.1" 305 691 "-" "python-requests/2.12.4"
1.2.3.4 - - [24/Nov/2015:10:03:38 +0000] "GET /hair/slim_/58b7fad8eb8057c167ab13f5/linux-mint.html?locket=alert HTTP/1.1" 200 849 "-" "python-requests/2.12.4"
10.10.10.10 - - [24/Nov/2015:10:03:45 +0000] "GET /glue/-__factory__-/bomb/kubuntu.html HTTP/1.1" 201 698 "-" "python-requests/2.12.4"
172.24.60.30 - - [24/Nov/2015:10:04:14 +0000] "GET /hair/slim_/58b7fad8eb8057c167ab13f5/linux-mint.html HTTP/1.1" 304 1590 "-" "python-requests/2.12.4"
8.8.8.8 - - [24/Nov/2015:10:04:36 +0000] "GET /__voiceless__/58b7fad8eb8057c167ab1400/58b7fad8eb8057c167ab1400/ubuntu.html?sudden=panicky HTTP/1.1" 300 1024 "-" "python-requests/2.12.4"
1.2.3.4 - - [24/Nov/2015:10:04:59 +0000] "GET /hair/slim_/58b7fad8eb8057c167ab13f5/linux-mint.html HTTP/1.1" 203 933 "-" "python-requests/2.12.4"
8.8.8.8 - - [24/Nov/2015:10:05:18 +0000] "GET /hair/slim_/58b7fad8eb8057c167ab13f5/linux-mint.html HTTP/1.1" 205 1223 "-" "python-requests/2.12.4"
172.16.35.10 - - [24/Nov/2015:10:05:20 +0000] "GET /__voiceless__/58b7fad8eb8057c167ab1400/58b7fad8eb8057c167ab1400/ubuntu.html HTTP/1.1" 505 1436 "-" "python-requests/2.12.4"
172.24.60.30 - - [24/Nov/2015:10:05:42 +0000] "GET /annoyed/58b7fad8eb8057c167ab13fb/march/uso-v7.html#post HTTP/1.1" 201 1010 "-" "python-requests/2.12.4"
172.16.35.10 - - [24/Nov/2015:10:05:51 +0000] "GET /son/slim_/58b7fa50eb8057c167aae942/uso-v7.html?sudden=recondite HTTP/1.1" 205 1831 "-" "python-requests/2.12.4"
8.8.8.8 - - [24/Nov/2015:10:06:17 +0000] "GET /-__factory__-/slim_/spiteful/kali.html#modern HTTP/1.1" 203 967 "-" "python-requests/2.12.4"
8.8.8.8 - - [24/Nov/2015:10:06:36 +0000] "GET /bomb/spiteful/slim_/kubuntu.html HTTP/1.1" 200 1595 "-" "python-requests/2.12.4"
172.24.60.30 - - [24/Nov/2015:10:06:51 +0000] "GET /-__factory__-/slim_/spiteful/kali.html HTTP/1.1" 203 564 "-" "python-requests/2.12.4"
8.8.8.8 - - [24/Nov/2015:10:06:58 +0000] "GET /glue/-__factory__-/bomb/kubuntu.html#post HTTP/1.1" 405 1399 "-" "python-requests/2.12.4"
8.8.8.8 - - [24/Nov/2015:10:07:26 +0000] "GET /quiet/annoyed/cagey/rl-v5.html#route HTTP/1.1" 205 1245 "-" "python-requests/2.12.4"
172.16.35.10 - - [24/Nov/2015:10:07:45 +0000] "GET /-__factory__-/slim_/spiteful/kali.html?thoughtful=panicky HTTP/1.1" 204 586 "-" "python-requests/2.12.4"
10.10.10.10 - - [24/Nov/2015:10:07:58 +0000] "GET /quiet/58b7fa50eb8057c167aae935/hair/fedora.html HTTP/1.1" 200 1448 "-" "python-requests/2.12.4"
172.24.60.30 - - [24/Nov/2015:10:08:03 +0000] "GET /quiet/annoyed/cagey/rl-v5.html?reason=van HTTP/1.1" 201 1719 "-" "python-requests/2.12.4"
192.168.100.23 - - [24/Nov/2015:10:08:20 +0000] "GET /quiet/annoyed/cagey/rl-v5.html HTTP/1.1" 302 1702 "-" "python-requests/2.12.4"
8.8.8.8 - - [24/Nov/2015:10:08:40 +0000] "GET /-__factory__-/slim_/spiteful/kali.html HTTP/1.1" 304 970 "-" "python-requests/2.12.4"
192.168.100.23 - - [24/Nov/2015:10:08:53 +0000] "GET /son/slim_/58b7fa50eb8057c167aae942/uso-v7.html?trip=van HTTP/1.1" 405 1423 "-" "python-requests/2.12.4"
1.2.3.4 - - [24/Nov/2015:10:09:06 +0000] "GET /bomb/spiteful/slim_/kubuntu.html?locket=mindless HTTP/1.1" 205 922 "-" "python-requests/2.12.4"
8.8.8.8 - - [24/Nov/2015:10:09:34 +0000] "GET /glue/-__factory__-/bomb/kubuntu.html HTTP/1.1" 205 1248 "-" "python-requests/2.12.4"
172.16.35.10 - - [24/Nov/2015:10:09:47 +0000] "GET /__voiceless__/58b7fad8eb8057c167ab1400/58b7fad8eb8057c167ab1400/ubuntu.html HTTP/1.1" 204 1477 "-" "python-requests/2.12.4"
1.2.3.4 - - [24/Nov/2015:10:10:10 +0000] "GET /__voiceless__/58b7fad8eb8057c167ab1400/58b7fad8eb8057c167ab1400/ubuntu.html?fluffy=reduce HTTP/1.1" 202 1509 "-" "python-requests/2.12.4"
172.24.60.30 - - [24/Nov/2015:10:10:23 +0000] "GET /son/slim_/58b7fa50eb8057c167aae942/uso-v7.html HTTP/1.1" 202 567 "-" "python-requests/2.12.4"
8.8.8.8 - - [24/Nov/2015:10:10:25 +0000] "GET /annoyed/58b7fad8eb8057c167ab13fb/march/uso-v7.html HTTP/1.1" 205 1955 "-" "python-requests/2.12.4"
8.8.8.8 - - [24/Nov/2015:10:10:39 +0000] "GET /quiet/annoyed/cagey/rl-v5.html HTTP/1.1" 302 1613 "-" "python-requests/2.12.4"
10.10.10.10 - - [24/Nov/2015:10:11:01 +0000] "GET /-__factory__-/slim_/spiteful/kali.html#awesome HTTP/1.1" 201 2000 "-" "python-requests/2.12.4"
10.10.10.10 - - [24/Nov/2015:10:11:15 +0000] "GET /son/slim_/58b7fa50eb8057c167aae942/uso-v7.html HTTP/1.1" 403 1211 "-" "python-requests/2.12.4"
8.8.8.8 - - [24/Nov/2015:10:11:31 +0000] "GET /quiet/58b7fa50eb8057c167aae935/hair/fedora.html?fine=bounce HTTP/1.1" 201 1627 "-" "python-requests/2.12.4"
172.24.60.30 - - [24/Nov/2015:10:11:46 +0000] "GET /annoyed/58b7fad8eb8057c167ab13fb/march/uso-v7.html HTTP/1.1" 203 951 "-" "python-requests/2.12.4"
172.24.60.30 - - [24/Nov/2015:10:12:08 +0000] "GET /hair/slim_/58b7fad8eb8057c167ab13f5/linux-mint.html HTTP/1.1" 300 1644 "-" "python-requests/2.12.4"
172.24.60.30 - - [24/Nov/2015:10:12:34 +0000] "GET /-__factory__-/slim_/spiteful/kali.html HTTP/1.1" 205 978 "-" "python-requests/2.12.4"
172.16.35.10 - - [24/Nov/2015:10:12:37 +0000] "GET /__voiceless__/58b7fad8eb8057c167ab1400/58b7fad8eb8057c167ab1400/ubuntu.html?owe=recondite HTTP/1.1" 201 1828 "-" "python-requests/2.12.4"
192.168.100.23 - - [24/Nov/2015:10:12:52 +0000] "GET /quiet/58b7fa50eb8057c167aae935/hair/fedora.html HTTP/1.1" 204 988 "-" "python-requests/2.12.4"
172.16.35.10 - - [24/Nov/2015:10:12:57 +0000] "GET /quiet/58b7fa50eb8057c167aae935/hair/fedora.html#minor HTTP/1.1" 203 1341 "-" "python-requests/2.12.4"
172.24.60.30 - - [24/Nov/2015:10:12:57 +0000] "GET /__voiceless__/58b7fad8eb8057c167ab1400/58b7fad8eb8057c167ab1400/ubuntu.html HTTP/1.1" 205 871 "-" "python-requests/2.12.4"
192.168.100.23 - - [24/Nov/2015:10:13:02 +0000] "GET /quiet/58b7fa50eb8057c167aae935/hair/fedora.html#post HTTP/1.1" 403 530 "-" "python-requests/2.12.4"
192.168.100.23 - - [24/Nov/2015:10:13:16 +0000] "GET /quiet/58b7fa50eb8057c167aae935/hair/fedora.html HTTP/1.1" 505 1154 "-" "python-requests/2.12.4"
172.16.35.10 - - [24/Nov/2015:10:13:33 +0000] "GET /58b7fad8eb8057c167ab1400/first-committee-of-year/ball/rl-v5.html HTTP/1.1" 401 516 "-" "python-requests/2.12.4"
192.168.100.23 - - [24/Nov/2015:10:13:51 +0000] "GET /quiet/58b7fa50eb8057c167aae935/hair/fedora.html HTTP/1.1" 202 624 "-" "python-requests/2.12.4"
172.16.35.10 - - [24/Nov/2015:10:14:11 +0000] "GET /58b7fad8eb8057c167ab1400/first-committee-of-year/ball/rl-v5.html HTTP/1.1" 203 1447 "-" "python-requests/2.12.4"
172.16.35.10 - - [24/Nov/2015:10:14:21 +0000] "GET /annoyed/58b7fad8eb8057c167ab13fb/march/uso-v7.html HTTP/1.1" 201 1280 "-" "python-requests/2.12.4"
1.2.3.4 - - [24/Nov/2015:10:14:31 +0000] "GET /hair/slim_/58b7fad8eb8057c167ab13f5/linux-mint.html HTTP/1.1" 204 1809 "-" "python-requests/2.12.4"
10.10.10.10 - - [24/Nov/2015:10:14:43 +0000] "GET /annoyed/58b7fad8eb8057c167ab13fb/march/uso-v7.html HTTP/1.1" 302 1061 "-" "python-requests/2.12.4"
172.16.35.10 - - [24/Nov/2015:10:15:07 +0000] "GET /-__factory__-/slim_/spiteful/kali.html?clip=van HTTP/1.1" 305 1758 "-" "python-requests/2.12.4"
1.2.3.4 - - [24/Nov/2015:10:15:31 +0000] "GET /-__factory__-/slim_/spiteful/kali.html HTTP/1.1" 201 1077 "-" "python-requests/2.12.4"
192.168.100.23 - - [24/Nov/2015:10:15:56 +0000] "GET /bomb/spiteful/slim_/kubuntu.html?tasty=recondite#ignorant HTTP/1.1" 402 545 "-" "python-requests/2.12.4"
8.8.8.8 - - [24/Nov/2015:10:16:13 +0000] "GET /glue/-__factory__-/bomb/kubuntu.html HTTP/1.1" 204 1117 "-" "python-requests/2.12.4"
192.168.100.23 - - [24/Nov/2015:10:16:38 +0000] "GET /hair/slim_/58b7fad8eb8057c167ab13f5/linux-mint.html HTTP/1.1" 401 709 "-" "python-requests/2.12.4"
8.8.8.8 - - [24/Nov/2015:10:17:05 +0000] "GET /son/slim_/58b7fa50eb8057c167aae942/uso-v7.html HTTP/1.1" 301 1625 "-" "python-requests/2.12.4"
10.10.10.10 - - [24/Nov/2015:10:17:22 +0000] "GET /bomb/spiteful/slim_/kubuntu.html?show=recondite HTTP/1.1" 202 598 "-" "python-requests/2.12.4"
10.10.10.10 - - [24/Nov/2015:10:17:25 +0000] "GET /son/slim_/58b7fa50eb8057c167aae942/uso-v7.html#minor HTTP/1.1" 202 826 "-" "python-requests/2.12.4"
192.168.100.23 - - [24/Nov/2015:10:17:41 +0000] "GET /hair/slim_/58b7fad8eb8057c167ab13f5/linux-mint.html HTTP/1.1" 404 1627 "-" "python-requests/2.12.4"
8.8.8.8 - - [24/Nov/2015:10:17:53 +0000] "GET /son/slim_/58b7fa50eb8057c167aae942/uso-v7.html?suggest=shaggy#minor HTTP/1.1" 403 1264 "-" "python-requests/2.12.4"
10.10.10.10 - - [24/Nov/2015:10:18:06 +0000] "GET /hair/slim_/58b7fad8eb8057c167ab13f5/linux-mint.html HTTP/1.1" 304 1507 "-" "python-requests/2.12.4"
8.8.8.8 - - [24/Nov/2015:10:18:25 +0000] "GET /son/slim_/58b7fa50eb8057c167aae942/uso-v7.html HTTP/1.1" 202 1153 "-" "python-requests/2.12.4"
10.10.10.10 - - [24/Nov/2015:10:18:43 +0000] "GET /son/slim_/58b7fa50eb8057c167aae942/uso-v7.html#ignorant HTTP/1.1" 205 1033 "-" "python-requests/2.12.4"
172.24.60.30 - - [24/Nov/2015:10:18:55 +0000] "GET /__voiceless__/58b7fad8eb8057c167ab1400/58b7fad8eb8057c167ab1400/ubuntu.html?quack=recondite HTTP/1.1" 403 1289 "-" "python-requests/2.12.4"
172.24.60.30 - - [24/Nov/2015:10:19:25 +0000] "GET /quiet/annoyed/cagey/rl-v5.html HTTP/1.1" 303 1215 "-" "python-requests/2.12.4"
172.24.60.30 - - [24/Nov/2015:10:19:26 +0000] "GET /hair/slim_/58b7fad8eb8057c167ab13f5/linux-mint.html HTTP/1.1" 504 1160 "-" "python-requests/2.12.4"
192.168.100.23 - - [24/Nov/2015:10:19:49 +0000] "GET /58b7fad8eb8057c167ab1400/first-committee-of-year/ball/rl-v5.html HTTP/1.1" 200 1748 "-" "python-requests/2.12.4"
10.10.10.10 - - [24/Nov/2015:10:19:54 +0000] "GET /quiet/annoyed/cagey/rl-v5.html?trip=undesirable HTTP/1.1" 205 1519 "-" "python-requests/2.12.4"
172.16.35.10 - - [24/Nov/2015:10:20:18 +0000] "GET /quiet/annoyed/cagey/rl-v5.html?permissible=bounce HTTP/1.1" 205 1283 "-" "python-requests/2.12.4"
172.16.35.10 - - [24/Nov/2015:10:20:43 +0000] "GET /annoyed/58b7fad8eb8057c167ab13fb/march/uso-v7.html HTTP/1.1" 203 1303 "-" "python-requests/2.12.4"
192.168.100.23 - - [24/Nov/2015:10:21:05 +0000] "GET /son/slim_/58b7fa50eb8057c167aae942/uso-v7.html?reason=mindless#modern HTTP/1.1" 301 612 "-" "python-requests/2.12.4"
172.24.60.30 - - [24/Nov/2015:10:21:35 +0000] "GET /__voiceless__/58b7fad8eb8057c167ab1400/58b7fad8eb8057c167ab1400/ubuntu.html HTTP/1.1" 301 1125 "-" "python-requests/2.12.4"
192.168.100.23 - - [24/Nov/2015:10:21:39 +0000] "GET /quiet/58b7fa50eb8057c167aae935/hair/fedora.html?reason=panicky HTTP/1.1" 203 1718 "-" "python-requests/2.12.4"
10.10.10.10 - - [24/Nov/2015:10:21:58 +0000] "GET /annoyed/58b7fad8eb8057c167ab13fb/march/uso-v7.html#minor HTTP/1.1" 205 760 "-" "python-requests/2.12.4"
10.10.10.10 - - [24/Nov/2015:10:22:02 +0000] "GET /bomb/spiteful/slim_/kubuntu.html HTTP/1.1" 203 837 "-" "python-requests/2.12.4"
1.2.3.4 - - [24/Nov/2015:10:22:13 +0000] "GET /58b7fad8eb8057c167ab1400/first-committee-of-year/ball/rl-v5.html HTTP/1.1" 204 1524 "-" "python-requests/2.12.4"
192.168.100.23 - - [24/Nov/2015:10:22:39 +0000] "GET /hair/slim_/58b7fad8eb8057c167ab13f5/linux-mint.html?volatile=mindless#colour HTTP/1.1" 500 1556 "-" "python-requests/2.12.4"
192.168.100.23 - - [24/Nov/2015:10:22:40 +0000] "GET /glue/-__factory__-/bomb/kubuntu.html HTTP/1.1" 205 531 "-" "python-requests/2.12.4"
192.168.100.23 - - [24/Nov/2015:10:22:54 +0000] "GET /quiet/58b7fa50eb8057c167aae935/hair/fedora.html HTTP/1.1" 204 1507 "-" "python-requests/2.12.4"
172.24.60.30 - - [24/Nov/2015:10:23:13 +0000] "GET /quiet/annoyed/cagey/rl-v5.html HTTP/1.1" 204 532 "-" "python-requests/2.12.4"
8.8.8.8 - - [24/Nov/2015:10:23:33 +0000] "GET /quiet/58b7fa50eb8057c167aae935/hair/fedora.html HTTP/1.1" 204 1474 "-" "python-requests/2.12.4"
1.2.3.4 - - [24/Nov/2015:10:23:39 +0000] "GET /quiet/annoyed/cagey/rl-v5.html HTTP/1.1" 203 1689 "-" "python-requests/2.12.4"
192.168.100.23 - - [24/Nov/2015:10:23:48 +0000] "GET /quiet/58b7fa50eb8057c167aae935/hair/fedora.html HTTP/1.1" 205 1575 "-" "python-requests/2.12.4"
172.24.60.30 - - [24/Nov/2015:10:23:48 +0000] "GET /quiet/annoyed/cagey/rl-v5.html#bashful HTTP/1.1" 501 822 "-" "python-requests/2.12.4"
172.16.35.10 - - [24/Nov/2015:10:24:07 +0000] "GET /58b7fad8eb8057c167ab1400/first-committee-of-year/ball/rl-v5.html?giraffe=teeny HTTP/1.1" 404 1496 "-" "python-requests/2.12.4"
172.24.60.30 - - [24/Nov/2015:10:24:18 +0000] "GET /58b7fad8eb8057c167ab1400/first-committee-of-year/ball/rl-v5.html?fine=mindless HTTP/1.1" 200 1866 "-" "python-requests/2.12.4"
172.16.35.10 - - [24/Nov/2015:10:24:41 +0000] "GET /__voiceless__/58b7fad8eb8057c167ab1400/58b7fad8eb8057c167ab1400/ubuntu.html HTTP/1.1" 201 1701 "-" "python-requests/2.12.4"
172.24.60.30 - - [24/Nov/2015:10:25:03 +0000] "GET /-__factory__-/slim_/spiteful/kali.html#wish HTTP/1.1" 205 1572 "-" "python-requests/2.12.4"
10.10.10.10 - - [24/Nov/2015:10:25:03 +0000] "GET /annoyed/58b7fad8eb8057c167ab13fb/march/uso-v7.html HTTP/1.1" 403 1456 "-" "python-requests/2.12.4"
172.24.60.30 - - [24/Nov/2015:10:25:29 +0000] "GET /58b7fad8eb8057c167ab1400/first-committee-of-year/ball/rl-v5.html?sudden=steer HTTP/1.1" 205 1003 "-" "python-requests/2.12.4"
1.2.3.4 - - [24/Nov/2015:10:25:36 +0000] "GET /annoyed/58b7fad8eb8057c167ab13fb/march/uso-v7.html HTTP/1.1" 305 779 "-" "python-requests/2.12.4"
8.8.8.8 - - [24/Nov/2015:10:26:02 +0000] "GET /son/slim_/58b7fa50eb8057c167aae942/uso-v7.html HTTP/1.1" 202 600 "-" "python-requests/2.12.4"
8.8.8.8 - - [24/Nov/2015:10:26:26 +0000] "GET /annoyed/58b7fad8eb8057c167ab13fb/march/uso-v7.html HTTP/1.1" 200 674 "-" "python-requests/2.12.4"
172.24.60.30 - - [24/Nov/2015:10:26:30 +0000] "GET /__voiceless__/58b7fad8eb8057c167ab1400/58b7fad8eb8057c167ab1400/ubuntu.html HTTP/1.1" 201 1025 "-" "python-requests/2.12.4"
172.24.60.30 - - [24/Nov/2015:10:26:58 +0000] "GET /glue/-__factory__-/bomb/kubuntu.html HTTP/1.1" 202 1986 "-" "python-requests/2.12.4"
192.168.100.23 - - [24/Nov/2015:10:27:03 +0000] "GET /quiet/58b7fa50eb8057c167aae935/hair/fedora.html HTTP/1.1" 202 1939 "-" "python-requests/2.12.4"
1.2.3.4 - - [24/Nov/2015:10:27:12 +0000] "GET /glue/-__factory__-/bomb/kubuntu.html#water HTTP/1.1" 200 890 "-" "python-requests/2.12.4"
172.24.60.30 - - [24/Nov/2015:10:27:41 +0000] "GET /quiet/annoyed/cagey/rl-v5.html?volatile=furniture HTTP/1.1" 201 1570 "-" "python-requests/2.12.4"
1.2.3.4 - - [24/Nov/2015:10:28:10 +0000] "GET /hair/slim_/58b7fad8eb8057c167ab13f5/linux-mint.html?drink=reduce HTTP/1.1" 300 1355 "-" "python-requests/2.12.4"
10.10.10.10 - - [24/Nov/2015:10:28:26 +0000] "GET /58b7fad8eb8057c167ab1400/first-committee-of-year/ball/rl-v5.html HTTP/1.1" 203 1200 "-" "python-requests/2.12.4"
8.8.8.8 - - [24/Nov/2015:10:28:47 +0000] "GET /58b7fad8eb8057c167ab1400/first-committee-of-year/ball/rl-v5.html#monkey HTTP/1.1" 404 747 "-" "python-requests/2.12.4"
192.168.100.23 - - [24/Nov/2015:10:29:05 +0000] "GET /-__factory__-/slim_/spiteful/kali.html HTTP/1.1" 504 932 "-" "python-requests/2.12.4"
172.16.35.10 - - [24/Nov/2015:10:29:34 +0000] "GET /quiet/annoyed/cagey/rl-v5.html HTTP/1.1" 203 1976 "-" "python-requests/2.12.4"
172.16.35.10 - - [24/Nov/2015:10:29:53 +0000] "GET /-__factory__-/slim_/spiteful/kali.html HTTP/1.1" 301 960 "-" "python-requests/2.12.4"
8.8.8.8 - - [24/Nov/2015:10:30:05 +0000] "GET /__voiceless__/58b7fad8eb8057c167ab1400/58b7fad8eb8057c167ab1400/ubuntu.html HTTP/1.1" 201 1583 "-" "python-requests/2.12.4"
10.10.10.10 - - [24/Nov/2015:10:30:15 +0000] "GET /__voiceless__/58b7fad8eb8057c167ab1400/58b7fad8eb8057c167ab1400/ubuntu.html HTTP/1.1" 303 1316 "-" "python-requests/2.12.4"
192.168.100.23 - - [24/Nov/2015:10:30:42 +0000] "GET /58b7fad8eb8057c167ab1400/first-committee-of-year/ball/rl-v5.html HTTP/1.1" 200 703 "-" "python-requests/2.12.4"
10.10.10.10 - - [24/Nov/2015:10:31:04 +0000] "GET /-__factory__-/slim_/spiteful/kali.html HTTP/1.1" 304 577 "-" "python-requests/2.12.4"
192.168.100.23 - - [24/Nov/2015:10:31:28 +0000] "GET /son/slim_/58b7fa50eb8057c167aae942/uso-v7.html HTTP/1.1" 201 621 "-" "python-requests/2.12.4"
8.8.8.8 - - [24/Nov/2015:10:31:44 +0000] "GET /son/slim_/58b7fa50eb8057c167aae942/uso-v7.html HTTP/1.1" 203 1563 "-" "python-requests/2.12.4"
172.24.60.30 - - [24/Nov/2015:10:32:11 +0000] "GET /son/slim_/58b7fa50eb8057c167aae942/uso-v7.html HTTP/1.1" 204 624 "-" "python-requests/2.12.4"
192.168.100.23 - - [24/Nov/2015:10:32:36 +0000] "GET /-__factory__-/slim_/spiteful/kali.html HTTP/1.1" 205 1719 "-" "python-requests/2.12.4"
1.2.3.4 - - [24/Nov/2015:10:33:04 +0000] "GET /quiet/58b7fa50eb8057c167aae935/hair/fedora.html HTTP/1.1" 403 539 "-" "python-requests/2.12.4"
10.10.10.10 - - [24/Nov/2015:10:33:14 +0000] "GET /annoyed/58b7fad8eb8057c167ab13fb/march/uso-v7.html HTTP/1.1" 200 1502 "-" "python-requests/2.12.4"
172.16.35.10 - - [24/Nov/2015:10:33:24 +0000] "GET /glue/-__factory__-/bomb/kubuntu.html HTTP/1.1" 205 1431 "-" "python-requests/2.12.4"
1.2.3.4 - - [24/Nov/2015:10:33:30 +0000] "GET /bomb/spiteful/slim_/kubuntu.html HTTP/1.1" 205 1140 "-" "python-requests/2.12.4"
172.16.35.10 - - [24/Nov/2015:10:33:42 +0000] "GET /58b7fad8eb8057c167ab1400/first-committee-of-year/ball/rl-v5.html HTTP/1.1" 505 1183 "-" "python-requests/2.12.4"
172.24.60.30 - - [24/Nov/2015:10:33:54 +0000] "GET /son/slim_/58b7fa50eb8057c167aae942/uso-v7.html?fine=steer#route HTTP/1.1" 505 606 "-" "python-requests/2.12.4"
172.16.35.10 - - [24/Nov/2015:10:33:56 +0000] "GET /58b7fad8eb8057c167ab1400/first-committee-of-year/ball/rl-v5.html HTTP/1.1" 504 1262 "-" "python-requests/2.12.4"
1.2.3.4 - - [24/Nov/2015:10:34:22 +0000] "GET /quiet/58b7fa50eb8057c167aae935/hair/fedora.html HTTP/1.1" 200 1531 "-" "python-requests/2.12.4"
10.10.10.10 - - [24/Nov/2015:10:34:39 +0000] "GET /__voiceless__/58b7fad8eb8057c167ab1400/58b7fad8eb8057c167ab1400/ubuntu.html?quack=husky#post HTTP/1.1" 203 1196 "-" "python-requests/2.12.4"
192.168.100.23 - - [24/Nov/2015:10:34:53 +0000] "GET /hair/slim_/58b7fad8eb8057c167ab13f5/linux-mint.html?suggest=reduce#monkey HTTP/1.1" 205 1123 "-" "python-requests/2.12.4"
10.10.10.10 - - [24/Nov/2015:10:35:13 +0000] "GET /quiet/annoyed/cagey/rl-v5.html HTTP/1.1" 300 1385 "-" "python-requests/2.12.4"
10.10.10.10 - - [24/Nov/2015:10:35:13 +0000] "GET /__voiceless__/58b7fad8eb8057c167ab1400/58b7fad8eb8057c167ab1400/ubuntu.html#ignorant HTTP/1.1" 205 594 "-" "python-requests/2.12.4"
8.8.8.8 - - [24/Nov/2015:10:35:42 +0000] "GET /58b7fad8eb8057c167ab1400/first-committee-of-year/ball/rl-v5.html HTTP/1.1" 205 1245 "-" "python-requests/2.12.4"
172.24.60.30 - - [24/Nov/2015:10:35:59 +0000] "GET /quiet/58b7fa50eb8057c167aae935/hair/fedora.html?trip=van#water HTTP/1.1" 204 551 "-" "python-requests/2.12.4"
1.2.3.4 - - [24/Nov/2015:10:36:12 +0000] "GET /quiet/58b7fa50eb8057c167aae935/hair/fedora.html HTTP/1.1" 202 1026 "-" "python-requests/2.12.4"
1.2.3.4 - - [24/Nov/2015:10:36:15 +0000] "GET /hair/slim_/58b7fad8eb8057c167ab13f5/linux-mint.html HTTP/1.1" 501 746 "-" "python-requests/2.12.4"
172.24.60.30 - - [24/Nov/2015:10:36:22 +0000] "GET /bomb/spiteful/slim_/kubuntu.html?clip=window#stroke HTTP/1.1" 302 1205 "-" "python-requests/2.12.4"
8.8.8.8 - - [24/Nov/2015:10:36:45 +0000] "GET /hair/slim_/58b7fad8eb8057c167ab13f5/linux-mint.html HTTP/1.1" 205 1208 "-" "python-requests/2.12.4"
172.16.35.10 - - [24/Nov/2015:10:37:14 +0000] "GET /-__factory__-/slim_/spiteful/kali.html#grateful HTTP/1.1" 501 603 "-" "python-requests/2.12.4"
10.10.10.10 - - [24/Nov/2015:10:37:32 +0000] "GET /quiet/annoyed/cagey/rl-v5.html HTTP/1.1" 503 925 "-" "python-requests/2.12.4"
172.24.60.30 - - [24/Nov/2015:10:37:49 +0000] "GET /__voiceless__/58b7fad8eb8057c167ab1400/58b7fad8eb8057c167ab1400/ubuntu.html#abaft HTTP/1.1" 205 1364 "-" "python-requests/2.12.4"
8.8.8.8 - - [24/Nov/2015:10:38:10 +0000] "GET /-__factory__-/slim_/spiteful/kali.html HTTP/1.1" 205 797 "-" "python-requests/2.12.4"
172.24.60.30 - - [24/Nov/2015:10:38:33 +0000] "GET /-__factory__-/slim_/spiteful/kali.html HTTP/1.1" 204 1478 "-" "python-requests/2.12.4"
10.10.10.10 - - [24/Nov/2015:10:38:58 +0000] "GET /__voiceless__/58b7fad8eb8057c167ab1400/58b7fad8eb8057c167ab1400/ubuntu.html HTTP/1.1" 205 1501 "-" "python-requests/2.12.4"
192.168.100.23 - - [24/Nov/2015:10:39:22 +0000] "GET /annoyed/58b7fad8eb8057c167ab13fb/march/uso-v7.html?volatile=fact HTTP/1.1" 205 1777 "-" "python-requests/2.12.4"
172.24.60.30 - - [24/Nov/2015:10:39:36 +0000] "GET /hair/slim_/58b7fad8eb8057c167ab13f5/linux-mint.html HTTP/1.1" 400 1841 "-" "python-requests/2.12.4"
172.16.35.10 - - [24/Nov/2015:10:39:57 +0000] "GET /58b7fad8eb8057c167ab1400/first-committee-of-year/ball/rl-v5.html HTTP/1.1" 203 1818 "-" "python-requests/2.12.4"
