1.2.3.4 - - [24/Nov/2015:13:28:31 +0000] "GET /bomb/spiteful/slim_/kubuntu.html HTTP/1.1" 205 1910 "-" "python-requests/2.12.4"
192.168.100.23 - - [24/Nov/2015:13:29:01 +0000] "GET /quiet/58b7fa50eb8057c167aae935/hair/fedora.html HTTP/1.1" 205 1787 "-" "python-requests/2.12.4"
8.8.8.8 - - [24/Nov/2015:13:29:28 +0000] "GET /bomb/spiteful/slim_/kubuntu.html?suggest=truthful HTTP/1.1" 203 1086 "-" "python-requests/2.12.4"
172.16.35.10 - - [24/Nov/2015:13:29:54 +0000] "GET /annoyed/58b7fad8eb8057c167ab13fb/march/uso-v7.html HTTP/1.1" 300 1396 "-" "python-requests/2.12.4"
192.168.100.23 - - [24/Nov/2015:13:30:24 +0000] "GET /son/slim_/58b7fa50eb8057c167aae942/uso-v7.html HTTP/1.1" 303 1254 "-" "python-requests/2.12.4"
10.10.10.10 - - [24/Nov/2015:13:30:39 +0000] "GET /annoyed/58b7fad8eb8057c167ab13fb/march/uso-v7.html?clip=reduce HTTP/1.1" 304 500 "-" "python-requests/2.12.4"
8.8.8.8 - - [24/Nov/2015:13:30:54 +0000] "GET /hair/slim_/58b7fad8eb8057c167ab13f5/linux-mint.html HTTP/1.1" 303 605 "-" "python-requests/2.12.4"
10.10.10.10 - - [24/Nov/2015:13:31:17 +0000] "GET /58b7fad8eb8057c167ab1400/first-committee-of-year/ball/rl-v5.html HTTP/1.1" 500 1234 "-" "python-requests/2.12.4"
192.168.100.23 - - [24/Nov/2015:13:31:40 +0000] "GET /58b7fad8eb8057c167ab1400/first-committee-of-year/ball/rl-v5.html HTTP/1.1" 200 1306 "-" "python-requests/2.12.4"
10.10.10.10 - - [24/Nov/2015:13:31:54 +0000] "GET /son/slim_/58b7fa50eb8057c167aae942/uso-v7.html?permissible=shaggy HTTP/1.1" 200 1240 "-" "python-requests/2.12.4"
10.10.10.10 - - [24/Nov/2015:13:32:05 +0000] "GET /quiet/annoyed/cagey/rl-v5.html#colour HTTP/1.1" 501 1939 "-" "python-requests/2.12.4"
8.8.8.8 - - [24/Nov/2015:13:32:26 +0000] "GET /bomb/spiteful/slim_/kubuntu.html HTTP/1.1" 203 749 "-" "python-requests/2.12.4"
192.168.100.23 - - [24/Nov/2015:13:32:46 +0000] "GET /glue/-__factory__-/bomb/kubuntu.html?friendly=steer HTTP/1.1" 203 1459 "-" "python-requests/2.12.4"
192.168.100.23 - - [24/Nov/2015:13:33:01 +0000] "GET /quiet/annoyed/cagey/rl-v5.html HTTP/1.1" 401 654 "-" "python-requests/2.12.4"
8.8.8.8 - - [24/Nov/2015:13:33:30 +0000] "GET /__voiceless__/58b7fad8eb8057c167ab1400/58b7fad8eb8057c167ab1400/ubuntu.html#colour HTTP/1.1" 200 694 "-" "python-requests/2.12.4"
172.24.60.30 - - [24/Nov/2015:13:33:49 +0000] "GET /-__factory__-/slim_/spiteful/kali.html HTTP/1.1" 301 937 "-" "python-requests/2.12.4"
172.16.35.10 - - [24/Nov/2015:13:34:05 +0000] "GET /glue/-__factory__-/bomb/kubuntu.html HTTP/1.1" 200 1048 "-" "python-requests/2.12.4"
10.10.10.10 - - [24/Nov/2015:13:34:14 +0000] "GET /58b7fad8eb8057c167ab1400/first-committee-of-year/ball/rl-v5.html HTTP/1.1" 301 1700 "-" "python-requests/2.12.4"
172.24.60.30 - - [24/Nov/2015:13:34:28 +0000] "GET /bomb/spiteful/slim_/kubuntu.html HTTP/1.1" 502 561 "-" "python-requests/2.12.4"
172.16.35.10 - - [24/Nov/2015:13:34:57 +0000] "GET /son/slim_/58b7fa50eb8057c167aae942/uso-v7.html?sudden=shaggy HTTP/1.1" 203 1260 "-" "python-requests/2.12.4"
8.8.8.8 - - [24/Nov/2015:13:35:12 +0000] "GET /quiet/58b7fa50eb8057c167aae935/hair/fedora.html HTTP/1.1" 204 1135 "-" "python-requests/2.12.4"
1.2.3.4 - - [24/Nov/2015:13:35:40 +0000] "GET /son/slim_/58b7fa50eb8057c167aae942/uso-v7.html HTTP/1.1" 504 845 "-" "python-requests/2.12.4"
10.10.10.10 - - [24/Nov/2015:13:35:59 +0000] "GET /hair/slim_/58b7fad8eb8057c167ab13f5/linux-mint.html HTTP/1.1" 205 1262 "-" "python-requests/2.12.4"
10.10.10.10 - - [24/Nov/2015:13:36:12 +0000] "GET /hair/slim_/58b7fad8eb8057c167ab13f5/linux-mint.html?trip=milk#post HTTP/1.1" 205 1651 "-" "python-requests/2.12.4"
1.2.3.4 - - [24/Nov/2015:13:36:27 +0000] "GET /__voiceless__/58b7fad8eb8057c167ab1400/58b7fad8eb8057c167ab1400/ubuntu.html HTTP/1.1" 204 1848 "-" "python-requests/2.12.4"
172.16.35.10 - - [24/Nov/2015:13:36:40 +0000] "GET /annoyed/58b7fad8eb8057c167ab13fb/march/uso-v7.html HTTP/1.1" 205 1581 "-" "python-requests/2.12.4"
192.168.100.23 - - [24/Nov/2015:13:36:45 +0000] "GET /son/slim_/58b7fa50eb8057c167aae942/uso-v7.html HTTP/1.1" 504 913 "-" "python-requests/2.12.4"
192.168.100.23 - - [24/Nov/2015:13:37:10 +0000] "GET /hair/slim_/58b7fad8eb8057c167ab13f5/linux-mint.html HTTP/1.1" 502 1388 "-" "python-requests/2.12.4"
10.10.10.10 - - [24/Nov/2015:13:37:15 +0000] "GET /-__factory__-/slim_/spiteful/kali.html#modern HTTP/1.1" 203 716 "-" "python-requests/2.12.4"
192.168.100.23 - - [24/Nov/2015:13:37:24 +0000] "GET /glue/-__factory__-/bomb/kubuntu.html HTTP/1.1" 202 630 "-" "python-requests/2.12.4"
1.2.3.4 - - [24/Nov/2015:13:37:47 +0000] "GET /__voiceless__/58b7fad8eb8057c167ab1400/58b7fad8eb8057c167ab1400/ubuntu.html?giraffe=milk#anxious HTTP/1.1" 302 1992 "-" "python-requests/2.12.4"
10.10.10.10 - - [24/Nov/2015:13:37:48 +0000] "GET /58b7fad8eb8057c167ab1400/first-committee-of-year/ball/rl-v5.html HTTP/1.1" 202 1264 "-" "python-requests/2.12.4"
172.24.60.30 - - [24/Nov/2015:13:38:06 +0000] "GET /annoyed/58b7fad8eb8057c167ab13fb/march/uso-v7.html?fluffy=panicky HTTP/1.1" 201 942 "-" "python-requests/2.12.4"
8.8.8.8 - - [24/Nov/2015:13:38:08 +0000] "GET /58b7fad8eb8057c167ab1400/first-committee-of-year/ball/rl-v5.html HTTP/1.1" 200 1059 "-" "python-requests/2.12.4"
1.2.3.4 - - [24/Nov/2015:13:38:36 +0000] "GET /hair/slim_/58b7fad8eb8057c167ab13f5/linux-mint.html HTTP/1.1" 204 817 "-" "python-requests/2.12.4"
192.168.100.23 - - [24/Nov/2015:13:38:40 +0000] "GET /-__factory__-/slim_/spiteful/kali.html?friendly=husky HTTP/1.1" 202 777 "-" "python-requests/2.12.4"
1.2.3.4 - - [24/Nov/2015:13:39:08 +0000] "GET /hair/slim_/58b7fad8eb8057c167ab13f5/linux-mint.html#wish HTTP/1.1" 203 1433 "-" "python-requests/2.12.4"
10.10.10.10 - - [24/Nov/2015:13:39:35 +0000] "GET /glue/-__factory__-/bomb/kubuntu.html HTTP/1.1" 203 581 "-" "python-requests/2.12.4"
172.24.60.30 - - [24/Nov/2015:13:40:00 +0000] "GET /58b7fad8eb8057c167ab1400/first-committee-of-year/ball/rl-v5.html?suggest=shaggy HTTP/1.1" 202 969 "-" "python-requests/2.12.4"
10.10.10.10 - - [24/Nov/2015:13:40:27 +0000] "GET /58b7fad8eb8057c167ab1400/first-committee-of-year/ball/rl-v5.html HTTP/1.1" 201 1649 "-" "python-requests/2.12.4"
8.8.8.8 - - [24/Nov/2015:13:40:57 +0000] "GET /bomb/spiteful/slim_/kubuntu.html HTTP/1.1" 200 543 "-" "python-requests/2.12.4"
10.10.10.10 - - [24/Nov/2015:13:41:18 +0000] "GET /annoyed/58b7fad8eb8057c167ab13fb/march/uso-v7.html HTTP/1.1" 305 1072 "-" "python-requests/2.12.4"
8.8.8.8 - - [24/Nov/2015:13:41:41 +0000] "GET /bomb/spiteful/slim_/kubuntu.html HTTP/1.1" 202 1789 "-" "python-requests/2.12.4"
10.10.10.10 - - [24/Nov/2015:13:41:59 +0000] "GET /bomb/spiteful/slim_/kubuntu.html HTTP/1.1" 205 1873 "-" "python-requests/2.12.4"
172.16.35.10 - - [24/Nov/2015:13:42:06 +0000] "GET /glue/-__factory__-/bomb/kubuntu.html HTTP/1.1" 300 1057 "-" "python-requests/2.12.4"
10.10.10.10 - - [24/Nov/2015:13:42:36 +0000] "GET /bomb/spiteful/slim_/kubuntu.html HTTP/1.1" 201 642 "-" "python-requests/2.12.4"
1.2.3.4 - - [24/Nov/2015:13:43:05 +0000] "GET /glue/-__factory__-/bomb/kubuntu.html HTTP/1.1" 505 674 "-" "python-requests/2.12.4"
172.24.60.30 - - [24/Nov/2015:13:43:12 +0000] "GET /58b7fad8eb8057c167ab1400/first-committee-of-year/ball/rl-v5.html HTTP/1.1" 205 647 "-" "python-requests/2.12.4"
10.10.10.10 - - [24/Nov/2015:13:43:19 +0000] "GET /annoyed/58b7fad8eb8057c167ab13fb/march/uso-v7.html#bashful HTTP/1.1" 202 674 "-" "python-requests/2.12.4"
172.24.60.30 - - [24/Nov/2015:13:43:26 +0000] "GET /-__factory__-/slim_/spiteful/kali.html HTTP/1.1" 301 1403 "-" "python-requests/2.12.4"
192.168.100.23 - - [24/Nov/2015:13:43:50 +0000] "GET /bomb/spiteful/slim_/kubuntu.html?giraffe=window HTTP/1.1" 201 1774 "-" "python-requests/2.12.4"
172.16.35.10 - - [24/Nov/2015:13:44:06 +0000] "GET /glue/-__factory__-/bomb/kubuntu.html?burst=alert HTTP/1.1" 502 1197 "-" "python-requests/2.12.4"
192.168.100.23 - - [24/Nov/2015:13:44:08 +0000] "GET /quiet/annoyed/cagey/rl-v5.html HTTP/1.1" 502 1016 "-" "python-requests/2.12.4"
8.8.8.8 - - [24/Nov/2015:13:44:12 +0000] "GET /__voiceless__/58b7fad8eb8057c167ab1400/58b7fad8eb8057c167ab1400/ubuntu.html HTTP/1.1" 502 1782 "-" "python-requests/2.12.4"
172.24.60.30 - - [24/Nov/2015:13:44:42 +0000] "GET /quiet/58b7fa50eb8057c167aae935/hair/fedora.html HTTP/1.1" 204 1974 "-" "python-requests/2.12.4"
8.8.8.8 - - [24/Nov/2015:13:45:02 +0000] "GET /-__factory__-/slim_/spiteful/kali.html HTTP/1.1" 200 1192 "-" "python-requests/2.12.4"
172.24.60.30 - - [24/Nov/2015:13:45:07 +0000] "GET /quiet/58b7fa50eb8057c167aae935/hair/fedora.html#bashful HTTP/1.1" 202 1733 "-" "python-requests/2.12.4"
172.16.35.10 - - [24/Nov/2015:13:45:07 +0000] "GET /annoyed/58b7fad8eb8057c167ab13fb/march/uso-v7.html HTTP/1.1" 203 1509 "-" "python-requests/2.12.4"
8.8.8.8 - - [24/Nov/2015:13:45:07 +0000] "GET /-__factory__-/slim_/spiteful/kali.html HTTP/1.1" 202 879 "-" "python-requests/2.12.4"
172.24.60.30 - - [24/Nov/2015:13:45:26 +0000] "GET /quiet/58b7fa50eb8057c167aae935/hair/fedora.html?drink=shaggy HTTP/1.1" 502 1093 "-" "python-requests/2.12.4"
8.8.8.8 - - [24/Nov/2015:13:45:39 +0000] "GET /-__factory__-/slim_/spiteful/kali.html HTTP/1.1" 201 1051 "-" "python-requests/2.12.4"
10.10.10.10 - - [24/Nov/2015:13:45:55 +0000] "GET /quiet/58b7fa50eb8057c167aae935/hair/fedora.html HTTP/1.1" 303 542 "-" "python-requests/2.12.4"
172.16.35.10 - - [24/Nov/2015:13:46:19 +0000] "GET /quiet/annoyed/cagey/rl-v5.html HTTP/1.1" 304 1566 "-" "python-requests/2.12.4"
172.16.35.10 - - [24/Nov/2015:13:46:32 +0000] "GET /bomb/spiteful/slim_/kubuntu.html HTTP/1.1" 400 1072 "-" "python-requests/2.12.4"
1.2.3.4 - - [24/Nov/2015:13:46:45 +0000] "GET /quiet/58b7fa50eb8057c167aae935/hair/fedora.html HTTP/1.1" 201 1664 "-" "python-requests/2.12.4"
8.8.8.8 - - [24/Nov/2015:13:47:01 +0000] "GET /quiet/58b7fa50eb8057c167aae935/hair/fedora.html HTTP/1.1" 500 690 "-" "python-requests/2.12.4"
172.24.60.30 - - [24/Nov/2015:13:47:17 +0000] "GET /bomb/spiteful/slim_/kubuntu.html HTTP/1.1" 500 663 "-" "python-requests/2.12.4"
10.10.10.10 - - [24/Nov/2015:13:47:37 +0000] "GET /58b7fad8eb8057c167ab1400/first-committee-of-year/ball/rl-v5.html#ignorant HTTP/1.1" 202 1918 "-" "python-requests/2.12.4"
1.2.3.4 - - [24/Nov/2015:13:47:45 +0000] "GET /bomb/spiteful/slim_/kubuntu.html HTTP/1.1" 201 1374 "-" "python-requests/2.12.4"
8.8.8.8 - - [24/Nov/2015:13:48:01 +0000] "GET /son/slim_/58b7fa50eb8057c167aae942/uso-v7.html HTTP/1.1" 205 685 "-" "python-requests/2.12.4"
8.8.8.8 - - [24/Nov/2015:13:48:17 +0000] "GET /son/slim_/58b7fa50eb8057c167aae942/uso-v7.html HTTP/1.1" 504 649 "-" "python-requests/2.12.4"
10.10.10.10 - - [24/Nov/2015:13:48:27 +0000] "GET /58b7fad8eb8057c167ab1400/first-committee-of-year/ball/rl-v5.html?giraffe=reduce HTTP/1.1" 202 1915 "-" "python-requests/2.12.4"
192.168.100.23 - - [24/Nov/2015:13:48:48 +0000] "GET /bomb/spiteful/slim_/kubuntu.html#wish HTTP/1.1" 203 1412 "-" "python-requests/2.12.4"
10.10.10.10 - - [24/Nov/2015:13:48:51 +0000] "GET /bomb/spiteful/slim_/kubuntu.html#monkey HTTP/1.1" 201 941 "-" "python-requests/2.12.4"
172.24.60.30 - - [24/Nov/2015:13:48:59 +0000] "GET /son/slim_/58b7fa50eb8057c167aae942/uso-v7.html HTTP/1.1" 405 680 "-" "python-requests/2.12.4"
1.2.3.4 - - [24/Nov/2015:13:49:09 +0000] "GET /quiet/58b7fa50eb8057c167aae935/hair/fedora.html HTTP/1.1" 203 785 "-" "python-requests/2.12.4"
1.2.3.4 - - [24/Nov/2015:13:49:28 +0000] "GET /quiet/annoyed/cagey/rl-v5.html#stroke HTTP/1.1" 201 1800 "-" "python-requests/2.12.4"
172.24.60.30 - - [24/Nov/2015:13:49:36 +0000] "GET /annoyed/58b7fad8eb8057c167ab13fb/march/uso-v7.html HTTP/1.1" 505 652 "-" "python-requests/2.12.4"
192.168.100.23 - - [24/Nov/2015:13:50:05 +0000] "GET /__voiceless__/58b7fad8eb8057c167ab1400/58b7fad8eb8057c167ab1400/ubuntu.html#close HTTP/1.1" 500 1847 "-" "python-requests/2.12.4"
172.16.35.10 - - [24/Nov/2015:13:50:19 +0000] "GET /son/slim_/58b7fa50eb8057c167aae942/uso-v7.html?volatile=husky#colour HTTP/1.1" 403 844 "-" "python-requests/2.12.4"
172.24.60.30 - - [24/Nov/2015:13:50:40 +0000] "GET /quiet/58b7fa50eb8057c167aae935/hair/fedora.html?quack=recondite#awesome HTTP/1.1" 202 1852 "-" "python-requests/2.12.4"
10.10.10.10 - - [24/Nov/2015:13:51:06 +0000] "GET /58b7fad8eb8057c167ab1400/first-committee-of-year/ball/rl-v5.html#immense HTTP/1.1" 305 916 "-" "python-requests/2.12.4"
1.2.3.4 - - [24/Nov/2015:13:51:26 +0000] "GET /58b7fad8eb8057c167ab1400/first-committee-of-year/ball/rl-v5.html HTTP/1.1" 202 530 "-" "python-requests/2.12.4"
1.2.3.4 - - [24/Nov/2015:13:51:33 +0000] "GET /58b7fad8eb8057c167ab1400/first-committee-of-year/ball/rl-v5.html?trip=panicky HTTP/1.1" 300 1099 "-" "python-requests/2.12.4"
10.10.10.10 - - [24/Nov/2015:13:51:34 +0000] "GET /58b7fad8eb8057c167ab1400/first-committee-of-year/ball/rl-v5.html HTTP/1.1" 202 1886 "-" "python-requests/2.12.4"
1.2.3.4 - - [24/Nov/2015:13:51:34 +0000] "GET /-__factory__-/slim_/spiteful/kali.html#bashful HTTP/1.1" 504 1938 "-" "python-requests/2.12.4"
10.10.10.10 - - [24/Nov/2015:13:52:01 +0000] "GET /hair/slim_/58b7fad8eb8057c167ab13f5/linux-mint.html?trip=alert HTTP/1.1" 202 1463 "-" "python-requests/2.12.4"
192.168.100.23 - - [24/Nov/2015:13:52:12 +0000] "GET /quiet/58b7fa50eb8057c167aae935/hair/fedora.html HTTP/1.1" 301 1810 "-" "python-requests/2.12.4"
1.2.3.4 - - [24/Nov/2015:13:52:28 +0000] "GET /bomb/spiteful/slim_/kubuntu.html?sudden=window HTTP/1.1" 204 967 "-" "python-requests/2.12.4"
172.24.60.30 - - [24/Nov/2015:13:52:30 +0000] "GET /58b7fad8eb8057c167ab1400/first-committee-of-year/ball/rl-v5.html?drink=fact HTTP/1.1" 205 888 "-" "python-requests/2.12.4"
172.16.35.10 - - [24/Nov/2015:13:52:42 +0000] "GET /son/slim_/58b7fa50eb8057c167aae942/uso-v7.html HTTP/1.1" 300 1187 "-" "python-requests/2.12.4"
172.16.35.10 - - [24/Nov/2015:13:53:04 +0000] "GET /__voiceless__/58b7fad8eb8057c167ab1400/58b7fad8eb8057c167ab1400/ubuntu.html?suggest=undesirable HTTP/1.1" 202 945 "-" "python-requests/2.12.4"
1.2.3.4 - - [24/Nov/2015:13:53:34 +0000] "GET /__voiceless__/58b7fad8eb8057c167ab1400/58b7fad8eb8057c167ab1400/ubuntu.html HTTP/1.1" 200 1776 "-" "python-requests/2.12.4"
10.10.10.10 - - [24/Nov/2015:13:53:55 +0000] "GET /__voiceless__/58b7fad8eb8057c167ab1400/58b7fad8eb8057c167ab1400/ubuntu.html HTTP/1.1" 204 1319 "-" "python-requests/2.12.4"
172.24.60.30 - - [24/Nov/2015:13:54:12 +0000] "GET /son/slim_/58b7fa50eb8057c167aae942/uso-v7.html HTTP/1.1" 204 808 "-" "python-requests/2.12.4"
10.10.10.10 - - [24/Nov/2015:13:54:18 +0000] "GET /-__factory__-/slim_/spiteful/kali.html HTTP/1.1" 204 726 "-" "python-requests/2.12.4"
172.24.60.30 - - [24/Nov/2015:13:54:26 +0000] "GET /son/slim_/58b7fa50eb8057c167aae942/uso-v7.html HTTP/1.1" 201 1822 "-" "python-requests/2.12.4"
8.8.8.8 - - [24/Nov/2015:13:54:28 +0000] "GET /annoyed/58b7fad8eb8057c167ab13fb/march/uso-v7.html HTTP/1.1" 501 1339 "-" "python-requests/2.12.4"
8.8.8.8 - - [24/Nov/2015:13:54:43 +0000] "GET /son/slim_/58b7fa50eb8057c167aae942/uso-v7.html HTTP/1.1" 305 1876 "-" "python-requests/2.12.4"
172.24.60.30 - - [24/Nov/2015:13:55:03 +0000] "GET /son/slim_/58b7fa50eb8057c167aae942/uso-v7.html HTTP/1.1" 404 573 "-" "python-requests/2.12.4"
172.24.60.30 - - [24/Nov/2015:13:55:04 +0000] "GET /annoyed/58b7fad8eb8057c167ab13fb/march/uso-v7.html HTTP/1.1" 203 1177 "-" "python-requests/2.12.4"
8.8.8.8 - - [24/Nov/2015:13:55:05 +0000] "GET /hair/slim_/58b7fad8eb8057c167ab13f5/linux-mint.html?locket=steer HTTP/1.1" 202 1724 "-" "python-requests/2.12.4"
192.168.100.23 - - [24/Nov/2015:13:55:31 +0000] "GET /-__factory__-/slim_/spiteful/kali.html#close HTTP/1.1" 204 1924 "-" "python-requests/2.12.4"
172.24.60.30 - - [24/Nov/2015:13:55:43 +0000] "GET /quiet/annoyed/cagey/rl-v5.html HTTP/1.1" 201 1609 "-" "python-requests/2.12.4"
172.16.35.10 - - [24/Nov/2015:13:55:55 +0000] "GET /annoyed/58b7fad8eb8057c167ab13fb/march/uso-v7.html?burst=divide HTTP/1.1" 202 1924 "-" "python-requests/2.12.4"
172.24.60.30 - - [24/Nov/2015:13:56:10 +0000] "GET /bomb/spiteful/slim_/kubuntu.html HTTP/1.1" 503 1107 "-" "python-requests/2.12.4"
192.168.100.23 - - [24/Nov/2015:13:56:34 +0000] "GET /-__factory__-/slim_/spiteful/kali.html HTTP/1.1" 305 789 "-" "python-requests/2.12.4"
192.168.100.23 - - [24/Nov/2015:13:56:50 +0000] "GET /bomb/spiteful/slim_/kubuntu.html HTTP/1.1" 201 1022 "-" "python-requests/2.12.4"
10.10.10.10 - - [24/Nov/2015:13:57:04 +0000] "GET /son/slim_/58b7fa50eb8057c167aae942/uso-v7.html HTTP/1.1" 501 1638 "-" "python-requests/2.12.4"
172.24.60.30 - - [24/Nov/2015:13:57:22 +0000] "GET /bomb/spiteful/slim_/kubuntu.html HTTP/1.1" 403 1462 "-" "python-requests/2.12.4"
1.2.3.4 - - [24/Nov/2015:13:57:28 +0000] "GET /bomb/spiteful/slim_/kubuntu.html HTTP/1.1" 200 975 "-" "python-requests/2.12.4"
192.168.100.23 - - [24/Nov/2015:13:57:37 +0000] "GET /58b7fad8eb8057c167ab1400/first-committee-of-year/ball/rl-v5.html#minor HTTP/1.1" 204 1524 "-" "python-requests/2.12.4"
172.24.60.30 - - [24/Nov/2015:13:58:03 +0000] "GET /__voiceless__/58b7fad8eb8057c167ab1400/58b7fad8eb8057c167ab1400/ubuntu.html#minor HTTP/1.1" 203 1301 "-" "python-requests/2.12.4"
8.8.8.8 - - [24/Nov/2015:13:58:26 +0000] "GET /quiet/annoyed/cagey/rl-v5.html?giraffe=divide#modern HTTP/1.1" 504 1623 "-" "python-requests/2.12.4"
10.10.10.10 - - [24/Nov/2015:13:58:49 +0000] "GET /son/slim_/58b7fa50eb8057c167aae942/uso-v7.html HTTP/1.1" 204 1223 "-" "python-requests/2.12.4"
10.10.10.10 - - [24/Nov/2015:13:58:51 +0000] "GET /annoyed/58b7fad8eb8057c167ab13fb/march/uso-v7.html#minor HTTP/1.1" 302 1233 "-" "python-requests/2.12.4"
1.2.3.4 - - [24/Nov/2015:13:58:52 +0000] "GET /-__factory__-/slim_/spiteful/kali.html HTTP/1.1" 202 553 "-" "python-requests/2.12.4"
192.168.100.23 - - [24/Nov/2015:13:58:55 +0000] "GET /quiet/annoyed/cagey/rl-v5.html?trip=truthful HTTP/1.1" 202 1739 "-" "python-requests/2.12.4"
192.168.100.23 - - [24/Nov/2015:13:59:19 +0000] "GET /__voiceless__/58b7fad8eb8057c167ab1400/58b7fad8eb8057c167ab1400/ubuntu.html?fluffy=steer HTTP/1.1" 201 1570 "-" "python-requests/2.12.4"
8.8.8.8 - - [24/Nov/2015:13:59:36 +0000] "GET /annoyed/58b7fad8eb8057c167ab13fb/march/uso-v7.html HTTP/1.1" 404 1468 "-" "python-requests/2.12.4"
10.10.10.10 - - [24/Nov/2015:13:59:48 +0000] "GET /hair/slim_/58b7fad8eb8057c167ab13f5/linux-mint.html#colour HTTP/1.1" 504 718 "-" "python-requests/2.12.4"
192.168.100.23 - - [24/Nov/2015:14:00:00 +0000] "GET /quiet/58b7fa50eb8057c167aae935/hair/fedora.html HTTP/1.1" 201 1371 "-" "python-requests/2.12.4"
172.24.60.30 - - [24/Nov/2015:14:00:23 +0000] "GET /son/slim_/58b7fa50eb8057c167aae942/uso-v7.html HTTP/1.1" 203 1211 "-" "python-requests/2.12.4"
8.8.8.8 - - [24/Nov/2015:14:00:31 +0000] "GET /son/slim_/58b7fa50eb8057c167aae942/uso-v7.html?giraffe=milk HTTP/1.1" 502 1321 "-" "python-requests/2.12.4"
8.8.8.8 - - [24/Nov/2015:14:00:34 +0000] "GET /quiet/58b7fa50eb8057c167aae935/hair/fedora.html?permissible=steer HTTP/1.1" 204 1414 "-" "python-requests/2.12.4"
192.168.100.23 - - [24/Nov/2015:14:00:38 +0000] "GET /quiet/annoyed/cagey/rl-v5.html?trip=mind HTTP/1.1" 200 1356 "-" "python-requests/2.12.4"
192.168.100.23 - - [24/Nov/2015:14:00:47 +0000] "GET /bomb/spiteful/slim_/kubuntu.html HTTP/1.1" 204 1104 "-" "python-requests/2.12.4"
8.8.8.8 - - [24/Nov/2015:14:01:05 +0000] "GET /quiet/annoyed/cagey/rl-v5.html?sudden=husky HTTP/1.1" 205 1885 "-" "python-requests/2.12.4"
8.8.8.8 - - [24/Nov/2015:14:01:28 +0000] "GET /58b7fad8eb8057c167ab1400/first-committee-of-year/ball/rl-v5.html HTTP/1.1" 305 1094 "-" "python-requests/2.12.4"
8.8.8.8 - - [24/Nov/2015:14:01:31 +0000] "GET /quiet/58b7fa50eb8057c167aae935/hair/fedora.html HTTP/1.1" 304 880 "-" "python-requests/2.12.4"
172.16.35.10 - - [24/Nov/2015:14:01:57 +0000] "GET /__voiceless__/58b7fad8eb8057c167ab1400/58b7fad8eb8057c167ab1400/ubuntu.html HTTP/1.1" 203 1407 "-" "python-requests/2.12.4"
10.10.10.10 - - [24/Nov/2015:14:02:20 +0000] "GET /quiet/58b7fa50eb8057c167aae935/hair/fedora.html#bashful HTTP/1.1" 303 1890 "-" "python-requests/2.12.4"
10.10.10.10 - - [24/Nov/2015:14:02:21 +0000] "GET /58b7fad8eb8057c167ab1400/first-committee-of-year/ball/rl-v5.html HTTP/1.1" 203 592 "-" "python-requests/2.12.4"
172.24.60.30 - - [24/Nov/2015:14:02:27 +0000] "GET /son/slim_/58b7fa50eb8057c167aae942/uso-v7.html?fine=husky#monkey HTTP/1.1" 303 637 "-" "python-requests/2.12.4"
172.16.35.10 - - [24/Nov/2015:14:02:38 +0000] "GET /quiet/annoyed/cagey/rl-v5.html?drink=mindless HTTP/1.1" 204 960 "-" "python-requests/2.12.4"
10.10.10.10 - - [24/Nov/2015:14:02:38 +0000] "GET /bomb/spiteful/slim_/kubuntu.html HTTP/1.1" 205 1164 "-" "python-requests/2.12.4"
8.8.8.8 - - [24/Nov/2015:14:02:51 +0000] "GET /glue/-__factory__-/bomb/kubuntu.html HTTP/1.1" 505 1949 "-" "python-requests/2.12.4"
172.16.35.10 - - [24/Nov/2015:14:03:15 +0000] "GET /glue/-__factory__-/bomb/kubuntu.html HTTP/1.1" 200 1185 "-" "python-requests/2.12.4"
172.24.60.30 - - [24/Nov/2015:14:03:23 +0000] "GET /quiet/annoyed/cagey/rl-v5.html HTTP/1.1" 205 537 "-" "python-requests/2.12.4"
192.168.100.23 - - [24/Nov/2015:14:03:36 +0000] "GET /son/slim_/58b7fa50eb8057c167aae942/uso-v7.html?trip=undesirable HTTP/1.1" 305 1485 "-" "python-requests/2.12.4"
172.24.60.30 - - [24/Nov/2015:14:03:48 +0000] "GET /hair/slim_/58b7fad8eb8057c167ab13f5/linux-mint.html?friendly=van#monkey HTTP/1.1" 204 1949 "-" "python-requests/2.12.4"
172.16.35.10 - - [24/Nov/2015:14:03:52 +0000] "GET /hair/slim_/58b7fad8eb8057c167ab13f5/linux-mint.html HTTP/1.1" 400 1698 "-" "python-requests/2.12.4"
1.2.3.4 - - [24/Nov/2015:14:03:58 +0000] "GET /son/slim_/58b7fa50eb8057c167aae942/uso-v7.html HTTP/1.1" 504 1845 "-" "python-requests/2.12.4"
172.24.60.30 - - [24/Nov/2015:14:03:58 +0000] "GET /quiet/58b7fa50eb8057c167aae935/hair/fedora.html HTTP/1.1" 405 705 "-" "python-requests/2.12.4"
10.10.10.10 - - [24/Nov/2015:14:04:07 +0000] "GET /annoyed/58b7fad8eb8057c167ab13fb/march/uso-v7.html#water HTTP/1.1" 205 1308 "-" "python-requests/2.12.4"
8.8.8.8 - - [24/Nov/2015:14:04:28 +0000] "GET /glue/-__factory__-/bomb/kubuntu.html HTTP/1.1" 502 849 "-" "python-requests/2.12.4"
8.8.8.8 - - [24/Nov/2015:14:04:47 +0000] "GET /__voiceless__/58b7fad8eb8057c167ab1400/58b7fad8eb8057c167ab1400/ubuntu.html HTTP/1.1" 302 656 "-" "python-requests/2.12.4"
172.24.60.30 - - [24/Nov/2015:14:05:03 +0000] "GET /glue/-__factory__-/bomb/kubuntu.html HTTP/1.1" 402 1777 "-" "python-requests/2.12.4"
192.168.100.23 - - [24/Nov/2015:14:05:27 +0000] "GET /quiet/58b7fa50eb8057c167aae935/hair/fedora.html HTTP/1.1" 300 1453 "-" "python-requests/2.12.4"
1.2.3.4 - - [24/Nov/2015:14:05:56 +0000] "GET /-__factory__-/slim_/spiteful/kali.html#colour HTTP/1.1" 205 1676 "-" "python-requests/2.12.4"
10.10.10.10 - - [24/Nov/2015:14:06:19 +0000] "GET /__voiceless__/58b7fad8eb8057c167ab1400/58b7fad8eb8057c167ab1400/ubuntu.html HTTP/1.1" 202 1129 "-" "python-requests/2.12.4"
8.8.8.8 - - [24/Nov/2015:14:06:20 +0000] "GET /son/slim_/58b7fa50eb8057c167aae942/uso-v7.html HTTP/1.1" 204 949 "-" "python-requests/2.12.4"
192.168.100.23 - - [24/Nov/2015:14:06:23 +0000] "GET /hair/slim_/58b7fad8eb8057c167ab13f5/linux-mint.html HTTP/1.1" 201 1924 "-" "python-requests/2.12.4"
192.168.100.23 - - [24/Nov/2015:14:06:31 +0000] "GET /hair/slim_/58b7fad8eb8057c167ab13f5/linux-mint.html?thoughtful=undesirable HTTP/1.1" 405 857 "-" "python-requests/2.12.4"
1.2.3.4 - - [24/Nov/2015:14:06:34 +0000] "GET /58b7fad8eb8057c167ab1400/first-committee-of-year/ball/rl-v5.html?dry=teeny HTTP/1.1" 504 1038 "-" "python-requests/2.12.4"
1.2.3.4 - - [24/Nov/2015:14:06:47 +0000] "GET /glue/-__factory__-/bomb/kubuntu.html HTTP/1.1" 302 1524 "-" "python-requests/2.12.4"
10.10.10.10 - - [24/Nov/2015:14:06:57 +0000] "GET /annoyed/58b7fad8eb8057c167ab13fb/march/uso-v7.html#post HTTP/1.1" 304 1093 "-" "python-requests/2.12.4"
172.24.60.30 - - [24/Nov/2015:14:07:27 +0000] "GET /quiet/annoyed/cagey/rl-v5.html#dramatic HTTP/1.1" 200 766 "-" "python-requests/2.12.4"
172.24.60.30 - - [24/Nov/2015:14:07:36 +0000] "GET /bomb/spiteful/slim_/kubuntu.html?reason=teeny#grateful HTTP/1.1" 403 1440 "-" "python-requests/2.12.4"
192.168.100.23 - - [24/Nov/2015:14:07:37 +0000] "GET /hair/slim_/58b7fad8eb8057c167ab13f5/linux-mint.html HTTP/1.1" 404 688 "-" "python-requests/2.12.4"
1.2.3.4 - - [24/Nov/2015:14:07:47 +0000] "GET /glue/-__factory__-/bomb/kubuntu.html HTTP/1.1" 200 529 "-" "python-requests/2.12.4"
8.8.8.8 - - [24/Nov/2015:14:08:03 +0000] "GET /58b7fad8eb8057c167ab1400/first-committee-of-year/ball/rl-v5.html#post HTTP/1.1" 204 1203 "-" "python-requests/2.12.4"
1.2.3.4 - - [24/Nov/2015:14:08:07 +0000] "GET /glue/-__factory__-/bomb/kubuntu.html#grateful HTTP/1.1" 204 1159 "-" "python-requests/2.12.4"
10.10.10.10 - - [24/Nov/2015:14:08:37 +0000] "GET /quiet/annoyed/cagey/rl-v5.html#ignorant HTTP/1.1" 205 920 "-" "python-requests/2.12.4"
1.2.3.4 - - [24/Nov/2015:14:08:45 +0000] "GET /annoyed/58b7fad8eb8057c167ab13fb/march/uso-v7.html HTTP/1.1" 203 1053 "-" "python-requests/2.12.4"
192.168.100.23 - - [24/Nov/2015:14:09:09 +0000] "GET /glue/-__factory__-/bomb/kubuntu.html HTTP/1.1" 501 1184 "-" "python-requests/2.12.4"
8.8.8.8 - - [24/Nov/2015:14:09:21 +0000] "GET /hair/slim_/58b7fad8eb8057c167ab13f5/linux-mint.html HTTP/1.1" 201 1785 "-" "python-requests/2.12.4"
8.8.8.8 - - [24/Nov/2015:14:09:22 +0000] "GET /quiet/annoyed/cagey/rl-v5.html?giraffe=bounce HTTP/1.1" 203 1416 "-" "python-requests/2.12.4"
172.16.35.10 - - [24/Nov/2015:14:09:45 +0000] "GET /quiet/annoyed/cagey/rl-v5.html HTTP/1.1" 200 1610 "-" "python-requests/2.12.4"
1.2.3.4 - - [24/Nov/2015:14:09:50 +0000] "GET /quiet/58b7fa50eb8057c167aae935/hair/fedora.html HTTP/1.1" 305 646 "-" "python-requests/2.12.4"
10.10.10.10 - - [24/Nov/2015:14:10:11 +0000] "GET /annoyed/58b7fad8eb8057c167ab13fb/march/uso-v7.html HTTP/1.1" 501 1881 "-" "python-requests/2.12.4"
1.2.3.4 - - [24/Nov/2015:14:10:24 +0000] "GET /son/slim_/58b7fa50eb8057c167aae942/uso-v7.html HTTP/1.1" 205 900 "-" "python-requests/2.12.4"
172.16.35.10 - - [24/Nov/2015:14:10:33 +0000] "GET /-__factory__-/slim_/spiteful/kali.html HTTP/1.1" 204 797 "-" "python-requests/2.12.4"
172.16.35.10 - - [24/Nov/2015:14:10:50 +0000] "GET /quiet/annoyed/cagey/rl-v5.html HTTP/1.1" 203 815 "-" "python-requests/2.12.4"
172.16.35.10 - - [24/Nov/2015:14:10:52 +0000] "GET /58b7fad8eb8057c167ab1400/first-committee-of-year/ball/rl-v5.html#awesome HTTP/1.1" 202 1897 "-" "python-requests/2.12.4"
10.10.10.10 - - [24/Nov/2015:14:10:55 +0000] "GET /hair/slim_/58b7fad8eb8057c167ab13f5/linux-mint.html HTTP/1.1" 201 787 "-" "python-requests/2.12.4"
192.168.100.23 - - [24/Nov/2015:14:11:12 +0000] "GET /hair/slim_/58b7fad8eb8057c167ab13f5/linux-mint.html HTTP/1.1" 503 1708 "-" "python-requests/2.12.4"
192.168.100.23 - - [24/Nov/2015:14:11:14 +0000] "GET /quiet/annoyed/cagey/rl-v5.html HTTP/1.1" 200 770 "-" "python-requests/2.12.4"
172.16.35.10 - - [24/Nov/2015:14:11:36 +0000] "GET /quiet/58b7fa50eb8057c167aae935/hair/fedora.html HTTP/1.1" 200 657 "-" "python-requests/2.12.4"
1.2.3.4 - - [24/Nov/2015:14:11:38 +0000] "GET /hair/slim_/58b7fad8eb8057c167ab13f5/linux-mint.html HTTP/1.1" 201 1664 "-" "python-requests/2.12.4"
172.24.60.30 - - [24/Nov/2015:14:11:59 +0000] "GET /__voiceless__/58b7fad8eb8057c167ab1400/58b7fad8eb8057c167ab1400/ubuntu.html HTTP/1.1" 503 702 "-" "python-requests/2.12.4"
10.10.10.10 - - [24/Nov/2015:14:12:13 +0000] "GET /hair/slim_/58b7fad8eb8057c167ab13f5/linux-mint.html HTTP/1.1" 204 512 "-" "python-requests/2.12.4"
172.16.35.10 - - [24/Nov/2015:14:12:15 +0000] "GET /annoyed/58b7fad8eb8057c167ab13fb/march/uso-v7.html HTTP/1.1" 200 1192 "-" "python-requests/2.12.4"
1.2.3.4 - - [24/Nov/2015:14:12:43 +0000] "GET /bomb/spiteful/slim_/kubuntu.html#route HTTP/1.1" 501 1403 "-" "python-requests/2.12.4"
172.24.60.30 - - [24/Nov/2015:14:12:58 +0000] "GET /son/slim_/58b7fa50eb8057c167aae942/uso-v7.html HTTP/1.1" 204 706 "-" "python-requests/2.12.4"
10.10.10.10 - - [24/Nov/2015:14:13:04 +0000] "GET /-__factory__-/slim_/spiteful/kali.html?permissible=mindless HTTP/1.1" 400 1760 "-" "python-requests/2.12.4"
172.16.35.10 - - [24/Nov/2015:14:13:07 +0000] "GET /-__factory__-/slim_/spiteful/kali.html?fine=shaggy HTTP/1.1" 300 631 "-" "python-requests/2.12.4"
172.24.60.30 - - [24/Nov/2015:14:13:23 +0000] "GET /glue/-__factory__-/bomb/kubuntu.html?thoughtful=undesirable HTTP/1.1" 404 1443 "-" "python-requests/2.12.4"
1.2.3.4 - - [24/Nov/2015:14:13:27 +0000] "GET /bomb/spiteful/slim_/kubuntu.html#welcome HTTP/1.1" 305 1792 "-" "python-requests/2.12.4"
172.24.60.30 - - [24/Nov/2015:14:13:29 +0000] "GET /hair/slim_/58b7fad8eb8057c167ab13f5/linux-mint.html HTTP/1.1" 203 1539 "-" "python-requests/2.12.4"
10.10.10.10 - - [24/Nov/2015:14:13:32 +0000] "GET /58b7fad8eb8057c167ab1400/first-committee-of-year/ball/rl-v5.html HTTP/1.1" 204 1319 "-" "python-requests/2.12.4"
10.10.10.10 - - [24/Nov/2015:14:13:42 +0000] "GET /quiet/annoyed/cagey/rl-v5.html HTTP/1.1" 400 504 "-" "python-requests/2.12.4"
8.8.8.8 - - [24/Nov/2015:14:14:12 +0000] "GET /son/slim_/58b7fa50eb8057c167aae942/uso-v7.html HTTP/1.1" 201 1164 "-" "python-requests/2.12.4"
10.10.10.10 - - [24/Nov/2015:14:14:40 +0000] "GET /quiet/58b7fa50eb8057c167aae935/hair/fedora.html HTTP/1.1" 404 979 "-" "python-requests/2.12.4"
1.2.3.4 - - [24/Nov/2015:14:14:46 +0000] "GET /quiet/annoyed/cagey/rl-v5.html HTTP/1.1" 201 695 "-" "python-requests/2.12.4"
8.8.8.8 - - [24/Nov/2015:14:14:54 +0000] "GET /-__factory__-/slim_/spiteful/kali.html HTTP/1.1" 402 562 "-" "python-requests/2.12.4"
10.10.10.10 - - [24/Nov/2015:14:15:05 +0000] "GET /-__factory__-/slim_/spiteful/kali.html HTTP/1.1" 203 1412 "-" "python-requests/2.12.4"
8.8.8.8 - - [24/Nov/2015:14:15:26 +0000] "GET /bomb/spiteful/slim_/kubuntu.html HTTP/1.1" 204 913 "-" "python-requests/2.12.4"
172.16.35.10 - - [24/Nov/2015:14:15:49 +0000] "GET /bomb/spiteful/slim_/kubuntu.html?locket=fact#ignorant HTTP/1.1" 203 1711 "-" "python-requests/2.12.4"
1.2.3.4 - - [24/Nov/2015:14:16:05 +0000] "GET /hair/slim_/58b7fad8eb8057c167ab13f5/linux-mint.html HTTP/1.1" 201 941 "-" "python-requests/2.12.4"
8.8.8.8 - - [24/Nov/2015:14:16:17 +0000] "GET /quiet/58b7fa50eb8057c167aae935/hair/fedora.html HTTP/1.1" 404 691 "-" "python-requests/2.12.4"
172.24.60.30 - - [24/Nov/2015:14:16:46 +0000] "GET /son/slim_/58b7fa50eb8057c167aae942/uso-v7.html HTTP/1.1" 401 1960 "-" "python-requests/2.12.4"
1.2.3.4 - - [24/Nov/2015:14:17:13 +0000] "GET /annoyed/58b7fad8eb8057c167ab13fb/march/uso-v7.html HTTP/1.1" 200 639 "-" "python-requests/2.12.4"
10.10.10.10 - - [24/Nov/2015:14:17:25 +0000] "GET /annoyed/58b7fad8eb8057c167ab13fb/march/uso-v7.html?suggest=trip HTTP/1.1" 303 544 "-" "python-requests/2.12.4"
192.168.100.23 - - [24/Nov/2015:14:17:55 +0000] "GET /58b7fad8eb8057c167ab1400/first-committee-of-year/ball/rl-v5.html HTTP/1.1" 205 1153 "-" "python-requests/2.12.4"
1.2.3.4 - - [24/Nov/2015:14:18:05 +0000] "GET /quiet/annoyed/cagey/rl-v5.html HTTP/1.1" 202 946 "-" "python-requests/2.12.4"
10.10.10.10 - - [24/Nov/2015:14:18:18 +0000] "GET /bomb/spiteful/slim_/kubuntu.html HTTP/1.1" 302 1147 "-" "python-requests/2.12.4"
192.168.100.23 - - [24/Nov/2015:14:18:38 +0000] "GET /glue/-__factory__-/bomb/kubuntu.html HTTP/1.1" 505 1748 "-" "python-requests/2.12.4"
10.10.10.10 - - [24/Nov/2015:14:18:56 +0000] "GET /annoyed/58b7fad8eb8057c167ab13fb/march/uso-v7.html#immense HTTP/1.1" 204 1640 "-" "python-requests/2.12.4"
10.10.10.10 - - [24/Nov/2015:14:18:59 +0000] "GET /glue/-__factory__-/bomb/kubuntu.html HTTP/1.1" 203 1579 "-" "python-requests/2.12.4"
8.8.8.8 - - [24/Nov/2015:14:19:07 +0000] "GET /hair/slim_/58b7fad8eb8057c167ab13f5/linux-mint.html HTTP/1.1" 302 592 "-" "python-requests/2.12.4"
172.16.35.10 - - [24/Nov/2015:14:19:23 +0000] "GET /58b7fad8eb8057c167ab1400/first-committee-of-year/ball/rl-v5.html?giraffe=bounce HTTP/1.1" 205 1991 "-" "python-requests/2.12.4"
172.24.60.30 - - [24/Nov/2015:14:19:45 +0000] "GET /annoyed/58b7fad8eb8057c167ab13fb/march/uso-v7.html HTTP/1.1" 402 1099 "-" "python-requests/2.12.4"
8.8.8.8 - - [24/Nov/2015:14:20:03 +0000] "GET /hair/slim_/58b7fad8eb8057c167ab13f5/linux-mint.html HTTP/1.1" 200 1869 "-" "python-requests/2.12.4"
1.2.3.4 - - [24/Nov/2015:14:20:04 +0000] "GET /glue/-__factory__-/bomb/kubuntu.html?suggest=mindless HTTP/1.1" 202 1082 "-" "python-requests/2.12.4"
172.24.60.30 - - [24/Nov/2015:14:20:28 +0000] "GET /glue/-__factory__-/bomb/kubuntu.html?dry=bounce HTTP/1.1" 303 890 "-" "python-requests/2.12.4"
10.10.10.10 - - [24/Nov/2015:14:20:33 +0000] "GET /58b7fad8eb8057c167ab1400/first-committee-of-year/ball/rl-v5.html HTTP/1.1" 201 1206 "-" "python-requests/2.12.4"
192.168.100.23 - - [24/Nov/2015:14:20:47 +0000] "GET /58b7fad8eb8057c167ab1400/first-committee-of-year/ball/rl-v5.html HTTP/1.1" 205 1023 "-" "python-requests/2.12.4"
1.2.3.4 - - [24/Nov/2015:14:20:55 +0000] "GET /annoyed/58b7fad8eb8057c167ab13fb/march/uso-v7.html?dry=furniture HTTP/1.1" 200 517 "-" "python-requests/2.12.4"
10.10.10.10 - - [24/Nov/2015:14:21:25 +0000] "GET /son/slim_/58b7fa50eb8057c167aae942/uso-v7.html?drink=husky HTTP/1.1" 501 1156 "-" "python-requests/2.12.4"
172.24.60.30 - - [24/Nov/2015:14:21:30 +0000] "GET /__voiceless__/58b7fad8eb8057c167ab1400/58b7fad8eb8057c167ab1400/ubuntu.html HTTP/1.1" 200 1835 "-" "python-requests/2.12.4"
10.10.10.10 - - [24/Nov/2015:14:21:46 +0000] "GET /-__factory__-/slim_/spiteful/kali.html HTTP/1.1" 303 500 "-" "python-requests/2.12.4"
172.16.35.10 - - [24/Nov/2015:14:22:03 +0000] "GET /son/slim_/58b7fa50eb8057c167aae942/uso-v7.html HTTP/1.1" 203 705 "-" "python-requests/2.12.4"
8.8.8.8 - - [24/Nov/2015:14:22:25 +0000] "GET /bomb/spiteful/slim_/kubuntu.html HTTP/1.1" 205 626 "-" "python-requests/2.12.4"
8.8.8.8 - - [24/Nov/2015:14:22:43 +0000] "GET /hair/slim_/58b7fad8eb8057c167ab13f5/linux-mint.html HTTP/1.1" 204 1208 "-" "python-requests/2.12.4"
172.24.60.30 - - [24/Nov/2015:14:23:13 +0000] "GET /hair/slim_/58b7fad8eb8057c167ab13f5/linux-mint.html HTTP/1.1" 204 954 "-" "python-requests/2.12.4"
10.10.10.10 - - [24/Nov/2015:14:23:42 +0000] "GET /__voiceless__/58b7fad8eb8057c167ab1400/58b7fad8eb8057c167ab1400/ubuntu.html HTTP/1.1" 203 1758 "-" "python-requests/2.12.4"
10.10.10.10 - - [24/Nov/2015:14:24:06 +0000] "GET /quiet/58b7fa50eb8057c167aae935/hair/fedora.html?sudden=steer HTTP/1.1" 200 972 "-" "python-requests/2.12.4"
172.16.35.10 - - [24/Nov/2015:14:24:29 +0000] "GET /hair/slim_/58b7fad8eb8057c167ab13f5/linux-mint.html HTTP/1.1" 502 944 "-" "python-requests/2.12.4"
192.168.100.23 - - [24/Nov/2015:14:24:59 +0000] "GET /bomb/spiteful/slim_/kubuntu.html HTTP/1.1" 205 1709 "-" "python-requests/2.12.4"
10.10.10.10 - - [24/Nov/2015:14:25:17 +0000] "GET /-__factory__-/slim_/spiteful/kali.html?sudden=alert HTTP/1.1" 201 1941 "-" "python-requests/2.12.4"
172.16.35.10 - - [24/Nov/2015:14:25:36 +0000] "GET /annoyed/58b7fad8eb8057c167ab13fb/march/uso-v7.html#stroke HTTP/1.1" 501 1144 "-" "python-requests/2.12.4"
10.10.10.10 - - [24/Nov/2015:14:25:37 +0000] "GET /glue/-__factory__-/bomb/kubuntu.html HTTP/1.1" 201 899 "-" "python-requests/2.12.4"
172.24.60.30 - - [24/Nov/2015:14:25:46 +0000] "GET /58b7fad8eb8057c167ab1400/first-committee-of-year/ball/rl-v5.html HTTP/1.1" 500 1248 "-" "python-requests/2.12.4"
172.24.60.30 - - [24/Nov/2015:14:25:57 +0000] "GET /bomb/spiteful/slim_/kubuntu.html HTTP/1.1" 205 723 "-" "python-requests/2.12.4"
172.24.60.30 - - [24/Nov/2015:14:26:14 +0000] "GET /glue/-__factory__-/bomb/kubuntu.html HTTP/1.1" 403 1967 "-" "python-requests/2.12.4"
192.168.100.23 - - [24/Nov/2015:14:26:35 +0000] "GET /58b7fad8eb8057c167ab1400/first-committee-of-year/ball/rl-v5.html HTTP/1.1" 403 1319 "-" "python-requests/2.12.4"
192.168.100.23 - - [24/Nov/2015:14:26:37 +0000] "GET /-__factory__-/slim_/spiteful/kali.html?trip=alert HTTP/1.1" 205 1621 "-" "python-requests/2.12.4"
1.2.3.4 - - [24/Nov/2015:14:26:41 +0000] "GET /-__factory__-/slim_/spiteful/kali.html HTTP/1.1" 204 1221 "-" "python-requests/2.12.4"
1.2.3.4 - - [24/Nov/2015:14:26:44 +0000] "GET /-__factory__-/slim_/spiteful/kali.html HTTP/1.1" 202 1544 "-" "python-requests/2.12.4"
8.8.8.8 - - [24/Nov/2015:14:26:54 +0000] "GET /-__factory__-/slim_/spiteful/kali.html?burst=mind HTTP/1.1" 204 680 "-" "python-requests/2.12.4"
1.2.3.4 - - [24/Nov/2015:14:26:57 +0000] "GET /-__factory__-/slim_/spiteful/kali.html HTTP/1.1" 205 1347 "-" "python-requests/2.12.4"
8.8.8.8 - - [24/Nov/2015:14:27:02 +0000] "GET /annoyed/58b7fad8eb8057c167ab13fb/march/uso-v7.html?fluffy=truthful HTTP/1.1" 200 845 "-" "python-requests/2.12.4"
8.8.8.8 - - [24/Nov/2015:14:27:23 +0000] "GET /-__factory__-/slim_/spiteful/kali.html?show=reduce HTTP/1.1" 204 586 "-" "python-requests/2.12.4"
10.10.10.10 - - [24/Nov/2015:14:27:26 +0000] "GET /58b7fad8eb8057c167ab1400/first-committee-of-year/ball/rl-v5.html HTTP/1.1" 400 1017 "-" "python-requests/2.12.4"
10.10.10.10 - - [24/Nov/2015:14:27:52 +0000] "GET /quiet/58b7fa50eb8057c167aae935/hair/fedora.html HTTP/1.1" 301 820 "-" "python-requests/2.12.4"
10.10.10.10 - - [24/Nov/2015:14:28:19 +0000] "GET /annoyed/58b7fad8eb8057c167ab13fb/march/uso-v7.html HTTP/1.1" 205 738 "-" "python-requests/2.12.4"
8.8.8.8 - - [24/Nov/2015:14:28:38 +0000] "GET /hair/slim_/58b7fad8eb8057c167ab13f5/linux-mint.html HTTP/1.1" 505 706 "-" "python-requests/2.12.4"
1.2.3.4 - - [24/Nov/2015:14:28:55 +0000] "GET /annoyed/58b7fad8eb8057c167ab13fb/march/uso-v7.html HTTP/1.1" 301 663 "-" "python-requests/2.12.4"
10.10.10.10 - - [24/Nov/2015:14:28:58 +0000] "GET /son/slim_/58b7fa50eb8057c167aae942/uso-v7.html HTTP/1.1" 301 1550 "-" "python-requests/2.12.4"
172.16.35.10 - - [24/Nov/2015:14:29:11 +0000] "GET /glue/-__factory__-/bomb/kubuntu.html HTTP/1.1" 502 1531 "-" "python-requests/2.12.4"
192.168.100.23 - - [24/Nov/2015:14:29:18 +0000] "GET /hair/slim_/58b7fad8eb8057c167ab13f5/linux-mint.html HTTP/1.1" 202 1786 "-" "python-requests/2.12.4"
172.24.60.30 - - [24/Nov/2015:14:29:20 +0000] "GET /__voiceless__/58b7fad8eb8057c167ab1400/58b7fad8eb8057c167ab1400/ubuntu.html HTTP/1.1" 404 1306 "-" "python-requests/2.12.4"
172.16.35.10 - - [24/Nov/2015:14:29:27 +0000] "GET /annoyed/58b7fad8eb8057c167ab13fb/march/uso-v7.html?friendly=alert HTTP/1.1" 204 871 "-" "python-requests/2.12.4"
172.16.35.10 - - [24/Nov/2015:14:29:47 +0000] "GET /glue/-__factory__-/bomb/kubuntu.html HTTP/1.1" 201 1519 "-" "python-requests/2.12.4"
192.168.100.23 - - [24/Nov/2015:14:29:58 +0000] "GET /hair/slim_/58b7fad8eb8057c167ab13f5/linux-mint.html HTTP/1.1" 205 1153 "-" "python-requests/2.12.4"
172.24.60.30 - - [24/Nov/2015:14:30:21 +0000] "GET /son/slim_/58b7fa50eb8057c167aae942/uso-v7.html HTTP/1.1" 401 1458 "-" "python-requests/2.12.4"
172.16.35.10 - - [24/Nov/2015:14:30:43 +0000] "GET /quiet/annoyed/cagey/rl-v5.html HTTP/1.1" 202 1694 "-" "python-requests/2.12.4"
8.8.8.8 - - [24/Nov/2015:14:30:52 +0000] "GET /__voiceless__/58b7fad8eb8057c167ab1400/58b7fad8eb8057c167ab1400/ubuntu.html HTTP/1.1" 305 1624 "-" "python-requests/2.12.4"
172.16.35.10 - - [24/Nov/2015:14:30:52 +0000] "GET /quiet/annoyed/cagey/rl-v5.html?sudden=fact#abaft HTTP/1.1" 405 1796 "-" "python-requests/2.12.4"
8.8.8.8 - - [24/Nov/2015:14:30:58 +0000] "GET /58b7fad8eb8057c167ab1400/first-committee-of-year/ball/rl-v5.html HTTP/1.1" 304 536 "-" "python-requests/2.12.4"
192.168.100.23 - - [24/Nov/2015:14:31:06 +0000] "GET /quiet/annoyed/cagey/rl-v5.html#minor HTTP/1.1" 200 759 "-" "python-requests/2.12.4"
172.24.60.30 - - [24/Nov/2015:14:31:09 +0000] "GET /annoyed/58b7fad8eb8057c167ab13fb/march/uso-v7.html HTTP/1.1" 204 1978 "-" "python-requests/2.12.4"
8.8.8.8 - - [24/Nov/2015:14:31:16 +0000] "GET /annoyed/58b7fad8eb8057c167ab13fb/march/uso-v7.html HTTP/1.1" 304 801 "-" "python-requests/2.12.4"
172.16.35.10 - - [24/Nov/2015:14:31:17 +0000] "GET /quiet/annoyed/cagey/rl-v5.html HTTP/1.1" 204 871 "-" "python-requests/2.12.4"
172.16.35.10 - - [24/Nov/2015:14:31:37 +0000] "GET /hair/slim_/58b7fad8eb8057c167ab13f5/linux-mint.html?burst=undesirable HTTP/1.1" 204 1768 "-" "python-requests/2.12.4"
172.16.35.10 - - [24/Nov/2015:14:31:55 +0000] "GET /son/slim_/58b7fa50eb8057c167aae942/uso-v7.html HTTP/1.1" 303 1682 "-" "python-requests/2.12.4"
8.8.8.8 - - [24/Nov/2015:14:32:21 +0000] "GET /son/slim_/58b7fa50eb8057c167aae942/uso-v7.html HTTP/1.1" 201 845 "-" "python-requests/2.12.4"
8.8.8.8 - - [24/Nov/2015:14:32:22 +0000] "GET /quiet/58b7fa50eb8057c167aae935/hair/fedora.html HTTP/1.1" 201 1973 "-" "python-requests/2.12.4"
8.8.8.8 - - [24/Nov/2015:14:32:49 +0000] "GET /__voiceless__/58b7fad8eb8057c167ab1400/58b7fad8eb8057c167ab1400/ubuntu.html?clip=divide HTTP/1.1" 204 1241 "-" "python-requests/2.12.4"
10.10.10.10 - - [24/Nov/2015:14:33:04 +0000] "GET /-__factory__-/slim_/spiteful/kali.html HTTP/1.1" 501 1505 "-" "python-requests/2.12.4"
172.24.60.30 - - [24/Nov/2015:14:33:19 +0000] "GET /quiet/58b7fa50eb8057c167aae935/hair/fedora.html HTTP/1.1" 202 1285 "-" "python-requests/2.12.4"
8.8.8.8 - - [24/Nov/2015:14:33:45 +0000] "GET /-__factory__-/slim_/spiteful/kali.html HTTP/1.1" 305 1973 "-" "python-requests/2.12.4"
172.16.35.10 - - [24/Nov/2015:14:33:51 +0000] "GET /quiet/annoyed/cagey/rl-v5.html#modern HTTP/1.1" 403 1659 "-" "python-requests/2.12.4"
1.2.3.4 - - [24/Nov/2015:14:34:19 +0000] "GET /son/slim_/58b7fa50eb8057c167aae942/uso-v7.html HTTP/1.1" 301 846 "-" "python-requests/2.12.4"
8.8.8.8 - - [24/Nov/2015:14:34:44 +0000] "GET /quiet/annoyed/cagey/rl-v5.html#dramatic HTTP/1.1" 502 1767 "-" "python-requests/2.12.4"
1.2.3.4 - - [24/Nov/2015:14:34:53 +0000] "GET /son/slim_/58b7fa50eb8057c167aae942/uso-v7.html#modern HTTP/1.1" 400 1362 "-" "python-requests/2.12.4"
8.8.8.8 - - [24/Nov/2015:14:35:17 +0000] "GET /hair/slim_/58b7fad8eb8057c167ab13f5/linux-mint.html HTTP/1.1" 305 1431 "-" "python-requests/2.12.4"
1.2.3.4 - - [24/Nov/2015:14:35:26 +0000] "GET /annoyed/58b7fad8eb8057c167ab13fb/march/uso-v7.html HTTP/1.1" 201 755 "-" "python-requests/2.12.4"
172.24.60.30 - - [24/Nov/2015:14:35:43 +0000] "GET /bomb/spiteful/slim_/kubuntu.html HTTP/1.1" 202 1277 "-" "python-requests/2.12.4"
172.16.35.10 - - [24/Nov/2015:14:35:48 +0000] "GET /58b7fad8eb8057c167ab1400/first-committee-of-year/ball/rl-v5.html?quack=milk#modern HTTP/1.1" 205 619 "-" "python-requests/2.12.4"
1.2.3.4 - - [24/Nov/2015:14:36:16 +0000] "GET /quiet/annoyed/cagey/rl-v5.html HTTP/1.1" 404 696 "-" "python-requests/2.12.4"
192.168.100.23 - - [24/Nov/2015:14:36:26 +0000] "GET /__voiceless__/58b7fad8eb8057c167ab1400/58b7fad8eb8057c167ab1400/ubuntu.html HTTP/1.1" 200 1079 "-" "python-requests/2.12.4"
192.168.100.23 - - [24/Nov/2015:14:36:56 +0000] "GET /-__factory__-/slim_/spiteful/kali.html?drink=bounce HTTP/1.1" 205 1534 "-" "python-requests/2.12.4"
172.24.60.30 - - [24/Nov/2015:14:36:57 +0000] "GET /__voiceless__/58b7fad8eb8057c167ab1400/58b7fad8eb8057c167ab1400/ubuntu.html HTTP/1.1" 201 981 "-" "python-requests/2.12.4"
10.10.10.10 - - [24/Nov/2015:14:37:22 +0000] "GET /bomb/spiteful/slim_/kubuntu.html HTTP/1.1" 505 1516 "-" "python-requests/2.12.4"
172.16.35.10 - - [24/Nov/2015:14:37:32 +0000] "GET /annoyed/58b7fad8eb8057c167ab13fb/march/uso-v7.html?trip=alert HTTP/1.1" 204 1995 "-" "python-requests/2.12.4"
192.168.100.23 - - [24/Nov/2015:14:37:38 +0000] "GET /quiet/annoyed/cagey/rl-v5.html#modern HTTP/1.1" 202 1725 "-" "python-requests/2.12.4"
1.2.3.4 - - [24/Nov/2015:14:37:43 +0000] "GET /__voiceless__/58b7fad8eb8057c167ab1400/58b7fad8eb8057c167ab1400/ubuntu.html HTTP/1.1" 400 947 "-" "python-requests/2.12.4"
8.8.8.8 - - [24/Nov/2015:14:37:57 +0000] "GET /quiet/annoyed/cagey/rl-v5.html HTTP/1.1" 504 550 "-" "python-requests/2.12.4"
10.10.10.10 - - [24/Nov/2015:14:38:18 +0000] "GET /son/slim_/58b7fa50eb8057c167aae942/uso-v7.html#bashful HTTP/1.1" 205 1512 "-" "python-requests/2.12.4"
10.10.10.10 - - [24/Nov/2015:14:38:45 +0000] "GET /-__factory__-/slim_/spiteful/kali.html HTTP/1.1" 200 1301 "-" "python-requests/2.12.4"
8.8.8.8 - - [24/Nov/2015:14:39:02 +0000] "GET /quiet/annoyed/cagey/rl-v5.html?giraffe=milk HTTP/1.1" 204 737 "-" "python-requests/2.12.4"
8.8.8.8 - - [24/Nov/2015:14:39:19 +0000] "GET /quiet/58b7fa50eb8057c167aae935/hair/fedora.html?suggest=shaggy#awesome HTTP/1.1" 205 1339 "-" "python-requests/2.12.4"
172.24.60.30 - - [24/Nov/2015:14:39:48 +0000] "GET /58b7fad8eb8057c167ab1400/first-committee-of-year/ball/rl-v5.html?show=furniture#abaft HTTP/1.1" 302 1035 "-" "python-requests/2.12.4"
10.10.10.10 - - [24/Nov/2015:14:39:51 +0000] "GET /-__factory__-/slim_/spiteful/kali.html#colour HTTP/1.1" 305 1862 "-" "python-requests/2.12.4"
172.16.35.10 - - [24/Nov/2015:14:40:11 +0000] "GET /son/slim_/58b7fa50eb8057c167aae942/uso-v7.html#dramatic HTTP/1.1" 303 688 "-" "python-requests/2.12.4"
8.8.8.8 - - [24/Nov/2015:14:40:24 +0000] "GET /son/slim_/58b7fa50eb8057c167aae942/uso-v7.html HTTP/1.1" 205 1102 "-" "python-requests/2.12.4"
172.24.60.30 - - [24/Nov/2015:14:40:50 +0000] "GET /annoyed/58b7fad8eb8057c167ab13fb/march/uso-v7.html#awesome HTTP/1.1" 501 606 "-" "python-requests/2.12.4"
8.8.8.8 - - [24/Nov/2015:14:41:04 +0000] "GET /annoyed/58b7fad8eb8057c167ab13fb/march/uso-v7.html HTTP/1.1" 201 577 "-" "python-requests/2.12.4"
192.168.100.23 - - [24/Nov/2015:14:41:04 +0000] "GET /__voiceless__/58b7fad8eb8057c167ab1400/58b7fad8eb8057c167ab1400/ubuntu.html#welcome HTTP/1.1" 205 1300 "-" "python-requests/2.12.4"
192.168.100.23 - - [24/Nov/2015:14:41:11 +0000] "GET /bomb/spiteful/slim_/kubuntu.html HTTP/1.1" 205 1801 "-" "python-requests/2.12.4"
172.24.60.30 - - [24/Nov/2015:14:41:13 +0000] "GET /hair/slim_/58b7fad8eb8057c167ab13f5/linux-mint.html HTTP/1.1" 203 556 "-" "python-requests/2.12.4"
1.2.3.4 - - [24/Nov/2015:14:41:42 +0000] "GET /-__factory__-/slim_/spiteful/kali.html HTTP/1.1" 200 1167 "-" "python-requests/2.12.4"
10.10.10.10 - - [24/Nov/2015:14:41:52 +0000] "GET /quiet/annoyed/cagey/rl-v5.html#colour HTTP/1.1" 204 828 "-" "python-requests/2.12.4"
8.8.8.8 - - [24/Nov/2015:14:42:13 +0000] "GET /-__factory__-/slim_/spiteful/kali.html HTTP/1.1" 202 1241 "-" "python-requests/2.12.4"
172.16.35.10 - - [24/Nov/2015:14:42:18 +0000] "GET /bomb/spiteful/slim_/kubuntu.html?fluffy=shaggy HTTP/1.1" 200 1357 "-" "python-requests/2.12.4"
10.10.10.10 - - [24/Nov/2015:14:42:41 +0000] "GET /__voiceless__/58b7fad8eb8057c167ab1400/58b7fad8eb8057c167ab1400/ubuntu.html HTTP/1.1" 502 1667 "-" "python-requests/2.12.4"
8.8.8.8 - - [24/Nov/2015:14:42:49 +0000] "GET /son/slim_/58b7fa50eb8057c167aae942/uso-v7.html?trip=fact#monkey HTTP/1.1" 204 1556 "-" "python-requests/2.12.4"
172.24.60.30 - - [24/Nov/2015:14:42:59 +0000] "GET /-__factory__-/slim_/spiteful/kali.html HTTP/1.1" 200 940 "-" "python-requests/2.12.4"
10.10.10.10 - - [24/Nov/2015:14:43:20 +0000] "GET /bomb/spiteful/slim_/kubuntu.html?trip=alert HTTP/1.1" 303 1390 "-" "python-requests/2.12.4"
1.2.3.4 - - [24/Nov/2015:14:43:41 +0000] "GET /annoyed/58b7fad8eb8057c167ab13fb/march/uso-v7.html HTTP/1.1" 302 1971 "-" "python-requests/2.12.4"
1.2.3.4 - - [24/Nov/2015:14:43:47 +0000] "GET /glue/-__factory__-/bomb/kubuntu.html HTTP/1.1" 205 857 "-" "python-requests/2.12.4"
8.8.8.8 - - [24/Nov/2015:14:44:04 +0000] "GET /annoyed/58b7fad8eb8057c167ab13fb/march/uso-v7.html HTTP/1.1" 503 1834 "-" "python-requests/2.12.4"
10.10.10.10 - - [24/Nov/2015:14:44:08 +0000] "GET /son/slim_/58b7fa50eb8057c167aae942/uso-v7.html HTTP/1.1" 201 1311 "-" "python-requests/2.12.4"
192.168.100.23 - - [24/Nov/2015:14:44:09 +0000] "GET /son/slim_/58b7fa50eb8057c167aae942/uso-v7.html#awesome HTTP/1.1" 204 1135 "-" "python-requests/2.12.4"
8.8.8.8 - - [24/Nov/2015:14:44:27 +0000] "GET /glue/-__factory__-/bomb/kubuntu.html HTTP/1.1" 205 1535 "-" "python-requests/2.12.4"
172.16.35.10 - - [24/Nov/2015:14:44:38 +0000] "GET /quiet/58b7fa50eb8057c167aae935/hair/fedora.html HTTP/1.1" 205 1030 "-" "python-requests/2.12.4"
172.24.60.30 - - [24/Nov/2015:14:44:50 +0000] "GET /58b7fad8eb8057c167ab1400/first-committee-of-year/ball/rl-v5.html#abaft HTTP/1.1" 201 1947 "-" "python-requests/2.12.4"
172.16.35.10 - - [24/Nov/2015:14:45:04 +0000] "GET /quiet/annoyed/cagey/rl-v5.html HTTP/1.1" 400 1541 "-" "python-requests/2.12.4"
1.2.3.4 - - [24/Nov/2015:14:45:16 +0000] "GET /__voiceless__/58b7fad8eb8057c167ab1400/58b7fad8eb8057c167ab1400/ubuntu.html HTTP/1.1" 202 1500 "-" "python-requests/2.12.4"
8.8.8.8 - - [24/Nov/2015:14:45:24 +0000] "GET /hair/slim_/58b7fad8eb8057c167ab13f5/linux-mint.html#welcome HTTP/1.1" 400 1976 "-" "python-requests/2.12.4"
8.8.8.8 - - [24/Nov/2015:14:45:34 +0000] "GET /hair/slim_/58b7fad8eb8057c167ab13f5/linux-mint.html?trip=bounce HTTP/1.1" 204 1710 "-" "python-requests/2.12.4"
192.168.100.23 - - [24/Nov/2015:14:45:59 +0000] "GET /__voiceless__/58b7fad8eb8057c167ab1400/58b7fad8eb8057c167ab1400/ubuntu.html?locket=bounce#anxious HTTP/1.1" 302 1232 "-" "python-requests/2.12.4"
1.2.3.4 - - [24/Nov/2015:14:46:29 +0000] "GET /__voiceless__/58b7fad8eb8057c167ab1400/58b7fad8eb8057c167ab1400/ubuntu.html HTTP/1.1" 203 785 "-" "python-requests/2.12.4"
172.24.60.30 - - [24/Nov/2015:14:46:59 +0000] "GET /annoyed/58b7fad8eb8057c167ab13fb/march/uso-v7.html HTTP/1.1" 202 949 "-" "python-requests/2.12.4"
8.8.8.8 - - [24/Nov/2015:14:47:27 +0000] "GET /son/slim_/58b7fa50eb8057c167aae942/uso-v7.html HTTP/1.1" 200 1888 "-" "python-requests/2.12.4"
1.2.3.4 - - [24/Nov/2015:14:47:39 +0000] "GET /58b7fad8eb8057c167ab1400/first-committee-of-year/ball/rl-v5.html HTTP/1.1" 202 887 "-" "python-requests/2.12.4"
192.168.100.23 - - [24/Nov/2015:14:48:02 +0000] "GET /quiet/58b7fa50eb8057c167aae935/hair/fedora.html HTTP/1.1" 200 1606 "-" "python-requests/2.12.4"
10.10.10.10 - - [24/Nov/2015:14:48:27 +0000] "GET /hair/slim_/58b7fad8eb8057c167ab13f5/linux-mint.html HTTP/1.1" 304 1107 "-" "python-requests/2.12.4"
172.16.35.10 - - [24/Nov/2015:14:48:31 +0000] "GET /58b7fad8eb8057c167ab1400/first-committee-of-year/ball/rl-v5.html HTTP/1.1" 504 1535 "-" "python-requests/2.12.4"
8.8.8.8 - - [24/Nov/2015:14:48:56 +0000] "GET /glue/-__factory__-/bomb/kubuntu.html?suggest=window HTTP/1.1" 202 1862 "-" "python-requests/2.12.4"
172.24.60.30 - - [24/Nov/2015:14:49:14 +0000] "GET /hair/slim_/58b7fad8eb8057c167ab13f5/linux-mint.html HTTP/1.1" 205 1450 "-" "python-requests/2.12.4"
